2026-04-03 09:53:42 | INFO     | [BOT_START] {"bot_id": 10, "project": "hypos_norm", "timestamp": "2026-04-03T09:53:42.956207", "log_dir": "/home/dmitrii/Documents/projects/clicker_3.0/logs/bot_10"}
2026-04-03 09:53:48 | INFO     | [RESTART] {"bot_id": 10, "note": "first_start"}
2026-04-03 09:53:48 | INFO     | [FSM_INITIALIZED] {"site": "gpt", "scenario": "web_search", "start_state": "start_question"}
2026-04-03 09:54:26 | INFO     | [BOT_START] {"bot_id": 10, "project": "hypos_norm", "timestamp": "2026-04-03T09:54:26.168714", "log_dir": "/home/dmitrii/Documents/projects/clicker_3.0/logs/bot_10"}
2026-04-03 09:54:32 | INFO     | [RESTART] {"bot_id": 10, "note": "first_start"}
2026-04-03 09:54:32 | INFO     | [FSM_INITIALIZED] {"site": "gpt", "scenario": "web_search", "start_state": "start_question"}
2026-04-03 09:55:35 | INFO     | [QUESTION_SENT] {"question_idx": 2129, "uid": "91b72541-1000-438d-a000-81b4985c04e6"}
2026-04-03 09:59:10 | INFO     | [QUESTION_SENT] {"question_idx": 2129, "uid": "91b72541-1000-438d-a000-81b4985c04e6"}
2026-04-03 09:59:49 | INFO     | [QUESTION_ATTEMPT] {"attempt": 1, "max_questions": 300, "question_idx": 2129, "uid": "91b72541-1000-438d-a000-81b4985c04e6"}
2026-04-03 10:02:45 | INFO     | [QUESTION_SENT] {"question_idx": 2130, "uid": "94e00ce4-02cd-4480-bb5f-60a64ad437ea"}
2026-04-03 10:03:26 | INFO     | [QUESTION_ATTEMPT] {"attempt": 2, "max_questions": 300, "question_idx": 2130, "uid": "94e00ce4-02cd-4480-bb5f-60a64ad437ea"}
2026-04-03 10:06:20 | INFO     | [QUESTION_SENT] {"question_idx": 2131, "uid": "663ad310-8283-4484-852e-46a4dcc35e57"}
2026-04-03 10:07:04 | INFO     | [QUESTION_ATTEMPT] {"attempt": 3, "max_questions": 300, "question_idx": 2131, "uid": "663ad310-8283-4484-852e-46a4dcc35e57"}
2026-04-03 10:09:55 | INFO     | [QUESTION_SENT] {"question_idx": 2132, "uid": "04bd1ec1-31f6-410c-8dc6-3a90af415b8d"}
2026-04-03 10:13:30 | INFO     | [QUESTION_SENT] {"question_idx": 2132, "uid": "04bd1ec1-31f6-410c-8dc6-3a90af415b8d"}
2026-04-03 10:17:05 | INFO     | [QUESTION_SENT] {"question_idx": 2132, "uid": "04bd1ec1-31f6-410c-8dc6-3a90af415b8d"}
2026-04-03 10:20:40 | INFO     | [QUESTION_SENT] {"question_idx": 2132, "uid": "04bd1ec1-31f6-410c-8dc6-3a90af415b8d"}
2026-04-03 10:21:22 | INFO     | [QUESTION_ATTEMPT] {"attempt": 4, "max_questions": 300, "question_idx": 2132, "uid": "04bd1ec1-31f6-410c-8dc6-3a90af415b8d"}
2026-04-03 10:24:15 | INFO     | [QUESTION_SENT] {"question_idx": 2133, "uid": "92bbd16b-260a-4c40-833e-1b5d541adbaa"}
2026-04-03 10:24:57 | INFO     | [QUESTION_ATTEMPT] {"attempt": 5, "max_questions": 300, "question_idx": 2133, "uid": "92bbd16b-260a-4c40-833e-1b5d541adbaa"}
2026-04-03 10:27:50 | INFO     | [QUESTION_SENT] {"question_idx": 2134, "uid": "59bf4a68-cb37-48d7-aada-8c84424aae6c"}
2026-04-03 10:28:33 | INFO     | [QUESTION_ATTEMPT] {"attempt": 6, "max_questions": 300, "question_idx": 2134, "uid": "59bf4a68-cb37-48d7-aada-8c84424aae6c"}
2026-04-03 10:31:25 | INFO     | [QUESTION_SENT] {"question_idx": 2135, "uid": "af399827-7b2a-4c02-a282-1e0565877d2c"}
2026-04-03 10:32:04 | INFO     | [QUESTION_ATTEMPT] {"attempt": 7, "max_questions": 300, "question_idx": 2135, "uid": "af399827-7b2a-4c02-a282-1e0565877d2c"}
2026-04-03 10:35:00 | INFO     | [QUESTION_SENT] {"question_idx": 2136, "uid": "8e989d22-355a-4e2a-bef2-ee65d07bde5f"}
2026-04-03 10:35:38 | INFO     | [QUESTION_ATTEMPT] {"attempt": 8, "max_questions": 300, "question_idx": 2136, "uid": "8e989d22-355a-4e2a-bef2-ee65d07bde5f"}
2026-04-03 10:38:35 | INFO     | [QUESTION_SENT] {"question_idx": 2137, "uid": "0ae7b251-910a-4591-b8de-99540cd810b5"}
2026-04-03 10:39:17 | INFO     | [QUESTION_ATTEMPT] {"attempt": 9, "max_questions": 300, "question_idx": 2137, "uid": "0ae7b251-910a-4591-b8de-99540cd810b5"}
2026-04-03 10:42:11 | INFO     | [QUESTION_SENT] {"question_idx": 2138, "uid": "0749bca6-e621-4a97-b923-3cbc702be097"}
2026-04-03 10:42:55 | INFO     | [QUESTION_ATTEMPT] {"attempt": 10, "max_questions": 300, "question_idx": 2138, "uid": "0749bca6-e621-4a97-b923-3cbc702be097"}
2026-04-03 10:45:46 | INFO     | [QUESTION_SENT] {"question_idx": 2139, "uid": "4e42a8d3-44ba-45fd-8363-ad3531fcf707"}
2026-04-03 10:46:28 | INFO     | [QUESTION_ATTEMPT] {"attempt": 11, "max_questions": 300, "question_idx": 2139, "uid": "4e42a8d3-44ba-45fd-8363-ad3531fcf707"}
2026-04-03 10:49:21 | INFO     | [QUESTION_SENT] {"question_idx": 2140, "uid": "692adb69-7e5d-43a9-b821-7b0b0f4ec698"}
2026-04-03 10:50:09 | INFO     | [QUESTION_ATTEMPT] {"attempt": 12, "max_questions": 300, "question_idx": 2140, "uid": "692adb69-7e5d-43a9-b821-7b0b0f4ec698"}
2026-04-03 10:52:56 | INFO     | [QUESTION_SENT] {"question_idx": 2141, "uid": "be4f813e-64e4-4409-9c76-315faf3f8524"}
2026-04-03 10:53:37 | INFO     | [QUESTION_ATTEMPT] {"attempt": 13, "max_questions": 300, "question_idx": 2141, "uid": "be4f813e-64e4-4409-9c76-315faf3f8524"}
2026-04-03 10:56:31 | INFO     | [QUESTION_SENT] {"question_idx": 2142, "uid": "03a6a46b-39e7-4bb8-b399-5e1a868808c3"}
2026-04-03 10:57:07 | INFO     | [QUESTION_ATTEMPT] {"attempt": 14, "max_questions": 300, "question_idx": 2142, "uid": "03a6a46b-39e7-4bb8-b399-5e1a868808c3"}
2026-04-03 11:00:06 | INFO     | [QUESTION_SENT] {"question_idx": 2143, "uid": "acd03834-3889-4b3a-bddc-e2e0a63517e3"}
2026-04-03 11:00:54 | INFO     | [QUESTION_ATTEMPT] {"attempt": 15, "max_questions": 300, "question_idx": 2143, "uid": "acd03834-3889-4b3a-bddc-e2e0a63517e3"}
2026-04-03 11:03:41 | INFO     | [QUESTION_SENT] {"question_idx": 2144, "uid": "576e61e3-bb1e-49e9-ba2f-180841a21764"}
2026-04-03 11:07:17 | INFO     | [QUESTION_SENT] {"question_idx": 2144, "uid": "576e61e3-bb1e-49e9-ba2f-180841a21764"}
2026-04-03 11:07:58 | INFO     | [QUESTION_ATTEMPT] {"attempt": 16, "max_questions": 300, "question_idx": 2144, "uid": "576e61e3-bb1e-49e9-ba2f-180841a21764"}
2026-04-03 11:10:52 | INFO     | [QUESTION_SENT] {"question_idx": 2145, "uid": "b984bc78-c8a1-4e9f-85b5-6492ca06ac5e"}
2026-04-03 11:11:35 | INFO     | [QUESTION_ATTEMPT] {"attempt": 17, "max_questions": 300, "question_idx": 2145, "uid": "b984bc78-c8a1-4e9f-85b5-6492ca06ac5e"}
2026-04-03 11:14:27 | INFO     | [QUESTION_SENT] {"question_idx": 2146, "uid": "9e046d55-b346-4a3b-8867-704afaf20848"}
2026-04-03 11:15:06 | INFO     | [QUESTION_ATTEMPT] {"attempt": 18, "max_questions": 300, "question_idx": 2146, "uid": "9e046d55-b346-4a3b-8867-704afaf20848"}
2026-04-03 11:18:02 | INFO     | [QUESTION_SENT] {"question_idx": 2147, "uid": "bdeea452-604e-4678-b3d0-5277fc04341f"}
2026-04-03 11:18:44 | INFO     | [QUESTION_ATTEMPT] {"attempt": 19, "max_questions": 300, "question_idx": 2147, "uid": "bdeea452-604e-4678-b3d0-5277fc04341f"}
2026-04-03 11:21:38 | INFO     | [QUESTION_SENT] {"question_idx": 2148, "uid": "ea8f555b-0bdd-4c2a-88c9-79545fb76276"}
2026-04-03 11:22:18 | INFO     | [QUESTION_ATTEMPT] {"attempt": 20, "max_questions": 300, "question_idx": 2148, "uid": "ea8f555b-0bdd-4c2a-88c9-79545fb76276"}
2026-04-03 11:25:13 | INFO     | [QUESTION_SENT] {"question_idx": 2149, "uid": "3e70a112-0a49-4ebd-b9fe-e284e5786fd3"}
2026-04-03 11:25:55 | INFO     | [QUESTION_ATTEMPT] {"attempt": 21, "max_questions": 300, "question_idx": 2149, "uid": "3e70a112-0a49-4ebd-b9fe-e284e5786fd3"}
2026-04-03 11:28:48 | INFO     | [QUESTION_SENT] {"question_idx": 2150, "uid": "07aeee95-2007-4efa-9ff4-d3273bdb72cd"}
2026-04-03 11:29:29 | INFO     | [QUESTION_ATTEMPT] {"attempt": 22, "max_questions": 300, "question_idx": 2150, "uid": "07aeee95-2007-4efa-9ff4-d3273bdb72cd"}
2026-04-03 11:29:30 | INFO     | [BOT_STOP] {"bot_id": 10, "total_questions": 22}
2026-04-03 11:50:45 | INFO     | [BOT_START] {"bot_id": 10, "project": "hypos_norm", "timestamp": "2026-04-03T11:50:45.967461", "log_dir": "/home/dmitrii/Documents/projects/clicker_3.0/logs/bot_10"}
2026-04-03 11:50:51 | INFO     | [RESTART] {"bot_id": 10, "note": "first_start"}
2026-04-03 11:50:51 | INFO     | [FSM_INITIALIZED] {"site": "gpt", "scenario": "web_search", "start_state": "start_question"}
2026-04-03 11:52:27 | INFO     | [QUESTION_SENT] {"question_idx": 2451, "uid": "c30815ef-914f-49e7-b658-5a7622107058"}
2026-04-03 11:53:10 | INFO     | [QUESTION_ATTEMPT] {"attempt": 1, "max_questions": 300, "question_idx": 2451, "uid": "c30815ef-914f-49e7-b658-5a7622107058"}
2026-04-03 11:56:02 | INFO     | [QUESTION_SENT] {"question_idx": 2452, "uid": "2de90d6f-2fdb-4a2b-9a92-259bd6eea3a0"}
2026-04-03 11:56:46 | INFO     | [QUESTION_ATTEMPT] {"attempt": 2, "max_questions": 300, "question_idx": 2452, "uid": "2de90d6f-2fdb-4a2b-9a92-259bd6eea3a0"}
2026-04-03 11:59:37 | INFO     | [QUESTION_SENT] {"question_idx": 2453, "uid": "fff5fe84-f0c0-47dc-bde6-2a1719d76791"}
2026-04-03 12:00:21 | INFO     | [QUESTION_ATTEMPT] {"attempt": 3, "max_questions": 300, "question_idx": 2453, "uid": "fff5fe84-f0c0-47dc-bde6-2a1719d76791"}
2026-04-03 12:00:33 | INFO     | [QUESTION_SENT] {"question_idx": 2453, "uid": "fff5fe84-f0c0-47dc-bde6-2a1719d76791"}
2026-04-03 12:01:02 | INFO     | [QUESTION_ATTEMPT] {"attempt": 4, "max_questions": 300, "question_idx": 2453, "uid": "fff5fe84-f0c0-47dc-bde6-2a1719d76791"}
2026-04-03 13:10:50 | INFO     | [QUESTION_SENT] {"question_idx": 2454, "uid": "1eec57d3-4aa7-4c6b-82d8-a3d11d21693e"}
2026-04-03 13:11:34 | INFO     | [QUESTION_ATTEMPT] {"attempt": 5, "max_questions": 300, "question_idx": 2454, "uid": "1eec57d3-4aa7-4c6b-82d8-a3d11d21693e"}
2026-04-03 13:14:26 | INFO     | [QUESTION_SENT] {"question_idx": 2455, "uid": "f8fb1748-def6-48f0-9728-954a19ec29ff"}
2026-04-03 13:18:01 | INFO     | [QUESTION_SENT] {"question_idx": 2455, "uid": "f8fb1748-def6-48f0-9728-954a19ec29ff"}
2026-04-03 13:18:43 | INFO     | [QUESTION_ATTEMPT] {"attempt": 6, "max_questions": 300, "question_idx": 2455, "uid": "f8fb1748-def6-48f0-9728-954a19ec29ff"}
2026-04-03 13:21:36 | INFO     | [QUESTION_SENT] {"question_idx": 2456, "uid": "93b187ed-834e-4c9e-9c49-b507c1d8423d"}
2026-04-03 13:22:22 | INFO     | [QUESTION_ATTEMPT] {"attempt": 7, "max_questions": 300, "question_idx": 2456, "uid": "93b187ed-834e-4c9e-9c49-b507c1d8423d"}
2026-04-03 13:25:11 | INFO     | [QUESTION_SENT] {"question_idx": 2457, "uid": "7c4b89bf-dfe3-463e-a422-a74dc421cd6d"}
2026-04-03 13:25:54 | INFO     | [QUESTION_ATTEMPT] {"attempt": 8, "max_questions": 300, "question_idx": 2457, "uid": "7c4b89bf-dfe3-463e-a422-a74dc421cd6d"}
2026-04-03 13:28:46 | INFO     | [QUESTION_SENT] {"question_idx": 2458, "uid": "c60c380a-46c5-4b7c-b0a0-6319a6ded701"}
2026-04-03 13:29:30 | INFO     | [QUESTION_ATTEMPT] {"attempt": 9, "max_questions": 300, "question_idx": 2458, "uid": "c60c380a-46c5-4b7c-b0a0-6319a6ded701"}
2026-04-03 13:32:21 | INFO     | [QUESTION_SENT] {"question_idx": 2459, "uid": "76ab94dc-5673-4ab7-bf07-ead2b690d994"}
2026-04-03 13:33:03 | INFO     | [QUESTION_ATTEMPT] {"attempt": 10, "max_questions": 300, "question_idx": 2459, "uid": "76ab94dc-5673-4ab7-bf07-ead2b690d994"}
2026-04-03 13:35:57 | INFO     | [QUESTION_SENT] {"question_idx": 2460, "uid": "85de3c05-9e11-45a2-85d8-b846d74badb1"}
2026-04-03 13:36:38 | INFO     | [QUESTION_ATTEMPT] {"attempt": 11, "max_questions": 300, "question_idx": 2460, "uid": "85de3c05-9e11-45a2-85d8-b846d74badb1"}
2026-04-03 13:39:31 | INFO     | [QUESTION_SENT] {"question_idx": 2461, "uid": "22db3965-1df5-47ee-b13c-66994b190c0e"}
2026-04-03 13:40:13 | INFO     | [QUESTION_ATTEMPT] {"attempt": 12, "max_questions": 300, "question_idx": 2461, "uid": "22db3965-1df5-47ee-b13c-66994b190c0e"}
2026-04-03 13:43:06 | INFO     | [QUESTION_SENT] {"question_idx": 2462, "uid": "dcd43fee-543b-446c-a52b-7f10fe479354"}
2026-04-03 13:43:48 | INFO     | [QUESTION_ATTEMPT] {"attempt": 13, "max_questions": 300, "question_idx": 2462, "uid": "dcd43fee-543b-446c-a52b-7f10fe479354"}
2026-04-03 13:46:41 | INFO     | [QUESTION_SENT] {"question_idx": 2463, "uid": "0cb22b1f-2253-4315-b22c-58de0809aa61"}
2026-04-03 13:47:22 | INFO     | [QUESTION_ATTEMPT] {"attempt": 14, "max_questions": 300, "question_idx": 2463, "uid": "0cb22b1f-2253-4315-b22c-58de0809aa61"}
2026-04-03 13:50:16 | INFO     | [QUESTION_SENT] {"question_idx": 2464, "uid": "a5de9824-345c-4c52-b6f9-5cac85c70445"}
2026-04-03 13:51:00 | INFO     | [QUESTION_ATTEMPT] {"attempt": 15, "max_questions": 300, "question_idx": 2464, "uid": "a5de9824-345c-4c52-b6f9-5cac85c70445"}
2026-04-03 13:53:52 | INFO     | [QUESTION_SENT] {"question_idx": 2465, "uid": "7fcb8f14-a6b9-4217-988f-7706c4a4aa85"}
2026-04-03 13:54:38 | INFO     | [QUESTION_ATTEMPT] {"attempt": 16, "max_questions": 300, "question_idx": 2465, "uid": "7fcb8f14-a6b9-4217-988f-7706c4a4aa85"}
2026-04-03 13:57:27 | INFO     | [QUESTION_SENT] {"question_idx": 2466, "uid": "fec57259-3eb9-4932-a8be-ce23bfc92258"}
2026-04-03 13:58:10 | INFO     | [QUESTION_ATTEMPT] {"attempt": 17, "max_questions": 300, "question_idx": 2466, "uid": "fec57259-3eb9-4932-a8be-ce23bfc92258"}
2026-04-03 14:01:02 | INFO     | [QUESTION_SENT] {"question_idx": 2467, "uid": "8f2a6ba9-1a21-4239-824b-80a1c08bf247"}
2026-04-03 14:01:51 | INFO     | [QUESTION_ATTEMPT] {"attempt": 18, "max_questions": 300, "question_idx": 2467, "uid": "8f2a6ba9-1a21-4239-824b-80a1c08bf247"}
2026-04-03 14:04:37 | INFO     | [QUESTION_SENT] {"question_idx": 2468, "uid": "e64e6b73-2081-4108-95a8-97cb5aeb3044"}
2026-04-03 14:05:22 | INFO     | [QUESTION_ATTEMPT] {"attempt": 19, "max_questions": 300, "question_idx": 2468, "uid": "e64e6b73-2081-4108-95a8-97cb5aeb3044"}
2026-04-03 14:08:12 | INFO     | [QUESTION_SENT] {"question_idx": 2469, "uid": "94b5c11b-6338-431e-ba68-0744a8c0bbba"}
2026-04-03 14:08:54 | INFO     | [QUESTION_ATTEMPT] {"attempt": 20, "max_questions": 300, "question_idx": 2469, "uid": "94b5c11b-6338-431e-ba68-0744a8c0bbba"}
2026-04-03 14:11:47 | INFO     | [QUESTION_SENT] {"question_idx": 2470, "uid": "f2da6a5b-cf65-4933-a8a8-631fd5228359"}
2026-04-03 14:12:30 | INFO     | [QUESTION_ATTEMPT] {"attempt": 21, "max_questions": 300, "question_idx": 2470, "uid": "f2da6a5b-cf65-4933-a8a8-631fd5228359"}
2026-04-03 14:15:22 | INFO     | [QUESTION_SENT] {"question_idx": 2471, "uid": "00828132-d506-4baa-a71e-043020641a0f"}
2026-04-03 14:16:07 | INFO     | [QUESTION_ATTEMPT] {"attempt": 22, "max_questions": 300, "question_idx": 2471, "uid": "00828132-d506-4baa-a71e-043020641a0f"}
2026-04-03 14:18:57 | INFO     | [QUESTION_SENT] {"question_idx": 2472, "uid": "22d78c8c-3861-4957-8fd5-9d3bf19419ee"}
2026-04-03 14:19:52 | INFO     | [QUESTION_ATTEMPT] {"attempt": 23, "max_questions": 300, "question_idx": 2472, "uid": "22d78c8c-3861-4957-8fd5-9d3bf19419ee"}
2026-04-03 14:22:33 | INFO     | [QUESTION_SENT] {"question_idx": 2473, "uid": "6a9bbcb7-31b5-464e-ace8-68f93a655279"}
2026-04-03 14:23:16 | INFO     | [QUESTION_ATTEMPT] {"attempt": 24, "max_questions": 300, "question_idx": 2473, "uid": "6a9bbcb7-31b5-464e-ace8-68f93a655279"}
2026-04-03 14:26:08 | INFO     | [QUESTION_SENT] {"question_idx": 2474, "uid": "1bbb5b6a-be68-4f23-a55e-6a633b768685"}
2026-04-03 14:26:51 | INFO     | [QUESTION_ATTEMPT] {"attempt": 25, "max_questions": 300, "question_idx": 2474, "uid": "1bbb5b6a-be68-4f23-a55e-6a633b768685"}
2026-04-03 14:29:43 | INFO     | [QUESTION_SENT] {"question_idx": 2475, "uid": "2b86b503-0a67-4b18-afd2-24e54a7bc653"}
2026-04-03 14:33:18 | INFO     | [QUESTION_SENT] {"question_idx": 2475, "uid": "2b86b503-0a67-4b18-afd2-24e54a7bc653"}
2026-04-03 14:36:53 | INFO     | [QUESTION_SENT] {"question_idx": 2475, "uid": "2b86b503-0a67-4b18-afd2-24e54a7bc653"}
2026-04-03 14:37:37 | INFO     | [QUESTION_ATTEMPT] {"attempt": 26, "max_questions": 300, "question_idx": 2475, "uid": "2b86b503-0a67-4b18-afd2-24e54a7bc653"}
2026-04-03 14:40:29 | INFO     | [QUESTION_SENT] {"question_idx": 2476, "uid": "835f32d6-e23e-4ec7-a536-05160bb04530"}
2026-04-03 14:41:10 | INFO     | [QUESTION_ATTEMPT] {"attempt": 27, "max_questions": 300, "question_idx": 2476, "uid": "835f32d6-e23e-4ec7-a536-05160bb04530"}
2026-04-03 14:44:04 | INFO     | [QUESTION_SENT] {"question_idx": 2477, "uid": "c336fc4a-1235-4bba-a953-0e7e19eeabe4"}
2026-04-03 14:44:51 | INFO     | [QUESTION_ATTEMPT] {"attempt": 28, "max_questions": 300, "question_idx": 2477, "uid": "c336fc4a-1235-4bba-a953-0e7e19eeabe4"}
2026-04-03 14:47:39 | INFO     | [QUESTION_SENT] {"question_idx": 2478, "uid": "8780f8b4-0aeb-4e77-a600-63d996abb1bb"}
2026-04-03 14:51:14 | INFO     | [QUESTION_SENT] {"question_idx": 2478, "uid": "8780f8b4-0aeb-4e77-a600-63d996abb1bb"}
2026-04-03 14:51:59 | INFO     | [QUESTION_ATTEMPT] {"attempt": 29, "max_questions": 300, "question_idx": 2478, "uid": "8780f8b4-0aeb-4e77-a600-63d996abb1bb"}
2026-04-03 14:54:49 | INFO     | [QUESTION_SENT] {"question_idx": 2479, "uid": "2d39962c-82e4-46f3-acec-d03be2667347"}
2026-04-03 14:55:31 | INFO     | [QUESTION_ATTEMPT] {"attempt": 30, "max_questions": 300, "question_idx": 2479, "uid": "2d39962c-82e4-46f3-acec-d03be2667347"}
2026-04-03 14:58:24 | INFO     | [QUESTION_SENT] {"question_idx": 2480, "uid": "e96c18b3-1cff-46a9-9241-5d39e31a673e"}
2026-04-03 14:59:09 | INFO     | [QUESTION_ATTEMPT] {"attempt": 31, "max_questions": 300, "question_idx": 2480, "uid": "e96c18b3-1cff-46a9-9241-5d39e31a673e"}
2026-04-03 15:01:59 | INFO     | [QUESTION_SENT] {"question_idx": 2481, "uid": "d0d461c4-afb4-4a67-856a-c65654af72f5"}
2026-04-03 15:02:43 | INFO     | [QUESTION_ATTEMPT] {"attempt": 32, "max_questions": 300, "question_idx": 2481, "uid": "d0d461c4-afb4-4a67-856a-c65654af72f5"}
2026-04-03 15:05:34 | INFO     | [QUESTION_SENT] {"question_idx": 2482, "uid": "ac7a058f-6fd4-45bb-9d81-f0d45078e2a5"}
2026-04-03 15:06:21 | INFO     | [QUESTION_ATTEMPT] {"attempt": 33, "max_questions": 300, "question_idx": 2482, "uid": "ac7a058f-6fd4-45bb-9d81-f0d45078e2a5"}
2026-04-03 15:09:10 | INFO     | [QUESTION_SENT] {"question_idx": 2483, "uid": "9ba66d1c-be7f-40a3-938a-3bb580bc9adc"}
2026-04-03 15:09:57 | INFO     | [QUESTION_ATTEMPT] {"attempt": 34, "max_questions": 300, "question_idx": 2483, "uid": "9ba66d1c-be7f-40a3-938a-3bb580bc9adc"}
2026-04-03 15:12:45 | INFO     | [QUESTION_SENT] {"question_idx": 2484, "uid": "b45872d3-fe42-402f-b1e9-760d5c8f091b"}
2026-04-03 15:13:31 | INFO     | [QUESTION_ATTEMPT] {"attempt": 35, "max_questions": 300, "question_idx": 2484, "uid": "b45872d3-fe42-402f-b1e9-760d5c8f091b"}
2026-04-03 15:16:20 | INFO     | [QUESTION_SENT] {"question_idx": 2485, "uid": "8e2aa103-df44-41f7-b1e2-de7f76fd9106"}
2026-04-03 15:16:56 | INFO     | [QUESTION_ATTEMPT] {"attempt": 36, "max_questions": 300, "question_idx": 2485, "uid": "8e2aa103-df44-41f7-b1e2-de7f76fd9106"}
2026-04-03 15:19:55 | INFO     | [QUESTION_SENT] {"question_idx": 2486, "uid": "ea074ba9-3739-4b46-b3fd-48872ae4574a"}
2026-04-03 15:20:40 | INFO     | [QUESTION_ATTEMPT] {"attempt": 37, "max_questions": 300, "question_idx": 2486, "uid": "ea074ba9-3739-4b46-b3fd-48872ae4574a"}
2026-04-03 15:23:30 | INFO     | [QUESTION_SENT] {"question_idx": 2487, "uid": "2406d69a-8795-4ab6-ae56-4026ef32a2a1"}
2026-04-03 15:23:59 | INFO     | [QUESTION_ATTEMPT] {"attempt": 38, "max_questions": 300, "question_idx": 2487, "uid": "2406d69a-8795-4ab6-ae56-4026ef32a2a1"}
2026-04-03 15:24:12 | INFO     | [QUESTION_SENT] {"question_idx": 2487, "uid": "2406d69a-8795-4ab6-ae56-4026ef32a2a1"}
2026-04-03 15:24:42 | INFO     | [QUESTION_ATTEMPT] {"attempt": 39, "max_questions": 300, "question_idx": 2487, "uid": "2406d69a-8795-4ab6-ae56-4026ef32a2a1"}
2026-04-03 15:27:49 | INFO     | [QUESTION_SENT] {"question_idx": 2488, "uid": "126ffebb-6c51-491f-9ff8-c6d752ba8721"}
2026-04-03 15:28:30 | INFO     | [QUESTION_ATTEMPT] {"attempt": 40, "max_questions": 300, "question_idx": 2488, "uid": "126ffebb-6c51-491f-9ff8-c6d752ba8721"}
2026-04-03 15:31:25 | INFO     | [QUESTION_SENT] {"question_idx": 2489, "uid": "75349643-39ce-4e90-8690-19873c46e199"}
2026-04-03 15:32:10 | INFO     | [QUESTION_ATTEMPT] {"attempt": 41, "max_questions": 300, "question_idx": 2489, "uid": "75349643-39ce-4e90-8690-19873c46e199"}
2026-04-03 15:35:00 | INFO     | [QUESTION_SENT] {"question_idx": 2490, "uid": "5ebe713c-12bd-4e1c-a602-b5d97eb0d8ea"}
2026-04-03 15:35:42 | INFO     | [QUESTION_ATTEMPT] {"attempt": 42, "max_questions": 300, "question_idx": 2490, "uid": "5ebe713c-12bd-4e1c-a602-b5d97eb0d8ea"}
2026-04-03 15:38:35 | INFO     | [QUESTION_SENT] {"question_idx": 2491, "uid": "d2288689-8f8b-41d2-a3b5-8c0e4c42d6e8"}
2026-04-03 15:39:17 | INFO     | [QUESTION_ATTEMPT] {"attempt": 43, "max_questions": 300, "question_idx": 2491, "uid": "d2288689-8f8b-41d2-a3b5-8c0e4c42d6e8"}
2026-04-03 15:42:11 | INFO     | [QUESTION_SENT] {"question_idx": 2492, "uid": "7d189877-43d9-4397-9644-0e3c14e85404"}
2026-04-03 15:42:59 | INFO     | [QUESTION_ATTEMPT] {"attempt": 44, "max_questions": 300, "question_idx": 2492, "uid": "7d189877-43d9-4397-9644-0e3c14e85404"}
2026-04-03 15:45:46 | INFO     | [QUESTION_SENT] {"question_idx": 2493, "uid": "cb13a0e2-093c-44bf-9099-0a5d677f0570"}
2026-04-03 15:46:24 | INFO     | [QUESTION_ATTEMPT] {"attempt": 45, "max_questions": 300, "question_idx": 2493, "uid": "cb13a0e2-093c-44bf-9099-0a5d677f0570"}
2026-04-03 15:49:21 | INFO     | [QUESTION_SENT] {"question_idx": 2494, "uid": "d28b6919-f938-41e4-9b00-d7da1bc7cc01"}
2026-04-03 15:50:05 | INFO     | [QUESTION_ATTEMPT] {"attempt": 46, "max_questions": 300, "question_idx": 2494, "uid": "d28b6919-f938-41e4-9b00-d7da1bc7cc01"}
2026-04-03 15:52:56 | INFO     | [QUESTION_SENT] {"question_idx": 2495, "uid": "cf4a161d-7117-419c-b85d-a2d333bdb6eb"}
2026-04-03 15:56:32 | INFO     | [QUESTION_SENT] {"question_idx": 2495, "uid": "cf4a161d-7117-419c-b85d-a2d333bdb6eb"}
2026-04-03 15:57:14 | INFO     | [QUESTION_ATTEMPT] {"attempt": 47, "max_questions": 300, "question_idx": 2495, "uid": "cf4a161d-7117-419c-b85d-a2d333bdb6eb"}
2026-04-03 16:00:07 | INFO     | [QUESTION_SENT] {"question_idx": 2496, "uid": "a286ffd0-842a-4a37-a80d-ebe5eee4e2dc"}
2026-04-03 16:00:50 | INFO     | [QUESTION_ATTEMPT] {"attempt": 48, "max_questions": 300, "question_idx": 2496, "uid": "a286ffd0-842a-4a37-a80d-ebe5eee4e2dc"}
2026-04-03 16:03:42 | INFO     | [QUESTION_SENT] {"question_idx": 2497, "uid": "27ef9af2-5c5d-4477-9e82-c61e05e2e047"}
2026-04-03 16:04:25 | INFO     | [QUESTION_ATTEMPT] {"attempt": 49, "max_questions": 300, "question_idx": 2497, "uid": "27ef9af2-5c5d-4477-9e82-c61e05e2e047"}
2026-04-03 16:07:17 | INFO     | [QUESTION_SENT] {"question_idx": 2498, "uid": "4ce30613-8aff-4704-b85e-5c0fdc8bfec5"}
2026-04-03 16:07:59 | INFO     | [QUESTION_ATTEMPT] {"attempt": 50, "max_questions": 300, "question_idx": 2498, "uid": "4ce30613-8aff-4704-b85e-5c0fdc8bfec5"}
2026-04-03 16:10:52 | INFO     | [QUESTION_SENT] {"question_idx": 2499, "uid": "739a34d2-f61c-43be-8885-8f0c76c37060"}
2026-04-03 16:11:33 | INFO     | [QUESTION_ATTEMPT] {"attempt": 51, "max_questions": 300, "question_idx": 2499, "uid": "739a34d2-f61c-43be-8885-8f0c76c37060"}
2026-04-03 16:14:27 | INFO     | [QUESTION_SENT] {"question_idx": 2500, "uid": "a02f5091-8f7e-4101-b3ed-f07d3f644050"}
2026-04-03 16:15:09 | INFO     | [QUESTION_ATTEMPT] {"attempt": 52, "max_questions": 300, "question_idx": 2500, "uid": "a02f5091-8f7e-4101-b3ed-f07d3f644050"}
2026-04-03 16:18:02 | INFO     | [QUESTION_SENT] {"question_idx": 2501, "uid": "062c25a7-a0aa-4cb8-967e-67767a104dd1"}
2026-04-03 16:18:46 | INFO     | [QUESTION_ATTEMPT] {"attempt": 53, "max_questions": 300, "question_idx": 2501, "uid": "062c25a7-a0aa-4cb8-967e-67767a104dd1"}
2026-04-03 16:21:37 | INFO     | [QUESTION_SENT] {"question_idx": 2502, "uid": "608a6ff4-43fb-4534-b21b-467ac4e55bc2"}
2026-04-03 16:22:25 | INFO     | [QUESTION_ATTEMPT] {"attempt": 54, "max_questions": 300, "question_idx": 2502, "uid": "608a6ff4-43fb-4534-b21b-467ac4e55bc2"}
2026-04-03 16:25:13 | INFO     | [QUESTION_SENT] {"question_idx": 2503, "uid": "74e320ea-c0f2-415d-9433-7360dfa2cf7d"}
2026-04-03 16:25:50 | INFO     | [QUESTION_ATTEMPT] {"attempt": 55, "max_questions": 300, "question_idx": 2503, "uid": "74e320ea-c0f2-415d-9433-7360dfa2cf7d"}
2026-04-03 16:28:48 | INFO     | [QUESTION_SENT] {"question_idx": 2504, "uid": "7679bb4f-1891-42da-86af-fcf980bcd936"}
2026-04-03 16:29:33 | INFO     | [QUESTION_ATTEMPT] {"attempt": 56, "max_questions": 300, "question_idx": 2504, "uid": "7679bb4f-1891-42da-86af-fcf980bcd936"}
2026-04-03 16:31:04 | INFO     | [BOT_STOP] {"bot_id": 10, "total_questions": 56}
2026-04-03 21:45:21 | INFO     | [BOT_START] {"bot_id": 10, "project": "hypos_norm", "timestamp": "2026-04-03T21:45:21.245963", "log_dir": "/home/dmitrii/Documents/projects/clicker_3.0/logs/bot_10"}
2026-04-03 21:45:27 | INFO     | [RESTART] {"bot_id": 10, "note": "first_start"}
2026-04-03 21:45:27 | INFO     | [FSM_INITIALIZED] {"site": "gpt", "scenario": "web_search", "start_state": "start_question"}
2026-04-03 21:48:37 | INFO     | [QUESTION_SENT] {"question_idx": 2951, "uid": "e1c89c0d-79f8-43da-bdea-00c5c19c637a"}
2026-04-03 21:49:21 | INFO     | [QUESTION_ATTEMPT] {"attempt": 1, "max_questions": 300, "question_idx": 2951, "uid": "e1c89c0d-79f8-43da-bdea-00c5c19c637a"}
2026-04-03 21:52:12 | INFO     | [QUESTION_SENT] {"question_idx": 2952, "uid": "8edab812-45a4-4914-aef5-679d8293f4eb"}
2026-04-03 21:52:55 | INFO     | [QUESTION_ATTEMPT] {"attempt": 2, "max_questions": 300, "question_idx": 2952, "uid": "8edab812-45a4-4914-aef5-679d8293f4eb"}
2026-04-03 21:55:47 | INFO     | [QUESTION_SENT] {"question_idx": 2953, "uid": "82ea9767-a915-431e-96d9-3b71e9348687"}
2026-04-03 21:56:29 | INFO     | [QUESTION_ATTEMPT] {"attempt": 3, "max_questions": 300, "question_idx": 2953, "uid": "82ea9767-a915-431e-96d9-3b71e9348687"}
2026-04-03 21:59:22 | INFO     | [QUESTION_SENT] {"question_idx": 2954, "uid": "aba38244-97d3-4634-a5b8-bfd3e66e2353"}
2026-04-03 22:00:11 | INFO     | [QUESTION_ATTEMPT] {"attempt": 4, "max_questions": 300, "question_idx": 2954, "uid": "aba38244-97d3-4634-a5b8-bfd3e66e2353"}
2026-04-03 22:02:57 | INFO     | [QUESTION_SENT] {"question_idx": 2955, "uid": "7767c58a-547a-4fe6-a589-b22e8bf48831"}
2026-04-03 22:03:50 | INFO     | [QUESTION_ATTEMPT] {"attempt": 5, "max_questions": 300, "question_idx": 2955, "uid": "7767c58a-547a-4fe6-a589-b22e8bf48831"}
2026-04-03 22:04:02 | INFO     | [QUESTION_SENT] {"question_idx": 2955, "uid": "7767c58a-547a-4fe6-a589-b22e8bf48831"}
2026-04-03 22:04:37 | INFO     | [QUESTION_ATTEMPT] {"attempt": 6, "max_questions": 300, "question_idx": 2955, "uid": "7767c58a-547a-4fe6-a589-b22e8bf48831"}
2026-04-03 22:07:40 | INFO     | [QUESTION_SENT] {"question_idx": 2956, "uid": "42c7df91-65c8-43ac-a612-0e85100aea12"}
2026-04-03 22:08:28 | INFO     | [QUESTION_ATTEMPT] {"attempt": 7, "max_questions": 300, "question_idx": 2956, "uid": "42c7df91-65c8-43ac-a612-0e85100aea12"}
2026-04-03 22:11:15 | INFO     | [QUESTION_SENT] {"question_idx": 2957, "uid": "3ad28edc-1c24-46b4-8898-589842841cb9"}
2026-04-03 22:11:58 | INFO     | [QUESTION_ATTEMPT] {"attempt": 8, "max_questions": 300, "question_idx": 2957, "uid": "3ad28edc-1c24-46b4-8898-589842841cb9"}
2026-04-03 22:14:50 | INFO     | [QUESTION_SENT] {"question_idx": 2958, "uid": "1ab558dd-a9bd-4fd7-8605-21b005853a56"}
2026-04-03 22:15:37 | INFO     | [QUESTION_ATTEMPT] {"attempt": 9, "max_questions": 300, "question_idx": 2958, "uid": "1ab558dd-a9bd-4fd7-8605-21b005853a56"}
2026-04-03 22:18:25 | INFO     | [QUESTION_SENT] {"question_idx": 2959, "uid": "b8b2721f-28d6-4cd7-bc6b-6bcf640878e1"}
2026-04-03 22:19:10 | INFO     | [QUESTION_ATTEMPT] {"attempt": 10, "max_questions": 300, "question_idx": 2959, "uid": "b8b2721f-28d6-4cd7-bc6b-6bcf640878e1"}
2026-04-03 22:22:00 | INFO     | [QUESTION_SENT] {"question_idx": 2960, "uid": "5a8bf99e-5822-4d1c-a60e-b4af57997db8"}
2026-04-03 22:22:44 | INFO     | [QUESTION_ATTEMPT] {"attempt": 11, "max_questions": 300, "question_idx": 2960, "uid": "5a8bf99e-5822-4d1c-a60e-b4af57997db8"}
2026-04-03 22:28:48 | INFO     | [QUESTION_SENT] {"question_idx": 2961, "uid": "3567269c-b3b6-4ebe-83c8-9f27dd58716d"}
2026-04-03 22:29:46 | INFO     | [QUESTION_ATTEMPT] {"attempt": 12, "max_questions": 300, "question_idx": 2961, "uid": "3567269c-b3b6-4ebe-83c8-9f27dd58716d"}
2026-04-03 22:34:49 | INFO     | [QUESTION_SENT] {"question_idx": 2962, "uid": "0d0cbc25-7e0e-48b2-b1e5-2ad6a2d4ee65"}
2026-04-03 22:35:30 | INFO     | [QUESTION_ATTEMPT] {"attempt": 13, "max_questions": 300, "question_idx": 2962, "uid": "0d0cbc25-7e0e-48b2-b1e5-2ad6a2d4ee65"}
2026-04-03 22:38:23 | INFO     | [QUESTION_SENT] {"question_idx": 2963, "uid": "97d2c14b-22cc-4d21-9779-9f50ad01cb62"}
2026-04-03 22:38:55 | INFO     | [QUESTION_ATTEMPT] {"attempt": 14, "max_questions": 300, "question_idx": 2963, "uid": "97d2c14b-22cc-4d21-9779-9f50ad01cb62"}
2026-04-03 22:39:07 | INFO     | [QUESTION_SENT] {"question_idx": 2963, "uid": "97d2c14b-22cc-4d21-9779-9f50ad01cb62"}
2026-04-03 22:39:39 | INFO     | [QUESTION_ATTEMPT] {"attempt": 15, "max_questions": 300, "question_idx": 2963, "uid": "97d2c14b-22cc-4d21-9779-9f50ad01cb62"}
2026-04-03 22:42:45 | INFO     | [QUESTION_SENT] {"question_idx": 2963, "uid": "97d2c14b-22cc-4d21-9779-9f50ad01cb62"}
2026-04-03 22:43:29 | INFO     | [QUESTION_ATTEMPT] {"attempt": 16, "max_questions": 300, "question_idx": 2963, "uid": "97d2c14b-22cc-4d21-9779-9f50ad01cb62"}
2026-04-03 22:46:20 | INFO     | [QUESTION_SENT] {"question_idx": 2964, "uid": "ad46e84c-9ead-4157-92ba-6d23dea427c6"}
2026-04-03 22:47:03 | INFO     | [QUESTION_ATTEMPT] {"attempt": 17, "max_questions": 300, "question_idx": 2964, "uid": "ad46e84c-9ead-4157-92ba-6d23dea427c6"}
2026-04-03 22:49:55 | INFO     | [QUESTION_SENT] {"question_idx": 2965, "uid": "c5802d7c-8cf4-4e8c-b267-39f74c3f0c7c"}
2026-04-03 22:50:44 | INFO     | [QUESTION_ATTEMPT] {"attempt": 18, "max_questions": 300, "question_idx": 2965, "uid": "c5802d7c-8cf4-4e8c-b267-39f74c3f0c7c"}
2026-04-03 22:53:30 | INFO     | [QUESTION_SENT] {"question_idx": 2966, "uid": "2bebd430-1560-4175-90b5-efa706e24094"}
2026-04-03 22:54:16 | INFO     | [QUESTION_ATTEMPT] {"attempt": 19, "max_questions": 300, "question_idx": 2966, "uid": "2bebd430-1560-4175-90b5-efa706e24094"}
2026-04-03 22:57:05 | INFO     | [QUESTION_SENT] {"question_idx": 2967, "uid": "42434c5d-c1f8-47b6-9916-4cc6b0129e67"}
2026-04-03 22:57:51 | INFO     | [QUESTION_ATTEMPT] {"attempt": 20, "max_questions": 300, "question_idx": 2967, "uid": "42434c5d-c1f8-47b6-9916-4cc6b0129e67"}
2026-04-03 23:00:40 | INFO     | [QUESTION_SENT] {"question_idx": 2968, "uid": "fd91de14-8ae2-4778-b163-913dd7945102"}
2026-04-03 23:01:30 | INFO     | [QUESTION_ATTEMPT] {"attempt": 21, "max_questions": 300, "question_idx": 2968, "uid": "fd91de14-8ae2-4778-b163-913dd7945102"}
2026-04-03 23:04:15 | INFO     | [QUESTION_SENT] {"question_idx": 2969, "uid": "c1fb8347-829c-4f38-820f-2bb8056ab154"}
2026-04-03 23:04:56 | INFO     | [QUESTION_ATTEMPT] {"attempt": 22, "max_questions": 300, "question_idx": 2969, "uid": "c1fb8347-829c-4f38-820f-2bb8056ab154"}
2026-04-03 23:07:50 | INFO     | [QUESTION_SENT] {"question_idx": 2970, "uid": "d58df9dc-d01f-471b-bd22-0ef245774778"}
2026-04-03 23:08:33 | INFO     | [QUESTION_ATTEMPT] {"attempt": 23, "max_questions": 300, "question_idx": 2970, "uid": "d58df9dc-d01f-471b-bd22-0ef245774778"}
2026-04-03 23:11:25 | INFO     | [QUESTION_SENT] {"question_idx": 2971, "uid": "ab75e1fe-1e2a-4a60-9bc5-930c30ba7503"}
2026-04-03 23:12:08 | INFO     | [QUESTION_ATTEMPT] {"attempt": 24, "max_questions": 300, "question_idx": 2971, "uid": "ab75e1fe-1e2a-4a60-9bc5-930c30ba7503"}
2026-04-03 23:15:00 | INFO     | [QUESTION_SENT] {"question_idx": 2972, "uid": "fd826ddc-a81b-49f3-a6f7-ff38c5fb8f39"}
2026-04-03 23:15:42 | INFO     | [QUESTION_ATTEMPT] {"attempt": 25, "max_questions": 300, "question_idx": 2972, "uid": "fd826ddc-a81b-49f3-a6f7-ff38c5fb8f39"}
2026-04-03 23:18:35 | INFO     | [QUESTION_SENT] {"question_idx": 2973, "uid": "09916b89-c71c-4043-b0fb-48092efb431e"}
2026-04-03 23:19:15 | INFO     | [QUESTION_ATTEMPT] {"attempt": 26, "max_questions": 300, "question_idx": 2973, "uid": "09916b89-c71c-4043-b0fb-48092efb431e"}
2026-04-03 23:22:10 | INFO     | [QUESTION_SENT] {"question_idx": 2974, "uid": "959d1548-38b7-49ce-998c-9ac663b844b4"}
2026-04-03 23:22:40 | INFO     | [QUESTION_ATTEMPT] {"attempt": 27, "max_questions": 300, "question_idx": 2974, "uid": "959d1548-38b7-49ce-998c-9ac663b844b4"}
2026-04-03 23:25:45 | INFO     | [QUESTION_SENT] {"question_idx": 2974, "uid": "959d1548-38b7-49ce-998c-9ac663b844b4"}
2026-04-03 23:26:30 | INFO     | [QUESTION_ATTEMPT] {"attempt": 28, "max_questions": 300, "question_idx": 2974, "uid": "959d1548-38b7-49ce-998c-9ac663b844b4"}
2026-04-03 23:29:20 | INFO     | [QUESTION_SENT] {"question_idx": 2975, "uid": "9cb25b2c-4e21-4691-9b4e-451c09dc3346"}
2026-04-03 23:30:08 | INFO     | [QUESTION_ATTEMPT] {"attempt": 29, "max_questions": 300, "question_idx": 2975, "uid": "9cb25b2c-4e21-4691-9b4e-451c09dc3346"}
2026-04-03 23:32:54 | INFO     | [QUESTION_SENT] {"question_idx": 2976, "uid": "8fbb9ae0-bcc9-4942-9d00-b3e4c180eb66"}
2026-04-03 23:33:44 | INFO     | [QUESTION_ATTEMPT] {"attempt": 30, "max_questions": 300, "question_idx": 2976, "uid": "8fbb9ae0-bcc9-4942-9d00-b3e4c180eb66"}
2026-04-03 23:36:29 | INFO     | [QUESTION_SENT] {"question_idx": 2977, "uid": "9d6e2121-e8ad-4406-92c6-e0fe8a3ab7eb"}
2026-04-03 23:37:14 | INFO     | [QUESTION_ATTEMPT] {"attempt": 31, "max_questions": 300, "question_idx": 2977, "uid": "9d6e2121-e8ad-4406-92c6-e0fe8a3ab7eb"}
2026-04-03 23:40:04 | INFO     | [QUESTION_SENT] {"question_idx": 2978, "uid": "df2a8281-1fd6-4b0b-9b4a-8fae9c005f07"}
2026-04-03 23:40:43 | INFO     | [QUESTION_ATTEMPT] {"attempt": 32, "max_questions": 300, "question_idx": 2978, "uid": "df2a8281-1fd6-4b0b-9b4a-8fae9c005f07"}
2026-04-03 23:46:05 | INFO     | [QUESTION_SENT] {"question_idx": 2979, "uid": "fffa0ce9-4399-4fd7-bd20-7c1775f2f889"}
2026-04-03 23:46:50 | INFO     | [QUESTION_ATTEMPT] {"attempt": 33, "max_questions": 300, "question_idx": 2979, "uid": "fffa0ce9-4399-4fd7-bd20-7c1775f2f889"}
2026-04-03 23:49:40 | INFO     | [QUESTION_SENT] {"question_idx": 2980, "uid": "506960c0-cc78-4e58-8e84-d94a801b3481"}
2026-04-03 23:50:28 | INFO     | [QUESTION_ATTEMPT] {"attempt": 34, "max_questions": 300, "question_idx": 2980, "uid": "506960c0-cc78-4e58-8e84-d94a801b3481"}
2026-04-03 23:53:15 | INFO     | [QUESTION_SENT] {"question_idx": 2981, "uid": "df299e8c-60d5-40ef-ba7b-e140587e56c2"}
2026-04-03 23:53:55 | INFO     | [QUESTION_ATTEMPT] {"attempt": 35, "max_questions": 300, "question_idx": 2981, "uid": "df299e8c-60d5-40ef-ba7b-e140587e56c2"}
2026-04-03 23:56:49 | INFO     | [QUESTION_SENT] {"question_idx": 2982, "uid": "c82c9126-cc9a-46c1-a484-f50038a0ecfc"}
2026-04-03 23:57:31 | INFO     | [QUESTION_ATTEMPT] {"attempt": 36, "max_questions": 300, "question_idx": 2982, "uid": "c82c9126-cc9a-46c1-a484-f50038a0ecfc"}
2026-04-04 00:00:24 | INFO     | [QUESTION_SENT] {"question_idx": 2983, "uid": "a44f7b9f-7f4c-4774-ab47-8e774391e738"}
