2026-04-05 09:40:23 | INFO     | [BOT_START] {"bot_id": 10, "project": "hypos_norm", "timestamp": "2026-04-05T09:40:23.917980", "log_dir": "/home/dmitrii/Documents/projects/clicker_3.0/logs/bot_10"}
2026-04-05 09:40:29 | INFO     | [RESTART] {"bot_id": 10, "note": "first_start"}
2026-04-05 09:40:29 | INFO     | [FSM_INITIALIZED] {"site": "gpt", "scenario": "web_search", "start_state": "start_question"}
2026-04-05 09:41:15 | INFO     | [QUESTION_SENT] {"question_idx": 3431, "uid": "6a4213ad-6aec-482d-88d2-778e5ed8f3ef"}
2026-04-05 09:41:46 | INFO     | [QUESTION_ATTEMPT] {"attempt": 1, "max_questions": 300, "question_idx": 3431, "uid": "6a4213ad-6aec-482d-88d2-778e5ed8f3ef"}
2026-04-05 09:44:50 | INFO     | [QUESTION_SENT] {"question_idx": 3432, "uid": "2e7710d1-8ed8-451c-963b-8d2ed93d1729"}
2026-04-05 09:45:20 | INFO     | [QUESTION_ATTEMPT] {"attempt": 2, "max_questions": 300, "question_idx": 3432, "uid": "2e7710d1-8ed8-451c-963b-8d2ed93d1729"}
2026-04-05 09:48:25 | INFO     | [QUESTION_SENT] {"question_idx": 3433, "uid": "8ecbd9ee-d3be-4e56-9d5f-69f691977e0e"}
2026-04-05 09:48:52 | INFO     | [QUESTION_ATTEMPT] {"attempt": 3, "max_questions": 300, "question_idx": 3433, "uid": "8ecbd9ee-d3be-4e56-9d5f-69f691977e0e"}
2026-04-05 09:52:00 | INFO     | [QUESTION_SENT] {"question_idx": 3434, "uid": "6bc3dc1f-0449-4c6b-9aff-73424adbb3ac"}
2026-04-05 09:52:33 | INFO     | [QUESTION_ATTEMPT] {"attempt": 4, "max_questions": 300, "question_idx": 3434, "uid": "6bc3dc1f-0449-4c6b-9aff-73424adbb3ac"}
2026-04-05 09:55:34 | INFO     | [QUESTION_SENT] {"question_idx": 3435, "uid": "69132c74-43bc-476b-831a-91ff284e64d7"}
2026-04-05 09:56:05 | INFO     | [QUESTION_ATTEMPT] {"attempt": 5, "max_questions": 300, "question_idx": 3435, "uid": "69132c74-43bc-476b-831a-91ff284e64d7"}
2026-04-05 09:56:17 | INFO     | [QUESTION_SENT] {"question_idx": 3435, "uid": "69132c74-43bc-476b-831a-91ff284e64d7"}
2026-04-05 09:56:47 | INFO     | [QUESTION_ATTEMPT] {"attempt": 6, "max_questions": 300, "question_idx": 3435, "uid": "69132c74-43bc-476b-831a-91ff284e64d7"}
2026-04-05 09:59:54 | INFO     | [QUESTION_SENT] {"question_idx": 3436, "uid": "361956c1-fb3c-4ab1-91bb-3b07c15317de"}
2026-04-05 10:00:25 | INFO     | [QUESTION_ATTEMPT] {"attempt": 7, "max_questions": 300, "question_idx": 3436, "uid": "361956c1-fb3c-4ab1-91bb-3b07c15317de"}
2026-04-05 10:03:29 | INFO     | [QUESTION_SENT] {"question_idx": 3437, "uid": "ae014579-37fe-46fe-8638-fea6b44081a3"}
2026-04-05 10:04:01 | INFO     | [QUESTION_ATTEMPT] {"attempt": 8, "max_questions": 300, "question_idx": 3437, "uid": "ae014579-37fe-46fe-8638-fea6b44081a3"}
2026-04-05 10:07:04 | INFO     | [QUESTION_SENT] {"question_idx": 3438, "uid": "e146b9b5-b9d2-4a32-a509-ca9af7004a4c"}
2026-04-05 10:07:33 | INFO     | [QUESTION_ATTEMPT] {"attempt": 9, "max_questions": 300, "question_idx": 3438, "uid": "e146b9b5-b9d2-4a32-a509-ca9af7004a4c"}
2026-04-05 10:10:39 | INFO     | [QUESTION_SENT] {"question_idx": 3439, "uid": "dc53af53-25e7-42f7-bba0-2bfe774be42c"}
2026-04-05 10:11:09 | INFO     | [QUESTION_ATTEMPT] {"attempt": 10, "max_questions": 300, "question_idx": 3439, "uid": "dc53af53-25e7-42f7-bba0-2bfe774be42c"}
2026-04-05 10:14:14 | INFO     | [QUESTION_SENT] {"question_idx": 3440, "uid": "38582a5f-01fe-4d41-8a4e-3f7d9d05198c"}
2026-04-05 10:14:44 | INFO     | [QUESTION_ATTEMPT] {"attempt": 11, "max_questions": 300, "question_idx": 3440, "uid": "38582a5f-01fe-4d41-8a4e-3f7d9d05198c"}
2026-04-05 10:14:57 | INFO     | [QUESTION_SENT] {"question_idx": 3440, "uid": "38582a5f-01fe-4d41-8a4e-3f7d9d05198c"}
2026-04-05 10:15:18 | INFO     | [QUESTION_ATTEMPT] {"attempt": 12, "max_questions": 300, "question_idx": 3440, "uid": "38582a5f-01fe-4d41-8a4e-3f7d9d05198c"}
2026-04-05 10:18:34 | INFO     | [QUESTION_SENT] {"question_idx": 3441, "uid": "8ad544f0-4f36-4730-bd5e-9ae41c03cc99"}
2026-04-05 10:19:04 | INFO     | [QUESTION_ATTEMPT] {"attempt": 13, "max_questions": 300, "question_idx": 3441, "uid": "8ad544f0-4f36-4730-bd5e-9ae41c03cc99"}
2026-04-05 10:22:09 | INFO     | [QUESTION_SENT] {"question_idx": 3442, "uid": "b250482f-178a-486d-8a2b-1bf990d09de7"}
2026-04-05 10:22:38 | INFO     | [QUESTION_ATTEMPT] {"attempt": 14, "max_questions": 300, "question_idx": 3442, "uid": "b250482f-178a-486d-8a2b-1bf990d09de7"}
2026-04-05 10:22:50 | INFO     | [QUESTION_SENT] {"question_idx": 3442, "uid": "b250482f-178a-486d-8a2b-1bf990d09de7"}
2026-04-05 10:23:12 | INFO     | [QUESTION_ATTEMPT] {"attempt": 15, "max_questions": 300, "question_idx": 3442, "uid": "b250482f-178a-486d-8a2b-1bf990d09de7"}
2026-04-05 10:26:27 | INFO     | [QUESTION_SENT] {"question_idx": 3443, "uid": "10e06ce1-c9d6-4731-a164-fcb1a985bb2d"}
2026-04-05 10:26:59 | INFO     | [QUESTION_ATTEMPT] {"attempt": 16, "max_questions": 300, "question_idx": 3443, "uid": "10e06ce1-c9d6-4731-a164-fcb1a985bb2d"}
2026-04-05 10:30:02 | INFO     | [QUESTION_SENT] {"question_idx": 3444, "uid": "b942764a-15dd-48a0-b3b1-c3fb4860ea30"}
2026-04-05 10:30:28 | INFO     | [QUESTION_ATTEMPT] {"attempt": 17, "max_questions": 300, "question_idx": 3444, "uid": "b942764a-15dd-48a0-b3b1-c3fb4860ea30"}
2026-04-05 10:30:41 | INFO     | [QUESTION_SENT] {"question_idx": 3444, "uid": "b942764a-15dd-48a0-b3b1-c3fb4860ea30"}
2026-04-05 10:31:01 | INFO     | [QUESTION_ATTEMPT] {"attempt": 18, "max_questions": 300, "question_idx": 3444, "uid": "b942764a-15dd-48a0-b3b1-c3fb4860ea30"}
2026-04-05 10:34:18 | INFO     | [QUESTION_SENT] {"question_idx": 3445, "uid": "9b2e3dd6-aae0-4e37-af51-fdcf6343017f"}
2026-04-05 10:34:47 | INFO     | [QUESTION_ATTEMPT] {"attempt": 19, "max_questions": 300, "question_idx": 3445, "uid": "9b2e3dd6-aae0-4e37-af51-fdcf6343017f"}
2026-04-05 10:37:53 | INFO     | [QUESTION_SENT] {"question_idx": 3446, "uid": "bc3e7183-82b7-4bb1-a77d-21a204d7fc98"}
2026-04-05 10:41:28 | INFO     | [QUESTION_SENT] {"question_idx": 3446, "uid": "bc3e7183-82b7-4bb1-a77d-21a204d7fc98"}
2026-04-05 10:41:57 | INFO     | [QUESTION_ATTEMPT] {"attempt": 20, "max_questions": 300, "question_idx": 3446, "uid": "bc3e7183-82b7-4bb1-a77d-21a204d7fc98"}
2026-04-05 10:45:03 | INFO     | [QUESTION_SENT] {"question_idx": 3447, "uid": "7d885101-1a85-4f4e-9407-9de5da12dbeb"}
2026-04-05 10:45:34 | INFO     | [QUESTION_ATTEMPT] {"attempt": 21, "max_questions": 300, "question_idx": 3447, "uid": "7d885101-1a85-4f4e-9407-9de5da12dbeb"}
2026-04-05 10:48:38 | INFO     | [QUESTION_SENT] {"question_idx": 3448, "uid": "e8e76e24-b1ff-493a-b079-1b3f2ec3fef5"}
2026-04-05 10:49:11 | INFO     | [QUESTION_ATTEMPT] {"attempt": 22, "max_questions": 300, "question_idx": 3448, "uid": "e8e76e24-b1ff-493a-b079-1b3f2ec3fef5"}
2026-04-05 10:52:12 | INFO     | [QUESTION_SENT] {"question_idx": 3449, "uid": "bcac650d-bc12-4669-9179-84400b5997c8"}
2026-04-05 10:52:41 | INFO     | [QUESTION_ATTEMPT] {"attempt": 23, "max_questions": 300, "question_idx": 3449, "uid": "bcac650d-bc12-4669-9179-84400b5997c8"}
2026-04-05 10:55:47 | INFO     | [QUESTION_SENT] {"question_idx": 3450, "uid": "d0ba392a-d899-4f07-b82b-9e878fa9a047"}
2026-04-05 10:56:16 | INFO     | [QUESTION_ATTEMPT] {"attempt": 24, "max_questions": 300, "question_idx": 3450, "uid": "d0ba392a-d899-4f07-b82b-9e878fa9a047"}
2026-04-05 10:59:22 | INFO     | [QUESTION_SENT] {"question_idx": 3451, "uid": "dca69c87-ccb3-4dc8-b0fe-32ef4b2a13fd"}
2026-04-05 10:59:51 | INFO     | [QUESTION_ATTEMPT] {"attempt": 25, "max_questions": 300, "question_idx": 3451, "uid": "dca69c87-ccb3-4dc8-b0fe-32ef4b2a13fd"}
2026-04-05 11:02:57 | INFO     | [QUESTION_SENT] {"question_idx": 3452, "uid": "22099089-e848-4f9c-9654-3697487eda04"}
2026-04-05 11:03:20 | INFO     | [QUESTION_ATTEMPT] {"attempt": 26, "max_questions": 300, "question_idx": 3452, "uid": "22099089-e848-4f9c-9654-3697487eda04"}
2026-04-05 11:03:33 | INFO     | [QUESTION_SENT] {"question_idx": 3452, "uid": "22099089-e848-4f9c-9654-3697487eda04"}
2026-04-05 11:03:47 | INFO     | [QUESTION_ATTEMPT] {"attempt": 27, "max_questions": 300, "question_idx": 3452, "uid": "22099089-e848-4f9c-9654-3697487eda04"}
2026-04-05 11:06:20 | INFO     | [QUESTION_SENT] {"question_idx": 3452, "uid": "22099089-e848-4f9c-9654-3697487eda04"}
2026-04-05 11:06:43 | INFO     | [QUESTION_ATTEMPT] {"attempt": 28, "max_questions": 300, "question_idx": 3452, "uid": "22099089-e848-4f9c-9654-3697487eda04"}
2026-04-05 11:06:56 | INFO     | [QUESTION_SENT] {"question_idx": 3452, "uid": "22099089-e848-4f9c-9654-3697487eda04"}
2026-04-05 11:07:09 | INFO     | [QUESTION_ATTEMPT] {"attempt": 29, "max_questions": 300, "question_idx": 3452, "uid": "22099089-e848-4f9c-9654-3697487eda04"}
2026-04-05 11:09:42 | INFO     | [QUESTION_SENT] {"question_idx": 3452, "uid": "22099089-e848-4f9c-9654-3697487eda04"}
2026-04-05 11:10:03 | INFO     | [QUESTION_ATTEMPT] {"attempt": 30, "max_questions": 300, "question_idx": 3452, "uid": "22099089-e848-4f9c-9654-3697487eda04"}
2026-04-05 11:13:17 | INFO     | [QUESTION_SENT] {"question_idx": 3453, "uid": "f402010d-bd3f-45b7-9844-fe34a203a832"}
2026-04-05 11:13:47 | INFO     | [QUESTION_ATTEMPT] {"attempt": 31, "max_questions": 300, "question_idx": 3453, "uid": "f402010d-bd3f-45b7-9844-fe34a203a832"}
2026-04-05 11:16:52 | INFO     | [QUESTION_SENT] {"question_idx": 3454, "uid": "96f1f11c-f37a-4230-a6a0-d9e14041c7ca"}
2026-04-05 11:17:22 | INFO     | [QUESTION_ATTEMPT] {"attempt": 32, "max_questions": 300, "question_idx": 3454, "uid": "96f1f11c-f37a-4230-a6a0-d9e14041c7ca"}
2026-04-05 11:20:27 | INFO     | [QUESTION_SENT] {"question_idx": 3455, "uid": "435c2b50-6944-4cc0-94d8-ed91c107221b"}
2026-04-05 11:20:57 | INFO     | [QUESTION_ATTEMPT] {"attempt": 33, "max_questions": 300, "question_idx": 3455, "uid": "435c2b50-6944-4cc0-94d8-ed91c107221b"}
2026-04-05 11:24:01 | INFO     | [QUESTION_SENT] {"question_idx": 3456, "uid": "8ae4e185-896f-4ad5-9d25-fd9a58530574"}
2026-04-05 11:24:33 | INFO     | [QUESTION_ATTEMPT] {"attempt": 34, "max_questions": 300, "question_idx": 3456, "uid": "8ae4e185-896f-4ad5-9d25-fd9a58530574"}
2026-04-05 11:27:36 | INFO     | [QUESTION_SENT] {"question_idx": 3457, "uid": "543a58f6-4d04-4879-aeeb-b9a5498f3231"}
2026-04-05 11:28:06 | INFO     | [QUESTION_ATTEMPT] {"attempt": 35, "max_questions": 300, "question_idx": 3457, "uid": "543a58f6-4d04-4879-aeeb-b9a5498f3231"}
2026-04-05 11:31:11 | INFO     | [QUESTION_SENT] {"question_idx": 3458, "uid": "74068d04-3795-4d3b-9fed-84d24d49576c"}
2026-04-05 11:31:40 | INFO     | [QUESTION_ATTEMPT] {"attempt": 36, "max_questions": 300, "question_idx": 3458, "uid": "74068d04-3795-4d3b-9fed-84d24d49576c"}
2026-04-05 11:31:52 | INFO     | [QUESTION_SENT] {"question_idx": 3458, "uid": "74068d04-3795-4d3b-9fed-84d24d49576c"}
2026-04-05 11:32:14 | INFO     | [QUESTION_ATTEMPT] {"attempt": 37, "max_questions": 300, "question_idx": 3458, "uid": "74068d04-3795-4d3b-9fed-84d24d49576c"}
2026-04-05 11:35:30 | INFO     | [QUESTION_SENT] {"question_idx": 3459, "uid": "5f1aa7bd-302d-4214-b9ca-07870ca33205"}
2026-04-05 11:36:03 | INFO     | [QUESTION_ATTEMPT] {"attempt": 38, "max_questions": 300, "question_idx": 3459, "uid": "5f1aa7bd-302d-4214-b9ca-07870ca33205"}
2026-04-05 11:39:04 | INFO     | [QUESTION_SENT] {"question_idx": 3460, "uid": "79320d09-df50-4368-9676-893c65fbcfda"}
2026-04-05 11:39:35 | INFO     | [QUESTION_ATTEMPT] {"attempt": 39, "max_questions": 300, "question_idx": 3460, "uid": "79320d09-df50-4368-9676-893c65fbcfda"}
2026-04-05 11:42:39 | INFO     | [QUESTION_SENT] {"question_idx": 3461, "uid": "27b12bc2-7561-45aa-abcc-05e8704995ba"}
2026-04-05 11:43:12 | INFO     | [QUESTION_ATTEMPT] {"attempt": 40, "max_questions": 300, "question_idx": 3461, "uid": "27b12bc2-7561-45aa-abcc-05e8704995ba"}
2026-04-05 11:46:14 | INFO     | [QUESTION_SENT] {"question_idx": 3462, "uid": "2eaf038f-c549-4c89-aa93-a211618ff214"}
2026-04-05 11:49:49 | INFO     | [QUESTION_SENT] {"question_idx": 3462, "uid": "2eaf038f-c549-4c89-aa93-a211618ff214"}
2026-04-05 11:50:24 | INFO     | [QUESTION_ATTEMPT] {"attempt": 41, "max_questions": 300, "question_idx": 3462, "uid": "2eaf038f-c549-4c89-aa93-a211618ff214"}
2026-04-05 11:53:24 | INFO     | [QUESTION_SENT] {"question_idx": 3463, "uid": "81d1e8eb-645e-42af-8249-b6a918118405"}
2026-04-05 11:53:56 | INFO     | [QUESTION_ATTEMPT] {"attempt": 42, "max_questions": 300, "question_idx": 3463, "uid": "81d1e8eb-645e-42af-8249-b6a918118405"}
2026-04-05 11:56:59 | INFO     | [QUESTION_SENT] {"question_idx": 3464, "uid": "42262b4f-5822-4c10-9089-e1f1f63cac1d"}
2026-04-05 11:57:34 | INFO     | [QUESTION_ATTEMPT] {"attempt": 43, "max_questions": 300, "question_idx": 3464, "uid": "42262b4f-5822-4c10-9089-e1f1f63cac1d"}
2026-04-05 12:00:34 | INFO     | [QUESTION_SENT] {"question_idx": 3465, "uid": "c194b335-beff-41b0-977b-94f9a9a8fc0d"}
2026-04-05 12:01:04 | INFO     | [QUESTION_ATTEMPT] {"attempt": 44, "max_questions": 300, "question_idx": 3465, "uid": "c194b335-beff-41b0-977b-94f9a9a8fc0d"}
2026-04-05 12:04:09 | INFO     | [QUESTION_SENT] {"question_idx": 3466, "uid": "6997e265-5392-4af1-9c02-99659afcb2a0"}
2026-04-05 12:04:39 | INFO     | [QUESTION_ATTEMPT] {"attempt": 45, "max_questions": 300, "question_idx": 3466, "uid": "6997e265-5392-4af1-9c02-99659afcb2a0"}
2026-04-05 12:04:52 | INFO     | [QUESTION_SENT] {"question_idx": 3466, "uid": "6997e265-5392-4af1-9c02-99659afcb2a0"}
2026-04-05 12:05:12 | INFO     | [QUESTION_ATTEMPT] {"attempt": 46, "max_questions": 300, "question_idx": 3466, "uid": "6997e265-5392-4af1-9c02-99659afcb2a0"}
2026-04-05 12:08:29 | INFO     | [QUESTION_SENT] {"question_idx": 3467, "uid": "a9dc7735-a7ef-4a42-ba2b-73bec4b14379"}
2026-04-05 12:08:59 | INFO     | [QUESTION_ATTEMPT] {"attempt": 47, "max_questions": 300, "question_idx": 3467, "uid": "a9dc7735-a7ef-4a42-ba2b-73bec4b14379"}
2026-04-05 12:12:04 | INFO     | [QUESTION_SENT] {"question_idx": 3468, "uid": "139d3054-d81d-4e8c-b249-b43a96d8ddc0"}
2026-04-05 12:15:39 | INFO     | [QUESTION_SENT] {"question_idx": 3468, "uid": "139d3054-d81d-4e8c-b249-b43a96d8ddc0"}
2026-04-05 12:16:12 | INFO     | [QUESTION_ATTEMPT] {"attempt": 48, "max_questions": 300, "question_idx": 3468, "uid": "139d3054-d81d-4e8c-b249-b43a96d8ddc0"}
2026-04-05 12:19:14 | INFO     | [QUESTION_SENT] {"question_idx": 3469, "uid": "74b1b239-01cc-4252-96e5-31667cbd2c07"}
2026-04-05 12:19:42 | INFO     | [QUESTION_ATTEMPT] {"attempt": 49, "max_questions": 300, "question_idx": 3469, "uid": "74b1b239-01cc-4252-96e5-31667cbd2c07"}
2026-04-05 12:22:49 | INFO     | [QUESTION_SENT] {"question_idx": 3470, "uid": "3ac03551-4bbc-4ec9-a4bd-c8f23cbd49ca"}
2026-04-05 12:23:20 | INFO     | [QUESTION_ATTEMPT] {"attempt": 50, "max_questions": 300, "question_idx": 3470, "uid": "3ac03551-4bbc-4ec9-a4bd-c8f23cbd49ca"}
2026-04-05 12:26:24 | INFO     | [QUESTION_SENT] {"question_idx": 3471, "uid": "3f745fd3-ee20-41c5-be40-f6b68f6cff27"}
2026-04-05 12:26:55 | INFO     | [QUESTION_ATTEMPT] {"attempt": 51, "max_questions": 300, "question_idx": 3471, "uid": "3f745fd3-ee20-41c5-be40-f6b68f6cff27"}
2026-04-05 12:29:58 | INFO     | [QUESTION_SENT] {"question_idx": 3472, "uid": "0ce4be10-78f7-44f9-b85f-a56e47b23461"}
2026-04-05 12:33:34 | INFO     | [QUESTION_SENT] {"question_idx": 3472, "uid": "0ce4be10-78f7-44f9-b85f-a56e47b23461"}
2026-04-05 12:34:05 | INFO     | [QUESTION_ATTEMPT] {"attempt": 52, "max_questions": 300, "question_idx": 3472, "uid": "0ce4be10-78f7-44f9-b85f-a56e47b23461"}
2026-04-05 12:37:08 | INFO     | [QUESTION_SENT] {"question_idx": 3473, "uid": "092a874f-1a13-4f99-96f1-525d4001e79c"}
2026-04-05 12:37:40 | INFO     | [QUESTION_ATTEMPT] {"attempt": 53, "max_questions": 300, "question_idx": 3473, "uid": "092a874f-1a13-4f99-96f1-525d4001e79c"}
2026-04-05 12:40:43 | INFO     | [QUESTION_SENT] {"question_idx": 3474, "uid": "21f8a9df-77fa-4e8f-b408-61cc1097858b"}
2026-04-05 12:41:13 | INFO     | [QUESTION_ATTEMPT] {"attempt": 54, "max_questions": 300, "question_idx": 3474, "uid": "21f8a9df-77fa-4e8f-b408-61cc1097858b"}
2026-04-05 12:44:18 | INFO     | [QUESTION_SENT] {"question_idx": 3475, "uid": "054e80dc-30cb-4009-809c-cff285774537"}
2026-04-05 12:44:48 | INFO     | [QUESTION_ATTEMPT] {"attempt": 55, "max_questions": 300, "question_idx": 3475, "uid": "054e80dc-30cb-4009-809c-cff285774537"}
2026-04-05 12:45:01 | INFO     | [QUESTION_SENT] {"question_idx": 3475, "uid": "054e80dc-30cb-4009-809c-cff285774537"}
2026-04-05 12:45:20 | INFO     | [QUESTION_ATTEMPT] {"attempt": 56, "max_questions": 300, "question_idx": 3475, "uid": "054e80dc-30cb-4009-809c-cff285774537"}
2026-04-05 12:47:53 | INFO     | [QUESTION_SENT] {"question_idx": 3475, "uid": "054e80dc-30cb-4009-809c-cff285774537"}
2026-04-05 12:48:23 | INFO     | [QUESTION_ATTEMPT] {"attempt": 57, "max_questions": 300, "question_idx": 3475, "uid": "054e80dc-30cb-4009-809c-cff285774537"}
2026-04-05 12:51:28 | INFO     | [QUESTION_SENT] {"question_idx": 3476, "uid": "83f2d81c-a113-4b74-b0cd-ecfc5e427c0d"}
2026-04-05 12:51:59 | INFO     | [QUESTION_ATTEMPT] {"attempt": 58, "max_questions": 300, "question_idx": 3476, "uid": "83f2d81c-a113-4b74-b0cd-ecfc5e427c0d"}
2026-04-05 12:55:02 | INFO     | [QUESTION_SENT] {"question_idx": 3477, "uid": "8a554e4a-28ea-409a-94cb-4591d1f50ab1"}
2026-04-05 12:55:51 | INFO     | [QUESTION_ATTEMPT] {"attempt": 59, "max_questions": 300, "question_idx": 3477, "uid": "8a554e4a-28ea-409a-94cb-4591d1f50ab1"}
2026-04-05 12:58:37 | INFO     | [QUESTION_SENT] {"question_idx": 3478, "uid": "7e2228b2-96c4-49d0-895a-7abe32db919f"}
2026-04-05 12:59:09 | INFO     | [QUESTION_ATTEMPT] {"attempt": 60, "max_questions": 300, "question_idx": 3478, "uid": "7e2228b2-96c4-49d0-895a-7abe32db919f"}
2026-04-05 13:02:12 | INFO     | [QUESTION_SENT] {"question_idx": 3479, "uid": "e3d14fd5-baef-462a-8be2-390b5bcd47d8"}
2026-04-05 13:02:41 | INFO     | [QUESTION_ATTEMPT] {"attempt": 61, "max_questions": 300, "question_idx": 3479, "uid": "e3d14fd5-baef-462a-8be2-390b5bcd47d8"}
2026-04-05 13:02:53 | INFO     | [QUESTION_SENT] {"question_idx": 3479, "uid": "e3d14fd5-baef-462a-8be2-390b5bcd47d8"}
2026-04-05 13:03:12 | INFO     | [QUESTION_ATTEMPT] {"attempt": 62, "max_questions": 300, "question_idx": 3479, "uid": "e3d14fd5-baef-462a-8be2-390b5bcd47d8"}
2026-04-05 13:06:31 | INFO     | [QUESTION_SENT] {"question_idx": 3480, "uid": "717a784d-c971-42a4-a0b6-c7be3421b157"}
2026-04-05 13:07:00 | INFO     | [QUESTION_ATTEMPT] {"attempt": 63, "max_questions": 300, "question_idx": 3480, "uid": "717a784d-c971-42a4-a0b6-c7be3421b157"}
2026-04-05 13:10:06 | INFO     | [QUESTION_SENT] {"question_idx": 3481, "uid": "24c941cb-94c9-459e-b27b-939c8149d3e2"}
2026-04-05 13:10:39 | INFO     | [QUESTION_ATTEMPT] {"attempt": 64, "max_questions": 300, "question_idx": 3481, "uid": "24c941cb-94c9-459e-b27b-939c8149d3e2"}
2026-04-05 13:13:41 | INFO     | [QUESTION_SENT] {"question_idx": 3482, "uid": "b79caada-257e-440c-83eb-c3e504fd532c"}
2026-04-05 13:14:11 | INFO     | [QUESTION_ATTEMPT] {"attempt": 65, "max_questions": 300, "question_idx": 3482, "uid": "b79caada-257e-440c-83eb-c3e504fd532c"}
2026-04-05 13:17:16 | INFO     | [QUESTION_SENT] {"question_idx": 3482, "uid": "b79caada-257e-440c-83eb-c3e504fd532c"}
2026-04-05 13:17:47 | INFO     | [QUESTION_ATTEMPT] {"attempt": 66, "max_questions": 300, "question_idx": 3482, "uid": "b79caada-257e-440c-83eb-c3e504fd532c"}
2026-04-05 13:20:50 | INFO     | [QUESTION_SENT] {"question_idx": 3483, "uid": "24514266-c6b4-4f43-9feb-2e5430ec2afc"}
2026-04-05 13:21:19 | INFO     | [QUESTION_ATTEMPT] {"attempt": 67, "max_questions": 300, "question_idx": 3483, "uid": "24514266-c6b4-4f43-9feb-2e5430ec2afc"}
2026-04-05 13:24:26 | INFO     | [QUESTION_SENT] {"question_idx": 3484, "uid": "32c4018c-e45b-425c-9ceb-9df867b39c00"}
2026-04-05 13:24:57 | INFO     | [QUESTION_ATTEMPT] {"attempt": 68, "max_questions": 300, "question_idx": 3484, "uid": "32c4018c-e45b-425c-9ceb-9df867b39c00"}
2026-04-05 13:28:00 | INFO     | [QUESTION_SENT] {"question_idx": 3485, "uid": "89416f88-7a49-4931-abf4-d6f66bed082d"}
2026-04-05 13:31:36 | INFO     | [QUESTION_SENT] {"question_idx": 3485, "uid": "89416f88-7a49-4931-abf4-d6f66bed082d"}
2026-04-05 13:32:07 | INFO     | [QUESTION_ATTEMPT] {"attempt": 69, "max_questions": 300, "question_idx": 3485, "uid": "89416f88-7a49-4931-abf4-d6f66bed082d"}
2026-04-05 13:35:10 | INFO     | [QUESTION_SENT] {"question_idx": 3486, "uid": "9fb8684b-f814-4c19-8ab4-89ebb6ebb73c"}
2026-04-05 13:38:45 | INFO     | [QUESTION_SENT] {"question_idx": 3486, "uid": "9fb8684b-f814-4c19-8ab4-89ebb6ebb73c"}
2026-04-05 13:39:20 | INFO     | [QUESTION_ATTEMPT] {"attempt": 70, "max_questions": 300, "question_idx": 3486, "uid": "9fb8684b-f814-4c19-8ab4-89ebb6ebb73c"}
2026-04-05 13:42:20 | INFO     | [QUESTION_SENT] {"question_idx": 3487, "uid": "d707e498-5b66-48e8-baee-0a9ea1f32f8f"}
2026-04-05 13:43:02 | INFO     | [QUESTION_ATTEMPT] {"attempt": 71, "max_questions": 300, "question_idx": 3487, "uid": "d707e498-5b66-48e8-baee-0a9ea1f32f8f"}
2026-04-05 13:45:55 | INFO     | [QUESTION_SENT] {"question_idx": 3488, "uid": "6af512ee-7561-4cc9-ab20-5d669ef4e43e"}
2026-04-05 13:46:29 | INFO     | [QUESTION_ATTEMPT] {"attempt": 72, "max_questions": 300, "question_idx": 3488, "uid": "6af512ee-7561-4cc9-ab20-5d669ef4e43e"}
2026-04-05 13:49:30 | INFO     | [QUESTION_SENT] {"question_idx": 3489, "uid": "4e563201-0b29-42fa-ae58-813de790d5b8"}
2026-04-05 13:50:13 | INFO     | [QUESTION_ATTEMPT] {"attempt": 73, "max_questions": 300, "question_idx": 3489, "uid": "4e563201-0b29-42fa-ae58-813de790d5b8"}
2026-04-05 13:53:05 | INFO     | [QUESTION_SENT] {"question_idx": 3490, "uid": "79b5372a-0222-4cf2-be1e-64a0498fcabd"}
2026-04-05 13:53:40 | INFO     | [QUESTION_ATTEMPT] {"attempt": 74, "max_questions": 300, "question_idx": 3490, "uid": "79b5372a-0222-4cf2-be1e-64a0498fcabd"}
2026-04-05 13:56:40 | INFO     | [QUESTION_SENT] {"question_idx": 3491, "uid": "2fc7c10a-0775-45c6-9fda-5ffa820ae2b4"}
2026-04-05 13:57:15 | INFO     | [QUESTION_ATTEMPT] {"attempt": 75, "max_questions": 300, "question_idx": 3491, "uid": "2fc7c10a-0775-45c6-9fda-5ffa820ae2b4"}
2026-04-05 14:00:16 | INFO     | [QUESTION_SENT] {"question_idx": 3492, "uid": "ff9c03dd-2e65-4d88-a214-f07fb9b049df"}
2026-04-05 14:03:51 | INFO     | [QUESTION_SENT] {"question_idx": 3492, "uid": "ff9c03dd-2e65-4d88-a214-f07fb9b049df"}
2026-04-05 14:04:24 | INFO     | [QUESTION_ATTEMPT] {"attempt": 76, "max_questions": 300, "question_idx": 3492, "uid": "ff9c03dd-2e65-4d88-a214-f07fb9b049df"}
2026-04-05 14:07:26 | INFO     | [QUESTION_SENT] {"question_idx": 3493, "uid": "61ddf890-76ad-4386-b478-4db7e59715b0"}
2026-04-05 14:07:56 | INFO     | [QUESTION_ATTEMPT] {"attempt": 77, "max_questions": 300, "question_idx": 3493, "uid": "61ddf890-76ad-4386-b478-4db7e59715b0"}
2026-04-05 14:11:00 | INFO     | [QUESTION_SENT] {"question_idx": 3494, "uid": "debd6102-2569-4c4c-8f19-f16f0137e499"}
2026-04-05 14:14:35 | INFO     | [QUESTION_SENT] {"question_idx": 3494, "uid": "debd6102-2569-4c4c-8f19-f16f0137e499"}
2026-04-05 14:15:10 | INFO     | [QUESTION_ATTEMPT] {"attempt": 78, "max_questions": 300, "question_idx": 3494, "uid": "debd6102-2569-4c4c-8f19-f16f0137e499"}
2026-04-05 14:18:10 | INFO     | [QUESTION_SENT] {"question_idx": 3495, "uid": "b2aa7699-e421-45a1-ba67-823b50405e40"}
2026-04-05 14:21:45 | INFO     | [QUESTION_SENT] {"question_idx": 3495, "uid": "b2aa7699-e421-45a1-ba67-823b50405e40"}
2026-04-05 14:25:20 | INFO     | [QUESTION_SENT] {"question_idx": 3495, "uid": "b2aa7699-e421-45a1-ba67-823b50405e40"}
2026-04-05 14:25:53 | INFO     | [QUESTION_ATTEMPT] {"attempt": 79, "max_questions": 300, "question_idx": 3495, "uid": "b2aa7699-e421-45a1-ba67-823b50405e40"}
2026-04-05 14:28:55 | INFO     | [QUESTION_SENT] {"question_idx": 3496, "uid": "fcd277b8-d3d8-4d1e-9983-9f5b80e0d005"}
2026-04-05 14:29:27 | INFO     | [QUESTION_ATTEMPT] {"attempt": 80, "max_questions": 300, "question_idx": 3496, "uid": "fcd277b8-d3d8-4d1e-9983-9f5b80e0d005"}
2026-04-05 14:32:30 | INFO     | [QUESTION_SENT] {"question_idx": 3497, "uid": "40b3fbc4-908a-4696-8695-6b59d2a76d00"}
2026-04-05 14:33:04 | INFO     | [QUESTION_ATTEMPT] {"attempt": 81, "max_questions": 300, "question_idx": 3497, "uid": "40b3fbc4-908a-4696-8695-6b59d2a76d00"}
2026-04-05 14:36:05 | INFO     | [QUESTION_SENT] {"question_idx": 3498, "uid": "359c422a-1a41-41b0-a3fb-2d9179cffce6"}
2026-04-05 14:36:37 | INFO     | [QUESTION_ATTEMPT] {"attempt": 82, "max_questions": 300, "question_idx": 3498, "uid": "359c422a-1a41-41b0-a3fb-2d9179cffce6"}
2026-04-05 14:39:40 | INFO     | [QUESTION_SENT] {"question_idx": 3499, "uid": "9376c13e-b90c-4d9d-8161-32e01deec42d"}
2026-04-05 14:40:12 | INFO     | [QUESTION_ATTEMPT] {"attempt": 83, "max_questions": 300, "question_idx": 3499, "uid": "9376c13e-b90c-4d9d-8161-32e01deec42d"}
2026-04-05 14:43:15 | INFO     | [QUESTION_SENT] {"question_idx": 3500, "uid": "bae4907a-e1a2-479e-a013-3d85cf719c78"}
2026-04-05 14:43:45 | INFO     | [QUESTION_ATTEMPT] {"attempt": 84, "max_questions": 300, "question_idx": 3500, "uid": "bae4907a-e1a2-479e-a013-3d85cf719c78"}
2026-04-05 14:46:50 | INFO     | [QUESTION_SENT] {"question_idx": 3501, "uid": "edf8ff88-ab10-4daa-85a4-379696435cb3"}
2026-04-05 14:47:23 | INFO     | [QUESTION_ATTEMPT] {"attempt": 85, "max_questions": 300, "question_idx": 3501, "uid": "edf8ff88-ab10-4daa-85a4-379696435cb3"}
2026-04-05 14:50:24 | INFO     | [QUESTION_SENT] {"question_idx": 3502, "uid": "a3b10d18-9421-4189-af8e-b022ce9da4cb"}
2026-04-05 14:50:56 | INFO     | [QUESTION_ATTEMPT] {"attempt": 86, "max_questions": 300, "question_idx": 3502, "uid": "a3b10d18-9421-4189-af8e-b022ce9da4cb"}
2026-04-05 14:53:59 | INFO     | [QUESTION_SENT] {"question_idx": 3503, "uid": "7ac760fd-423e-4209-8e06-f7788ec65451"}
2026-04-05 14:54:32 | INFO     | [QUESTION_ATTEMPT] {"attempt": 87, "max_questions": 300, "question_idx": 3503, "uid": "7ac760fd-423e-4209-8e06-f7788ec65451"}
2026-04-05 14:57:34 | INFO     | [QUESTION_SENT] {"question_idx": 3504, "uid": "a3a5a08e-082e-42df-86c1-a317e8938381"}
2026-04-05 14:58:08 | INFO     | [QUESTION_ATTEMPT] {"attempt": 88, "max_questions": 300, "question_idx": 3504, "uid": "a3a5a08e-082e-42df-86c1-a317e8938381"}
2026-04-05 15:01:09 | INFO     | [QUESTION_SENT] {"question_idx": 3505, "uid": "7c744f52-7487-4bb1-a846-dde4e589e616"}
2026-04-05 15:01:39 | INFO     | [QUESTION_ATTEMPT] {"attempt": 89, "max_questions": 300, "question_idx": 3505, "uid": "7c744f52-7487-4bb1-a846-dde4e589e616"}
2026-04-05 15:01:52 | INFO     | [QUESTION_SENT] {"question_idx": 3505, "uid": "7c744f52-7487-4bb1-a846-dde4e589e616"}
2026-04-05 15:05:29 | INFO     | [QUESTION_SENT] {"question_idx": 3505, "uid": "7c744f52-7487-4bb1-a846-dde4e589e616"}
2026-04-05 15:06:48 | INFO     | [QUESTION_ATTEMPT] {"attempt": 90, "max_questions": 300, "question_idx": 3505, "uid": "7c744f52-7487-4bb1-a846-dde4e589e616"}
2026-04-05 15:09:05 | INFO     | [QUESTION_SENT] {"question_idx": 3506, "uid": "2d6b8cb9-a7a5-4780-bd59-9ff750d6edf1"}
2026-04-05 15:09:33 | INFO     | [QUESTION_ATTEMPT] {"attempt": 91, "max_questions": 300, "question_idx": 3506, "uid": "2d6b8cb9-a7a5-4780-bd59-9ff750d6edf1"}
2026-04-05 15:09:46 | INFO     | [QUESTION_SENT] {"question_idx": 3506, "uid": "2d6b8cb9-a7a5-4780-bd59-9ff750d6edf1"}
2026-04-05 15:10:09 | INFO     | [QUESTION_ATTEMPT] {"attempt": 92, "max_questions": 300, "question_idx": 3506, "uid": "2d6b8cb9-a7a5-4780-bd59-9ff750d6edf1"}
2026-04-05 15:13:23 | INFO     | [QUESTION_SENT] {"question_idx": 3507, "uid": "e40bea5c-dcf9-4c46-89ac-f904a7a27608"}
2026-04-05 15:13:52 | INFO     | [QUESTION_ATTEMPT] {"attempt": 93, "max_questions": 300, "question_idx": 3507, "uid": "e40bea5c-dcf9-4c46-89ac-f904a7a27608"}
2026-04-05 15:14:04 | INFO     | [QUESTION_SENT] {"question_idx": 3507, "uid": "e40bea5c-dcf9-4c46-89ac-f904a7a27608"}
2026-04-05 15:14:27 | INFO     | [QUESTION_ATTEMPT] {"attempt": 94, "max_questions": 300, "question_idx": 3507, "uid": "e40bea5c-dcf9-4c46-89ac-f904a7a27608"}
2026-04-05 15:17:41 | INFO     | [QUESTION_SENT] {"question_idx": 3508, "uid": "45dfabe0-11c8-40cc-a55e-a622b088530a"}
2026-04-05 15:18:14 | INFO     | [QUESTION_ATTEMPT] {"attempt": 95, "max_questions": 300, "question_idx": 3508, "uid": "45dfabe0-11c8-40cc-a55e-a622b088530a"}
2026-04-05 15:21:16 | INFO     | [QUESTION_SENT] {"question_idx": 3509, "uid": "dd670d8a-bf39-4aa1-a91d-fdf401f5d194"}
2026-04-05 15:21:52 | INFO     | [QUESTION_ATTEMPT] {"attempt": 96, "max_questions": 300, "question_idx": 3509, "uid": "dd670d8a-bf39-4aa1-a91d-fdf401f5d194"}
2026-04-05 15:24:51 | INFO     | [QUESTION_SENT] {"question_idx": 3510, "uid": "b23e98a8-9f97-49c2-88c0-6f50c4cb5bd2"}
2026-04-05 15:25:33 | INFO     | [QUESTION_ATTEMPT] {"attempt": 97, "max_questions": 300, "question_idx": 3510, "uid": "b23e98a8-9f97-49c2-88c0-6f50c4cb5bd2"}
2026-04-05 15:28:26 | INFO     | [QUESTION_SENT] {"question_idx": 3511, "uid": "a89db84b-34a5-4fd3-bede-8c1e77b23695"}
2026-04-05 15:28:59 | INFO     | [QUESTION_ATTEMPT] {"attempt": 98, "max_questions": 300, "question_idx": 3511, "uid": "a89db84b-34a5-4fd3-bede-8c1e77b23695"}
2026-04-05 15:29:11 | INFO     | [QUESTION_SENT] {"question_idx": 3511, "uid": "a89db84b-34a5-4fd3-bede-8c1e77b23695"}
2026-04-05 15:29:37 | INFO     | [QUESTION_ATTEMPT] {"attempt": 99, "max_questions": 300, "question_idx": 3511, "uid": "a89db84b-34a5-4fd3-bede-8c1e77b23695"}
2026-04-05 15:32:49 | INFO     | [QUESTION_SENT] {"question_idx": 3512, "uid": "8996df8b-6c8b-44b5-a37a-191455e9d9c9"}
2026-04-05 15:33:21 | INFO     | [QUESTION_ATTEMPT] {"attempt": 100, "max_questions": 300, "question_idx": 3512, "uid": "8996df8b-6c8b-44b5-a37a-191455e9d9c9"}
2026-04-05 15:36:24 | INFO     | [QUESTION_SENT] {"question_idx": 3513, "uid": "da1e8693-59cf-4271-820e-b02550e15d3e"}
2026-04-05 15:36:55 | INFO     | [QUESTION_ATTEMPT] {"attempt": 101, "max_questions": 300, "question_idx": 3513, "uid": "da1e8693-59cf-4271-820e-b02550e15d3e"}
2026-04-05 15:39:59 | INFO     | [QUESTION_SENT] {"question_idx": 3514, "uid": "9a7d036e-9e66-4b87-8dca-aeb9460e0394"}
2026-04-05 15:40:32 | INFO     | [QUESTION_ATTEMPT] {"attempt": 102, "max_questions": 300, "question_idx": 3514, "uid": "9a7d036e-9e66-4b87-8dca-aeb9460e0394"}
2026-04-05 15:43:33 | INFO     | [QUESTION_SENT] {"question_idx": 3515, "uid": "c0f15264-befc-48ef-b4d6-cf62e25435f9"}
2026-04-05 15:44:02 | INFO     | [QUESTION_ATTEMPT] {"attempt": 103, "max_questions": 300, "question_idx": 3515, "uid": "c0f15264-befc-48ef-b4d6-cf62e25435f9"}
2026-04-05 15:47:08 | INFO     | [QUESTION_SENT] {"question_idx": 3516, "uid": "60be9976-75e4-4c3d-a710-c636f1611ffd"}
2026-04-05 15:47:39 | INFO     | [QUESTION_ATTEMPT] {"attempt": 104, "max_questions": 300, "question_idx": 3516, "uid": "60be9976-75e4-4c3d-a710-c636f1611ffd"}
2026-04-05 15:50:43 | INFO     | [QUESTION_SENT] {"question_idx": 3517, "uid": "71fec176-734f-4318-b4ad-391c2b3764d6"}
2026-04-05 15:51:13 | INFO     | [QUESTION_ATTEMPT] {"attempt": 105, "max_questions": 300, "question_idx": 3517, "uid": "71fec176-734f-4318-b4ad-391c2b3764d6"}
2026-04-05 15:54:18 | INFO     | [QUESTION_SENT] {"question_idx": 3518, "uid": "066635bf-4f16-416e-8d79-27194bf27e21"}
2026-04-05 15:54:47 | INFO     | [QUESTION_ATTEMPT] {"attempt": 106, "max_questions": 300, "question_idx": 3518, "uid": "066635bf-4f16-416e-8d79-27194bf27e21"}
2026-04-05 15:54:59 | INFO     | [QUESTION_SENT] {"question_idx": 3518, "uid": "066635bf-4f16-416e-8d79-27194bf27e21"}
2026-04-05 15:55:21 | INFO     | [QUESTION_ATTEMPT] {"attempt": 107, "max_questions": 300, "question_idx": 3518, "uid": "066635bf-4f16-416e-8d79-27194bf27e21"}
2026-04-05 15:58:37 | INFO     | [QUESTION_SENT] {"question_idx": 3519, "uid": "4ce88a9a-79d0-4f03-a473-bfa2b4c2a6e7"}
2026-04-05 15:59:10 | INFO     | [QUESTION_ATTEMPT] {"attempt": 108, "max_questions": 300, "question_idx": 3519, "uid": "4ce88a9a-79d0-4f03-a473-bfa2b4c2a6e7"}
2026-04-05 16:02:11 | INFO     | [QUESTION_SENT] {"question_idx": 3520, "uid": "f8f650f4-9566-4d92-a0e7-2a23d1de716e"}
2026-04-05 16:02:49 | INFO     | [QUESTION_ATTEMPT] {"attempt": 109, "max_questions": 300, "question_idx": 3520, "uid": "f8f650f4-9566-4d92-a0e7-2a23d1de716e"}
2026-04-05 16:05:46 | INFO     | [QUESTION_SENT] {"question_idx": 3521, "uid": "fbb701cc-5329-43bf-8a96-a9f67dbec412"}
2026-04-05 16:06:21 | INFO     | [QUESTION_ATTEMPT] {"attempt": 110, "max_questions": 300, "question_idx": 3521, "uid": "fbb701cc-5329-43bf-8a96-a9f67dbec412"}
2026-04-05 16:09:22 | INFO     | [QUESTION_SENT] {"question_idx": 3522, "uid": "f46c3434-fe26-4fe7-859e-f5e690da6356"}
2026-04-05 16:09:55 | INFO     | [QUESTION_ATTEMPT] {"attempt": 111, "max_questions": 300, "question_idx": 3522, "uid": "f46c3434-fe26-4fe7-859e-f5e690da6356"}
2026-04-05 16:12:56 | INFO     | [QUESTION_SENT] {"question_idx": 3523, "uid": "05f872bc-8113-4114-9874-8ecc66b87a93"}
2026-04-05 16:13:29 | INFO     | [QUESTION_ATTEMPT] {"attempt": 112, "max_questions": 300, "question_idx": 3523, "uid": "05f872bc-8113-4114-9874-8ecc66b87a93"}
2026-04-05 16:16:31 | INFO     | [QUESTION_SENT] {"question_idx": 3524, "uid": "1db664ea-241b-46f2-ae8a-e6a2e3f3f2bb"}
2026-04-05 16:17:05 | INFO     | [QUESTION_ATTEMPT] {"attempt": 113, "max_questions": 300, "question_idx": 3524, "uid": "1db664ea-241b-46f2-ae8a-e6a2e3f3f2bb"}
2026-04-05 16:20:06 | INFO     | [QUESTION_SENT] {"question_idx": 3525, "uid": "3734fbb7-9d23-47fd-8d53-9d8dcc1964a7"}
2026-04-05 16:20:39 | INFO     | [QUESTION_ATTEMPT] {"attempt": 114, "max_questions": 300, "question_idx": 3525, "uid": "3734fbb7-9d23-47fd-8d53-9d8dcc1964a7"}
2026-04-05 16:23:41 | INFO     | [QUESTION_SENT] {"question_idx": 3526, "uid": "e296b7ea-686d-4e2b-8c25-31d3a191e026"}
2026-04-05 16:24:13 | INFO     | [QUESTION_ATTEMPT] {"attempt": 115, "max_questions": 300, "question_idx": 3526, "uid": "e296b7ea-686d-4e2b-8c25-31d3a191e026"}
2026-04-05 16:27:16 | INFO     | [QUESTION_SENT] {"question_idx": 3527, "uid": "4636b086-a8bf-4489-b2a3-477785582d2e"}
2026-04-05 16:27:47 | INFO     | [QUESTION_ATTEMPT] {"attempt": 116, "max_questions": 300, "question_idx": 3527, "uid": "4636b086-a8bf-4489-b2a3-477785582d2e"}
2026-04-05 16:30:51 | INFO     | [QUESTION_SENT] {"question_idx": 3528, "uid": "fc44c275-ac52-4e4a-917d-ed93c39db97c"}
2026-04-05 16:34:26 | INFO     | [QUESTION_SENT] {"question_idx": 3528, "uid": "fc44c275-ac52-4e4a-917d-ed93c39db97c"}
2026-04-05 16:34:57 | INFO     | [QUESTION_ATTEMPT] {"attempt": 117, "max_questions": 300, "question_idx": 3528, "uid": "fc44c275-ac52-4e4a-917d-ed93c39db97c"}
2026-04-05 16:38:00 | INFO     | [QUESTION_SENT] {"question_idx": 3529, "uid": "f6cd6517-3c02-4c5e-9d79-0560e57bde19"}
2026-04-05 16:38:32 | INFO     | [QUESTION_ATTEMPT] {"attempt": 118, "max_questions": 300, "question_idx": 3529, "uid": "f6cd6517-3c02-4c5e-9d79-0560e57bde19"}
2026-04-05 16:41:35 | INFO     | [QUESTION_SENT] {"question_idx": 3530, "uid": "c2649152-9ecf-4b4b-b83e-bc8eaace0968"}
2026-04-05 16:42:10 | INFO     | [QUESTION_ATTEMPT] {"attempt": 119, "max_questions": 300, "question_idx": 3530, "uid": "c2649152-9ecf-4b4b-b83e-bc8eaace0968"}
2026-04-05 16:45:10 | INFO     | [QUESTION_SENT] {"question_idx": 3531, "uid": "004f8ce7-379d-4ece-9981-c93f9c681379"}
2026-04-05 16:48:45 | INFO     | [QUESTION_SENT] {"question_idx": 3531, "uid": "004f8ce7-379d-4ece-9981-c93f9c681379"}
2026-04-05 16:49:18 | INFO     | [QUESTION_ATTEMPT] {"attempt": 120, "max_questions": 300, "question_idx": 3531, "uid": "004f8ce7-379d-4ece-9981-c93f9c681379"}
2026-04-05 16:52:20 | INFO     | [QUESTION_SENT] {"question_idx": 3532, "uid": "7c664aff-793d-4db0-ba87-b7a09df59169"}
2026-04-05 16:55:55 | INFO     | [QUESTION_SENT] {"question_idx": 3532, "uid": "7c664aff-793d-4db0-ba87-b7a09df59169"}
2026-04-05 16:56:27 | INFO     | [QUESTION_ATTEMPT] {"attempt": 121, "max_questions": 300, "question_idx": 3532, "uid": "7c664aff-793d-4db0-ba87-b7a09df59169"}
2026-04-05 16:59:30 | INFO     | [QUESTION_SENT] {"question_idx": 3533, "uid": "625ba698-6eec-49f6-86f5-ee3444a7b177"}
2026-04-05 17:00:03 | INFO     | [QUESTION_ATTEMPT] {"attempt": 122, "max_questions": 300, "question_idx": 3533, "uid": "625ba698-6eec-49f6-86f5-ee3444a7b177"}
2026-04-05 17:00:15 | INFO     | [QUESTION_SENT] {"question_idx": 3533, "uid": "625ba698-6eec-49f6-86f5-ee3444a7b177"}
2026-04-05 17:00:35 | INFO     | [QUESTION_ATTEMPT] {"attempt": 123, "max_questions": 300, "question_idx": 3533, "uid": "625ba698-6eec-49f6-86f5-ee3444a7b177"}
2026-04-05 17:03:53 | INFO     | [QUESTION_SENT] {"question_idx": 3534, "uid": "225e4d0e-73a4-48e9-8837-19a30d524653"}
2026-04-05 17:04:24 | INFO     | [QUESTION_ATTEMPT] {"attempt": 124, "max_questions": 300, "question_idx": 3534, "uid": "225e4d0e-73a4-48e9-8837-19a30d524653"}
2026-04-05 17:07:28 | INFO     | [QUESTION_SENT] {"question_idx": 3535, "uid": "1d7def40-cf1c-4351-9280-db44ad611f47"}
2026-04-05 17:08:01 | INFO     | [QUESTION_ATTEMPT] {"attempt": 125, "max_questions": 300, "question_idx": 3535, "uid": "1d7def40-cf1c-4351-9280-db44ad611f47"}
2026-04-05 17:11:03 | INFO     | [QUESTION_SENT] {"question_idx": 3536, "uid": "16969b23-06c6-418b-919c-be9f75f1b3d8"}
2026-04-05 17:11:37 | INFO     | [QUESTION_ATTEMPT] {"attempt": 126, "max_questions": 300, "question_idx": 3536, "uid": "16969b23-06c6-418b-919c-be9f75f1b3d8"}
2026-04-05 17:14:38 | INFO     | [QUESTION_SENT] {"question_idx": 3537, "uid": "52813e55-ac0b-418e-9ca8-ea266d940f98"}
2026-04-05 17:21:55 | INFO     | [QUESTION_SENT] {"question_idx": 3537, "uid": "52813e55-ac0b-418e-9ca8-ea266d940f98"}
2026-04-05 17:22:28 | INFO     | [QUESTION_ATTEMPT] {"attempt": 127, "max_questions": 300, "question_idx": 3537, "uid": "52813e55-ac0b-418e-9ca8-ea266d940f98"}
2026-04-05 17:25:30 | INFO     | [QUESTION_SENT] {"question_idx": 3538, "uid": "cc22d768-c048-452c-a448-f985b6dfe729"}
2026-04-05 17:26:00 | INFO     | [QUESTION_ATTEMPT] {"attempt": 128, "max_questions": 300, "question_idx": 3538, "uid": "cc22d768-c048-452c-a448-f985b6dfe729"}
2026-04-05 17:29:05 | INFO     | [QUESTION_SENT] {"question_idx": 3539, "uid": "e31d4628-f8a4-46d0-8d58-08e1035fe22a"}
2026-04-05 17:29:37 | INFO     | [QUESTION_ATTEMPT] {"attempt": 129, "max_questions": 300, "question_idx": 3539, "uid": "e31d4628-f8a4-46d0-8d58-08e1035fe22a"}
2026-04-05 17:32:40 | INFO     | [QUESTION_SENT] {"question_idx": 3540, "uid": "1824f4f2-6250-4b28-af10-0454c411eeee"}
2026-04-05 17:33:10 | INFO     | [QUESTION_ATTEMPT] {"attempt": 130, "max_questions": 300, "question_idx": 3540, "uid": "1824f4f2-6250-4b28-af10-0454c411eeee"}
2026-04-05 17:36:15 | INFO     | [QUESTION_SENT] {"question_idx": 3540, "uid": "1824f4f2-6250-4b28-af10-0454c411eeee"}
2026-04-05 17:36:44 | INFO     | [QUESTION_ATTEMPT] {"attempt": 131, "max_questions": 300, "question_idx": 3540, "uid": "1824f4f2-6250-4b28-af10-0454c411eeee"}
2026-04-05 17:36:56 | INFO     | [QUESTION_SENT] {"question_idx": 3540, "uid": "1824f4f2-6250-4b28-af10-0454c411eeee"}
2026-04-05 17:37:19 | INFO     | [QUESTION_ATTEMPT] {"attempt": 132, "max_questions": 300, "question_idx": 3540, "uid": "1824f4f2-6250-4b28-af10-0454c411eeee"}
2026-04-05 17:40:34 | INFO     | [QUESTION_SENT] {"question_idx": 3541, "uid": "05646d7a-b947-4b59-8261-ee387d6749a2"}
2026-04-05 17:41:07 | INFO     | [QUESTION_ATTEMPT] {"attempt": 133, "max_questions": 300, "question_idx": 3541, "uid": "05646d7a-b947-4b59-8261-ee387d6749a2"}
2026-04-05 17:44:08 | INFO     | [QUESTION_SENT] {"question_idx": 3542, "uid": "304847e8-b8e1-4f67-b189-f98c4f3d5b35"}
2026-04-05 17:44:23 | INFO     | [QUESTION_ATTEMPT] {"attempt": 134, "max_questions": 300, "question_idx": 3542, "uid": "304847e8-b8e1-4f67-b189-f98c4f3d5b35"}
2026-04-05 17:44:36 | INFO     | [QUESTION_SENT] {"question_idx": 3542, "uid": "304847e8-b8e1-4f67-b189-f98c4f3d5b35"}
2026-04-05 17:44:50 | INFO     | [QUESTION_ATTEMPT] {"attempt": 135, "max_questions": 300, "question_idx": 3542, "uid": "304847e8-b8e1-4f67-b189-f98c4f3d5b35"}
2026-04-05 17:47:23 | INFO     | [QUESTION_SENT] {"question_idx": 3542, "uid": "304847e8-b8e1-4f67-b189-f98c4f3d5b35"}
2026-04-05 17:47:44 | INFO     | [QUESTION_ATTEMPT] {"attempt": 136, "max_questions": 300, "question_idx": 3542, "uid": "304847e8-b8e1-4f67-b189-f98c4f3d5b35"}
2026-04-05 17:50:58 | INFO     | [QUESTION_SENT] {"question_idx": 3542, "uid": "304847e8-b8e1-4f67-b189-f98c4f3d5b35"}
2026-04-05 17:51:31 | INFO     | [QUESTION_ATTEMPT] {"attempt": 137, "max_questions": 300, "question_idx": 3542, "uid": "304847e8-b8e1-4f67-b189-f98c4f3d5b35"}
2026-04-05 17:54:33 | INFO     | [QUESTION_SENT] {"question_idx": 3543, "uid": "753024e4-f85d-4822-b0b4-91dd7c8fcda6"}
2026-04-05 17:55:05 | INFO     | [QUESTION_ATTEMPT] {"attempt": 138, "max_questions": 300, "question_idx": 3543, "uid": "753024e4-f85d-4822-b0b4-91dd7c8fcda6"}
2026-04-05 17:58:08 | INFO     | [QUESTION_SENT] {"question_idx": 3544, "uid": "86380675-ba3d-4bc0-9afc-65bf554dce7a"}
2026-04-05 17:58:37 | INFO     | [QUESTION_ATTEMPT] {"attempt": 139, "max_questions": 300, "question_idx": 3544, "uid": "86380675-ba3d-4bc0-9afc-65bf554dce7a"}
2026-04-05 18:01:43 | INFO     | [QUESTION_SENT] {"question_idx": 3545, "uid": "6603177c-730e-47f3-a967-f89cc36e9161"}
2026-04-05 18:02:16 | INFO     | [QUESTION_ATTEMPT] {"attempt": 140, "max_questions": 300, "question_idx": 3545, "uid": "6603177c-730e-47f3-a967-f89cc36e9161"}
2026-04-05 18:05:18 | INFO     | [QUESTION_SENT] {"question_idx": 3546, "uid": "3af3c788-20fc-41bb-9d68-1225f89bbdcb"}
2026-04-05 18:05:55 | INFO     | [QUESTION_ATTEMPT] {"attempt": 141, "max_questions": 300, "question_idx": 3546, "uid": "3af3c788-20fc-41bb-9d68-1225f89bbdcb"}
2026-04-05 18:08:53 | INFO     | [QUESTION_SENT] {"question_idx": 3547, "uid": "c7231e84-f183-4d9d-b427-85e9dfcd5ff7"}
2026-04-05 18:09:23 | INFO     | [QUESTION_ATTEMPT] {"attempt": 142, "max_questions": 300, "question_idx": 3547, "uid": "c7231e84-f183-4d9d-b427-85e9dfcd5ff7"}
2026-04-05 18:12:28 | INFO     | [QUESTION_SENT] {"question_idx": 3548, "uid": "c0ce0c33-31de-48b6-8964-32198042b7d6"}
2026-04-05 18:13:04 | INFO     | [QUESTION_ATTEMPT] {"attempt": 143, "max_questions": 300, "question_idx": 3548, "uid": "c0ce0c33-31de-48b6-8964-32198042b7d6"}
2026-04-05 18:13:16 | INFO     | [QUESTION_SENT] {"question_idx": 3548, "uid": "c0ce0c33-31de-48b6-8964-32198042b7d6"}
2026-04-05 18:13:41 | INFO     | [QUESTION_ATTEMPT] {"attempt": 144, "max_questions": 300, "question_idx": 3548, "uid": "c0ce0c33-31de-48b6-8964-32198042b7d6"}
2026-04-05 18:16:54 | INFO     | [QUESTION_SENT] {"question_idx": 3549, "uid": "961c344d-8f52-4a96-aa65-a10bf726bd9a"}
2026-04-05 18:17:26 | INFO     | [QUESTION_ATTEMPT] {"attempt": 145, "max_questions": 300, "question_idx": 3549, "uid": "961c344d-8f52-4a96-aa65-a10bf726bd9a"}
2026-04-05 18:20:29 | INFO     | [QUESTION_SENT] {"question_idx": 3550, "uid": "fadedc44-8d70-439c-ba41-705e3e510400"}
2026-04-05 18:24:04 | INFO     | [QUESTION_SENT] {"question_idx": 3550, "uid": "fadedc44-8d70-439c-ba41-705e3e510400"}
2026-04-05 18:27:39 | INFO     | [QUESTION_SENT] {"question_idx": 3550, "uid": "fadedc44-8d70-439c-ba41-705e3e510400"}
2026-04-05 18:31:14 | INFO     | [QUESTION_SENT] {"question_idx": 3550, "uid": "fadedc44-8d70-439c-ba41-705e3e510400"}
2026-04-05 18:33:23 | INFO     | [BOT_STOP] {"bot_id": 10, "total_questions": 145}
2026-04-05 21:17:42 | INFO     | [BOT_START] {"bot_id": 10, "project": "hypos_norm", "timestamp": "2026-04-05T21:17:42.351216", "log_dir": "/home/dmitrii/Documents/projects/clicker_3.0/logs/bot_10"}
2026-04-05 21:17:48 | INFO     | [RESTART] {"bot_id": 10, "note": "first_start"}
2026-04-05 21:17:48 | INFO     | [FSM_INITIALIZED] {"site": "gpt", "scenario": "web_search", "start_state": "start_question"}
2026-04-05 21:20:04 | INFO     | [QUESTION_SENT] {"question_idx": 3550, "uid": "fadedc44-8d70-439c-ba41-705e3e510400"}
2026-04-05 21:20:38 | INFO     | [QUESTION_ATTEMPT] {"attempt": 1, "max_questions": 300, "question_idx": 3550, "uid": "fadedc44-8d70-439c-ba41-705e3e510400"}
2026-04-05 21:20:39 | INFO     | [BOT_STOP] {"bot_id": 10, "total_questions": 1}
