2026-03-22 21:36:02 | INFO     | [BOT_START] {"bot_id": 10, "project": "hypos_norm", "timestamp": "2026-03-22T21:36:02.043592", "log_dir": "/home/dmitrii/Documents/projects/clicker_3.0/logs/bot_10"}
2026-03-22 21:36:07 | INFO     | [RESTART] {"bot_id": 10, "note": "first_start"}
2026-03-22 21:36:07 | INFO     | [FSM_INITIALIZED] {"site": "gpt", "scenario": "web_search", "start_state": "start_question"}
2026-03-22 21:36:47 | INFO     | [QUESTION_SENT] {"question_idx": 1321, "uid": "c058a5ea-ccee-4258-acf1-a9fec17f1821"}
2026-03-22 21:41:58 | INFO     | [QUESTION_ATTEMPT] {"attempt": 1, "max_questions": 400, "question_idx": 1321, "uid": "c058a5ea-ccee-4258-acf1-a9fec17f1821"}
2026-03-22 21:42:10 | INFO     | [QUESTION_SENT] {"question_idx": 1321, "uid": "c058a5ea-ccee-4258-acf1-a9fec17f1821"}
2026-03-22 21:43:30 | INFO     | [QUESTION_SENT] {"question_idx": 1321, "uid": "c058a5ea-ccee-4258-acf1-a9fec17f1821"}
2026-03-22 21:45:10 | INFO     | [QUESTION_ATTEMPT] {"attempt": 2, "max_questions": 400, "question_idx": 1321, "uid": "c058a5ea-ccee-4258-acf1-a9fec17f1821"}
2026-03-22 21:45:38 | INFO     | [QUESTION_SENT] {"question_idx": 1322, "uid": "81e4e418-9a1b-4d8a-b938-f926351a0d14"}
2026-03-22 21:47:21 | INFO     | [QUESTION_ATTEMPT] {"attempt": 3, "max_questions": 400, "question_idx": 1322, "uid": "81e4e418-9a1b-4d8a-b938-f926351a0d14"}
2026-03-22 21:47:50 | INFO     | [QUESTION_SENT] {"question_idx": 1323, "uid": "0d54f228-a7d1-4c4e-a869-dba3ec832fab"}
2026-03-22 21:49:14 | INFO     | [QUESTION_ATTEMPT] {"attempt": 4, "max_questions": 400, "question_idx": 1323, "uid": "0d54f228-a7d1-4c4e-a869-dba3ec832fab"}
2026-03-22 21:49:42 | INFO     | [QUESTION_SENT] {"question_idx": 1324, "uid": "fa8b1d63-2d2d-48d9-97f7-5a935962fee0"}
2026-03-22 21:51:23 | INFO     | [QUESTION_ATTEMPT] {"attempt": 5, "max_questions": 400, "question_idx": 1324, "uid": "fa8b1d63-2d2d-48d9-97f7-5a935962fee0"}
2026-03-22 21:51:52 | INFO     | [QUESTION_SENT] {"question_idx": 1325, "uid": "84e73f63-8cab-4dd6-a2a9-33d7c44fed5e"}
2026-03-22 21:53:32 | INFO     | [QUESTION_ATTEMPT] {"attempt": 6, "max_questions": 400, "question_idx": 1325, "uid": "84e73f63-8cab-4dd6-a2a9-33d7c44fed5e"}
2026-03-22 21:54:00 | INFO     | [QUESTION_SENT] {"question_idx": 1326, "uid": "16248341-5713-452f-8eb3-c54dac7e310f"}
2026-03-22 21:55:58 | INFO     | [QUESTION_ATTEMPT] {"attempt": 7, "max_questions": 400, "question_idx": 1326, "uid": "16248341-5713-452f-8eb3-c54dac7e310f"}
2026-03-22 21:56:27 | INFO     | [QUESTION_SENT] {"question_idx": 1327, "uid": "398cb618-7810-47e5-9d32-8d577fc45ff6"}
2026-03-22 21:58:48 | INFO     | [QUESTION_ATTEMPT] {"attempt": 8, "max_questions": 400, "question_idx": 1327, "uid": "398cb618-7810-47e5-9d32-8d577fc45ff6"}
2026-03-22 21:59:16 | INFO     | [QUESTION_SENT] {"question_idx": 1328, "uid": "28234a0e-aceb-4a2c-b00d-523491900cea"}
2026-03-22 22:00:12 | INFO     | [QUESTION_ATTEMPT] {"attempt": 9, "max_questions": 400, "question_idx": 1328, "uid": "28234a0e-aceb-4a2c-b00d-523491900cea"}
2026-03-22 22:00:41 | INFO     | [QUESTION_SENT] {"question_idx": 1329, "uid": "582c429f-3cea-4590-88ee-7d88d569a4b5"}
2026-03-22 22:02:39 | INFO     | [QUESTION_SENT] {"question_idx": 1329, "uid": "582c429f-3cea-4590-88ee-7d88d569a4b5"}
2026-03-22 22:04:07 | INFO     | [QUESTION_ATTEMPT] {"attempt": 10, "max_questions": 400, "question_idx": 1329, "uid": "582c429f-3cea-4590-88ee-7d88d569a4b5"}
2026-03-22 22:04:36 | INFO     | [QUESTION_SENT] {"question_idx": 1330, "uid": "7ce7d95e-cb92-4176-b53e-a417c7b45a0e"}
2026-03-22 22:06:00 | INFO     | [QUESTION_ATTEMPT] {"attempt": 11, "max_questions": 400, "question_idx": 1330, "uid": "7ce7d95e-cb92-4176-b53e-a417c7b45a0e"}
2026-03-22 22:06:28 | INFO     | [QUESTION_SENT] {"question_idx": 1331, "uid": "40dbb388-16fc-47a2-ae6d-2f2de144f323"}
2026-03-22 22:08:24 | INFO     | [QUESTION_ATTEMPT] {"attempt": 12, "max_questions": 400, "question_idx": 1331, "uid": "40dbb388-16fc-47a2-ae6d-2f2de144f323"}
2026-03-22 22:08:52 | INFO     | [QUESTION_SENT] {"question_idx": 1332, "uid": "0debba11-61aa-456a-a4a5-04e2ef444a69"}
2026-03-22 22:14:01 | INFO     | [QUESTION_ATTEMPT] {"attempt": 13, "max_questions": 400, "question_idx": 1332, "uid": "0debba11-61aa-456a-a4a5-04e2ef444a69"}
2026-03-22 22:14:29 | INFO     | [QUESTION_SENT] {"question_idx": 1332, "uid": "0debba11-61aa-456a-a4a5-04e2ef444a69"}
2026-03-22 22:19:24 | INFO     | [QUESTION_ATTEMPT] {"attempt": 14, "max_questions": 400, "question_idx": 1332, "uid": "0debba11-61aa-456a-a4a5-04e2ef444a69"}
2026-03-22 22:19:36 | INFO     | [QUESTION_SENT] {"question_idx": 1332, "uid": "0debba11-61aa-456a-a4a5-04e2ef444a69"}
2026-03-22 22:20:52 | INFO     | [QUESTION_ATTEMPT] {"attempt": 15, "max_questions": 400, "question_idx": 1332, "uid": "0debba11-61aa-456a-a4a5-04e2ef444a69"}
2026-03-22 22:21:20 | INFO     | [QUESTION_SENT] {"question_idx": 1333, "uid": "76d0fdb3-795e-4764-8a42-8a24d21eb4a3"}
2026-03-22 22:23:04 | INFO     | [QUESTION_ATTEMPT] {"attempt": 16, "max_questions": 400, "question_idx": 1333, "uid": "76d0fdb3-795e-4764-8a42-8a24d21eb4a3"}
2026-03-22 22:23:33 | INFO     | [QUESTION_SENT] {"question_idx": 1334, "uid": "2a7172db-cb32-47ab-b709-e64661051d0c"}
2026-03-22 22:24:57 | INFO     | [QUESTION_ATTEMPT] {"attempt": 17, "max_questions": 400, "question_idx": 1334, "uid": "2a7172db-cb32-47ab-b709-e64661051d0c"}
2026-03-22 22:25:26 | INFO     | [QUESTION_SENT] {"question_idx": 1335, "uid": "24e263cc-537c-4596-a2e8-32af7bc6ed3e"}
2026-03-22 22:26:48 | INFO     | [QUESTION_ATTEMPT] {"attempt": 18, "max_questions": 400, "question_idx": 1335, "uid": "24e263cc-537c-4596-a2e8-32af7bc6ed3e"}
2026-03-22 22:27:17 | INFO     | [QUESTION_SENT] {"question_idx": 1336, "uid": "d7b69930-1212-478c-a071-535bef9cd489"}
2026-03-22 22:29:02 | INFO     | [QUESTION_ATTEMPT] {"attempt": 19, "max_questions": 400, "question_idx": 1336, "uid": "d7b69930-1212-478c-a071-535bef9cd489"}
2026-03-22 22:29:31 | INFO     | [QUESTION_SENT] {"question_idx": 1337, "uid": "49778f1a-fe15-42c9-9245-991c45030fe3"}
2026-03-22 22:31:16 | INFO     | [QUESTION_ATTEMPT] {"attempt": 20, "max_questions": 400, "question_idx": 1337, "uid": "49778f1a-fe15-42c9-9245-991c45030fe3"}
2026-03-22 22:31:45 | INFO     | [QUESTION_SENT] {"question_idx": 1338, "uid": "df6bde16-a5f8-4ce8-bb1f-386d71f2d4e1"}
2026-03-22 22:32:49 | INFO     | [QUESTION_ATTEMPT] {"attempt": 21, "max_questions": 400, "question_idx": 1338, "uid": "df6bde16-a5f8-4ce8-bb1f-386d71f2d4e1"}
2026-03-22 22:33:18 | INFO     | [QUESTION_SENT] {"question_idx": 1338, "uid": "df6bde16-a5f8-4ce8-bb1f-386d71f2d4e1"}
2026-03-22 22:34:39 | INFO     | [QUESTION_ATTEMPT] {"attempt": 22, "max_questions": 400, "question_idx": 1338, "uid": "df6bde16-a5f8-4ce8-bb1f-386d71f2d4e1"}
2026-03-22 22:35:08 | INFO     | [QUESTION_SENT] {"question_idx": 1339, "uid": "9f10fd6e-b68a-4e4c-bc3b-b9ae5a760ff2"}
2026-03-22 22:36:43 | INFO     | [QUESTION_ATTEMPT] {"attempt": 23, "max_questions": 400, "question_idx": 1339, "uid": "9f10fd6e-b68a-4e4c-bc3b-b9ae5a760ff2"}
2026-03-22 22:37:12 | INFO     | [QUESTION_SENT] {"question_idx": 1340, "uid": "5352bcc3-e87f-4717-adc3-8214a69e1cea"}
2026-03-22 22:38:54 | INFO     | [QUESTION_ATTEMPT] {"attempt": 24, "max_questions": 400, "question_idx": 1340, "uid": "5352bcc3-e87f-4717-adc3-8214a69e1cea"}
2026-03-22 22:39:23 | INFO     | [QUESTION_SENT] {"question_idx": 1341, "uid": "0a6e5910-2bbf-467e-a4f5-768322193f42"}
2026-03-22 22:41:05 | INFO     | [QUESTION_ATTEMPT] {"attempt": 25, "max_questions": 400, "question_idx": 1341, "uid": "0a6e5910-2bbf-467e-a4f5-768322193f42"}
2026-03-22 22:41:34 | INFO     | [QUESTION_SENT] {"question_idx": 1342, "uid": "c92a2e9b-8e36-4ddb-a5a7-a16d40c91b6d"}
2026-03-22 22:43:05 | INFO     | [QUESTION_ATTEMPT] {"attempt": 26, "max_questions": 400, "question_idx": 1342, "uid": "c92a2e9b-8e36-4ddb-a5a7-a16d40c91b6d"}
2026-03-22 22:43:34 | INFO     | [QUESTION_SENT] {"question_idx": 1343, "uid": "d710c42f-da5e-42e8-a432-bb044bd0f933"}
2026-03-22 22:45:23 | INFO     | [QUESTION_ATTEMPT] {"attempt": 27, "max_questions": 400, "question_idx": 1343, "uid": "d710c42f-da5e-42e8-a432-bb044bd0f933"}
2026-03-22 22:45:52 | INFO     | [QUESTION_SENT] {"question_idx": 1344, "uid": "6d9818e2-42b7-409e-995d-322dd1f8df39"}
2026-03-22 22:48:03 | INFO     | [QUESTION_ATTEMPT] {"attempt": 28, "max_questions": 400, "question_idx": 1344, "uid": "6d9818e2-42b7-409e-995d-322dd1f8df39"}
2026-03-22 22:48:32 | INFO     | [QUESTION_SENT] {"question_idx": 1345, "uid": "7caabb2b-8a4b-49d1-957e-db667103eb06"}
2026-03-22 22:50:20 | INFO     | [QUESTION_ATTEMPT] {"attempt": 29, "max_questions": 400, "question_idx": 1345, "uid": "7caabb2b-8a4b-49d1-957e-db667103eb06"}
2026-03-22 22:50:48 | INFO     | [QUESTION_SENT] {"question_idx": 1346, "uid": "fbfbff72-4f0e-4334-99f7-4368d328b8d5"}
2026-03-22 22:52:18 | INFO     | [QUESTION_ATTEMPT] {"attempt": 30, "max_questions": 400, "question_idx": 1346, "uid": "fbfbff72-4f0e-4334-99f7-4368d328b8d5"}
2026-03-22 22:52:31 | INFO     | [QUESTION_SENT] {"question_idx": 1346, "uid": "fbfbff72-4f0e-4334-99f7-4368d328b8d5"}
2026-03-22 22:53:38 | INFO     | [QUESTION_ATTEMPT] {"attempt": 31, "max_questions": 400, "question_idx": 1346, "uid": "fbfbff72-4f0e-4334-99f7-4368d328b8d5"}
2026-03-22 22:54:06 | INFO     | [QUESTION_SENT] {"question_idx": 1347, "uid": "3c583832-2b9a-4379-8411-c91f6c61f013"}
2026-03-22 22:59:30 | INFO     | [QUESTION_ATTEMPT] {"attempt": 32, "max_questions": 400, "question_idx": 1347, "uid": "3c583832-2b9a-4379-8411-c91f6c61f013"}
2026-03-22 22:59:43 | INFO     | [QUESTION_SENT] {"question_idx": 1347, "uid": "3c583832-2b9a-4379-8411-c91f6c61f013"}
2026-03-22 23:01:32 | INFO     | [QUESTION_ATTEMPT] {"attempt": 33, "max_questions": 400, "question_idx": 1347, "uid": "3c583832-2b9a-4379-8411-c91f6c61f013"}
2026-03-22 23:01:45 | INFO     | [QUESTION_SENT] {"question_idx": 1347, "uid": "3c583832-2b9a-4379-8411-c91f6c61f013"}
2026-03-22 23:02:59 | INFO     | [QUESTION_ATTEMPT] {"attempt": 34, "max_questions": 400, "question_idx": 1347, "uid": "3c583832-2b9a-4379-8411-c91f6c61f013"}
2026-03-22 23:03:27 | INFO     | [QUESTION_SENT] {"question_idx": 1348, "uid": "ce710bc2-2a92-4bdd-8775-632bb2a19735"}
2026-03-22 23:05:16 | INFO     | [QUESTION_ATTEMPT] {"attempt": 35, "max_questions": 400, "question_idx": 1348, "uid": "ce710bc2-2a92-4bdd-8775-632bb2a19735"}
2026-03-22 23:05:44 | INFO     | [QUESTION_SENT] {"question_idx": 1349, "uid": "e24ef390-1917-4f49-b957-eff76f530061"}
2026-03-22 23:10:53 | INFO     | [QUESTION_ATTEMPT] {"attempt": 36, "max_questions": 400, "question_idx": 1349, "uid": "e24ef390-1917-4f49-b957-eff76f530061"}
2026-03-22 23:11:05 | INFO     | [QUESTION_SENT] {"question_idx": 1349, "uid": "e24ef390-1917-4f49-b957-eff76f530061"}
2026-03-22 23:12:34 | INFO     | [QUESTION_ATTEMPT] {"attempt": 37, "max_questions": 400, "question_idx": 1349, "uid": "e24ef390-1917-4f49-b957-eff76f530061"}
2026-03-22 23:13:02 | INFO     | [QUESTION_SENT] {"question_idx": 1350, "uid": "c97da978-b717-4854-aa14-9d08f7455b66"}
2026-03-22 23:14:24 | INFO     | [QUESTION_ATTEMPT] {"attempt": 38, "max_questions": 400, "question_idx": 1350, "uid": "c97da978-b717-4854-aa14-9d08f7455b66"}
2026-03-22 23:14:52 | INFO     | [QUESTION_SENT] {"question_idx": 1351, "uid": "1eb6c502-b848-4a08-a634-9927a78dc649"}
2026-03-22 23:19:45 | INFO     | [QUESTION_SENT] {"question_idx": 1351, "uid": "1eb6c502-b848-4a08-a634-9927a78dc649"}
2026-03-22 23:22:11 | INFO     | [QUESTION_ATTEMPT] {"attempt": 39, "max_questions": 400, "question_idx": 1351, "uid": "1eb6c502-b848-4a08-a634-9927a78dc649"}
2026-03-22 23:22:39 | INFO     | [QUESTION_SENT] {"question_idx": 1352, "uid": "47be0828-1ed2-422b-b264-c6c923896887"}
2026-03-22 23:24:36 | INFO     | [QUESTION_ATTEMPT] {"attempt": 40, "max_questions": 400, "question_idx": 1352, "uid": "47be0828-1ed2-422b-b264-c6c923896887"}
2026-03-22 23:25:05 | INFO     | [QUESTION_SENT] {"question_idx": 1353, "uid": "e6b8cfad-a7ba-4ed7-aa88-332a4e8630e4"}
2026-03-22 23:26:33 | INFO     | [QUESTION_ATTEMPT] {"attempt": 41, "max_questions": 400, "question_idx": 1353, "uid": "e6b8cfad-a7ba-4ed7-aa88-332a4e8630e4"}
2026-03-22 23:27:02 | INFO     | [QUESTION_SENT] {"question_idx": 1354, "uid": "39240b49-01a9-47fb-b4b5-0b4164af901a"}
2026-03-22 23:28:39 | INFO     | [QUESTION_ATTEMPT] {"attempt": 42, "max_questions": 400, "question_idx": 1354, "uid": "39240b49-01a9-47fb-b4b5-0b4164af901a"}
2026-03-22 23:29:07 | INFO     | [QUESTION_SENT] {"question_idx": 1355, "uid": "515e64ff-79d0-463e-a8d6-da3493f43fa5"}
2026-03-22 23:32:18 | INFO     | [QUESTION_ATTEMPT] {"attempt": 43, "max_questions": 400, "question_idx": 1355, "uid": "515e64ff-79d0-463e-a8d6-da3493f43fa5"}
2026-03-22 23:32:46 | INFO     | [QUESTION_SENT] {"question_idx": 1356, "uid": "be454f82-0275-4820-8512-c69602a0f96f"}
2026-03-22 23:34:54 | INFO     | [QUESTION_SENT] {"question_idx": 1356, "uid": "be454f82-0275-4820-8512-c69602a0f96f"}
2026-03-22 23:35:54 | INFO     | [QUESTION_ATTEMPT] {"attempt": 44, "max_questions": 400, "question_idx": 1356, "uid": "be454f82-0275-4820-8512-c69602a0f96f"}
2026-03-22 23:36:23 | INFO     | [QUESTION_SENT] {"question_idx": 1357, "uid": "60b3a106-202d-436f-83a1-36f0e6443b1c"}
2026-03-22 23:43:50 | INFO     | [QUESTION_SENT] {"question_idx": 1357, "uid": "60b3a106-202d-436f-83a1-36f0e6443b1c"}
2026-03-22 23:46:00 | INFO     | [QUESTION_ATTEMPT] {"attempt": 45, "max_questions": 400, "question_idx": 1357, "uid": "60b3a106-202d-436f-83a1-36f0e6443b1c"}
2026-03-22 23:46:28 | INFO     | [QUESTION_SENT] {"question_idx": 1358, "uid": "a68fb5b1-ae0b-489f-b113-9b685a85a568"}
2026-03-22 23:48:39 | INFO     | [QUESTION_SENT] {"question_idx": 1358, "uid": "a68fb5b1-ae0b-489f-b113-9b685a85a568"}
2026-03-22 23:50:29 | INFO     | [QUESTION_ATTEMPT] {"attempt": 46, "max_questions": 400, "question_idx": 1358, "uid": "a68fb5b1-ae0b-489f-b113-9b685a85a568"}
2026-03-22 23:50:58 | INFO     | [QUESTION_SENT] {"question_idx": 1359, "uid": "a9e019f3-db0d-4169-9f8f-0b4e46461322"}
2026-03-22 23:52:46 | INFO     | [QUESTION_ATTEMPT] {"attempt": 47, "max_questions": 400, "question_idx": 1359, "uid": "a9e019f3-db0d-4169-9f8f-0b4e46461322"}
2026-03-22 23:53:15 | INFO     | [QUESTION_SENT] {"question_idx": 1360, "uid": "2aaa5e76-115b-4eb6-8a3e-5413e14f8d20"}
2026-03-22 23:55:00 | INFO     | [QUESTION_SENT] {"question_idx": 1360, "uid": "2aaa5e76-115b-4eb6-8a3e-5413e14f8d20"}
2026-03-22 23:56:14 | INFO     | [QUESTION_ATTEMPT] {"attempt": 48, "max_questions": 400, "question_idx": 1360, "uid": "2aaa5e76-115b-4eb6-8a3e-5413e14f8d20"}
2026-03-22 23:56:27 | INFO     | [QUESTION_SENT] {"question_idx": 1360, "uid": "2aaa5e76-115b-4eb6-8a3e-5413e14f8d20"}
2026-03-22 23:57:24 | INFO     | [QUESTION_ATTEMPT] {"attempt": 49, "max_questions": 400, "question_idx": 1360, "uid": "2aaa5e76-115b-4eb6-8a3e-5413e14f8d20"}
2026-03-22 23:57:53 | INFO     | [QUESTION_SENT] {"question_idx": 1361, "uid": "1454a1d8-8b7b-474b-9f6d-8af06b003a2c"}
2026-03-22 23:59:22 | INFO     | [QUESTION_ATTEMPT] {"attempt": 50, "max_questions": 400, "question_idx": 1361, "uid": "1454a1d8-8b7b-474b-9f6d-8af06b003a2c"}
2026-03-22 23:59:51 | INFO     | [QUESTION_SENT] {"question_idx": 1362, "uid": "6c366a75-d793-45db-8012-ad73af53c05e"}
2026-03-23 00:01:29 | INFO     | [QUESTION_ATTEMPT] {"attempt": 51, "max_questions": 400, "question_idx": 1362, "uid": "6c366a75-d793-45db-8012-ad73af53c05e"}
2026-03-23 00:01:58 | INFO     | [QUESTION_SENT] {"question_idx": 1363, "uid": "a60e5523-e295-433a-9efa-0d8600276510"}
2026-03-23 00:04:30 | INFO     | [QUESTION_SENT] {"question_idx": 1363, "uid": "a60e5523-e295-433a-9efa-0d8600276510"}
2026-03-23 00:05:13 | INFO     | [QUESTION_ATTEMPT] {"attempt": 52, "max_questions": 400, "question_idx": 1363, "uid": "a60e5523-e295-433a-9efa-0d8600276510"}
2026-03-23 00:05:44 | INFO     | [QUESTION_SENT] {"question_idx": 1363, "uid": "a60e5523-e295-433a-9efa-0d8600276510"}
2026-03-23 00:07:38 | INFO     | [QUESTION_ATTEMPT] {"attempt": 53, "max_questions": 400, "question_idx": 1363, "uid": "a60e5523-e295-433a-9efa-0d8600276510"}
2026-03-23 00:08:06 | INFO     | [QUESTION_SENT] {"question_idx": 1364, "uid": "3cfd145a-a226-47be-b18c-0ad61473542c"}
2026-03-23 00:13:25 | INFO     | [QUESTION_ATTEMPT] {"attempt": 54, "max_questions": 400, "question_idx": 1364, "uid": "3cfd145a-a226-47be-b18c-0ad61473542c"}
2026-03-23 00:13:37 | INFO     | [QUESTION_SENT] {"question_idx": 1364, "uid": "3cfd145a-a226-47be-b18c-0ad61473542c"}
2026-03-23 00:15:03 | INFO     | [QUESTION_ATTEMPT] {"attempt": 55, "max_questions": 400, "question_idx": 1364, "uid": "3cfd145a-a226-47be-b18c-0ad61473542c"}
2026-03-23 00:15:31 | INFO     | [QUESTION_SENT] {"question_idx": 1365, "uid": "01ea072e-17eb-4504-8e3e-1ca92f3f98d2"}
2026-03-23 00:17:21 | INFO     | [QUESTION_ATTEMPT] {"attempt": 56, "max_questions": 400, "question_idx": 1365, "uid": "01ea072e-17eb-4504-8e3e-1ca92f3f98d2"}
2026-03-23 00:17:50 | INFO     | [QUESTION_SENT] {"question_idx": 1366, "uid": "1b74d8f2-f942-4de6-b032-4ed4ce6fe28c"}
2026-03-23 00:19:21 | INFO     | [QUESTION_ATTEMPT] {"attempt": 57, "max_questions": 400, "question_idx": 1366, "uid": "1b74d8f2-f942-4de6-b032-4ed4ce6fe28c"}
2026-03-23 00:19:49 | INFO     | [QUESTION_SENT] {"question_idx": 1367, "uid": "c5fe512b-93ae-4a1c-983a-f388b03c6fbc"}
2026-03-23 00:21:11 | INFO     | [QUESTION_ATTEMPT] {"attempt": 58, "max_questions": 400, "question_idx": 1367, "uid": "c5fe512b-93ae-4a1c-983a-f388b03c6fbc"}
2026-03-23 00:21:39 | INFO     | [QUESTION_SENT] {"question_idx": 1368, "uid": "f4ff85de-4756-426b-9486-a612a87d580f"}
2026-03-23 00:23:42 | INFO     | [QUESTION_ATTEMPT] {"attempt": 59, "max_questions": 400, "question_idx": 1368, "uid": "f4ff85de-4756-426b-9486-a612a87d580f"}
2026-03-23 00:24:10 | INFO     | [QUESTION_SENT] {"question_idx": 1369, "uid": "61b9efb0-16db-44c6-80cc-774caaa9f99f"}
2026-03-23 00:25:56 | INFO     | [QUESTION_ATTEMPT] {"attempt": 60, "max_questions": 400, "question_idx": 1369, "uid": "61b9efb0-16db-44c6-80cc-774caaa9f99f"}
2026-03-23 00:26:24 | INFO     | [QUESTION_SENT] {"question_idx": 1370, "uid": "b77d0768-5433-48f8-8ac0-204310fa0ad6"}
2026-03-23 00:28:07 | INFO     | [QUESTION_ATTEMPT] {"attempt": 61, "max_questions": 400, "question_idx": 1370, "uid": "b77d0768-5433-48f8-8ac0-204310fa0ad6"}
2026-03-23 00:28:36 | INFO     | [QUESTION_SENT] {"question_idx": 1371, "uid": "9804a245-1f3d-47b5-a42b-9eee2de4750d"}
2026-03-23 00:30:13 | INFO     | [QUESTION_ATTEMPT] {"attempt": 62, "max_questions": 400, "question_idx": 1371, "uid": "9804a245-1f3d-47b5-a42b-9eee2de4750d"}
2026-03-23 00:30:41 | INFO     | [QUESTION_SENT] {"question_idx": 1372, "uid": "f55a89e7-1dfb-43b6-b0f7-cfbe7d8a6ba4"}
2026-03-23 00:32:01 | INFO     | [QUESTION_ATTEMPT] {"attempt": 63, "max_questions": 400, "question_idx": 1372, "uid": "f55a89e7-1dfb-43b6-b0f7-cfbe7d8a6ba4"}
2026-03-23 00:32:30 | INFO     | [QUESTION_SENT] {"question_idx": 1373, "uid": "2be3eb5c-5e35-4360-90ae-7f1a36b91cb3"}
2026-03-23 00:33:52 | INFO     | [QUESTION_ATTEMPT] {"attempt": 64, "max_questions": 400, "question_idx": 1373, "uid": "2be3eb5c-5e35-4360-90ae-7f1a36b91cb3"}
2026-03-23 00:34:21 | INFO     | [QUESTION_SENT] {"question_idx": 1374, "uid": "f3b5b3b0-2259-460c-ada3-3f953b8f093f"}
2026-03-23 00:35:54 | INFO     | [QUESTION_ATTEMPT] {"attempt": 65, "max_questions": 400, "question_idx": 1374, "uid": "f3b5b3b0-2259-460c-ada3-3f953b8f093f"}
2026-03-23 00:36:22 | INFO     | [QUESTION_SENT] {"question_idx": 1375, "uid": "36fd4e15-6a1d-4df1-a249-97b2b4010fce"}
2026-03-23 00:38:11 | INFO     | [QUESTION_SENT] {"question_idx": 1375, "uid": "36fd4e15-6a1d-4df1-a249-97b2b4010fce"}
2026-03-23 00:39:53 | INFO     | [QUESTION_ATTEMPT] {"attempt": 66, "max_questions": 400, "question_idx": 1375, "uid": "36fd4e15-6a1d-4df1-a249-97b2b4010fce"}
2026-03-23 00:40:22 | INFO     | [QUESTION_SENT] {"question_idx": 1376, "uid": "882e6cb8-4385-4a24-b940-3cfa70fd5074"}
2026-03-23 00:41:52 | INFO     | [QUESTION_ATTEMPT] {"attempt": 67, "max_questions": 400, "question_idx": 1376, "uid": "882e6cb8-4385-4a24-b940-3cfa70fd5074"}
2026-03-23 00:42:20 | INFO     | [QUESTION_SENT] {"question_idx": 1377, "uid": "5bfb1b84-4e93-4db8-903e-e0f2be9214ba"}
2026-03-23 00:43:50 | INFO     | [QUESTION_ATTEMPT] {"attempt": 68, "max_questions": 400, "question_idx": 1377, "uid": "5bfb1b84-4e93-4db8-903e-e0f2be9214ba"}
2026-03-23 00:44:19 | INFO     | [QUESTION_SENT] {"question_idx": 1378, "uid": "10bb0a00-0908-45ea-b98e-fcbf4343465c"}
2026-03-23 00:45:51 | INFO     | [QUESTION_ATTEMPT] {"attempt": 69, "max_questions": 400, "question_idx": 1378, "uid": "10bb0a00-0908-45ea-b98e-fcbf4343465c"}
2026-03-23 00:46:20 | INFO     | [QUESTION_SENT] {"question_idx": 1379, "uid": "b934049f-bc32-48c4-b78b-b6e644d48eb0"}
2026-03-23 00:47:40 | INFO     | [QUESTION_ATTEMPT] {"attempt": 70, "max_questions": 400, "question_idx": 1379, "uid": "b934049f-bc32-48c4-b78b-b6e644d48eb0"}
2026-03-23 00:48:08 | INFO     | [QUESTION_SENT] {"question_idx": 1380, "uid": "93025943-34b5-4a90-a531-1b542c4089df"}
2026-03-23 00:49:28 | INFO     | [QUESTION_ATTEMPT] {"attempt": 71, "max_questions": 400, "question_idx": 1380, "uid": "93025943-34b5-4a90-a531-1b542c4089df"}
2026-03-23 00:49:57 | INFO     | [QUESTION_SENT] {"question_idx": 1381, "uid": "a26f1ffd-e1c5-474a-8816-964aa274c255"}
2026-03-23 00:51:35 | INFO     | [QUESTION_ATTEMPT] {"attempt": 72, "max_questions": 400, "question_idx": 1381, "uid": "a26f1ffd-e1c5-474a-8816-964aa274c255"}
2026-03-23 00:52:04 | INFO     | [QUESTION_SENT] {"question_idx": 1382, "uid": "ae0575f1-d2bd-4a79-9442-96c400f68492"}
2026-03-23 00:53:41 | INFO     | [QUESTION_ATTEMPT] {"attempt": 73, "max_questions": 400, "question_idx": 1382, "uid": "ae0575f1-d2bd-4a79-9442-96c400f68492"}
2026-03-23 00:54:10 | INFO     | [QUESTION_SENT] {"question_idx": 1382, "uid": "ae0575f1-d2bd-4a79-9442-96c400f68492"}
2026-03-23 00:56:05 | INFO     | [QUESTION_SENT] {"question_idx": 1382, "uid": "ae0575f1-d2bd-4a79-9442-96c400f68492"}
2026-03-23 00:57:53 | INFO     | [QUESTION_ATTEMPT] {"attempt": 74, "max_questions": 400, "question_idx": 1382, "uid": "ae0575f1-d2bd-4a79-9442-96c400f68492"}
2026-03-23 00:58:22 | INFO     | [QUESTION_SENT] {"question_idx": 1383, "uid": "3863cc90-3ab9-4783-a841-9dbea0358ccf"}
2026-03-23 01:00:43 | INFO     | [QUESTION_SENT] {"question_idx": 1383, "uid": "3863cc90-3ab9-4783-a841-9dbea0358ccf"}
2026-03-23 01:02:37 | INFO     | [QUESTION_ATTEMPT] {"attempt": 75, "max_questions": 400, "question_idx": 1383, "uid": "3863cc90-3ab9-4783-a841-9dbea0358ccf"}
2026-03-23 01:03:06 | INFO     | [QUESTION_SENT] {"question_idx": 1384, "uid": "fc1f8f15-69ed-4fee-9868-c5b5a78dc1bc"}
2026-03-23 01:03:42 | INFO     | [QUESTION_ATTEMPT] {"attempt": 76, "max_questions": 400, "question_idx": 1384, "uid": "fc1f8f15-69ed-4fee-9868-c5b5a78dc1bc"}
2026-03-23 01:03:54 | INFO     | [QUESTION_SENT] {"question_idx": 1384, "uid": "fc1f8f15-69ed-4fee-9868-c5b5a78dc1bc"}
2026-03-23 01:05:24 | INFO     | [QUESTION_SENT] {"question_idx": 1384, "uid": "fc1f8f15-69ed-4fee-9868-c5b5a78dc1bc"}
2026-03-23 01:07:38 | INFO     | [QUESTION_ATTEMPT] {"attempt": 77, "max_questions": 400, "question_idx": 1384, "uid": "fc1f8f15-69ed-4fee-9868-c5b5a78dc1bc"}
2026-03-23 01:08:06 | INFO     | [QUESTION_SENT] {"question_idx": 1385, "uid": "7669062b-abf9-4617-910d-c1685dfaf0ac"}
2026-03-23 01:09:22 | INFO     | [QUESTION_ATTEMPT] {"attempt": 78, "max_questions": 400, "question_idx": 1385, "uid": "7669062b-abf9-4617-910d-c1685dfaf0ac"}
2026-03-23 01:09:51 | INFO     | [QUESTION_SENT] {"question_idx": 1386, "uid": "6533c3a7-7de2-4e71-b41c-5b0b9ea51d73"}
2026-03-23 01:10:36 | INFO     | [QUESTION_ATTEMPT] {"attempt": 79, "max_questions": 400, "question_idx": 1386, "uid": "6533c3a7-7de2-4e71-b41c-5b0b9ea51d73"}
2026-03-23 01:11:07 | INFO     | [QUESTION_SENT] {"question_idx": 1387, "uid": "3dd39155-7b16-4281-86bf-e8c07ea11eb6"}
2026-03-23 01:11:30 | INFO     | [QUESTION_ATTEMPT] {"attempt": 80, "max_questions": 400, "question_idx": 1387, "uid": "3dd39155-7b16-4281-86bf-e8c07ea11eb6"}
2026-03-23 01:12:00 | INFO     | [QUESTION_SENT] {"question_idx": 1387, "uid": "3dd39155-7b16-4281-86bf-e8c07ea11eb6"}
2026-03-23 01:12:23 | INFO     | [QUESTION_ATTEMPT] {"attempt": 81, "max_questions": 400, "question_idx": 1387, "uid": "3dd39155-7b16-4281-86bf-e8c07ea11eb6"}
2026-03-23 01:12:36 | INFO     | [QUESTION_SENT] {"question_idx": 1387, "uid": "3dd39155-7b16-4281-86bf-e8c07ea11eb6"}
2026-03-23 01:13:22 | INFO     | [QUESTION_SENT] {"question_idx": 1387, "uid": "3dd39155-7b16-4281-86bf-e8c07ea11eb6"}
2026-03-23 01:13:52 | INFO     | [QUESTION_ATTEMPT] {"attempt": 82, "max_questions": 400, "question_idx": 1387, "uid": "3dd39155-7b16-4281-86bf-e8c07ea11eb6"}
2026-03-23 01:14:22 | INFO     | [QUESTION_SENT] {"question_idx": 1388, "uid": "cf741d4a-ae42-48d3-8392-935bf576e076"}
2026-03-23 01:14:54 | INFO     | [QUESTION_ATTEMPT] {"attempt": 83, "max_questions": 400, "question_idx": 1388, "uid": "cf741d4a-ae42-48d3-8392-935bf576e076"}
2026-03-23 01:15:24 | INFO     | [QUESTION_SENT] {"question_idx": 1389, "uid": "9db17e0b-187e-45bf-8682-f9c530f3e3f9"}
2026-03-23 01:15:54 | INFO     | [QUESTION_ATTEMPT] {"attempt": 84, "max_questions": 400, "question_idx": 1389, "uid": "9db17e0b-187e-45bf-8682-f9c530f3e3f9"}
2026-03-23 01:16:25 | INFO     | [QUESTION_SENT] {"question_idx": 1390, "uid": "ada61afe-725d-4d58-b6df-d8b9b70df3b5"}
2026-03-23 01:16:52 | INFO     | [QUESTION_ATTEMPT] {"attempt": 85, "max_questions": 400, "question_idx": 1390, "uid": "ada61afe-725d-4d58-b6df-d8b9b70df3b5"}
2026-03-23 01:17:04 | INFO     | [QUESTION_SENT] {"question_idx": 1390, "uid": "ada61afe-725d-4d58-b6df-d8b9b70df3b5"}
2026-03-23 01:17:23 | INFO     | [QUESTION_ATTEMPT] {"attempt": 86, "max_questions": 400, "question_idx": 1390, "uid": "ada61afe-725d-4d58-b6df-d8b9b70df3b5"}
2026-03-23 01:17:53 | INFO     | [QUESTION_SENT] {"question_idx": 1391, "uid": "b0bed630-2644-4f53-9a52-bde12bcb9d03"}
2026-03-23 01:18:25 | INFO     | [QUESTION_ATTEMPT] {"attempt": 87, "max_questions": 400, "question_idx": 1391, "uid": "b0bed630-2644-4f53-9a52-bde12bcb9d03"}
2026-03-23 01:18:55 | INFO     | [QUESTION_SENT] {"question_idx": 1392, "uid": "7cafdd75-1f31-4583-a4a8-cf448bb620a1"}
2026-03-23 01:19:28 | INFO     | [QUESTION_ATTEMPT] {"attempt": 88, "max_questions": 400, "question_idx": 1392, "uid": "7cafdd75-1f31-4583-a4a8-cf448bb620a1"}
2026-03-23 01:19:59 | INFO     | [QUESTION_SENT] {"question_idx": 1393, "uid": "5759ee0a-398b-4590-b842-3b843999cf70"}
2026-03-23 01:20:29 | INFO     | [QUESTION_ATTEMPT] {"attempt": 89, "max_questions": 400, "question_idx": 1393, "uid": "5759ee0a-398b-4590-b842-3b843999cf70"}
2026-03-23 01:20:59 | INFO     | [QUESTION_SENT] {"question_idx": 1394, "uid": "21e1a1d8-13c4-4bab-8825-b72ed18563c7"}
2026-03-23 01:21:29 | INFO     | [QUESTION_ATTEMPT] {"attempt": 90, "max_questions": 400, "question_idx": 1394, "uid": "21e1a1d8-13c4-4bab-8825-b72ed18563c7"}
2026-03-23 01:22:00 | INFO     | [QUESTION_SENT] {"question_idx": 1395, "uid": "6f52277f-f875-45af-b149-24296a04f03f"}
2026-03-23 01:22:30 | INFO     | [QUESTION_ATTEMPT] {"attempt": 91, "max_questions": 400, "question_idx": 1395, "uid": "6f52277f-f875-45af-b149-24296a04f03f"}
2026-03-23 01:23:00 | INFO     | [QUESTION_SENT] {"question_idx": 1396, "uid": "b9c2aa11-b177-416e-9af9-9e9bb8802ff5"}
2026-03-23 01:23:30 | INFO     | [QUESTION_ATTEMPT] {"attempt": 92, "max_questions": 400, "question_idx": 1396, "uid": "b9c2aa11-b177-416e-9af9-9e9bb8802ff5"}
2026-03-23 01:24:01 | INFO     | [QUESTION_SENT] {"question_idx": 1397, "uid": "a0fd0624-4b9e-410d-ac01-21da901b5a63"}
2026-03-23 01:24:54 | INFO     | [QUESTION_SENT] {"question_idx": 1397, "uid": "a0fd0624-4b9e-410d-ac01-21da901b5a63"}
2026-03-23 01:25:27 | INFO     | [QUESTION_ATTEMPT] {"attempt": 93, "max_questions": 400, "question_idx": 1397, "uid": "a0fd0624-4b9e-410d-ac01-21da901b5a63"}
2026-03-23 01:25:57 | INFO     | [QUESTION_SENT] {"question_idx": 1398, "uid": "2f8adfae-c5d9-4880-aac3-251645408217"}
2026-03-23 01:26:27 | INFO     | [QUESTION_ATTEMPT] {"attempt": 94, "max_questions": 400, "question_idx": 1398, "uid": "2f8adfae-c5d9-4880-aac3-251645408217"}
2026-03-23 01:26:58 | INFO     | [QUESTION_SENT] {"question_idx": 1399, "uid": "cf50ae64-f9a6-4821-8ede-ecacc4568ba3"}
2026-03-23 01:27:56 | INFO     | [QUESTION_SENT] {"question_idx": 1399, "uid": "cf50ae64-f9a6-4821-8ede-ecacc4568ba3"}
2026-03-23 01:28:24 | INFO     | [QUESTION_ATTEMPT] {"attempt": 95, "max_questions": 400, "question_idx": 1399, "uid": "cf50ae64-f9a6-4821-8ede-ecacc4568ba3"}
2026-03-23 01:28:36 | INFO     | [QUESTION_SENT] {"question_idx": 1399, "uid": "cf50ae64-f9a6-4821-8ede-ecacc4568ba3"}
2026-03-23 01:28:59 | INFO     | [QUESTION_ATTEMPT] {"attempt": 96, "max_questions": 400, "question_idx": 1399, "uid": "cf50ae64-f9a6-4821-8ede-ecacc4568ba3"}
2026-03-23 01:29:30 | INFO     | [QUESTION_SENT] {"question_idx": 1400, "uid": "c022ad59-b93b-4027-bcb5-e928d3c89bce"}
2026-03-23 01:30:01 | INFO     | [QUESTION_ATTEMPT] {"attempt": 97, "max_questions": 400, "question_idx": 1400, "uid": "c022ad59-b93b-4027-bcb5-e928d3c89bce"}
2026-03-23 01:30:32 | INFO     | [QUESTION_SENT] {"question_idx": 1401, "uid": "fc2e961a-b5b7-4ec2-a98b-039ced715a51"}
2026-03-23 01:31:06 | INFO     | [QUESTION_ATTEMPT] {"attempt": 98, "max_questions": 400, "question_idx": 1401, "uid": "fc2e961a-b5b7-4ec2-a98b-039ced715a51"}
2026-03-23 01:31:36 | INFO     | [QUESTION_SENT] {"question_idx": 1402, "uid": "de5588fc-882e-49bd-b81f-21c604d0d1a1"}
2026-03-23 01:32:11 | INFO     | [QUESTION_ATTEMPT] {"attempt": 99, "max_questions": 400, "question_idx": 1402, "uid": "de5588fc-882e-49bd-b81f-21c604d0d1a1"}
2026-03-23 01:32:41 | INFO     | [QUESTION_SENT] {"question_idx": 1403, "uid": "7e0eae17-56d9-49a5-a35d-37d046b2a16b"}
2026-03-23 01:33:10 | INFO     | [QUESTION_ATTEMPT] {"attempt": 100, "max_questions": 400, "question_idx": 1403, "uid": "7e0eae17-56d9-49a5-a35d-37d046b2a16b"}
2026-03-23 01:33:40 | INFO     | [QUESTION_SENT] {"question_idx": 1404, "uid": "83bb49f9-fa0d-4a51-ba44-bcf7e63505d3"}
2026-03-23 01:34:10 | INFO     | [QUESTION_ATTEMPT] {"attempt": 101, "max_questions": 400, "question_idx": 1404, "uid": "83bb49f9-fa0d-4a51-ba44-bcf7e63505d3"}
2026-03-23 01:34:41 | INFO     | [QUESTION_SENT] {"question_idx": 1405, "uid": "f8ca4ac2-485d-4a4b-9bdc-460f06f2b2eb"}
2026-03-23 01:35:11 | INFO     | [QUESTION_ATTEMPT] {"attempt": 102, "max_questions": 400, "question_idx": 1405, "uid": "f8ca4ac2-485d-4a4b-9bdc-460f06f2b2eb"}
2026-03-23 01:35:41 | INFO     | [QUESTION_SENT] {"question_idx": 1406, "uid": "206e1a2c-7a3f-4b47-9cd9-1a664de193cb"}
2026-03-23 01:36:13 | INFO     | [QUESTION_ATTEMPT] {"attempt": 103, "max_questions": 400, "question_idx": 1406, "uid": "206e1a2c-7a3f-4b47-9cd9-1a664de193cb"}
2026-03-23 01:36:43 | INFO     | [QUESTION_SENT] {"question_idx": 1407, "uid": "96ca68b5-1505-4f26-9445-806ea45812a8"}
2026-03-23 01:37:15 | INFO     | [QUESTION_ATTEMPT] {"attempt": 104, "max_questions": 400, "question_idx": 1407, "uid": "96ca68b5-1505-4f26-9445-806ea45812a8"}
2026-03-23 01:37:45 | INFO     | [QUESTION_SENT] {"question_idx": 1408, "uid": "13ebac8f-21e8-4813-ab24-44dbe1c3d7ed"}
2026-03-23 01:38:17 | INFO     | [QUESTION_ATTEMPT] {"attempt": 105, "max_questions": 400, "question_idx": 1408, "uid": "13ebac8f-21e8-4813-ab24-44dbe1c3d7ed"}
2026-03-23 01:38:47 | INFO     | [QUESTION_SENT] {"question_idx": 1409, "uid": "5fdf56c4-0c3c-4140-8d3c-c07aae6888ea"}
2026-03-23 01:39:17 | INFO     | [QUESTION_ATTEMPT] {"attempt": 106, "max_questions": 400, "question_idx": 1409, "uid": "5fdf56c4-0c3c-4140-8d3c-c07aae6888ea"}
2026-03-23 01:39:47 | INFO     | [QUESTION_SENT] {"question_idx": 1410, "uid": "f6b855a2-0b78-456c-9f98-57e98678642d"}
2026-03-23 01:40:19 | INFO     | [QUESTION_ATTEMPT] {"attempt": 107, "max_questions": 400, "question_idx": 1410, "uid": "f6b855a2-0b78-456c-9f98-57e98678642d"}
2026-03-23 01:40:49 | INFO     | [QUESTION_SENT] {"question_idx": 1411, "uid": "367ab2a5-fa5d-4e49-bb20-e8bf9f7fae62"}
2026-03-23 01:41:25 | INFO     | [QUESTION_ATTEMPT] {"attempt": 108, "max_questions": 400, "question_idx": 1411, "uid": "367ab2a5-fa5d-4e49-bb20-e8bf9f7fae62"}
2026-03-23 01:41:56 | INFO     | [QUESTION_SENT] {"question_idx": 1412, "uid": "7d56e26b-da16-45d5-bc52-8da2f858be54"}
2026-03-23 01:42:26 | INFO     | [QUESTION_ATTEMPT] {"attempt": 109, "max_questions": 400, "question_idx": 1412, "uid": "7d56e26b-da16-45d5-bc52-8da2f858be54"}
2026-03-23 01:42:56 | INFO     | [QUESTION_SENT] {"question_idx": 1413, "uid": "cdfe81d0-3269-473d-be6c-301064417a96"}
2026-03-23 01:43:28 | INFO     | [QUESTION_ATTEMPT] {"attempt": 110, "max_questions": 400, "question_idx": 1413, "uid": "cdfe81d0-3269-473d-be6c-301064417a96"}
2026-03-23 01:43:58 | INFO     | [QUESTION_SENT] {"question_idx": 1414, "uid": "04e5fb12-49d6-47c8-b036-dcff653adb6a"}
2026-03-23 01:44:30 | INFO     | [QUESTION_ATTEMPT] {"attempt": 111, "max_questions": 400, "question_idx": 1414, "uid": "04e5fb12-49d6-47c8-b036-dcff653adb6a"}
2026-03-23 01:45:00 | INFO     | [QUESTION_SENT] {"question_idx": 1415, "uid": "8138b8e0-fce1-4b68-b6ca-21dbba5681a4"}
2026-03-23 01:45:32 | INFO     | [QUESTION_ATTEMPT] {"attempt": 112, "max_questions": 400, "question_idx": 1415, "uid": "8138b8e0-fce1-4b68-b6ca-21dbba5681a4"}
2026-03-23 01:46:02 | INFO     | [QUESTION_SENT] {"question_idx": 1416, "uid": "e5fb0543-64ec-4c73-985d-8558f076c668"}
2026-03-23 01:46:33 | INFO     | [QUESTION_ATTEMPT] {"attempt": 113, "max_questions": 400, "question_idx": 1416, "uid": "e5fb0543-64ec-4c73-985d-8558f076c668"}
2026-03-23 01:47:04 | INFO     | [QUESTION_SENT] {"question_idx": 1417, "uid": "7cb48845-f198-4461-ba2a-966a1d89a9f4"}
2026-03-23 01:47:33 | INFO     | [QUESTION_ATTEMPT] {"attempt": 114, "max_questions": 400, "question_idx": 1417, "uid": "7cb48845-f198-4461-ba2a-966a1d89a9f4"}
2026-03-23 01:48:03 | INFO     | [QUESTION_SENT] {"question_idx": 1418, "uid": "0534715c-7f55-4f9e-a558-cb905aeaf573"}
2026-03-23 01:48:32 | INFO     | [QUESTION_ATTEMPT] {"attempt": 115, "max_questions": 400, "question_idx": 1418, "uid": "0534715c-7f55-4f9e-a558-cb905aeaf573"}
2026-03-23 01:49:02 | INFO     | [QUESTION_SENT] {"question_idx": 1419, "uid": "a7acc513-cf03-496a-a73c-6b919446d0df"}
2026-03-23 01:49:35 | INFO     | [QUESTION_ATTEMPT] {"attempt": 116, "max_questions": 400, "question_idx": 1419, "uid": "a7acc513-cf03-496a-a73c-6b919446d0df"}
2026-03-23 01:50:05 | INFO     | [QUESTION_SENT] {"question_idx": 1420, "uid": "100c5845-877d-4dea-9fe6-f0619edff48e"}
2026-03-23 01:50:35 | INFO     | [QUESTION_ATTEMPT] {"attempt": 117, "max_questions": 400, "question_idx": 1420, "uid": "100c5845-877d-4dea-9fe6-f0619edff48e"}
2026-03-23 01:51:06 | INFO     | [QUESTION_SENT] {"question_idx": 1421, "uid": "ffc69d79-e0d0-4e4f-8448-bbb05ac111ec"}
2026-03-23 01:51:36 | INFO     | [QUESTION_ATTEMPT] {"attempt": 118, "max_questions": 400, "question_idx": 1421, "uid": "ffc69d79-e0d0-4e4f-8448-bbb05ac111ec"}
2026-03-23 01:52:06 | INFO     | [QUESTION_SENT] {"question_idx": 1422, "uid": "8717d2bc-025d-4f12-9e6a-c9d4bd1ce02a"}
2026-03-23 01:52:36 | INFO     | [QUESTION_ATTEMPT] {"attempt": 119, "max_questions": 400, "question_idx": 1422, "uid": "8717d2bc-025d-4f12-9e6a-c9d4bd1ce02a"}
2026-03-23 01:53:07 | INFO     | [QUESTION_SENT] {"question_idx": 1422, "uid": "8717d2bc-025d-4f12-9e6a-c9d4bd1ce02a"}
2026-03-23 01:53:41 | INFO     | [QUESTION_ATTEMPT] {"attempt": 120, "max_questions": 400, "question_idx": 1422, "uid": "8717d2bc-025d-4f12-9e6a-c9d4bd1ce02a"}
2026-03-23 01:54:12 | INFO     | [QUESTION_SENT] {"question_idx": 1423, "uid": "b8cdd16d-6bf9-47d7-b091-8fa03268595e"}
2026-03-23 01:54:42 | INFO     | [QUESTION_ATTEMPT] {"attempt": 121, "max_questions": 400, "question_idx": 1423, "uid": "b8cdd16d-6bf9-47d7-b091-8fa03268595e"}
2026-03-23 01:55:12 | INFO     | [QUESTION_SENT] {"question_idx": 1424, "uid": "dbf5fe9a-db15-4f2c-ab77-25e8c2373bf5"}
2026-03-23 01:55:42 | INFO     | [QUESTION_ATTEMPT] {"attempt": 122, "max_questions": 400, "question_idx": 1424, "uid": "dbf5fe9a-db15-4f2c-ab77-25e8c2373bf5"}
2026-03-23 01:56:13 | INFO     | [QUESTION_SENT] {"question_idx": 1425, "uid": "69c875ef-f391-4fc9-9830-b33066f1f529"}
2026-03-23 01:56:41 | INFO     | [QUESTION_ATTEMPT] {"attempt": 123, "max_questions": 400, "question_idx": 1425, "uid": "69c875ef-f391-4fc9-9830-b33066f1f529"}
2026-03-23 01:57:12 | INFO     | [QUESTION_SENT] {"question_idx": 1426, "uid": "c67ba8c6-9a64-4622-8dbf-d182ea545a5a"}
2026-03-23 01:57:42 | INFO     | [QUESTION_ATTEMPT] {"attempt": 124, "max_questions": 400, "question_idx": 1426, "uid": "c67ba8c6-9a64-4622-8dbf-d182ea545a5a"}
2026-03-23 01:58:12 | INFO     | [QUESTION_SENT] {"question_idx": 1427, "uid": "93bdcc49-8a24-40e3-a677-6a007608f51e"}
2026-03-23 01:58:42 | INFO     | [QUESTION_ATTEMPT] {"attempt": 125, "max_questions": 400, "question_idx": 1427, "uid": "93bdcc49-8a24-40e3-a677-6a007608f51e"}
2026-03-23 01:59:13 | INFO     | [QUESTION_SENT] {"question_idx": 1428, "uid": "8b3757e6-5ecb-4ec2-bd41-c0c653cb1ba3"}
2026-03-23 01:59:44 | INFO     | [QUESTION_ATTEMPT] {"attempt": 126, "max_questions": 400, "question_idx": 1428, "uid": "8b3757e6-5ecb-4ec2-bd41-c0c653cb1ba3"}
2026-03-23 02:00:15 | INFO     | [QUESTION_SENT] {"question_idx": 1429, "uid": "2c27b246-d52d-46a6-b9cf-a399444d18b5"}
2026-03-23 02:00:46 | INFO     | [QUESTION_ATTEMPT] {"attempt": 127, "max_questions": 400, "question_idx": 1429, "uid": "2c27b246-d52d-46a6-b9cf-a399444d18b5"}
2026-03-23 02:01:17 | INFO     | [QUESTION_SENT] {"question_idx": 1430, "uid": "0e58b50a-e9b2-4324-b5b6-6c07c0f863aa"}
2026-03-23 02:01:47 | INFO     | [QUESTION_ATTEMPT] {"attempt": 128, "max_questions": 400, "question_idx": 1430, "uid": "0e58b50a-e9b2-4324-b5b6-6c07c0f863aa"}
2026-03-23 02:02:17 | INFO     | [QUESTION_SENT] {"question_idx": 1431, "uid": "8a68f2f6-66d3-4a61-9ab4-af28a98ebba8"}
2026-03-23 02:02:49 | INFO     | [QUESTION_ATTEMPT] {"attempt": 129, "max_questions": 400, "question_idx": 1431, "uid": "8a68f2f6-66d3-4a61-9ab4-af28a98ebba8"}
2026-03-23 02:03:19 | INFO     | [QUESTION_SENT] {"question_idx": 1432, "uid": "0d6faa73-6fe8-4edf-95ab-fe16c59dda53"}
2026-03-23 02:03:48 | INFO     | [QUESTION_ATTEMPT] {"attempt": 130, "max_questions": 400, "question_idx": 1432, "uid": "0d6faa73-6fe8-4edf-95ab-fe16c59dda53"}
2026-03-23 02:04:18 | INFO     | [QUESTION_SENT] {"question_idx": 1433, "uid": "d3de0bec-95bc-460c-b3df-951a5b4634af"}
2026-03-23 02:04:50 | INFO     | [QUESTION_ATTEMPT] {"attempt": 131, "max_questions": 400, "question_idx": 1433, "uid": "d3de0bec-95bc-460c-b3df-951a5b4634af"}
2026-03-23 02:05:20 | INFO     | [QUESTION_SENT] {"question_idx": 1434, "uid": "3046e068-e8be-4c67-9365-0292b1db3374"}
2026-03-23 02:05:50 | INFO     | [QUESTION_ATTEMPT] {"attempt": 132, "max_questions": 400, "question_idx": 1434, "uid": "3046e068-e8be-4c67-9365-0292b1db3374"}
2026-03-23 02:06:20 | INFO     | [QUESTION_SENT] {"question_idx": 1435, "uid": "ba65b8b8-ac0c-4f17-bc6f-5d369ffc344a"}
2026-03-23 02:06:51 | INFO     | [QUESTION_ATTEMPT] {"attempt": 133, "max_questions": 400, "question_idx": 1435, "uid": "ba65b8b8-ac0c-4f17-bc6f-5d369ffc344a"}
2026-03-23 02:07:21 | INFO     | [QUESTION_SENT] {"question_idx": 1436, "uid": "52c58afd-d658-4d2f-a566-98e3f8a8e460"}
2026-03-23 02:07:50 | INFO     | [QUESTION_ATTEMPT] {"attempt": 134, "max_questions": 400, "question_idx": 1436, "uid": "52c58afd-d658-4d2f-a566-98e3f8a8e460"}
2026-03-23 02:08:20 | INFO     | [QUESTION_SENT] {"question_idx": 1437, "uid": "7a1b6227-abca-4767-bb20-655331a1d2dd"}
2026-03-23 02:08:52 | INFO     | [QUESTION_ATTEMPT] {"attempt": 135, "max_questions": 400, "question_idx": 1437, "uid": "7a1b6227-abca-4767-bb20-655331a1d2dd"}
2026-03-23 02:09:22 | INFO     | [QUESTION_SENT] {"question_idx": 1438, "uid": "84a49cc0-74b1-4bb1-ba48-9c1d8048e1a8"}
2026-03-23 02:09:52 | INFO     | [QUESTION_ATTEMPT] {"attempt": 136, "max_questions": 400, "question_idx": 1438, "uid": "84a49cc0-74b1-4bb1-ba48-9c1d8048e1a8"}
2026-03-23 02:10:05 | INFO     | [QUESTION_SENT] {"question_idx": 1438, "uid": "84a49cc0-74b1-4bb1-ba48-9c1d8048e1a8"}
2026-03-23 02:10:22 | INFO     | [QUESTION_ATTEMPT] {"attempt": 137, "max_questions": 400, "question_idx": 1438, "uid": "84a49cc0-74b1-4bb1-ba48-9c1d8048e1a8"}
2026-03-23 02:10:34 | INFO     | [QUESTION_SENT] {"question_idx": 1438, "uid": "84a49cc0-74b1-4bb1-ba48-9c1d8048e1a8"}
2026-03-23 02:11:13 | INFO     | [QUESTION_SENT] {"question_idx": 1438, "uid": "84a49cc0-74b1-4bb1-ba48-9c1d8048e1a8"}
2026-03-23 02:11:43 | INFO     | [QUESTION_ATTEMPT] {"attempt": 138, "max_questions": 400, "question_idx": 1438, "uid": "84a49cc0-74b1-4bb1-ba48-9c1d8048e1a8"}
2026-03-23 02:12:14 | INFO     | [QUESTION_SENT] {"question_idx": 1439, "uid": "61f6a7c2-5450-411a-b935-578f3e688c77"}
2026-03-23 02:12:44 | INFO     | [QUESTION_ATTEMPT] {"attempt": 139, "max_questions": 400, "question_idx": 1439, "uid": "61f6a7c2-5450-411a-b935-578f3e688c77"}
2026-03-23 02:13:14 | INFO     | [QUESTION_SENT] {"question_idx": 1440, "uid": "1236c94d-5552-474c-9af3-0995d7ca4c2b"}
2026-03-23 02:13:46 | INFO     | [QUESTION_ATTEMPT] {"attempt": 140, "max_questions": 400, "question_idx": 1440, "uid": "1236c94d-5552-474c-9af3-0995d7ca4c2b"}
2026-03-23 02:14:16 | INFO     | [QUESTION_SENT] {"question_idx": 1441, "uid": "cfbe4c32-6eaf-4ee3-8f85-85c191b54d3e"}
2026-03-23 02:14:48 | INFO     | [QUESTION_ATTEMPT] {"attempt": 141, "max_questions": 400, "question_idx": 1441, "uid": "cfbe4c32-6eaf-4ee3-8f85-85c191b54d3e"}
2026-03-23 02:15:18 | INFO     | [QUESTION_SENT] {"question_idx": 1442, "uid": "82cdfb7d-9c37-4948-b37a-71a5afb905b6"}
2026-03-23 02:16:11 | INFO     | [QUESTION_SENT] {"question_idx": 1442, "uid": "82cdfb7d-9c37-4948-b37a-71a5afb905b6"}
2026-03-23 02:16:50 | INFO     | [QUESTION_ATTEMPT] {"attempt": 142, "max_questions": 400, "question_idx": 1442, "uid": "82cdfb7d-9c37-4948-b37a-71a5afb905b6"}
2026-03-23 02:17:20 | INFO     | [QUESTION_SENT] {"question_idx": 1443, "uid": "894c4c8d-cf3b-4ffa-8f08-93e8d4ee8981"}
2026-03-23 02:17:50 | INFO     | [QUESTION_ATTEMPT] {"attempt": 143, "max_questions": 400, "question_idx": 1443, "uid": "894c4c8d-cf3b-4ffa-8f08-93e8d4ee8981"}
2026-03-23 02:18:21 | INFO     | [QUESTION_SENT] {"question_idx": 1444, "uid": "f4f2183e-a3f3-4595-b299-8308ca30f05e"}
2026-03-23 02:18:51 | INFO     | [QUESTION_ATTEMPT] {"attempt": 144, "max_questions": 400, "question_idx": 1444, "uid": "f4f2183e-a3f3-4595-b299-8308ca30f05e"}
2026-03-23 02:19:21 | INFO     | [QUESTION_SENT] {"question_idx": 1445, "uid": "d6e002c8-44ed-43f6-8e03-60332849e0d7"}
2026-03-23 02:19:47 | INFO     | [QUESTION_ATTEMPT] {"attempt": 145, "max_questions": 400, "question_idx": 1445, "uid": "d6e002c8-44ed-43f6-8e03-60332849e0d7"}
2026-03-23 02:20:00 | INFO     | [QUESTION_SENT] {"question_idx": 1445, "uid": "d6e002c8-44ed-43f6-8e03-60332849e0d7"}
2026-03-23 02:20:18 | INFO     | [QUESTION_ATTEMPT] {"attempt": 146, "max_questions": 400, "question_idx": 1445, "uid": "d6e002c8-44ed-43f6-8e03-60332849e0d7"}
2026-03-23 02:20:49 | INFO     | [QUESTION_SENT] {"question_idx": 1446, "uid": "c0d4a53f-4e60-4189-a46f-7d1b32454a35"}
2026-03-23 02:21:25 | INFO     | [QUESTION_ATTEMPT] {"attempt": 147, "max_questions": 400, "question_idx": 1446, "uid": "c0d4a53f-4e60-4189-a46f-7d1b32454a35"}
2026-03-23 02:21:55 | INFO     | [QUESTION_SENT] {"question_idx": 1447, "uid": "2a357498-04e0-4077-b34a-2c3ca4bf3703"}
2026-03-23 02:22:24 | INFO     | [QUESTION_ATTEMPT] {"attempt": 148, "max_questions": 400, "question_idx": 1447, "uid": "2a357498-04e0-4077-b34a-2c3ca4bf3703"}
2026-03-23 02:22:54 | INFO     | [QUESTION_SENT] {"question_idx": 1448, "uid": "08ffb91c-1182-456e-8188-2cd4fed476a3"}
2026-03-23 02:23:24 | INFO     | [QUESTION_ATTEMPT] {"attempt": 149, "max_questions": 400, "question_idx": 1448, "uid": "08ffb91c-1182-456e-8188-2cd4fed476a3"}
2026-03-23 02:23:55 | INFO     | [QUESTION_SENT] {"question_idx": 1449, "uid": "0d8b4fa2-5fff-4ddf-accc-f36387f5367f"}
2026-03-23 02:24:48 | INFO     | [QUESTION_SENT] {"question_idx": 1449, "uid": "0d8b4fa2-5fff-4ddf-accc-f36387f5367f"}
2026-03-23 02:25:15 | INFO     | [QUESTION_ATTEMPT] {"attempt": 150, "max_questions": 400, "question_idx": 1449, "uid": "0d8b4fa2-5fff-4ddf-accc-f36387f5367f"}
2026-03-23 02:25:27 | INFO     | [QUESTION_SENT] {"question_idx": 1449, "uid": "0d8b4fa2-5fff-4ddf-accc-f36387f5367f"}
2026-03-23 02:25:48 | INFO     | [QUESTION_ATTEMPT] {"attempt": 151, "max_questions": 400, "question_idx": 1449, "uid": "0d8b4fa2-5fff-4ddf-accc-f36387f5367f"}
2026-03-23 02:25:49 | INFO     | [BOT_STOP] {"bot_id": 10, "total_questions": 151}
