2026-04-10 11:21:30 | INFO     | [BOT_START] {"bot_id": 10, "project": "hypos_norm", "timestamp": "2026-04-10T11:21:30.746109", "log_dir": "/home/dmitrii/Documents/projects/clicker_3.0/logs/bot_10"}
2026-04-10 11:21:37 | INFO     | [RESTART] {"bot_id": 10, "note": "first_start"}
2026-04-10 11:21:37 | INFO     | [FSM_INITIALIZED] {"site": "gpt", "scenario": "web_search", "start_state": "start_question"}
2026-04-10 11:22:47 | INFO     | [QUESTION_ATTEMPT] {"attempt": 1, "max_questions": 300, "question_idx": 1671, "uid": "ee70d998-8471-4df6-a9ee-caee8410fa74"}
2026-04-10 11:22:47 | INFO     | [QUESTION_SENT] {"question_idx": 1671, "uid": "ee70d998-8471-4df6-a9ee-caee8410fa74"}
2026-04-10 11:23:37 | INFO     | [QUESTION_ATTEMPT] {"attempt": 2, "max_questions": 300, "question_idx": 1671, "uid": "ee70d998-8471-4df6-a9ee-caee8410fa74"}
2026-04-10 11:23:37 | INFO     | [QUESTION_SENT] {"question_idx": 1671, "uid": "ee70d998-8471-4df6-a9ee-caee8410fa74"}
2026-04-10 11:27:16 | INFO     | [QUESTION_ATTEMPT] {"attempt": 3, "max_questions": 300, "question_idx": 1672, "uid": "257b2591-fcdc-4b38-b6c6-49c8d58183c0"}
2026-04-10 11:27:16 | INFO     | [QUESTION_SENT] {"question_idx": 1672, "uid": "257b2591-fcdc-4b38-b6c6-49c8d58183c0"}
2026-04-10 11:30:53 | INFO     | [QUESTION_ATTEMPT] {"attempt": 4, "max_questions": 300, "question_idx": 1672, "uid": "257b2591-fcdc-4b38-b6c6-49c8d58183c0"}
2026-04-10 11:30:53 | INFO     | [QUESTION_SENT] {"question_idx": 1672, "uid": "257b2591-fcdc-4b38-b6c6-49c8d58183c0"}
2026-04-10 11:34:28 | INFO     | [QUESTION_ATTEMPT] {"attempt": 5, "max_questions": 300, "question_idx": 1673, "uid": "1f74edda-67c5-438a-8331-be4b894fff7b"}
2026-04-10 11:34:28 | INFO     | [QUESTION_SENT] {"question_idx": 1673, "uid": "1f74edda-67c5-438a-8331-be4b894fff7b"}
2026-04-10 11:38:05 | INFO     | [QUESTION_ATTEMPT] {"attempt": 6, "max_questions": 300, "question_idx": 1674, "uid": "0687903d-0d72-4181-9a0b-4b1d89be8d60"}
2026-04-10 11:38:05 | INFO     | [QUESTION_SENT] {"question_idx": 1674, "uid": "0687903d-0d72-4181-9a0b-4b1d89be8d60"}
2026-04-10 11:41:42 | INFO     | [QUESTION_ATTEMPT] {"attempt": 7, "max_questions": 300, "question_idx": 1675, "uid": "fbc806c9-ac7b-45cf-acc0-82d583972067"}
2026-04-10 11:41:42 | INFO     | [QUESTION_SENT] {"question_idx": 1675, "uid": "fbc806c9-ac7b-45cf-acc0-82d583972067"}
2026-04-10 11:45:18 | INFO     | [QUESTION_ATTEMPT] {"attempt": 8, "max_questions": 300, "question_idx": 1676, "uid": "bb552561-13c5-4ab2-bf4e-d86e82132ff4"}
2026-04-10 11:45:18 | INFO     | [QUESTION_SENT] {"question_idx": 1676, "uid": "bb552561-13c5-4ab2-bf4e-d86e82132ff4"}
2026-04-10 11:48:53 | INFO     | [QUESTION_ATTEMPT] {"attempt": 9, "max_questions": 300, "question_idx": 1677, "uid": "e32e4bb4-f3b3-4102-b8e0-e97cb0e3ace6"}
2026-04-10 11:48:53 | INFO     | [QUESTION_SENT] {"question_idx": 1677, "uid": "e32e4bb4-f3b3-4102-b8e0-e97cb0e3ace6"}
2026-04-10 11:49:58 | INFO     | [QUESTION_ATTEMPT] {"attempt": 10, "max_questions": 300, "question_idx": 1677, "uid": "e32e4bb4-f3b3-4102-b8e0-e97cb0e3ace6"}
2026-04-10 11:49:58 | INFO     | [QUESTION_SENT] {"question_idx": 1677, "uid": "e32e4bb4-f3b3-4102-b8e0-e97cb0e3ace6"}
2026-04-10 11:52:29 | INFO     | [QUESTION_ATTEMPT] {"attempt": 11, "max_questions": 300, "question_idx": 1677, "uid": "e32e4bb4-f3b3-4102-b8e0-e97cb0e3ace6"}
2026-04-10 11:52:29 | INFO     | [QUESTION_SENT] {"question_idx": 1677, "uid": "e32e4bb4-f3b3-4102-b8e0-e97cb0e3ace6"}
2026-04-10 11:56:06 | INFO     | [QUESTION_ATTEMPT] {"attempt": 12, "max_questions": 300, "question_idx": 1678, "uid": "e677b43f-27cc-4cc2-903f-2c887c03f38c"}
2026-04-10 11:56:06 | INFO     | [QUESTION_SENT] {"question_idx": 1678, "uid": "e677b43f-27cc-4cc2-903f-2c887c03f38c"}
2026-04-10 11:59:41 | INFO     | [QUESTION_ATTEMPT] {"attempt": 13, "max_questions": 300, "question_idx": 1679, "uid": "4bd7361d-ac61-4bb9-9360-8a021f0bfbc8"}
2026-04-10 11:59:41 | INFO     | [QUESTION_SENT] {"question_idx": 1679, "uid": "4bd7361d-ac61-4bb9-9360-8a021f0bfbc8"}
2026-04-10 12:03:17 | INFO     | [QUESTION_ATTEMPT] {"attempt": 14, "max_questions": 300, "question_idx": 1680, "uid": "1c126705-b6d3-49bc-9c35-3b265618f103"}
2026-04-10 12:03:17 | INFO     | [QUESTION_SENT] {"question_idx": 1680, "uid": "1c126705-b6d3-49bc-9c35-3b265618f103"}
2026-04-10 12:06:53 | INFO     | [QUESTION_ATTEMPT] {"attempt": 15, "max_questions": 300, "question_idx": 1681, "uid": "043ce11f-aac4-41c5-bec5-dbecfa7339d4"}
2026-04-10 12:06:53 | INFO     | [QUESTION_SENT] {"question_idx": 1681, "uid": "043ce11f-aac4-41c5-bec5-dbecfa7339d4"}
2026-04-10 12:07:48 | INFO     | [QUESTION_ATTEMPT] {"attempt": 16, "max_questions": 300, "question_idx": 1681, "uid": "043ce11f-aac4-41c5-bec5-dbecfa7339d4"}
2026-04-10 12:07:48 | INFO     | [QUESTION_SENT] {"question_idx": 1681, "uid": "043ce11f-aac4-41c5-bec5-dbecfa7339d4"}
2026-04-10 12:14:41 | INFO     | [QUESTION_ATTEMPT] {"attempt": 17, "max_questions": 300, "question_idx": 1681, "uid": "043ce11f-aac4-41c5-bec5-dbecfa7339d4"}
2026-04-10 12:14:41 | INFO     | [QUESTION_SENT] {"question_idx": 1681, "uid": "043ce11f-aac4-41c5-bec5-dbecfa7339d4"}
2026-04-10 12:18:16 | INFO     | [QUESTION_ATTEMPT] {"attempt": 18, "max_questions": 300, "question_idx": 1682, "uid": "8e1fe635-0427-442a-9280-b346253003ac"}
2026-04-10 12:18:16 | INFO     | [QUESTION_SENT] {"question_idx": 1682, "uid": "8e1fe635-0427-442a-9280-b346253003ac"}
2026-04-10 12:21:52 | INFO     | [QUESTION_ATTEMPT] {"attempt": 19, "max_questions": 300, "question_idx": 1683, "uid": "adfab21b-f893-4427-a5e1-92893d0c1510"}
2026-04-10 12:21:52 | INFO     | [QUESTION_SENT] {"question_idx": 1683, "uid": "adfab21b-f893-4427-a5e1-92893d0c1510"}
2026-04-10 12:24:23 | INFO     | [QUESTION_ATTEMPT] {"attempt": 20, "max_questions": 300, "question_idx": 1683, "uid": "adfab21b-f893-4427-a5e1-92893d0c1510"}
2026-04-10 12:24:23 | INFO     | [QUESTION_SENT] {"question_idx": 1683, "uid": "adfab21b-f893-4427-a5e1-92893d0c1510"}
2026-04-10 12:28:01 | INFO     | [QUESTION_ATTEMPT] {"attempt": 21, "max_questions": 300, "question_idx": 1684, "uid": "64502813-887c-426a-809a-e06b68b73487"}
2026-04-10 12:28:01 | INFO     | [QUESTION_SENT] {"question_idx": 1684, "uid": "64502813-887c-426a-809a-e06b68b73487"}
2026-04-10 12:31:37 | INFO     | [QUESTION_ATTEMPT] {"attempt": 22, "max_questions": 300, "question_idx": 1685, "uid": "e0ac2964-7957-4f7a-a4bd-1e1a1963f4a3"}
2026-04-10 12:31:37 | INFO     | [QUESTION_SENT] {"question_idx": 1685, "uid": "e0ac2964-7957-4f7a-a4bd-1e1a1963f4a3"}
2026-04-10 12:35:13 | INFO     | [QUESTION_ATTEMPT] {"attempt": 23, "max_questions": 300, "question_idx": 1686, "uid": "9f067917-f779-457e-8d84-12a609d653d2"}
2026-04-10 12:35:13 | INFO     | [QUESTION_SENT] {"question_idx": 1686, "uid": "9f067917-f779-457e-8d84-12a609d653d2"}
2026-04-10 13:04:42 | INFO     | [QUESTION_ATTEMPT] {"attempt": 24, "max_questions": 300, "question_idx": 1686, "uid": "9f067917-f779-457e-8d84-12a609d653d2"}
2026-04-10 13:04:42 | INFO     | [QUESTION_SENT] {"question_idx": 1686, "uid": "9f067917-f779-457e-8d84-12a609d653d2"}
2026-04-10 13:08:18 | INFO     | [QUESTION_ATTEMPT] {"attempt": 25, "max_questions": 300, "question_idx": 1687, "uid": "66f4deba-bded-46f7-a4e1-c74b72bafa00"}
2026-04-10 13:08:18 | INFO     | [QUESTION_SENT] {"question_idx": 1687, "uid": "66f4deba-bded-46f7-a4e1-c74b72bafa00"}
2026-04-10 13:11:54 | INFO     | [QUESTION_ATTEMPT] {"attempt": 26, "max_questions": 300, "question_idx": 1688, "uid": "7b7a8677-e3fe-4874-8afd-9cebe3a45bd3"}
2026-04-10 13:11:54 | INFO     | [QUESTION_SENT] {"question_idx": 1688, "uid": "7b7a8677-e3fe-4874-8afd-9cebe3a45bd3"}
2026-04-10 13:15:30 | INFO     | [QUESTION_ATTEMPT] {"attempt": 27, "max_questions": 300, "question_idx": 1689, "uid": "89ee5150-db50-447e-babd-c158cd5bdb3f"}
2026-04-10 13:15:30 | INFO     | [QUESTION_SENT] {"question_idx": 1689, "uid": "89ee5150-db50-447e-babd-c158cd5bdb3f"}
2026-04-10 13:19:07 | INFO     | [QUESTION_ATTEMPT] {"attempt": 28, "max_questions": 300, "question_idx": 1690, "uid": "b17895ec-dc01-45c3-9582-188ef4daa216"}
2026-04-10 13:19:07 | INFO     | [QUESTION_SENT] {"question_idx": 1690, "uid": "b17895ec-dc01-45c3-9582-188ef4daa216"}
2026-04-10 13:22:43 | INFO     | [QUESTION_ATTEMPT] {"attempt": 29, "max_questions": 300, "question_idx": 1691, "uid": "8b1a2b73-3f2a-4124-a20c-0be770ce1f62"}
2026-04-10 13:22:43 | INFO     | [QUESTION_SENT] {"question_idx": 1691, "uid": "8b1a2b73-3f2a-4124-a20c-0be770ce1f62"}
2026-04-10 13:26:18 | INFO     | [QUESTION_ATTEMPT] {"attempt": 30, "max_questions": 300, "question_idx": 1692, "uid": "c2dd52be-1033-4672-81d8-633b1b7cd6ba"}
2026-04-10 13:26:18 | INFO     | [QUESTION_SENT] {"question_idx": 1692, "uid": "c2dd52be-1033-4672-81d8-633b1b7cd6ba"}
2026-04-10 13:29:54 | INFO     | [QUESTION_ATTEMPT] {"attempt": 31, "max_questions": 300, "question_idx": 1693, "uid": "e5a9c4bf-cae9-4353-903e-c64c8b977ba3"}
2026-04-10 13:29:54 | INFO     | [QUESTION_SENT] {"question_idx": 1693, "uid": "e5a9c4bf-cae9-4353-903e-c64c8b977ba3"}
2026-04-10 13:33:29 | INFO     | [QUESTION_ATTEMPT] {"attempt": 32, "max_questions": 300, "question_idx": 1694, "uid": "4af4fc0d-e6b0-47d5-b80e-9ecf7eff6357"}
2026-04-10 13:33:29 | INFO     | [QUESTION_SENT] {"question_idx": 1694, "uid": "4af4fc0d-e6b0-47d5-b80e-9ecf7eff6357"}
2026-04-10 13:37:04 | INFO     | [QUESTION_ATTEMPT] {"attempt": 33, "max_questions": 300, "question_idx": 1695, "uid": "db690cfa-0019-43f9-b528-0f954754b9fb"}
2026-04-10 13:37:04 | INFO     | [QUESTION_SENT] {"question_idx": 1695, "uid": "db690cfa-0019-43f9-b528-0f954754b9fb"}
2026-04-10 13:40:39 | INFO     | [QUESTION_ATTEMPT] {"attempt": 34, "max_questions": 300, "question_idx": 1696, "uid": "082b9aa5-7334-4ee6-8a56-26edc332a1bd"}
2026-04-10 13:40:39 | INFO     | [QUESTION_SENT] {"question_idx": 1696, "uid": "082b9aa5-7334-4ee6-8a56-26edc332a1bd"}
2026-04-10 13:48:37 | INFO     | [QUESTION_ATTEMPT] {"attempt": 35, "max_questions": 300, "question_idx": 1697, "uid": "acc07af8-bb04-41b3-b51d-77249ed14532"}
2026-04-10 13:48:37 | INFO     | [QUESTION_SENT] {"question_idx": 1697, "uid": "acc07af8-bb04-41b3-b51d-77249ed14532"}
2026-04-10 13:52:12 | INFO     | [QUESTION_ATTEMPT] {"attempt": 36, "max_questions": 300, "question_idx": 1698, "uid": "03c7ada7-4f6d-4d4a-84c1-aaa412ed98c9"}
2026-04-10 13:52:12 | INFO     | [QUESTION_SENT] {"question_idx": 1698, "uid": "03c7ada7-4f6d-4d4a-84c1-aaa412ed98c9"}
2026-04-10 13:55:47 | INFO     | [QUESTION_ATTEMPT] {"attempt": 37, "max_questions": 300, "question_idx": 1699, "uid": "07bd8d48-468f-4c12-960a-f2105daf91e9"}
2026-04-10 13:55:47 | INFO     | [QUESTION_SENT] {"question_idx": 1699, "uid": "07bd8d48-468f-4c12-960a-f2105daf91e9"}
2026-04-10 13:59:22 | INFO     | [QUESTION_ATTEMPT] {"attempt": 38, "max_questions": 300, "question_idx": 1700, "uid": "5a549086-afc0-4aba-bc75-a1a66e9a6bc0"}
2026-04-10 13:59:22 | INFO     | [QUESTION_SENT] {"question_idx": 1700, "uid": "5a549086-afc0-4aba-bc75-a1a66e9a6bc0"}
2026-04-10 14:02:57 | INFO     | [QUESTION_ATTEMPT] {"attempt": 39, "max_questions": 300, "question_idx": 1701, "uid": "0ed0dd81-e2a5-4a79-bd44-54e6c36b3e40"}
2026-04-10 14:02:57 | INFO     | [QUESTION_SENT] {"question_idx": 1701, "uid": "0ed0dd81-e2a5-4a79-bd44-54e6c36b3e40"}
2026-04-10 14:06:33 | INFO     | [QUESTION_ATTEMPT] {"attempt": 40, "max_questions": 300, "question_idx": 1702, "uid": "d4fcab70-be34-4412-b8af-d8c31aa5cb7f"}
2026-04-10 14:06:33 | INFO     | [QUESTION_SENT] {"question_idx": 1702, "uid": "d4fcab70-be34-4412-b8af-d8c31aa5cb7f"}
2026-04-10 14:10:08 | INFO     | [QUESTION_ATTEMPT] {"attempt": 41, "max_questions": 300, "question_idx": 1703, "uid": "d1594222-8bd4-42eb-b35c-31aa44407777"}
2026-04-10 14:10:08 | INFO     | [QUESTION_SENT] {"question_idx": 1703, "uid": "d1594222-8bd4-42eb-b35c-31aa44407777"}
2026-04-10 14:13:43 | INFO     | [QUESTION_ATTEMPT] {"attempt": 42, "max_questions": 300, "question_idx": 1704, "uid": "3e261551-3dd1-4974-a3ea-087c8b0bca43"}
2026-04-10 14:13:43 | INFO     | [QUESTION_SENT] {"question_idx": 1704, "uid": "3e261551-3dd1-4974-a3ea-087c8b0bca43"}
2026-04-10 14:17:19 | INFO     | [QUESTION_ATTEMPT] {"attempt": 43, "max_questions": 300, "question_idx": 1704, "uid": "3e261551-3dd1-4974-a3ea-087c8b0bca43"}
2026-04-10 14:17:19 | INFO     | [QUESTION_SENT] {"question_idx": 1704, "uid": "3e261551-3dd1-4974-a3ea-087c8b0bca43"}
2026-04-10 14:20:54 | INFO     | [QUESTION_ATTEMPT] {"attempt": 44, "max_questions": 300, "question_idx": 1705, "uid": "436196d2-78ef-4633-9356-76068d02a4c5"}
2026-04-10 14:20:54 | INFO     | [QUESTION_SENT] {"question_idx": 1705, "uid": "436196d2-78ef-4633-9356-76068d02a4c5"}
2026-04-10 14:24:29 | INFO     | [QUESTION_ATTEMPT] {"attempt": 45, "max_questions": 300, "question_idx": 1706, "uid": "80bd3c42-001f-4cec-b7b3-7033e6ce81d2"}
2026-04-10 14:24:29 | INFO     | [QUESTION_SENT] {"question_idx": 1706, "uid": "80bd3c42-001f-4cec-b7b3-7033e6ce81d2"}
2026-04-10 14:28:04 | INFO     | [QUESTION_ATTEMPT] {"attempt": 46, "max_questions": 300, "question_idx": 1707, "uid": "cdb1d721-196a-4658-bd59-7011651fc5f6"}
2026-04-10 14:28:04 | INFO     | [QUESTION_SENT] {"question_idx": 1707, "uid": "cdb1d721-196a-4658-bd59-7011651fc5f6"}
2026-04-10 14:31:39 | INFO     | [QUESTION_ATTEMPT] {"attempt": 47, "max_questions": 300, "question_idx": 1708, "uid": "e3702b8c-ff81-40e8-9820-530073998882"}
2026-04-10 14:31:39 | INFO     | [QUESTION_SENT] {"question_idx": 1708, "uid": "e3702b8c-ff81-40e8-9820-530073998882"}
2026-04-10 14:32:27 | INFO     | [QUESTION_ATTEMPT] {"attempt": 48, "max_questions": 300, "question_idx": 1708, "uid": "e3702b8c-ff81-40e8-9820-530073998882"}
2026-04-10 14:32:27 | INFO     | [QUESTION_SENT] {"question_idx": 1708, "uid": "e3702b8c-ff81-40e8-9820-530073998882"}
2026-04-10 14:36:05 | INFO     | [QUESTION_ATTEMPT] {"attempt": 49, "max_questions": 300, "question_idx": 1709, "uid": "0fe773d5-6fb4-47fa-83f8-95c608ac9bff"}
2026-04-10 14:36:05 | INFO     | [QUESTION_SENT] {"question_idx": 1709, "uid": "0fe773d5-6fb4-47fa-83f8-95c608ac9bff"}
2026-04-10 14:39:40 | INFO     | [QUESTION_ATTEMPT] {"attempt": 50, "max_questions": 300, "question_idx": 1710, "uid": "6d539a41-2d40-4e40-a2e1-c55e2773915c"}
2026-04-10 14:39:40 | INFO     | [QUESTION_SENT] {"question_idx": 1710, "uid": "6d539a41-2d40-4e40-a2e1-c55e2773915c"}
2026-04-10 14:43:15 | INFO     | [QUESTION_ATTEMPT] {"attempt": 51, "max_questions": 300, "question_idx": 1711, "uid": "511699f9-220e-4240-94cb-1c667a51aac5"}
2026-04-10 14:43:15 | INFO     | [QUESTION_SENT] {"question_idx": 1711, "uid": "511699f9-220e-4240-94cb-1c667a51aac5"}
2026-04-10 14:46:50 | INFO     | [QUESTION_ATTEMPT] {"attempt": 52, "max_questions": 300, "question_idx": 1712, "uid": "7a0ee315-978e-4839-bc4e-5d3cf6de0c13"}
2026-04-10 14:46:50 | INFO     | [QUESTION_SENT] {"question_idx": 1712, "uid": "7a0ee315-978e-4839-bc4e-5d3cf6de0c13"}
2026-04-10 14:50:25 | INFO     | [QUESTION_ATTEMPT] {"attempt": 53, "max_questions": 300, "question_idx": 1713, "uid": "021debee-84b5-4547-8ca9-a38bb736db8e"}
2026-04-10 14:50:25 | INFO     | [QUESTION_SENT] {"question_idx": 1713, "uid": "021debee-84b5-4547-8ca9-a38bb736db8e"}
2026-04-10 14:54:00 | INFO     | [QUESTION_ATTEMPT] {"attempt": 54, "max_questions": 300, "question_idx": 1714, "uid": "55159f5b-c863-4168-85ab-571bd9a59b22"}
2026-04-10 14:54:00 | INFO     | [QUESTION_SENT] {"question_idx": 1714, "uid": "55159f5b-c863-4168-85ab-571bd9a59b22"}
2026-04-10 14:57:35 | INFO     | [QUESTION_ATTEMPT] {"attempt": 55, "max_questions": 300, "question_idx": 1714, "uid": "55159f5b-c863-4168-85ab-571bd9a59b22"}
2026-04-10 14:57:35 | INFO     | [QUESTION_SENT] {"question_idx": 1714, "uid": "55159f5b-c863-4168-85ab-571bd9a59b22"}
2026-04-10 15:01:10 | INFO     | [QUESTION_ATTEMPT] {"attempt": 56, "max_questions": 300, "question_idx": 1715, "uid": "341e240c-6a98-4e31-bb46-eafea35440c4"}
2026-04-10 15:01:10 | INFO     | [QUESTION_SENT] {"question_idx": 1715, "uid": "341e240c-6a98-4e31-bb46-eafea35440c4"}
2026-04-10 15:04:45 | INFO     | [QUESTION_ATTEMPT] {"attempt": 57, "max_questions": 300, "question_idx": 1716, "uid": "c95777fa-f787-48c6-abd2-f846fd1a796e"}
2026-04-10 15:04:45 | INFO     | [QUESTION_SENT] {"question_idx": 1716, "uid": "c95777fa-f787-48c6-abd2-f846fd1a796e"}
2026-04-10 15:08:21 | INFO     | [QUESTION_ATTEMPT] {"attempt": 58, "max_questions": 300, "question_idx": 1717, "uid": "1bab8d26-6483-415b-803e-6724a62df583"}
2026-04-10 15:08:21 | INFO     | [QUESTION_SENT] {"question_idx": 1717, "uid": "1bab8d26-6483-415b-803e-6724a62df583"}
2026-04-10 15:11:56 | INFO     | [QUESTION_ATTEMPT] {"attempt": 59, "max_questions": 300, "question_idx": 1718, "uid": "afb41be7-5738-442e-8c19-36539854d150"}
2026-04-10 15:11:56 | INFO     | [QUESTION_SENT] {"question_idx": 1718, "uid": "afb41be7-5738-442e-8c19-36539854d150"}
2026-04-10 15:15:31 | INFO     | [QUESTION_ATTEMPT] {"attempt": 60, "max_questions": 300, "question_idx": 1719, "uid": "ce5abb8f-3940-4fcc-8891-a70386dcb74f"}
2026-04-10 15:15:31 | INFO     | [QUESTION_SENT] {"question_idx": 1719, "uid": "ce5abb8f-3940-4fcc-8891-a70386dcb74f"}
2026-04-10 15:19:06 | INFO     | [QUESTION_ATTEMPT] {"attempt": 61, "max_questions": 300, "question_idx": 1720, "uid": "20ca6018-789a-4148-89ba-760780589185"}
2026-04-10 15:19:06 | INFO     | [QUESTION_SENT] {"question_idx": 1720, "uid": "20ca6018-789a-4148-89ba-760780589185"}
2026-04-10 15:19:53 | INFO     | [BOT_STOP] {"bot_id": 10, "total_questions": 61}
