2026-04-07 10:16:06 | INFO     | [BOT_START] {"bot_id": 10, "project": "hypos_norm", "timestamp": "2026-04-07T10:16:06.258738", "log_dir": "/home/dmitrii/Documents/projects/clicker_3.0/logs/bot_10"}
2026-04-07 10:16:12 | INFO     | [RESTART] {"bot_id": 10, "note": "first_start"}
2026-04-07 10:16:12 | INFO     | [FSM_INITIALIZED] {"site": "gpt", "scenario": "web_search", "start_state": "start_question"}
2026-04-07 10:17:05 | INFO     | [QUESTION_ATTEMPT] {"attempt": 1, "max_questions": 300, "question_idx": 1273, "uid": "22af7f49-1113-4d7d-a96b-9e687ac99583"}
2026-04-07 10:17:05 | INFO     | [QUESTION_SENT] {"question_idx": 1273, "uid": "22af7f49-1113-4d7d-a96b-9e687ac99583"}
2026-04-07 10:20:40 | INFO     | [QUESTION_ATTEMPT] {"attempt": 2, "max_questions": 300, "question_idx": 1274, "uid": "744cf2cb-6df5-4200-be89-b75f39bfb46f"}
2026-04-07 10:20:40 | INFO     | [QUESTION_SENT] {"question_idx": 1274, "uid": "744cf2cb-6df5-4200-be89-b75f39bfb46f"}
2026-04-07 10:24:15 | INFO     | [QUESTION_ATTEMPT] {"attempt": 3, "max_questions": 300, "question_idx": 1275, "uid": "f07c1d97-5c6b-4254-bf4b-150abcfb2a55"}
2026-04-07 10:24:15 | INFO     | [QUESTION_SENT] {"question_idx": 1275, "uid": "f07c1d97-5c6b-4254-bf4b-150abcfb2a55"}
2026-04-07 10:27:50 | INFO     | [QUESTION_ATTEMPT] {"attempt": 4, "max_questions": 300, "question_idx": 1276, "uid": "d4f6e1c3-142f-40ea-a50a-71aa8d06ef14"}
2026-04-07 10:27:50 | INFO     | [QUESTION_SENT] {"question_idx": 1276, "uid": "d4f6e1c3-142f-40ea-a50a-71aa8d06ef14"}
2026-04-07 10:31:25 | INFO     | [QUESTION_ATTEMPT] {"attempt": 5, "max_questions": 300, "question_idx": 1277, "uid": "2af721c5-8123-4a85-8ee0-c58a15243148"}
2026-04-07 10:31:25 | INFO     | [QUESTION_SENT] {"question_idx": 1277, "uid": "2af721c5-8123-4a85-8ee0-c58a15243148"}
2026-04-07 10:35:00 | INFO     | [QUESTION_ATTEMPT] {"attempt": 6, "max_questions": 300, "question_idx": 1277, "uid": "2af721c5-8123-4a85-8ee0-c58a15243148"}
2026-04-07 10:35:00 | INFO     | [QUESTION_SENT] {"question_idx": 1277, "uid": "2af721c5-8123-4a85-8ee0-c58a15243148"}
2026-04-07 10:38:35 | INFO     | [QUESTION_ATTEMPT] {"attempt": 7, "max_questions": 300, "question_idx": 1278, "uid": "2219773b-1d27-4d12-b3f4-3bf443b790dd"}
2026-04-07 10:38:35 | INFO     | [QUESTION_SENT] {"question_idx": 1278, "uid": "2219773b-1d27-4d12-b3f4-3bf443b790dd"}
2026-04-07 10:42:10 | INFO     | [QUESTION_ATTEMPT] {"attempt": 8, "max_questions": 300, "question_idx": 1279, "uid": "3137a5ae-87aa-4a70-873a-ca0dae9c8732"}
2026-04-07 10:42:10 | INFO     | [QUESTION_SENT] {"question_idx": 1279, "uid": "3137a5ae-87aa-4a70-873a-ca0dae9c8732"}
2026-04-07 10:45:45 | INFO     | [QUESTION_ATTEMPT] {"attempt": 9, "max_questions": 300, "question_idx": 1280, "uid": "353a06b2-1dcd-4260-9110-1ee1b1a97853"}
2026-04-07 10:45:45 | INFO     | [QUESTION_SENT] {"question_idx": 1280, "uid": "353a06b2-1dcd-4260-9110-1ee1b1a97853"}
2026-04-07 10:49:21 | INFO     | [QUESTION_ATTEMPT] {"attempt": 10, "max_questions": 300, "question_idx": 1281, "uid": "29705ef7-79f2-47c6-9d38-a5f6e79eac79"}
2026-04-07 10:49:21 | INFO     | [QUESTION_SENT] {"question_idx": 1281, "uid": "29705ef7-79f2-47c6-9d38-a5f6e79eac79"}
2026-04-07 10:52:56 | INFO     | [QUESTION_ATTEMPT] {"attempt": 11, "max_questions": 300, "question_idx": 1282, "uid": "778cf61c-058b-453f-800f-f9578afb45cb"}
2026-04-07 10:52:56 | INFO     | [QUESTION_SENT] {"question_idx": 1282, "uid": "778cf61c-058b-453f-800f-f9578afb45cb"}
2026-04-07 10:56:31 | INFO     | [QUESTION_ATTEMPT] {"attempt": 12, "max_questions": 300, "question_idx": 1283, "uid": "94e4e320-a941-4819-be36-a03735ac6033"}
2026-04-07 10:56:31 | INFO     | [QUESTION_SENT] {"question_idx": 1283, "uid": "94e4e320-a941-4819-be36-a03735ac6033"}
2026-04-07 11:00:06 | INFO     | [QUESTION_ATTEMPT] {"attempt": 13, "max_questions": 300, "question_idx": 1284, "uid": "f9b70ba2-f6a7-4892-bfdd-a8e16dbd227a"}
2026-04-07 11:00:06 | INFO     | [QUESTION_SENT] {"question_idx": 1284, "uid": "f9b70ba2-f6a7-4892-bfdd-a8e16dbd227a"}
2026-04-07 11:03:41 | INFO     | [QUESTION_ATTEMPT] {"attempt": 14, "max_questions": 300, "question_idx": 1285, "uid": "3b34012b-e266-4a84-a301-ccee6ab3401b"}
2026-04-07 11:03:41 | INFO     | [QUESTION_SENT] {"question_idx": 1285, "uid": "3b34012b-e266-4a84-a301-ccee6ab3401b"}
2026-04-07 11:07:16 | INFO     | [QUESTION_ATTEMPT] {"attempt": 15, "max_questions": 300, "question_idx": 1286, "uid": "074bca88-ad2c-4988-8e2f-23a895534416"}
2026-04-07 11:07:16 | INFO     | [QUESTION_SENT] {"question_idx": 1286, "uid": "074bca88-ad2c-4988-8e2f-23a895534416"}
2026-04-07 11:10:52 | INFO     | [QUESTION_ATTEMPT] {"attempt": 16, "max_questions": 300, "question_idx": 1287, "uid": "61886f12-051c-46ec-ae81-0770fe82614f"}
2026-04-07 11:10:52 | INFO     | [QUESTION_SENT] {"question_idx": 1287, "uid": "61886f12-051c-46ec-ae81-0770fe82614f"}
2026-04-07 11:14:27 | INFO     | [QUESTION_ATTEMPT] {"attempt": 17, "max_questions": 300, "question_idx": 1288, "uid": "671afc47-910c-412b-8765-bc96cca9cd59"}
2026-04-07 11:14:27 | INFO     | [QUESTION_SENT] {"question_idx": 1288, "uid": "671afc47-910c-412b-8765-bc96cca9cd59"}
2026-04-07 11:15:20 | INFO     | [QUESTION_ATTEMPT] {"attempt": 18, "max_questions": 300, "question_idx": 1288, "uid": "671afc47-910c-412b-8765-bc96cca9cd59"}
2026-04-07 11:15:20 | INFO     | [QUESTION_SENT] {"question_idx": 1288, "uid": "671afc47-910c-412b-8765-bc96cca9cd59"}
2026-04-07 11:18:58 | INFO     | [QUESTION_ATTEMPT] {"attempt": 19, "max_questions": 300, "question_idx": 1289, "uid": "a3f4bad6-0848-4070-aedd-37a25719b553"}
2026-04-07 11:18:58 | INFO     | [QUESTION_SENT] {"question_idx": 1289, "uid": "a3f4bad6-0848-4070-aedd-37a25719b553"}
2026-04-07 11:22:33 | INFO     | [QUESTION_ATTEMPT] {"attempt": 20, "max_questions": 300, "question_idx": 1290, "uid": "4e276f17-dd02-432f-94af-66547f298871"}
2026-04-07 11:22:33 | INFO     | [QUESTION_SENT] {"question_idx": 1290, "uid": "4e276f17-dd02-432f-94af-66547f298871"}
2026-04-07 11:26:08 | INFO     | [QUESTION_ATTEMPT] {"attempt": 21, "max_questions": 300, "question_idx": 1291, "uid": "4243cffe-87eb-4b0d-ab39-461b68fdd77e"}
2026-04-07 11:26:08 | INFO     | [QUESTION_SENT] {"question_idx": 1291, "uid": "4243cffe-87eb-4b0d-ab39-461b68fdd77e"}
2026-04-07 11:29:43 | INFO     | [QUESTION_ATTEMPT] {"attempt": 22, "max_questions": 300, "question_idx": 1292, "uid": "3700e895-fecd-433b-ab8a-46b31c5e67ea"}
2026-04-07 11:29:43 | INFO     | [QUESTION_SENT] {"question_idx": 1292, "uid": "3700e895-fecd-433b-ab8a-46b31c5e67ea"}
2026-04-07 11:33:18 | INFO     | [QUESTION_ATTEMPT] {"attempt": 23, "max_questions": 300, "question_idx": 1293, "uid": "a6a5a502-efe5-4f28-9ba0-9189a6aa9f78"}
2026-04-07 11:33:18 | INFO     | [QUESTION_SENT] {"question_idx": 1293, "uid": "a6a5a502-efe5-4f28-9ba0-9189a6aa9f78"}
2026-04-07 11:36:53 | INFO     | [QUESTION_ATTEMPT] {"attempt": 24, "max_questions": 300, "question_idx": 1294, "uid": "c3c481eb-63fc-44b0-b051-be2ffdb4c491"}
2026-04-07 11:36:53 | INFO     | [QUESTION_SENT] {"question_idx": 1294, "uid": "c3c481eb-63fc-44b0-b051-be2ffdb4c491"}
2026-04-07 11:40:28 | INFO     | [QUESTION_ATTEMPT] {"attempt": 25, "max_questions": 300, "question_idx": 1295, "uid": "3a5312ee-dbdb-44b9-a2fd-9f68abc16aaa"}
2026-04-07 11:40:28 | INFO     | [QUESTION_SENT] {"question_idx": 1295, "uid": "3a5312ee-dbdb-44b9-a2fd-9f68abc16aaa"}
2026-04-07 11:44:03 | INFO     | [QUESTION_ATTEMPT] {"attempt": 26, "max_questions": 300, "question_idx": 1296, "uid": "717b005f-f8dd-44c5-ba9f-3d786f43a7cc"}
2026-04-07 11:44:03 | INFO     | [QUESTION_SENT] {"question_idx": 1296, "uid": "717b005f-f8dd-44c5-ba9f-3d786f43a7cc"}
2026-04-07 11:47:38 | INFO     | [QUESTION_ATTEMPT] {"attempt": 27, "max_questions": 300, "question_idx": 1297, "uid": "2f831e2f-d43c-44aa-8ff4-c4a59a9d2317"}
2026-04-07 11:47:38 | INFO     | [QUESTION_SENT] {"question_idx": 1297, "uid": "2f831e2f-d43c-44aa-8ff4-c4a59a9d2317"}
2026-04-07 11:51:13 | INFO     | [QUESTION_ATTEMPT] {"attempt": 28, "max_questions": 300, "question_idx": 1298, "uid": "820eb274-4c47-4d3d-851a-b73c1b9c48f1"}
2026-04-07 11:51:13 | INFO     | [QUESTION_SENT] {"question_idx": 1298, "uid": "820eb274-4c47-4d3d-851a-b73c1b9c48f1"}
2026-04-07 11:54:48 | INFO     | [QUESTION_ATTEMPT] {"attempt": 29, "max_questions": 300, "question_idx": 1299, "uid": "eb18bb2f-4c34-489d-afd3-8cf083405f35"}
2026-04-07 11:54:48 | INFO     | [QUESTION_SENT] {"question_idx": 1299, "uid": "eb18bb2f-4c34-489d-afd3-8cf083405f35"}
2026-04-07 11:58:24 | INFO     | [QUESTION_ATTEMPT] {"attempt": 30, "max_questions": 300, "question_idx": 1300, "uid": "72f381cb-f2bc-4465-a735-b9ad6883d788"}
2026-04-07 11:58:24 | INFO     | [QUESTION_SENT] {"question_idx": 1300, "uid": "72f381cb-f2bc-4465-a735-b9ad6883d788"}
2026-04-07 11:59:07 | INFO     | [BOT_STOP] {"bot_id": 10, "total_questions": 30}
