2026-03-31 10:03:27 | INFO     | [BOT_START] {"bot_id": 10, "project": "hypos_norm", "timestamp": "2026-03-31T10:03:27.990507", "log_dir": "/home/dmitrii/Documents/projects/clicker_3.0/logs/bot_10"}
2026-03-31 10:03:33 | INFO     | [RESTART] {"bot_id": 10, "note": "first_start"}
2026-03-31 10:03:33 | INFO     | [FSM_INITIALIZED] {"site": "gpt", "scenario": "web_search", "start_state": "start_question"}
2026-03-31 10:04:07 | INFO     | [QUESTION_SENT] {"question_idx": 1581, "uid": "68247a5c-3b96-40d2-a805-c6d8e989de7a"}
2026-03-31 10:04:59 | INFO     | [QUESTION_ATTEMPT] {"attempt": 1, "max_questions": 300, "question_idx": 1581, "uid": "68247a5c-3b96-40d2-a805-c6d8e989de7a"}
2026-03-31 10:07:42 | INFO     | [QUESTION_SENT] {"question_idx": 1582, "uid": "fcca6b57-88e1-4db3-aa3e-bfed8bf04a2c"}
2026-03-31 10:08:27 | INFO     | [QUESTION_ATTEMPT] {"attempt": 2, "max_questions": 300, "question_idx": 1582, "uid": "fcca6b57-88e1-4db3-aa3e-bfed8bf04a2c"}
2026-03-31 10:11:17 | INFO     | [QUESTION_SENT] {"question_idx": 1583, "uid": "3d79a19e-a357-4e1c-8b1c-34ed0d3ac696"}
2026-03-31 10:11:58 | INFO     | [QUESTION_ATTEMPT] {"attempt": 3, "max_questions": 300, "question_idx": 1583, "uid": "3d79a19e-a357-4e1c-8b1c-34ed0d3ac696"}
2026-03-31 10:14:53 | INFO     | [QUESTION_SENT] {"question_idx": 1584, "uid": "cd906e70-e98a-483c-8925-01f6f1914609"}
2026-03-31 10:15:43 | INFO     | [QUESTION_ATTEMPT] {"attempt": 4, "max_questions": 300, "question_idx": 1584, "uid": "cd906e70-e98a-483c-8925-01f6f1914609"}
2026-03-31 10:18:28 | INFO     | [QUESTION_SENT] {"question_idx": 1585, "uid": "02278a5f-f39b-4e0c-ac80-6b3694c4827e"}
2026-03-31 10:19:08 | INFO     | [QUESTION_ATTEMPT] {"attempt": 5, "max_questions": 300, "question_idx": 1585, "uid": "02278a5f-f39b-4e0c-ac80-6b3694c4827e"}
2026-03-31 10:22:02 | INFO     | [QUESTION_SENT] {"question_idx": 1586, "uid": "1ff48f12-6e90-48df-b62c-b32269c6e85b"}
2026-03-31 10:22:53 | INFO     | [QUESTION_ATTEMPT] {"attempt": 6, "max_questions": 300, "question_idx": 1586, "uid": "1ff48f12-6e90-48df-b62c-b32269c6e85b"}
2026-03-31 10:25:38 | INFO     | [QUESTION_SENT] {"question_idx": 1587, "uid": "0847824e-83a3-4d6f-a98a-c83270b71d46"}
2026-03-31 10:29:13 | INFO     | [QUESTION_SENT] {"question_idx": 1587, "uid": "0847824e-83a3-4d6f-a98a-c83270b71d46"}
2026-03-31 10:32:48 | INFO     | [QUESTION_SENT] {"question_idx": 1587, "uid": "0847824e-83a3-4d6f-a98a-c83270b71d46"}
2026-03-31 10:33:29 | INFO     | [QUESTION_ATTEMPT] {"attempt": 7, "max_questions": 300, "question_idx": 1587, "uid": "0847824e-83a3-4d6f-a98a-c83270b71d46"}
2026-03-31 10:36:23 | INFO     | [QUESTION_SENT] {"question_idx": 1588, "uid": "e467b402-93e6-4c65-8bc9-05f11dfc62f4"}
2026-03-31 10:37:15 | INFO     | [QUESTION_ATTEMPT] {"attempt": 8, "max_questions": 300, "question_idx": 1588, "uid": "e467b402-93e6-4c65-8bc9-05f11dfc62f4"}
2026-03-31 10:39:58 | INFO     | [QUESTION_SENT] {"question_idx": 1589, "uid": "66a98ee1-e60f-4804-b8f2-1651e872eb61"}
2026-03-31 10:40:39 | INFO     | [QUESTION_ATTEMPT] {"attempt": 9, "max_questions": 300, "question_idx": 1589, "uid": "66a98ee1-e60f-4804-b8f2-1651e872eb61"}
2026-03-31 10:43:33 | INFO     | [QUESTION_SENT] {"question_idx": 1590, "uid": "1531e657-def8-46fa-95dd-6945e8562c40"}
2026-03-31 10:44:19 | INFO     | [QUESTION_ATTEMPT] {"attempt": 10, "max_questions": 300, "question_idx": 1590, "uid": "1531e657-def8-46fa-95dd-6945e8562c40"}
2026-03-31 10:47:09 | INFO     | [QUESTION_SENT] {"question_idx": 1591, "uid": "0c0830df-bcbb-4956-96f4-017bc7166f46"}
2026-03-31 10:47:50 | INFO     | [QUESTION_ATTEMPT] {"attempt": 11, "max_questions": 300, "question_idx": 1591, "uid": "0c0830df-bcbb-4956-96f4-017bc7166f46"}
2026-03-31 10:50:44 | INFO     | [QUESTION_SENT] {"question_idx": 1592, "uid": "a2ca7bc9-c313-4de5-8f3d-c670f19b868c"}
2026-03-31 10:54:19 | INFO     | [QUESTION_SENT] {"question_idx": 1592, "uid": "a2ca7bc9-c313-4de5-8f3d-c670f19b868c"}
2026-03-31 10:55:02 | INFO     | [QUESTION_ATTEMPT] {"attempt": 12, "max_questions": 300, "question_idx": 1592, "uid": "a2ca7bc9-c313-4de5-8f3d-c670f19b868c"}
2026-03-31 10:57:54 | INFO     | [QUESTION_SENT] {"question_idx": 1593, "uid": "671c28d9-d6ac-441c-8c4f-0b4fbc2936c3"}
2026-03-31 10:58:45 | INFO     | [QUESTION_ATTEMPT] {"attempt": 13, "max_questions": 300, "question_idx": 1593, "uid": "671c28d9-d6ac-441c-8c4f-0b4fbc2936c3"}
2026-03-31 11:01:29 | INFO     | [QUESTION_SENT] {"question_idx": 1594, "uid": "a1584324-7f86-44dd-9ba9-9852189484a0"}
2026-03-31 11:02:13 | INFO     | [QUESTION_ATTEMPT] {"attempt": 14, "max_questions": 300, "question_idx": 1594, "uid": "a1584324-7f86-44dd-9ba9-9852189484a0"}
2026-03-31 11:05:04 | INFO     | [QUESTION_SENT] {"question_idx": 1595, "uid": "50f52a56-8203-43ca-b577-20745efec5a1"}
2026-03-31 11:05:49 | INFO     | [QUESTION_ATTEMPT] {"attempt": 15, "max_questions": 300, "question_idx": 1595, "uid": "50f52a56-8203-43ca-b577-20745efec5a1"}
2026-03-31 11:06:02 | INFO     | [QUESTION_SENT] {"question_idx": 1595, "uid": "50f52a56-8203-43ca-b577-20745efec5a1"}
2026-03-31 11:06:30 | INFO     | [QUESTION_ATTEMPT] {"attempt": 16, "max_questions": 300, "question_idx": 1595, "uid": "50f52a56-8203-43ca-b577-20745efec5a1"}
2026-03-31 11:09:40 | INFO     | [QUESTION_SENT] {"question_idx": 1596, "uid": "e5697e3e-6225-4ea9-b936-db440628d6a5"}
2026-03-31 11:10:25 | INFO     | [QUESTION_ATTEMPT] {"attempt": 17, "max_questions": 300, "question_idx": 1596, "uid": "e5697e3e-6225-4ea9-b936-db440628d6a5"}
2026-03-31 11:13:15 | INFO     | [QUESTION_SENT] {"question_idx": 1597, "uid": "a60d32de-7a87-4bca-a0e2-c3f3fef6d056"}
2026-03-31 11:13:57 | INFO     | [QUESTION_ATTEMPT] {"attempt": 18, "max_questions": 300, "question_idx": 1597, "uid": "a60d32de-7a87-4bca-a0e2-c3f3fef6d056"}
2026-03-31 11:16:50 | INFO     | [QUESTION_SENT] {"question_idx": 1598, "uid": "c9a09870-9db0-443d-bdda-2e3f54a4feb6"}
2026-03-31 11:17:36 | INFO     | [QUESTION_ATTEMPT] {"attempt": 19, "max_questions": 300, "question_idx": 1598, "uid": "c9a09870-9db0-443d-bdda-2e3f54a4feb6"}
2026-03-31 11:20:25 | INFO     | [QUESTION_SENT] {"question_idx": 1599, "uid": "47e6957d-3ad3-4885-8796-34859e3e7d90"}
2026-03-31 11:21:16 | INFO     | [QUESTION_ATTEMPT] {"attempt": 20, "max_questions": 300, "question_idx": 1599, "uid": "47e6957d-3ad3-4885-8796-34859e3e7d90"}
2026-03-31 11:24:00 | INFO     | [QUESTION_SENT] {"question_idx": 1600, "uid": "717eb98f-ac2b-406d-8a29-b4625ea55c7a"}
2026-03-31 11:24:41 | INFO     | [QUESTION_ATTEMPT] {"attempt": 21, "max_questions": 300, "question_idx": 1600, "uid": "717eb98f-ac2b-406d-8a29-b4625ea55c7a"}
2026-03-31 11:24:42 | INFO     | [BOT_STOP] {"bot_id": 10, "total_questions": 21}
2026-03-31 11:31:03 | INFO     | [BOT_START] {"bot_id": 10, "project": "hypos_norm", "timestamp": "2026-03-31T11:31:03.898533", "log_dir": "/home/dmitrii/Documents/projects/clicker_3.0/logs/bot_10"}
2026-03-31 11:31:09 | INFO     | [RESTART] {"bot_id": 10, "note": "first_start"}
2026-03-31 11:31:09 | INFO     | [FSM_INITIALIZED] {"site": "gpt", "scenario": "web_search", "start_state": "start_question"}
2026-03-31 11:31:52 | INFO     | [QUESTION_SENT] {"question_idx": 1871, "uid": "a5cc4471-d211-457f-84b9-d28581e53dd9"}
2026-03-31 11:32:37 | INFO     | [QUESTION_ATTEMPT] {"attempt": 1, "max_questions": 300, "question_idx": 1871, "uid": "a5cc4471-d211-457f-84b9-d28581e53dd9"}
2026-03-31 11:35:28 | INFO     | [QUESTION_SENT] {"question_idx": 1872, "uid": "b9df3c46-5ab8-4ffe-8b34-76950d4a3ad7"}
2026-03-31 11:36:17 | INFO     | [QUESTION_ATTEMPT] {"attempt": 2, "max_questions": 300, "question_idx": 1872, "uid": "b9df3c46-5ab8-4ffe-8b34-76950d4a3ad7"}
2026-03-31 11:39:03 | INFO     | [QUESTION_SENT] {"question_idx": 1873, "uid": "b1156120-7b4d-4fc4-a390-12e42ba0d86e"}
2026-03-31 11:39:49 | INFO     | [QUESTION_ATTEMPT] {"attempt": 3, "max_questions": 300, "question_idx": 1873, "uid": "b1156120-7b4d-4fc4-a390-12e42ba0d86e"}
2026-03-31 11:42:38 | INFO     | [QUESTION_SENT] {"question_idx": 1874, "uid": "bc2ff9d5-57ac-4cc8-a196-cabf82a5677f"}
2026-03-31 11:43:23 | INFO     | [QUESTION_ATTEMPT] {"attempt": 4, "max_questions": 300, "question_idx": 1874, "uid": "bc2ff9d5-57ac-4cc8-a196-cabf82a5677f"}
2026-03-31 11:46:13 | INFO     | [QUESTION_SENT] {"question_idx": 1875, "uid": "21b29614-02bc-4405-a7f6-206e9a5110bf"}
2026-03-31 11:46:51 | INFO     | [QUESTION_ATTEMPT] {"attempt": 5, "max_questions": 300, "question_idx": 1875, "uid": "21b29614-02bc-4405-a7f6-206e9a5110bf"}
2026-03-31 11:49:48 | INFO     | [QUESTION_SENT] {"question_idx": 1876, "uid": "f5151061-ebab-46a1-9fd6-0ca477425705"}
2026-03-31 11:50:31 | INFO     | [QUESTION_ATTEMPT] {"attempt": 6, "max_questions": 300, "question_idx": 1876, "uid": "f5151061-ebab-46a1-9fd6-0ca477425705"}
2026-03-31 11:53:23 | INFO     | [QUESTION_SENT] {"question_idx": 1877, "uid": "c6b44322-e4f3-40e6-a7b0-725aba8d3961"}
2026-03-31 11:54:04 | INFO     | [QUESTION_ATTEMPT] {"attempt": 7, "max_questions": 300, "question_idx": 1877, "uid": "c6b44322-e4f3-40e6-a7b0-725aba8d3961"}
2026-03-31 11:56:58 | INFO     | [QUESTION_SENT] {"question_idx": 1878, "uid": "e2a3ca2e-049b-41f4-8b6b-9b1938631f2a"}
2026-03-31 11:57:43 | INFO     | [QUESTION_ATTEMPT] {"attempt": 8, "max_questions": 300, "question_idx": 1878, "uid": "e2a3ca2e-049b-41f4-8b6b-9b1938631f2a"}
2026-03-31 12:00:33 | INFO     | [QUESTION_SENT] {"question_idx": 1879, "uid": "3eb9bb27-df08-4382-9c7d-9b13d37af61c"}
2026-03-31 12:01:14 | INFO     | [QUESTION_ATTEMPT] {"attempt": 9, "max_questions": 300, "question_idx": 1879, "uid": "3eb9bb27-df08-4382-9c7d-9b13d37af61c"}
2026-03-31 12:04:09 | INFO     | [QUESTION_SENT] {"question_idx": 1880, "uid": "89e85b1c-a827-4f75-9038-efc240498540"}
2026-03-31 12:04:55 | INFO     | [QUESTION_ATTEMPT] {"attempt": 10, "max_questions": 300, "question_idx": 1880, "uid": "89e85b1c-a827-4f75-9038-efc240498540"}
2026-03-31 12:07:44 | INFO     | [QUESTION_SENT] {"question_idx": 1881, "uid": "08cc6814-c913-42d5-97fd-269be3e62c2f"}
2026-03-31 12:11:19 | INFO     | [QUESTION_SENT] {"question_idx": 1881, "uid": "08cc6814-c913-42d5-97fd-269be3e62c2f"}
2026-03-31 12:12:02 | INFO     | [QUESTION_ATTEMPT] {"attempt": 11, "max_questions": 300, "question_idx": 1881, "uid": "08cc6814-c913-42d5-97fd-269be3e62c2f"}
2026-03-31 12:14:54 | INFO     | [QUESTION_SENT] {"question_idx": 1882, "uid": "737478d2-4154-45bb-ab48-afb736ad51dc"}
2026-03-31 12:15:35 | INFO     | [QUESTION_ATTEMPT] {"attempt": 12, "max_questions": 300, "question_idx": 1882, "uid": "737478d2-4154-45bb-ab48-afb736ad51dc"}
2026-03-31 12:18:29 | INFO     | [QUESTION_SENT] {"question_idx": 1883, "uid": "b12b6d7f-28f1-4140-9728-600a8e348916"}
2026-03-31 12:22:05 | INFO     | [QUESTION_SENT] {"question_idx": 1883, "uid": "b12b6d7f-28f1-4140-9728-600a8e348916"}
2026-03-31 12:22:46 | INFO     | [QUESTION_ATTEMPT] {"attempt": 13, "max_questions": 300, "question_idx": 1883, "uid": "b12b6d7f-28f1-4140-9728-600a8e348916"}
2026-03-31 12:25:39 | INFO     | [QUESTION_SENT] {"question_idx": 1884, "uid": "63d01a2f-7eab-46cf-b419-fcdb2bdb5616"}
2026-03-31 12:26:23 | INFO     | [QUESTION_ATTEMPT] {"attempt": 14, "max_questions": 300, "question_idx": 1884, "uid": "63d01a2f-7eab-46cf-b419-fcdb2bdb5616"}
2026-03-31 12:29:15 | INFO     | [QUESTION_SENT] {"question_idx": 1885, "uid": "a9383f5a-a751-41f9-b942-fa65f044e9c9"}
2026-03-31 12:29:59 | INFO     | [QUESTION_ATTEMPT] {"attempt": 15, "max_questions": 300, "question_idx": 1885, "uid": "a9383f5a-a751-41f9-b942-fa65f044e9c9"}
2026-03-31 12:32:50 | INFO     | [QUESTION_SENT] {"question_idx": 1886, "uid": "d2bab9eb-5b84-428d-b20c-15f8fe0062c2"}
2026-03-31 12:33:36 | INFO     | [QUESTION_ATTEMPT] {"attempt": 16, "max_questions": 300, "question_idx": 1886, "uid": "d2bab9eb-5b84-428d-b20c-15f8fe0062c2"}
2026-03-31 12:36:25 | INFO     | [QUESTION_SENT] {"question_idx": 1887, "uid": "c57f9e26-a613-4d87-abd5-9b00089c8a60"}
2026-03-31 12:37:02 | INFO     | [QUESTION_ATTEMPT] {"attempt": 17, "max_questions": 300, "question_idx": 1887, "uid": "c57f9e26-a613-4d87-abd5-9b00089c8a60"}
2026-03-31 12:40:00 | INFO     | [QUESTION_SENT] {"question_idx": 1888, "uid": "c7295cd0-2c78-4053-af87-3b5fac670a11"}
2026-03-31 12:40:47 | INFO     | [QUESTION_ATTEMPT] {"attempt": 18, "max_questions": 300, "question_idx": 1888, "uid": "c7295cd0-2c78-4053-af87-3b5fac670a11"}
2026-03-31 12:43:35 | INFO     | [QUESTION_SENT] {"question_idx": 1889, "uid": "552e99d4-f64f-4704-8712-c58e73c4902c"}
2026-03-31 12:44:14 | INFO     | [QUESTION_ATTEMPT] {"attempt": 19, "max_questions": 300, "question_idx": 1889, "uid": "552e99d4-f64f-4704-8712-c58e73c4902c"}
2026-03-31 12:47:10 | INFO     | [QUESTION_SENT] {"question_idx": 1890, "uid": "7bb9a586-a788-49c8-9f0e-17831bfb91f0"}
2026-03-31 12:49:40 | INFO     | [QUESTION_SENT] {"question_idx": 1890, "uid": "7bb9a586-a788-49c8-9f0e-17831bfb91f0"}
2026-03-31 12:50:18 | INFO     | [QUESTION_ATTEMPT] {"attempt": 20, "max_questions": 300, "question_idx": 1890, "uid": "7bb9a586-a788-49c8-9f0e-17831bfb91f0"}
2026-03-31 12:53:15 | INFO     | [QUESTION_SENT] {"question_idx": 1891, "uid": "03c0d51b-54b8-4539-97fd-67bcfe54907d"}
2026-03-31 12:54:06 | INFO     | [QUESTION_ATTEMPT] {"attempt": 21, "max_questions": 300, "question_idx": 1891, "uid": "03c0d51b-54b8-4539-97fd-67bcfe54907d"}
2026-03-31 12:56:50 | INFO     | [QUESTION_SENT] {"question_idx": 1892, "uid": "23e90c10-04bf-41b2-81c4-947d6eca92d1"}
2026-03-31 12:57:29 | INFO     | [QUESTION_ATTEMPT] {"attempt": 22, "max_questions": 300, "question_idx": 1892, "uid": "23e90c10-04bf-41b2-81c4-947d6eca92d1"}
2026-03-31 13:00:25 | INFO     | [QUESTION_SENT] {"question_idx": 1893, "uid": "c8912020-b807-4c59-bace-2ba955d2b728"}
2026-03-31 13:01:15 | INFO     | [QUESTION_ATTEMPT] {"attempt": 23, "max_questions": 300, "question_idx": 1893, "uid": "c8912020-b807-4c59-bace-2ba955d2b728"}
2026-03-31 13:04:00 | INFO     | [QUESTION_SENT] {"question_idx": 1894, "uid": "3ac5c801-518d-4d2e-a1fd-0954a29dd7dd"}
2026-03-31 13:04:43 | INFO     | [QUESTION_ATTEMPT] {"attempt": 24, "max_questions": 300, "question_idx": 1894, "uid": "3ac5c801-518d-4d2e-a1fd-0954a29dd7dd"}
2026-03-31 13:07:36 | INFO     | [QUESTION_SENT] {"question_idx": 1895, "uid": "35434d7e-efd7-40ff-9571-b719352f8941"}
2026-03-31 13:08:46 | INFO     | [QUESTION_ATTEMPT] {"attempt": 25, "max_questions": 300, "question_idx": 1895, "uid": "35434d7e-efd7-40ff-9571-b719352f8941"}
2026-03-31 13:11:11 | INFO     | [QUESTION_SENT] {"question_idx": 1896, "uid": "66b8a5c8-9efd-4963-888b-ccb781a8cbe6"}
2026-03-31 13:12:31 | INFO     | [QUESTION_ATTEMPT] {"attempt": 26, "max_questions": 300, "question_idx": 1896, "uid": "66b8a5c8-9efd-4963-888b-ccb781a8cbe6"}
2026-03-31 13:14:46 | INFO     | [QUESTION_SENT] {"question_idx": 1897, "uid": "043ab5f6-0fea-465e-8fa6-ba82f694a1f1"}
2026-03-31 13:15:36 | INFO     | [QUESTION_ATTEMPT] {"attempt": 27, "max_questions": 300, "question_idx": 1897, "uid": "043ab5f6-0fea-465e-8fa6-ba82f694a1f1"}
2026-03-31 13:18:21 | INFO     | [QUESTION_SENT] {"question_idx": 1898, "uid": "80167cd4-f79a-4711-8f53-913b86bac4f7"}
2026-03-31 13:19:03 | INFO     | [QUESTION_ATTEMPT] {"attempt": 28, "max_questions": 300, "question_idx": 1898, "uid": "80167cd4-f79a-4711-8f53-913b86bac4f7"}
2026-03-31 13:21:56 | INFO     | [QUESTION_SENT] {"question_idx": 1899, "uid": "7606141c-3bcb-42a0-8dfe-f8b4b98c8e4d"}
2026-03-31 13:22:43 | INFO     | [QUESTION_ATTEMPT] {"attempt": 29, "max_questions": 300, "question_idx": 1899, "uid": "7606141c-3bcb-42a0-8dfe-f8b4b98c8e4d"}
2026-03-31 13:25:31 | INFO     | [QUESTION_SENT] {"question_idx": 1900, "uid": "6eea655f-b75e-41b6-a552-f0b11ee50734"}
2026-03-31 13:26:45 | INFO     | [QUESTION_ATTEMPT] {"attempt": 30, "max_questions": 300, "question_idx": 1900, "uid": "6eea655f-b75e-41b6-a552-f0b11ee50734"}
2026-03-31 13:29:06 | INFO     | [QUESTION_SENT] {"question_idx": 1901, "uid": "71e69f5d-8545-40a5-92b5-45475cfca54b"}
2026-03-31 13:32:41 | INFO     | [QUESTION_SENT] {"question_idx": 1901, "uid": "71e69f5d-8545-40a5-92b5-45475cfca54b"}
2026-03-31 13:33:23 | INFO     | [QUESTION_ATTEMPT] {"attempt": 31, "max_questions": 300, "question_idx": 1901, "uid": "71e69f5d-8545-40a5-92b5-45475cfca54b"}
2026-03-31 13:36:16 | INFO     | [QUESTION_SENT] {"question_idx": 1902, "uid": "5a1d1ca7-858a-436e-9132-68a086fc306b"}
2026-03-31 13:37:01 | INFO     | [QUESTION_ATTEMPT] {"attempt": 32, "max_questions": 300, "question_idx": 1902, "uid": "5a1d1ca7-858a-436e-9132-68a086fc306b"}
2026-03-31 13:39:52 | INFO     | [QUESTION_SENT] {"question_idx": 1903, "uid": "fc2484ad-28c6-461a-ba36-913f8364f69b"}
2026-03-31 13:41:04 | INFO     | [QUESTION_ATTEMPT] {"attempt": 33, "max_questions": 300, "question_idx": 1903, "uid": "fc2484ad-28c6-461a-ba36-913f8364f69b"}
2026-03-31 13:43:27 | INFO     | [QUESTION_SENT] {"question_idx": 1904, "uid": "11d90f9b-d680-48bf-b64b-efef6421cae9"}
2026-03-31 13:44:13 | INFO     | [QUESTION_ATTEMPT] {"attempt": 34, "max_questions": 300, "question_idx": 1904, "uid": "11d90f9b-d680-48bf-b64b-efef6421cae9"}
2026-03-31 13:47:02 | INFO     | [QUESTION_SENT] {"question_idx": 1905, "uid": "12ad6fc5-8217-4940-bbc0-d5b0a4b75cc1"}
2026-03-31 13:48:12 | INFO     | [QUESTION_ATTEMPT] {"attempt": 35, "max_questions": 300, "question_idx": 1905, "uid": "12ad6fc5-8217-4940-bbc0-d5b0a4b75cc1"}
2026-03-31 13:50:37 | INFO     | [QUESTION_SENT] {"question_idx": 1906, "uid": "26b94c59-6d54-48b7-b0d7-5878032e9aec"}
2026-03-31 13:51:19 | INFO     | [QUESTION_ATTEMPT] {"attempt": 36, "max_questions": 300, "question_idx": 1906, "uid": "26b94c59-6d54-48b7-b0d7-5878032e9aec"}
2026-03-31 13:54:12 | INFO     | [QUESTION_SENT] {"question_idx": 1907, "uid": "cd282af6-8ff9-4eae-8d71-d9036295ed7f"}
2026-03-31 13:55:17 | INFO     | [QUESTION_ATTEMPT] {"attempt": 37, "max_questions": 300, "question_idx": 1907, "uid": "cd282af6-8ff9-4eae-8d71-d9036295ed7f"}
2026-03-31 13:57:47 | INFO     | [QUESTION_SENT] {"question_idx": 1908, "uid": "a04c2f96-6908-409a-b063-59554047397a"}
2026-03-31 13:58:32 | INFO     | [QUESTION_ATTEMPT] {"attempt": 38, "max_questions": 300, "question_idx": 1908, "uid": "a04c2f96-6908-409a-b063-59554047397a"}
2026-03-31 14:01:22 | INFO     | [QUESTION_SENT] {"question_idx": 1909, "uid": "1f517668-3770-4cc4-a876-19b04ee039f7"}
2026-03-31 14:02:04 | INFO     | [QUESTION_ATTEMPT] {"attempt": 39, "max_questions": 300, "question_idx": 1909, "uid": "1f517668-3770-4cc4-a876-19b04ee039f7"}
2026-03-31 14:04:58 | INFO     | [QUESTION_SENT] {"question_idx": 1910, "uid": "12c3b124-98f0-40a3-bc11-cf392bacfefc"}
2026-03-31 14:05:44 | INFO     | [QUESTION_ATTEMPT] {"attempt": 40, "max_questions": 300, "question_idx": 1910, "uid": "12c3b124-98f0-40a3-bc11-cf392bacfefc"}
2026-03-31 14:08:33 | INFO     | [QUESTION_SENT] {"question_idx": 1911, "uid": "7ad8eca1-4966-454c-975e-c016adc74e21"}
2026-03-31 14:09:16 | INFO     | [QUESTION_ATTEMPT] {"attempt": 41, "max_questions": 300, "question_idx": 1911, "uid": "7ad8eca1-4966-454c-975e-c016adc74e21"}
2026-03-31 14:12:08 | INFO     | [QUESTION_SENT] {"question_idx": 1912, "uid": "f7c9b306-37d4-4721-85fa-dc787d6d2855"}
2026-03-31 14:12:47 | INFO     | [QUESTION_ATTEMPT] {"attempt": 42, "max_questions": 300, "question_idx": 1912, "uid": "f7c9b306-37d4-4721-85fa-dc787d6d2855"}
2026-03-31 14:15:43 | INFO     | [QUESTION_SENT] {"question_idx": 1913, "uid": "1e884815-3734-4204-a0ba-2f0fc93cfaab"}
2026-03-31 14:16:28 | INFO     | [QUESTION_ATTEMPT] {"attempt": 43, "max_questions": 300, "question_idx": 1913, "uid": "1e884815-3734-4204-a0ba-2f0fc93cfaab"}
2026-03-31 14:19:18 | INFO     | [QUESTION_SENT] {"question_idx": 1914, "uid": "dffc2863-5bf7-4cf1-bf21-484ca8a834f1"}
2026-03-31 14:19:57 | INFO     | [QUESTION_ATTEMPT] {"attempt": 44, "max_questions": 300, "question_idx": 1914, "uid": "dffc2863-5bf7-4cf1-bf21-484ca8a834f1"}
2026-03-31 14:22:53 | INFO     | [QUESTION_SENT] {"question_idx": 1915, "uid": "83bd66c7-cca5-4610-b19d-5c4db51974f6"}
2026-03-31 14:23:38 | INFO     | [QUESTION_ATTEMPT] {"attempt": 45, "max_questions": 300, "question_idx": 1915, "uid": "83bd66c7-cca5-4610-b19d-5c4db51974f6"}
2026-03-31 14:26:29 | INFO     | [QUESTION_SENT] {"question_idx": 1916, "uid": "38ac4c1b-d462-4fd2-a569-e4742fae5c89"}
2026-03-31 14:27:09 | INFO     | [QUESTION_ATTEMPT] {"attempt": 46, "max_questions": 300, "question_idx": 1916, "uid": "38ac4c1b-d462-4fd2-a569-e4742fae5c89"}
2026-03-31 14:30:04 | INFO     | [QUESTION_SENT] {"question_idx": 1917, "uid": "3314b534-4d85-4a50-8b77-8b3527443b33"}
2026-03-31 14:30:47 | INFO     | [QUESTION_ATTEMPT] {"attempt": 47, "max_questions": 300, "question_idx": 1917, "uid": "3314b534-4d85-4a50-8b77-8b3527443b33"}
2026-03-31 14:33:39 | INFO     | [QUESTION_SENT] {"question_idx": 1918, "uid": "53d1bb6f-fd34-4f7f-a218-d73fd05944d6"}
2026-03-31 14:34:24 | INFO     | [QUESTION_ATTEMPT] {"attempt": 48, "max_questions": 300, "question_idx": 1918, "uid": "53d1bb6f-fd34-4f7f-a218-d73fd05944d6"}
2026-03-31 14:37:15 | INFO     | [QUESTION_SENT] {"question_idx": 1919, "uid": "d30ba143-a9dc-4868-a464-ef5fee4ac0d3"}
2026-03-31 14:37:58 | INFO     | [QUESTION_ATTEMPT] {"attempt": 49, "max_questions": 300, "question_idx": 1919, "uid": "d30ba143-a9dc-4868-a464-ef5fee4ac0d3"}
2026-03-31 14:40:50 | INFO     | [QUESTION_SENT] {"question_idx": 1920, "uid": "ebd441fe-06bb-4b2c-a7a8-2776d06e8a54"}
2026-03-31 14:41:26 | INFO     | [QUESTION_ATTEMPT] {"attempt": 50, "max_questions": 300, "question_idx": 1920, "uid": "ebd441fe-06bb-4b2c-a7a8-2776d06e8a54"}
2026-03-31 14:44:25 | INFO     | [QUESTION_SENT] {"question_idx": 1921, "uid": "2eeefeba-efa7-4528-a4e6-2503b5b5f4e2"}
2026-03-31 14:45:10 | INFO     | [QUESTION_ATTEMPT] {"attempt": 51, "max_questions": 300, "question_idx": 1921, "uid": "2eeefeba-efa7-4528-a4e6-2503b5b5f4e2"}
2026-03-31 14:48:00 | INFO     | [QUESTION_SENT] {"question_idx": 1922, "uid": "11753ca9-cdaf-4f6f-acae-fce8ba84aa16"}
2026-03-31 14:48:53 | INFO     | [QUESTION_ATTEMPT] {"attempt": 52, "max_questions": 300, "question_idx": 1922, "uid": "11753ca9-cdaf-4f6f-acae-fce8ba84aa16"}
2026-03-31 14:51:35 | INFO     | [QUESTION_SENT] {"question_idx": 1923, "uid": "7c1e4646-ed80-4f72-b07b-fee54655829a"}
2026-03-31 14:52:23 | INFO     | [QUESTION_ATTEMPT] {"attempt": 53, "max_questions": 300, "question_idx": 1923, "uid": "7c1e4646-ed80-4f72-b07b-fee54655829a"}
2026-03-31 14:55:10 | INFO     | [QUESTION_SENT] {"question_idx": 1924, "uid": "4c364e6d-0cef-40da-affb-42458f12ca50"}
2026-03-31 14:56:08 | INFO     | [QUESTION_ATTEMPT] {"attempt": 54, "max_questions": 300, "question_idx": 1924, "uid": "4c364e6d-0cef-40da-affb-42458f12ca50"}
2026-03-31 14:58:46 | INFO     | [QUESTION_SENT] {"question_idx": 1925, "uid": "a3a35b83-45fd-47cd-accc-5714bf74ca49"}
2026-03-31 14:59:39 | INFO     | [QUESTION_ATTEMPT] {"attempt": 55, "max_questions": 300, "question_idx": 1925, "uid": "a3a35b83-45fd-47cd-accc-5714bf74ca49"}
2026-03-31 15:02:21 | INFO     | [QUESTION_SENT] {"question_idx": 1926, "uid": "c187cd5b-d087-45dc-b106-becb5631e88a"}
2026-03-31 15:03:14 | INFO     | [QUESTION_ATTEMPT] {"attempt": 56, "max_questions": 300, "question_idx": 1926, "uid": "c187cd5b-d087-45dc-b106-becb5631e88a"}
2026-03-31 15:05:56 | INFO     | [QUESTION_SENT] {"question_idx": 1927, "uid": "002517c1-6339-417c-99d1-f201667a01b6"}
2026-03-31 15:06:49 | INFO     | [QUESTION_ATTEMPT] {"attempt": 57, "max_questions": 300, "question_idx": 1927, "uid": "002517c1-6339-417c-99d1-f201667a01b6"}
2026-03-31 15:09:31 | INFO     | [QUESTION_SENT] {"question_idx": 1928, "uid": "01b5510c-cb09-450d-850d-1638f9ef6e38"}
2026-03-31 15:10:16 | INFO     | [QUESTION_ATTEMPT] {"attempt": 58, "max_questions": 300, "question_idx": 1928, "uid": "01b5510c-cb09-450d-850d-1638f9ef6e38"}
2026-03-31 15:13:06 | INFO     | [QUESTION_SENT] {"question_idx": 1929, "uid": "27f54a28-e5f6-4184-92ad-cf2937286cc4"}
2026-03-31 15:13:54 | INFO     | [QUESTION_ATTEMPT] {"attempt": 59, "max_questions": 300, "question_idx": 1929, "uid": "27f54a28-e5f6-4184-92ad-cf2937286cc4"}
2026-03-31 15:16:41 | INFO     | [QUESTION_SENT] {"question_idx": 1930, "uid": "6b4baec4-5e80-4b31-a8c1-9f976cf078c5"}
2026-03-31 15:17:29 | INFO     | [QUESTION_ATTEMPT] {"attempt": 60, "max_questions": 300, "question_idx": 1930, "uid": "6b4baec4-5e80-4b31-a8c1-9f976cf078c5"}
2026-03-31 15:20:16 | INFO     | [QUESTION_SENT] {"question_idx": 1931, "uid": "b2c4fcbc-3991-4dc6-9c1d-33ee5554c553"}
2026-03-31 15:21:08 | INFO     | [QUESTION_ATTEMPT] {"attempt": 61, "max_questions": 300, "question_idx": 1931, "uid": "b2c4fcbc-3991-4dc6-9c1d-33ee5554c553"}
2026-03-31 15:23:51 | INFO     | [QUESTION_SENT] {"question_idx": 1932, "uid": "9d5f1438-db00-4e4b-9a16-bc5314203dda"}
2026-03-31 15:24:50 | INFO     | [QUESTION_ATTEMPT] {"attempt": 62, "max_questions": 300, "question_idx": 1932, "uid": "9d5f1438-db00-4e4b-9a16-bc5314203dda"}
2026-03-31 15:27:27 | INFO     | [QUESTION_SENT] {"question_idx": 1933, "uid": "8a8d066e-756b-4993-8b73-a91ba117bd0b"}
2026-03-31 15:28:16 | INFO     | [QUESTION_ATTEMPT] {"attempt": 63, "max_questions": 300, "question_idx": 1933, "uid": "8a8d066e-756b-4993-8b73-a91ba117bd0b"}
2026-03-31 15:31:02 | INFO     | [QUESTION_SENT] {"question_idx": 1934, "uid": "f3dab74e-b639-4d8b-ab48-ea6e6350bcad"}
2026-03-31 15:31:57 | INFO     | [QUESTION_ATTEMPT] {"attempt": 64, "max_questions": 300, "question_idx": 1934, "uid": "f3dab74e-b639-4d8b-ab48-ea6e6350bcad"}
2026-03-31 15:34:37 | INFO     | [QUESTION_SENT] {"question_idx": 1935, "uid": "92d16698-facd-4b87-88ce-6adfefe46a54"}
2026-03-31 15:35:29 | INFO     | [QUESTION_ATTEMPT] {"attempt": 65, "max_questions": 300, "question_idx": 1935, "uid": "92d16698-facd-4b87-88ce-6adfefe46a54"}
2026-03-31 15:38:12 | INFO     | [QUESTION_SENT] {"question_idx": 1936, "uid": "dbb288ed-405f-4451-b77e-c036284f5267"}
2026-03-31 15:38:58 | INFO     | [QUESTION_ATTEMPT] {"attempt": 66, "max_questions": 300, "question_idx": 1936, "uid": "dbb288ed-405f-4451-b77e-c036284f5267"}
2026-03-31 15:41:47 | INFO     | [QUESTION_SENT] {"question_idx": 1937, "uid": "02c72539-3455-414c-8234-5a65cc9120ea"}
2026-03-31 15:42:29 | INFO     | [QUESTION_ATTEMPT] {"attempt": 67, "max_questions": 300, "question_idx": 1937, "uid": "02c72539-3455-414c-8234-5a65cc9120ea"}
2026-03-31 15:45:22 | INFO     | [QUESTION_SENT] {"question_idx": 1938, "uid": "c83595f2-b073-4157-aaef-39a2253f9571"}
2026-03-31 15:46:09 | INFO     | [QUESTION_ATTEMPT] {"attempt": 68, "max_questions": 300, "question_idx": 1938, "uid": "c83595f2-b073-4157-aaef-39a2253f9571"}
2026-03-31 15:48:57 | INFO     | [QUESTION_SENT] {"question_idx": 1939, "uid": "5eb05511-faf8-4c90-a365-494d42c7ee87"}
2026-03-31 15:49:44 | INFO     | [QUESTION_ATTEMPT] {"attempt": 69, "max_questions": 300, "question_idx": 1939, "uid": "5eb05511-faf8-4c90-a365-494d42c7ee87"}
2026-03-31 15:52:32 | INFO     | [QUESTION_SENT] {"question_idx": 1940, "uid": "089f1703-19df-4259-8834-71496c01b48b"}
2026-03-31 15:53:20 | INFO     | [QUESTION_ATTEMPT] {"attempt": 70, "max_questions": 300, "question_idx": 1940, "uid": "089f1703-19df-4259-8834-71496c01b48b"}
2026-03-31 15:56:07 | INFO     | [QUESTION_SENT] {"question_idx": 1941, "uid": "99ab4957-769c-4ee2-8e21-1d871ebfc63f"}
2026-03-31 15:57:11 | INFO     | [QUESTION_ATTEMPT] {"attempt": 71, "max_questions": 300, "question_idx": 1941, "uid": "99ab4957-769c-4ee2-8e21-1d871ebfc63f"}
2026-03-31 15:59:42 | INFO     | [QUESTION_SENT] {"question_idx": 1942, "uid": "0e402127-d9a3-4457-800d-83b3814cfb39"}
2026-03-31 16:00:30 | INFO     | [QUESTION_ATTEMPT] {"attempt": 72, "max_questions": 300, "question_idx": 1942, "uid": "0e402127-d9a3-4457-800d-83b3814cfb39"}
2026-03-31 16:03:18 | INFO     | [QUESTION_SENT] {"question_idx": 1943, "uid": "5a9d0e91-9792-44e6-8d29-87e259da873f"}
2026-03-31 16:06:52 | INFO     | [QUESTION_SENT] {"question_idx": 1943, "uid": "5a9d0e91-9792-44e6-8d29-87e259da873f"}
2026-03-31 16:07:36 | INFO     | [QUESTION_ATTEMPT] {"attempt": 73, "max_questions": 300, "question_idx": 1943, "uid": "5a9d0e91-9792-44e6-8d29-87e259da873f"}
2026-03-31 16:10:28 | INFO     | [QUESTION_SENT] {"question_idx": 1944, "uid": "2fadd7c1-cbe4-4258-80ad-620f8b8b9c70"}
2026-03-31 16:11:22 | INFO     | [QUESTION_ATTEMPT] {"attempt": 74, "max_questions": 300, "question_idx": 1944, "uid": "2fadd7c1-cbe4-4258-80ad-620f8b8b9c70"}
2026-03-31 16:14:03 | INFO     | [QUESTION_SENT] {"question_idx": 1945, "uid": "ad51da79-d07a-4f65-ac6a-126690297542"}
2026-03-31 16:14:48 | INFO     | [QUESTION_ATTEMPT] {"attempt": 75, "max_questions": 300, "question_idx": 1945, "uid": "ad51da79-d07a-4f65-ac6a-126690297542"}
2026-03-31 16:17:38 | INFO     | [QUESTION_SENT] {"question_idx": 1946, "uid": "a54e8da9-5e8d-4f75-8dd5-6d6610c0d844"}
2026-03-31 16:18:23 | INFO     | [QUESTION_ATTEMPT] {"attempt": 76, "max_questions": 300, "question_idx": 1946, "uid": "a54e8da9-5e8d-4f75-8dd5-6d6610c0d844"}
2026-03-31 16:21:13 | INFO     | [QUESTION_SENT] {"question_idx": 1947, "uid": "7f441b00-9757-452c-b96a-341ce536ec07"}
2026-03-31 16:21:58 | INFO     | [QUESTION_ATTEMPT] {"attempt": 77, "max_questions": 300, "question_idx": 1947, "uid": "7f441b00-9757-452c-b96a-341ce536ec07"}
2026-03-31 16:25:01 | INFO     | [QUESTION_SENT] {"question_idx": 1948, "uid": "85d54350-2e85-46db-b360-d0d575de5f54"}
2026-03-31 16:25:51 | INFO     | [QUESTION_ATTEMPT] {"attempt": 78, "max_questions": 300, "question_idx": 1948, "uid": "85d54350-2e85-46db-b360-d0d575de5f54"}
2026-03-31 16:28:36 | INFO     | [QUESTION_SENT] {"question_idx": 1949, "uid": "9028127f-a1be-4d02-a223-a150aa5de328"}
2026-03-31 16:29:30 | INFO     | [QUESTION_ATTEMPT] {"attempt": 79, "max_questions": 300, "question_idx": 1949, "uid": "9028127f-a1be-4d02-a223-a150aa5de328"}
2026-03-31 16:32:11 | INFO     | [QUESTION_SENT] {"question_idx": 1950, "uid": "b1786541-8fca-4e92-91fe-fff10cc9d4ab"}
2026-03-31 16:33:10 | INFO     | [QUESTION_ATTEMPT] {"attempt": 80, "max_questions": 300, "question_idx": 1950, "uid": "b1786541-8fca-4e92-91fe-fff10cc9d4ab"}
2026-03-31 16:35:46 | INFO     | [QUESTION_SENT] {"question_idx": 1951, "uid": "1d94fd5b-0ea2-439d-8068-8ca29408e877"}
2026-03-31 16:36:41 | INFO     | [QUESTION_ATTEMPT] {"attempt": 81, "max_questions": 300, "question_idx": 1951, "uid": "1d94fd5b-0ea2-439d-8068-8ca29408e877"}
2026-03-31 16:39:21 | INFO     | [QUESTION_SENT] {"question_idx": 1952, "uid": "1fdb204d-de14-4191-9240-e326b22a12ae"}
2026-03-31 16:40:00 | INFO     | [QUESTION_ATTEMPT] {"attempt": 82, "max_questions": 300, "question_idx": 1952, "uid": "1fdb204d-de14-4191-9240-e326b22a12ae"}
2026-03-31 16:42:56 | INFO     | [QUESTION_SENT] {"question_idx": 1952, "uid": "1fdb204d-de14-4191-9240-e326b22a12ae"}
2026-03-31 16:43:51 | INFO     | [QUESTION_ATTEMPT] {"attempt": 83, "max_questions": 300, "question_idx": 1952, "uid": "1fdb204d-de14-4191-9240-e326b22a12ae"}
2026-03-31 16:46:31 | INFO     | [QUESTION_SENT] {"question_idx": 1953, "uid": "188a2ab3-1685-4a15-8434-3408bec22f42"}
2026-03-31 16:47:14 | INFO     | [QUESTION_ATTEMPT] {"attempt": 84, "max_questions": 300, "question_idx": 1953, "uid": "188a2ab3-1685-4a15-8434-3408bec22f42"}
2026-03-31 16:50:06 | INFO     | [QUESTION_SENT] {"question_idx": 1954, "uid": "0f6a2b95-381c-4ccd-a87d-a48fcf7e1fcb"}
2026-03-31 16:53:41 | INFO     | [QUESTION_SENT] {"question_idx": 1954, "uid": "0f6a2b95-381c-4ccd-a87d-a48fcf7e1fcb"}
2026-03-31 16:54:23 | INFO     | [QUESTION_ATTEMPT] {"attempt": 85, "max_questions": 300, "question_idx": 1954, "uid": "0f6a2b95-381c-4ccd-a87d-a48fcf7e1fcb"}
2026-03-31 16:57:17 | INFO     | [QUESTION_SENT] {"question_idx": 1955, "uid": "5e05a268-2f1a-4c8b-aae2-eed1dc62c099"}
2026-03-31 16:57:57 | INFO     | [QUESTION_ATTEMPT] {"attempt": 86, "max_questions": 300, "question_idx": 1955, "uid": "5e05a268-2f1a-4c8b-aae2-eed1dc62c099"}
2026-03-31 17:00:52 | INFO     | [QUESTION_SENT] {"question_idx": 1956, "uid": "646389c4-d07b-43fe-a573-653858966fbf"}
2026-03-31 17:01:44 | INFO     | [QUESTION_ATTEMPT] {"attempt": 87, "max_questions": 300, "question_idx": 1956, "uid": "646389c4-d07b-43fe-a573-653858966fbf"}
2026-03-31 17:04:27 | INFO     | [QUESTION_SENT] {"question_idx": 1957, "uid": "4e589b29-a548-4d48-a5e0-35a6896eaef8"}
2026-03-31 17:05:22 | INFO     | [QUESTION_ATTEMPT] {"attempt": 88, "max_questions": 300, "question_idx": 1957, "uid": "4e589b29-a548-4d48-a5e0-35a6896eaef8"}
2026-03-31 17:08:03 | INFO     | [QUESTION_SENT] {"question_idx": 1958, "uid": "4f5e57fd-6ba6-4312-be35-3fd94ebaffa8"}
2026-03-31 17:09:08 | INFO     | [QUESTION_ATTEMPT] {"attempt": 89, "max_questions": 300, "question_idx": 1958, "uid": "4f5e57fd-6ba6-4312-be35-3fd94ebaffa8"}
2026-03-31 17:11:38 | INFO     | [QUESTION_SENT] {"question_idx": 1959, "uid": "2101eecb-eba0-48db-aada-275724ae7539"}
2026-03-31 17:12:27 | INFO     | [QUESTION_ATTEMPT] {"attempt": 90, "max_questions": 300, "question_idx": 1959, "uid": "2101eecb-eba0-48db-aada-275724ae7539"}
2026-03-31 17:15:13 | INFO     | [QUESTION_SENT] {"question_idx": 1960, "uid": "da2a7b6e-86d6-459e-8781-2b612462365e"}
2026-03-31 17:16:00 | INFO     | [QUESTION_ATTEMPT] {"attempt": 91, "max_questions": 300, "question_idx": 1960, "uid": "da2a7b6e-86d6-459e-8781-2b612462365e"}
2026-03-31 17:18:47 | INFO     | [QUESTION_SENT] {"question_idx": 1961, "uid": "c5db5b94-52de-4690-a5a5-4d9581a11884"}
2026-03-31 17:19:42 | INFO     | [QUESTION_ATTEMPT] {"attempt": 92, "max_questions": 300, "question_idx": 1961, "uid": "c5db5b94-52de-4690-a5a5-4d9581a11884"}
2026-03-31 17:22:23 | INFO     | [QUESTION_SENT] {"question_idx": 1962, "uid": "90e0f749-66d5-428e-978a-0b007024af54"}
2026-03-31 17:23:10 | INFO     | [QUESTION_ATTEMPT] {"attempt": 93, "max_questions": 300, "question_idx": 1962, "uid": "90e0f749-66d5-428e-978a-0b007024af54"}
2026-03-31 17:25:58 | INFO     | [QUESTION_SENT] {"question_idx": 1963, "uid": "39c65e4c-f87d-444a-be3a-d04e19a58f4e"}
2026-03-31 17:26:55 | INFO     | [QUESTION_ATTEMPT] {"attempt": 94, "max_questions": 300, "question_idx": 1963, "uid": "39c65e4c-f87d-444a-be3a-d04e19a58f4e"}
2026-03-31 17:29:33 | INFO     | [QUESTION_SENT] {"question_idx": 1964, "uid": "9902449d-9785-41ff-8177-114eec751645"}
2026-03-31 17:30:19 | INFO     | [QUESTION_ATTEMPT] {"attempt": 95, "max_questions": 300, "question_idx": 1964, "uid": "9902449d-9785-41ff-8177-114eec751645"}
2026-03-31 17:33:08 | INFO     | [QUESTION_SENT] {"question_idx": 1965, "uid": "c3616508-823e-48e2-b51c-d50dc1f98e37"}
2026-03-31 17:34:01 | INFO     | [QUESTION_ATTEMPT] {"attempt": 96, "max_questions": 300, "question_idx": 1965, "uid": "c3616508-823e-48e2-b51c-d50dc1f98e37"}
2026-03-31 17:36:43 | INFO     | [QUESTION_SENT] {"question_idx": 1966, "uid": "694d0fee-065a-457c-95d6-791078f5a3ec"}
2026-03-31 17:38:17 | INFO     | [BOT_STOP] {"bot_id": 10, "total_questions": 96}
2026-03-31 20:35:23 | INFO     | [BOT_START] {"bot_id": 10, "project": "hypos_norm", "timestamp": "2026-03-31T20:35:23.669497", "log_dir": "/home/dmitrii/Documents/projects/clicker_3.0/logs/bot_10"}
2026-03-31 20:35:29 | INFO     | [RESTART] {"bot_id": 10, "note": "first_start"}
2026-03-31 20:35:29 | INFO     | [FSM_INITIALIZED] {"site": "gpt", "scenario": "web_search", "start_state": "start_question"}
2026-03-31 20:41:42 | INFO     | [BOT_START] {"bot_id": 10, "project": "hypos_norm", "timestamp": "2026-03-31T20:41:42.586297", "log_dir": "/home/dmitrii/Documents/projects/clicker_3.0/logs/bot_10"}
2026-03-31 20:41:48 | INFO     | [RESTART] {"bot_id": 10, "note": "first_start"}
2026-03-31 20:41:48 | INFO     | [FSM_INITIALIZED] {"site": "gpt", "scenario": "web_search", "start_state": "start_question"}
2026-03-31 20:42:43 | INFO     | [QUESTION_SENT] {"question_idx": 1966, "uid": "694d0fee-065a-457c-95d6-791078f5a3ec"}
2026-03-31 20:43:18 | INFO     | [QUESTION_ATTEMPT] {"attempt": 1, "max_questions": 300, "question_idx": 1966, "uid": "694d0fee-065a-457c-95d6-791078f5a3ec"}
2026-03-31 20:46:19 | INFO     | [QUESTION_SENT] {"question_idx": 1967, "uid": "ff162cff-2e31-4d86-96a2-a373ec61d34a"}
2026-03-31 20:47:00 | INFO     | [QUESTION_ATTEMPT] {"attempt": 2, "max_questions": 300, "question_idx": 1967, "uid": "ff162cff-2e31-4d86-96a2-a373ec61d34a"}
2026-03-31 20:49:55 | INFO     | [QUESTION_SENT] {"question_idx": 1968, "uid": "8f06292e-7f08-474d-b5b7-73a49ab7e8e0"}
2026-03-31 20:50:29 | INFO     | [QUESTION_ATTEMPT] {"attempt": 3, "max_questions": 300, "question_idx": 1968, "uid": "8f06292e-7f08-474d-b5b7-73a49ab7e8e0"}
2026-03-31 20:53:30 | INFO     | [QUESTION_SENT] {"question_idx": 1969, "uid": "c5e5e901-cc4d-41cd-b1b0-41041d053d10"}
2026-03-31 20:54:03 | INFO     | [QUESTION_ATTEMPT] {"attempt": 4, "max_questions": 300, "question_idx": 1969, "uid": "c5e5e901-cc4d-41cd-b1b0-41041d053d10"}
2026-03-31 20:57:05 | INFO     | [QUESTION_SENT] {"question_idx": 1970, "uid": "71c28cc3-5664-404f-8946-e9797d84c406"}
2026-03-31 20:57:38 | INFO     | [QUESTION_ATTEMPT] {"attempt": 5, "max_questions": 300, "question_idx": 1970, "uid": "71c28cc3-5664-404f-8946-e9797d84c406"}
2026-03-31 20:57:50 | INFO     | [QUESTION_SENT] {"question_idx": 1970, "uid": "71c28cc3-5664-404f-8946-e9797d84c406"}
2026-03-31 20:58:16 | INFO     | [QUESTION_ATTEMPT] {"attempt": 6, "max_questions": 300, "question_idx": 1970, "uid": "71c28cc3-5664-404f-8946-e9797d84c406"}
2026-03-31 20:58:17 | INFO     | [BOT_STOP] {"bot_id": 10, "total_questions": 6}
