2026-03-24 09:53:38 | INFO     | [BOT_START] {"bot_id": 10, "project": "hypos_norm", "timestamp": "2026-03-24T09:53:38.968612", "log_dir": "/home/dmitrii/Documents/projects/clicker_3.0/logs/bot_10"}
2026-03-24 10:32:26 | INFO     | [BOT_START] {"bot_id": 10, "project": "hypos_norm", "timestamp": "2026-03-24T10:32:26.368148", "log_dir": "/home/dmitrii/Documents/projects/clicker_3.0/logs/bot_10"}
2026-03-24 10:32:32 | INFO     | [RESTART] {"bot_id": 10, "note": "first_start"}
2026-03-24 10:32:32 | INFO     | [FSM_INITIALIZED] {"site": "gpt", "scenario": "web_search", "start_state": "start_question"}
2026-03-24 10:33:40 | INFO     | [QUESTION_SENT] {"question_idx": 1612, "uid": "dc292b82-eea1-48ce-8885-cf71bfbdc2a0"}
2026-03-24 10:34:54 | INFO     | [QUESTION_ATTEMPT] {"attempt": 1, "max_questions": 250, "question_idx": 1612, "uid": "dc292b82-eea1-48ce-8885-cf71bfbdc2a0"}
2026-03-24 10:35:22 | INFO     | [QUESTION_SENT] {"question_idx": 1613, "uid": "a6f36dfa-b044-45ed-b953-f2eb19440acb"}
2026-03-24 10:37:03 | INFO     | [QUESTION_ATTEMPT] {"attempt": 2, "max_questions": 250, "question_idx": 1613, "uid": "a6f36dfa-b044-45ed-b953-f2eb19440acb"}
2026-03-24 10:37:32 | INFO     | [QUESTION_SENT] {"question_idx": 1614, "uid": "4299cf01-99ae-400f-b753-b96351cef1a1"}
2026-03-24 10:38:40 | INFO     | [QUESTION_ATTEMPT] {"attempt": 3, "max_questions": 250, "question_idx": 1614, "uid": "4299cf01-99ae-400f-b753-b96351cef1a1"}
2026-03-24 10:39:09 | INFO     | [QUESTION_SENT] {"question_idx": 1615, "uid": "5848d194-0d92-4b52-8774-c3dec9a94a3c"}
2026-03-24 10:41:26 | INFO     | [QUESTION_ATTEMPT] {"attempt": 4, "max_questions": 250, "question_idx": 1615, "uid": "5848d194-0d92-4b52-8774-c3dec9a94a3c"}
2026-03-24 10:41:55 | INFO     | [QUESTION_SENT] {"question_idx": 1616, "uid": "286d516e-ca87-48cb-b4a0-fd156ab3fb2c"}
2026-03-24 10:43:17 | INFO     | [QUESTION_ATTEMPT] {"attempt": 5, "max_questions": 250, "question_idx": 1616, "uid": "286d516e-ca87-48cb-b4a0-fd156ab3fb2c"}
2026-03-24 10:43:46 | INFO     | [QUESTION_SENT] {"question_idx": 1617, "uid": "268d121e-643f-4b06-ba3f-13235cba7c4a"}
2026-03-24 10:45:39 | INFO     | [QUESTION_ATTEMPT] {"attempt": 6, "max_questions": 250, "question_idx": 1617, "uid": "268d121e-643f-4b06-ba3f-13235cba7c4a"}
2026-03-24 10:46:08 | INFO     | [QUESTION_SENT] {"question_idx": 1618, "uid": "61c05dbf-99cd-43a1-8560-19b51d0f21c9"}
2026-03-24 10:47:33 | INFO     | [QUESTION_ATTEMPT] {"attempt": 7, "max_questions": 250, "question_idx": 1618, "uid": "61c05dbf-99cd-43a1-8560-19b51d0f21c9"}
2026-03-24 10:48:02 | INFO     | [QUESTION_SENT] {"question_idx": 1619, "uid": "f4160275-ce17-47e6-b1d0-0671869565cc"}
2026-03-24 10:49:46 | INFO     | [QUESTION_ATTEMPT] {"attempt": 8, "max_questions": 250, "question_idx": 1619, "uid": "f4160275-ce17-47e6-b1d0-0671869565cc"}
2026-03-24 10:50:15 | INFO     | [QUESTION_SENT] {"question_idx": 1620, "uid": "db933c9b-3cea-4dac-ac83-df01f8102644"}
2026-03-24 10:52:03 | INFO     | [QUESTION_ATTEMPT] {"attempt": 9, "max_questions": 250, "question_idx": 1620, "uid": "db933c9b-3cea-4dac-ac83-df01f8102644"}
2026-03-24 10:52:32 | INFO     | [QUESTION_SENT] {"question_idx": 1621, "uid": "9ccf354c-fbce-4150-9029-2c151157a7b0"}
2026-03-24 10:54:07 | INFO     | [QUESTION_SENT] {"question_idx": 1621, "uid": "9ccf354c-fbce-4150-9029-2c151157a7b0"}
2026-03-24 10:55:34 | INFO     | [QUESTION_ATTEMPT] {"attempt": 10, "max_questions": 250, "question_idx": 1621, "uid": "9ccf354c-fbce-4150-9029-2c151157a7b0"}
2026-03-24 10:56:03 | INFO     | [QUESTION_SENT] {"question_idx": 1622, "uid": "518e0ca2-d697-468c-85af-1d2578f47859"}
2026-03-24 10:57:50 | INFO     | [QUESTION_ATTEMPT] {"attempt": 11, "max_questions": 250, "question_idx": 1622, "uid": "518e0ca2-d697-468c-85af-1d2578f47859"}
2026-03-24 10:58:19 | INFO     | [QUESTION_SENT] {"question_idx": 1623, "uid": "30ab33ea-af46-4bf0-adbc-bd6b1221ad0a"}
2026-03-24 10:59:54 | INFO     | [QUESTION_ATTEMPT] {"attempt": 12, "max_questions": 250, "question_idx": 1623, "uid": "30ab33ea-af46-4bf0-adbc-bd6b1221ad0a"}
2026-03-24 11:00:22 | INFO     | [QUESTION_SENT] {"question_idx": 1624, "uid": "34926fae-ce56-4608-bdaf-27adacfbb362"}
2026-03-24 11:02:33 | INFO     | [QUESTION_ATTEMPT] {"attempt": 13, "max_questions": 250, "question_idx": 1624, "uid": "34926fae-ce56-4608-bdaf-27adacfbb362"}
2026-03-24 11:03:02 | INFO     | [QUESTION_SENT] {"question_idx": 1625, "uid": "500f8fac-e253-4ede-988b-a0bce3d0155a"}
2026-03-24 11:04:50 | INFO     | [QUESTION_ATTEMPT] {"attempt": 14, "max_questions": 250, "question_idx": 1625, "uid": "500f8fac-e253-4ede-988b-a0bce3d0155a"}
2026-03-24 11:05:19 | INFO     | [QUESTION_SENT] {"question_idx": 1626, "uid": "e7515822-d605-4344-a632-1d3a0b34faf9"}
2026-03-24 11:06:37 | INFO     | [QUESTION_ATTEMPT] {"attempt": 15, "max_questions": 250, "question_idx": 1626, "uid": "e7515822-d605-4344-a632-1d3a0b34faf9"}
2026-03-24 11:07:05 | INFO     | [QUESTION_SENT] {"question_idx": 1627, "uid": "7fbe25f6-1fe4-4b8c-8291-388fa8076a21"}
2026-03-24 11:08:35 | INFO     | [QUESTION_ATTEMPT] {"attempt": 16, "max_questions": 250, "question_idx": 1627, "uid": "7fbe25f6-1fe4-4b8c-8291-388fa8076a21"}
2026-03-24 11:08:47 | INFO     | [QUESTION_SENT] {"question_idx": 1627, "uid": "7fbe25f6-1fe4-4b8c-8291-388fa8076a21"}
2026-03-24 11:10:01 | INFO     | [QUESTION_ATTEMPT] {"attempt": 17, "max_questions": 250, "question_idx": 1627, "uid": "7fbe25f6-1fe4-4b8c-8291-388fa8076a21"}
2026-03-24 11:10:13 | INFO     | [QUESTION_SENT] {"question_idx": 1627, "uid": "7fbe25f6-1fe4-4b8c-8291-388fa8076a21"}
2026-03-24 11:11:24 | INFO     | [QUESTION_ATTEMPT] {"attempt": 18, "max_questions": 250, "question_idx": 1627, "uid": "7fbe25f6-1fe4-4b8c-8291-388fa8076a21"}
2026-03-24 11:11:37 | INFO     | [QUESTION_SENT] {"question_idx": 1627, "uid": "7fbe25f6-1fe4-4b8c-8291-388fa8076a21"}
2026-03-24 11:12:32 | INFO     | [QUESTION_ATTEMPT] {"attempt": 19, "max_questions": 250, "question_idx": 1627, "uid": "7fbe25f6-1fe4-4b8c-8291-388fa8076a21"}
2026-03-24 11:12:44 | INFO     | [QUESTION_SENT] {"question_idx": 1627, "uid": "7fbe25f6-1fe4-4b8c-8291-388fa8076a21"}
2026-03-24 11:13:43 | INFO     | [QUESTION_ATTEMPT] {"attempt": 20, "max_questions": 250, "question_idx": 1627, "uid": "7fbe25f6-1fe4-4b8c-8291-388fa8076a21"}
2026-03-24 11:13:56 | INFO     | [QUESTION_SENT] {"question_idx": 1627, "uid": "7fbe25f6-1fe4-4b8c-8291-388fa8076a21"}
2026-03-24 11:15:29 | INFO     | [QUESTION_SENT] {"question_idx": 1627, "uid": "7fbe25f6-1fe4-4b8c-8291-388fa8076a21"}
2026-03-24 11:17:25 | INFO     | [QUESTION_ATTEMPT] {"attempt": 21, "max_questions": 250, "question_idx": 1627, "uid": "7fbe25f6-1fe4-4b8c-8291-388fa8076a21"}
2026-03-24 11:17:54 | INFO     | [QUESTION_SENT] {"question_idx": 1628, "uid": "19380259-ac9b-4b56-aec6-e12050c3db36"}
2026-03-24 11:19:44 | INFO     | [QUESTION_ATTEMPT] {"attempt": 22, "max_questions": 250, "question_idx": 1628, "uid": "19380259-ac9b-4b56-aec6-e12050c3db36"}
2026-03-24 11:20:13 | INFO     | [QUESTION_SENT] {"question_idx": 1629, "uid": "a51b6001-21b1-4b7b-a373-b17ed6d7baf3"}
2026-03-24 11:21:44 | INFO     | [QUESTION_ATTEMPT] {"attempt": 23, "max_questions": 250, "question_idx": 1629, "uid": "a51b6001-21b1-4b7b-a373-b17ed6d7baf3"}
2026-03-24 11:22:13 | INFO     | [QUESTION_SENT] {"question_idx": 1630, "uid": "b40a4590-f694-4ef3-9344-9a3698871415"}
2026-03-24 11:22:45 | INFO     | [QUESTION_ATTEMPT] {"attempt": 24, "max_questions": 250, "question_idx": 1630, "uid": "b40a4590-f694-4ef3-9344-9a3698871415"}
2026-03-24 11:23:47 | INFO     | [QUESTION_SENT] {"question_idx": 1631, "uid": "e326eecd-fba6-4333-b562-526b5c7db31d"}
2026-03-24 11:24:19 | INFO     | [QUESTION_ATTEMPT] {"attempt": 25, "max_questions": 250, "question_idx": 1631, "uid": "e326eecd-fba6-4333-b562-526b5c7db31d"}
2026-03-24 11:24:32 | INFO     | [QUESTION_SENT] {"question_idx": 1631, "uid": "e326eecd-fba6-4333-b562-526b5c7db31d"}
2026-03-24 11:24:55 | INFO     | [QUESTION_ATTEMPT] {"attempt": 26, "max_questions": 250, "question_idx": 1631, "uid": "e326eecd-fba6-4333-b562-526b5c7db31d"}
2026-03-24 11:26:06 | INFO     | [QUESTION_SENT] {"question_idx": 1632, "uid": "290742d0-b609-47a1-b96b-56217c348d74"}
2026-03-24 11:26:38 | INFO     | [QUESTION_ATTEMPT] {"attempt": 27, "max_questions": 250, "question_idx": 1632, "uid": "290742d0-b609-47a1-b96b-56217c348d74"}
2026-03-24 11:27:40 | INFO     | [QUESTION_SENT] {"question_idx": 1633, "uid": "30ad1ae2-0ddd-43b4-bfb6-13e5dd291fa8"}
2026-03-24 11:28:06 | INFO     | [QUESTION_ATTEMPT] {"attempt": 28, "max_questions": 250, "question_idx": 1633, "uid": "30ad1ae2-0ddd-43b4-bfb6-13e5dd291fa8"}
2026-03-24 11:28:19 | INFO     | [QUESTION_SENT] {"question_idx": 1633, "uid": "30ad1ae2-0ddd-43b4-bfb6-13e5dd291fa8"}
2026-03-24 11:28:34 | INFO     | [QUESTION_ATTEMPT] {"attempt": 29, "max_questions": 250, "question_idx": 1633, "uid": "30ad1ae2-0ddd-43b4-bfb6-13e5dd291fa8"}
2026-03-24 11:29:53 | INFO     | [QUESTION_SENT] {"question_idx": 1633, "uid": "30ad1ae2-0ddd-43b4-bfb6-13e5dd291fa8"}
2026-03-24 11:30:22 | INFO     | [QUESTION_ATTEMPT] {"attempt": 30, "max_questions": 250, "question_idx": 1633, "uid": "30ad1ae2-0ddd-43b4-bfb6-13e5dd291fa8"}
2026-03-24 11:30:35 | INFO     | [QUESTION_SENT] {"question_idx": 1633, "uid": "30ad1ae2-0ddd-43b4-bfb6-13e5dd291fa8"}
2026-03-24 11:32:09 | INFO     | [QUESTION_SENT] {"question_idx": 1633, "uid": "30ad1ae2-0ddd-43b4-bfb6-13e5dd291fa8"}
2026-03-24 11:32:42 | INFO     | [QUESTION_ATTEMPT] {"attempt": 31, "max_questions": 250, "question_idx": 1633, "uid": "30ad1ae2-0ddd-43b4-bfb6-13e5dd291fa8"}
2026-03-24 11:33:43 | INFO     | [QUESTION_SENT] {"question_idx": 1634, "uid": "bd586047-94a3-48d7-af8c-07166b6b06ff"}
2026-03-24 11:34:18 | INFO     | [QUESTION_ATTEMPT] {"attempt": 32, "max_questions": 250, "question_idx": 1634, "uid": "bd586047-94a3-48d7-af8c-07166b6b06ff"}
2026-03-24 11:35:17 | INFO     | [QUESTION_SENT] {"question_idx": 1635, "uid": "d721e484-8d56-43e1-a550-eefcca4fdb54"}
2026-03-24 11:35:55 | INFO     | [QUESTION_ATTEMPT] {"attempt": 33, "max_questions": 250, "question_idx": 1635, "uid": "d721e484-8d56-43e1-a550-eefcca4fdb54"}
2026-03-24 11:36:52 | INFO     | [QUESTION_SENT] {"question_idx": 1636, "uid": "f50d2d5c-4ce0-478a-b97d-c903ab32e070"}
2026-03-24 11:37:30 | INFO     | [QUESTION_ATTEMPT] {"attempt": 34, "max_questions": 250, "question_idx": 1636, "uid": "f50d2d5c-4ce0-478a-b97d-c903ab32e070"}
2026-03-24 11:38:25 | INFO     | [QUESTION_SENT] {"question_idx": 1637, "uid": "97437585-0de3-44b4-aa4b-84af05a5f07d"}
2026-03-24 11:38:56 | INFO     | [QUESTION_ATTEMPT] {"attempt": 35, "max_questions": 250, "question_idx": 1637, "uid": "97437585-0de3-44b4-aa4b-84af05a5f07d"}
2026-03-24 11:39:59 | INFO     | [QUESTION_SENT] {"question_idx": 1638, "uid": "8e052a3d-a3ff-4c41-b938-6c90c087f313"}
2026-03-24 11:40:33 | INFO     | [QUESTION_ATTEMPT] {"attempt": 36, "max_questions": 250, "question_idx": 1638, "uid": "8e052a3d-a3ff-4c41-b938-6c90c087f313"}
2026-03-24 11:41:32 | INFO     | [QUESTION_SENT] {"question_idx": 1639, "uid": "59b64d5f-f231-4e7f-9ebf-359ad8ea04f0"}
2026-03-24 11:42:03 | INFO     | [QUESTION_ATTEMPT] {"attempt": 37, "max_questions": 250, "question_idx": 1639, "uid": "59b64d5f-f231-4e7f-9ebf-359ad8ea04f0"}
2026-03-24 11:43:06 | INFO     | [QUESTION_SENT] {"question_idx": 1640, "uid": "ff1cbc80-69c2-49a5-b179-0b401a8afbda"}
2026-03-24 11:43:31 | INFO     | [QUESTION_ATTEMPT] {"attempt": 38, "max_questions": 250, "question_idx": 1640, "uid": "ff1cbc80-69c2-49a5-b179-0b401a8afbda"}
2026-03-24 11:43:44 | INFO     | [QUESTION_SENT] {"question_idx": 1640, "uid": "ff1cbc80-69c2-49a5-b179-0b401a8afbda"}
2026-03-24 11:45:18 | INFO     | [QUESTION_SENT] {"question_idx": 1640, "uid": "ff1cbc80-69c2-49a5-b179-0b401a8afbda"}
2026-03-24 11:45:42 | INFO     | [QUESTION_ATTEMPT] {"attempt": 39, "max_questions": 250, "question_idx": 1640, "uid": "ff1cbc80-69c2-49a5-b179-0b401a8afbda"}
2026-03-24 11:45:54 | INFO     | [QUESTION_SENT] {"question_idx": 1640, "uid": "ff1cbc80-69c2-49a5-b179-0b401a8afbda"}
2026-03-24 11:46:20 | INFO     | [QUESTION_ATTEMPT] {"attempt": 40, "max_questions": 250, "question_idx": 1640, "uid": "ff1cbc80-69c2-49a5-b179-0b401a8afbda"}
2026-03-24 11:47:28 | INFO     | [QUESTION_SENT] {"question_idx": 1640, "uid": "ff1cbc80-69c2-49a5-b179-0b401a8afbda"}
2026-03-24 11:47:54 | INFO     | [QUESTION_ATTEMPT] {"attempt": 41, "max_questions": 250, "question_idx": 1640, "uid": "ff1cbc80-69c2-49a5-b179-0b401a8afbda"}
2026-03-24 11:48:06 | INFO     | [QUESTION_SENT] {"question_idx": 1640, "uid": "ff1cbc80-69c2-49a5-b179-0b401a8afbda"}
2026-03-24 11:48:20 | INFO     | [QUESTION_ATTEMPT] {"attempt": 42, "max_questions": 250, "question_idx": 1640, "uid": "ff1cbc80-69c2-49a5-b179-0b401a8afbda"}
2026-03-24 11:48:33 | INFO     | [QUESTION_SENT] {"question_idx": 1640, "uid": "ff1cbc80-69c2-49a5-b179-0b401a8afbda"}
2026-03-24 11:48:46 | INFO     | [QUESTION_ATTEMPT] {"attempt": 43, "max_questions": 250, "question_idx": 1640, "uid": "ff1cbc80-69c2-49a5-b179-0b401a8afbda"}
2026-03-24 11:48:59 | INFO     | [QUESTION_SENT] {"question_idx": 1640, "uid": "ff1cbc80-69c2-49a5-b179-0b401a8afbda"}
2026-03-24 11:49:16 | INFO     | [QUESTION_ATTEMPT] {"attempt": 44, "max_questions": 250, "question_idx": 1640, "uid": "ff1cbc80-69c2-49a5-b179-0b401a8afbda"}
2026-03-24 11:49:29 | INFO     | [QUESTION_SENT] {"question_idx": 1640, "uid": "ff1cbc80-69c2-49a5-b179-0b401a8afbda"}
2026-03-24 11:49:44 | INFO     | [QUESTION_ATTEMPT] {"attempt": 45, "max_questions": 250, "question_idx": 1640, "uid": "ff1cbc80-69c2-49a5-b179-0b401a8afbda"}
2026-03-24 11:49:57 | INFO     | [QUESTION_SENT] {"question_idx": 1640, "uid": "ff1cbc80-69c2-49a5-b179-0b401a8afbda"}
2026-03-24 11:51:31 | INFO     | [QUESTION_SENT] {"question_idx": 1640, "uid": "ff1cbc80-69c2-49a5-b179-0b401a8afbda"}
2026-03-24 11:51:56 | INFO     | [QUESTION_ATTEMPT] {"attempt": 46, "max_questions": 250, "question_idx": 1640, "uid": "ff1cbc80-69c2-49a5-b179-0b401a8afbda"}
2026-03-24 11:52:09 | INFO     | [QUESTION_SENT] {"question_idx": 1640, "uid": "ff1cbc80-69c2-49a5-b179-0b401a8afbda"}
2026-03-24 11:52:23 | INFO     | [QUESTION_ATTEMPT] {"attempt": 47, "max_questions": 250, "question_idx": 1640, "uid": "ff1cbc80-69c2-49a5-b179-0b401a8afbda"}
2026-03-24 11:52:36 | INFO     | [QUESTION_SENT] {"question_idx": 1640, "uid": "ff1cbc80-69c2-49a5-b179-0b401a8afbda"}
2026-03-24 11:52:52 | INFO     | [QUESTION_ATTEMPT] {"attempt": 48, "max_questions": 250, "question_idx": 1640, "uid": "ff1cbc80-69c2-49a5-b179-0b401a8afbda"}
2026-03-24 11:53:05 | INFO     | [QUESTION_SENT] {"question_idx": 1640, "uid": "ff1cbc80-69c2-49a5-b179-0b401a8afbda"}
2026-03-24 11:53:20 | INFO     | [QUESTION_ATTEMPT] {"attempt": 49, "max_questions": 250, "question_idx": 1640, "uid": "ff1cbc80-69c2-49a5-b179-0b401a8afbda"}
2026-03-24 11:53:33 | INFO     | [QUESTION_SENT] {"question_idx": 1640, "uid": "ff1cbc80-69c2-49a5-b179-0b401a8afbda"}
2026-03-24 11:53:53 | INFO     | [QUESTION_ATTEMPT] {"attempt": 50, "max_questions": 250, "question_idx": 1640, "uid": "ff1cbc80-69c2-49a5-b179-0b401a8afbda"}
2026-03-24 11:55:06 | INFO     | [QUESTION_SENT] {"question_idx": 1641, "uid": "b55d02c0-2dd6-4a27-8765-fb95cc44e1b1"}
2026-03-24 13:21:17 | INFO     | [BOT_STOP] {"bot_id": 10, "total_questions": 50}
2026-03-24 13:21:25 | INFO     | [BOT_START] {"bot_id": 10, "project": "hypos_norm", "timestamp": "2026-03-24T13:21:25.428251", "log_dir": "/home/dmitrii/Documents/projects/clicker_3.0/logs/bot_10"}
2026-03-24 13:21:31 | INFO     | [RESTART] {"bot_id": 10, "note": "first_start"}
2026-03-24 13:21:31 | INFO     | [FSM_INITIALIZED] {"site": "gpt", "scenario": "web_search", "start_state": "start_question"}
2026-03-24 13:22:19 | INFO     | [QUESTION_SENT] {"question_idx": 1641, "uid": "b55d02c0-2dd6-4a27-8765-fb95cc44e1b1"}
2026-03-24 13:22:57 | INFO     | [QUESTION_ATTEMPT] {"attempt": 1, "max_questions": 250, "question_idx": 1641, "uid": "b55d02c0-2dd6-4a27-8765-fb95cc44e1b1"}
2026-03-24 13:23:53 | INFO     | [QUESTION_SENT] {"question_idx": 1642, "uid": "2d00fc05-ca56-4911-9120-0da8c7c2a9ea"}
2026-03-24 13:24:17 | INFO     | [QUESTION_ATTEMPT] {"attempt": 2, "max_questions": 250, "question_idx": 1642, "uid": "2d00fc05-ca56-4911-9120-0da8c7c2a9ea"}
2026-03-24 13:24:30 | INFO     | [QUESTION_SENT] {"question_idx": 1642, "uid": "2d00fc05-ca56-4911-9120-0da8c7c2a9ea"}
2026-03-24 13:26:03 | INFO     | [QUESTION_SENT] {"question_idx": 1642, "uid": "2d00fc05-ca56-4911-9120-0da8c7c2a9ea"}
2026-03-24 13:26:26 | INFO     | [QUESTION_ATTEMPT] {"attempt": 3, "max_questions": 250, "question_idx": 1642, "uid": "2d00fc05-ca56-4911-9120-0da8c7c2a9ea"}
2026-03-24 13:26:39 | INFO     | [QUESTION_SENT] {"question_idx": 1642, "uid": "2d00fc05-ca56-4911-9120-0da8c7c2a9ea"}
2026-03-24 13:26:55 | INFO     | [QUESTION_ATTEMPT] {"attempt": 4, "max_questions": 250, "question_idx": 1642, "uid": "2d00fc05-ca56-4911-9120-0da8c7c2a9ea"}
2026-03-24 13:27:08 | INFO     | [QUESTION_SENT] {"question_idx": 1642, "uid": "2d00fc05-ca56-4911-9120-0da8c7c2a9ea"}
2026-03-24 13:27:23 | INFO     | [QUESTION_ATTEMPT] {"attempt": 5, "max_questions": 250, "question_idx": 1642, "uid": "2d00fc05-ca56-4911-9120-0da8c7c2a9ea"}
2026-03-24 13:27:36 | INFO     | [QUESTION_SENT] {"question_idx": 1642, "uid": "2d00fc05-ca56-4911-9120-0da8c7c2a9ea"}
2026-03-24 13:28:00 | INFO     | [QUESTION_ATTEMPT] {"attempt": 6, "max_questions": 250, "question_idx": 1642, "uid": "2d00fc05-ca56-4911-9120-0da8c7c2a9ea"}
2026-03-24 13:29:09 | INFO     | [QUESTION_SENT] {"question_idx": 1642, "uid": "2d00fc05-ca56-4911-9120-0da8c7c2a9ea"}
2026-03-24 13:29:31 | INFO     | [QUESTION_ATTEMPT] {"attempt": 7, "max_questions": 250, "question_idx": 1642, "uid": "2d00fc05-ca56-4911-9120-0da8c7c2a9ea"}
2026-03-24 13:29:43 | INFO     | [QUESTION_SENT] {"question_idx": 1642, "uid": "2d00fc05-ca56-4911-9120-0da8c7c2a9ea"}
2026-03-24 13:30:10 | INFO     | [QUESTION_ATTEMPT] {"attempt": 8, "max_questions": 250, "question_idx": 1642, "uid": "2d00fc05-ca56-4911-9120-0da8c7c2a9ea"}
2026-03-24 13:31:16 | INFO     | [QUESTION_SENT] {"question_idx": 1643, "uid": "1e07cfd8-88a9-4640-9fb8-95aa4852d455"}
2026-03-24 13:31:50 | INFO     | [QUESTION_ATTEMPT] {"attempt": 9, "max_questions": 250, "question_idx": 1643, "uid": "1e07cfd8-88a9-4640-9fb8-95aa4852d455"}
2026-03-24 13:32:50 | INFO     | [QUESTION_SENT] {"question_idx": 1644, "uid": "8d6aacc2-8b74-4991-af1b-8e43d443a9b1"}
2026-03-24 13:33:16 | INFO     | [QUESTION_ATTEMPT] {"attempt": 10, "max_questions": 250, "question_idx": 1644, "uid": "8d6aacc2-8b74-4991-af1b-8e43d443a9b1"}
2026-03-24 13:34:23 | INFO     | [QUESTION_SENT] {"question_idx": 1645, "uid": "27e51496-aae4-486c-af36-ccc92bba01fe"}
2026-03-24 13:34:59 | INFO     | [QUESTION_ATTEMPT] {"attempt": 11, "max_questions": 250, "question_idx": 1645, "uid": "27e51496-aae4-486c-af36-ccc92bba01fe"}
2026-03-24 13:36:22 | INFO     | [QUESTION_SENT] {"question_idx": 1646, "uid": "44a4d2e8-4063-4492-92f1-e95e9ef899c1"}
2026-03-24 13:38:41 | INFO     | [QUESTION_SENT] {"question_idx": 1646, "uid": "44a4d2e8-4063-4492-92f1-e95e9ef899c1"}
2026-03-24 13:39:05 | INFO     | [QUESTION_ATTEMPT] {"attempt": 12, "max_questions": 250, "question_idx": 1646, "uid": "44a4d2e8-4063-4492-92f1-e95e9ef899c1"}
2026-03-24 13:39:18 | INFO     | [QUESTION_SENT] {"question_idx": 1646, "uid": "44a4d2e8-4063-4492-92f1-e95e9ef899c1"}
2026-03-24 13:40:00 | INFO     | [QUESTION_ATTEMPT] {"attempt": 13, "max_questions": 250, "question_idx": 1646, "uid": "44a4d2e8-4063-4492-92f1-e95e9ef899c1"}
2026-03-24 13:40:13 | INFO     | [QUESTION_SENT] {"question_idx": 1646, "uid": "44a4d2e8-4063-4492-92f1-e95e9ef899c1"}
2026-03-24 13:41:47 | INFO     | [QUESTION_SENT] {"question_idx": 1646, "uid": "44a4d2e8-4063-4492-92f1-e95e9ef899c1"}
2026-03-24 13:43:05 | INFO     | [QUESTION_ATTEMPT] {"attempt": 14, "max_questions": 250, "question_idx": 1646, "uid": "44a4d2e8-4063-4492-92f1-e95e9ef899c1"}
2026-03-24 13:43:18 | INFO     | [QUESTION_SENT] {"question_idx": 1646, "uid": "44a4d2e8-4063-4492-92f1-e95e9ef899c1"}
2026-03-24 13:44:43 | INFO     | [QUESTION_ATTEMPT] {"attempt": 15, "max_questions": 250, "question_idx": 1646, "uid": "44a4d2e8-4063-4492-92f1-e95e9ef899c1"}
2026-03-24 13:44:55 | INFO     | [QUESTION_SENT] {"question_idx": 1646, "uid": "44a4d2e8-4063-4492-92f1-e95e9ef899c1"}
2026-03-24 13:46:12 | INFO     | [QUESTION_ATTEMPT] {"attempt": 16, "max_questions": 250, "question_idx": 1646, "uid": "44a4d2e8-4063-4492-92f1-e95e9ef899c1"}
2026-03-24 13:46:25 | INFO     | [QUESTION_SENT] {"question_idx": 1646, "uid": "44a4d2e8-4063-4492-92f1-e95e9ef899c1"}
2026-03-24 13:47:58 | INFO     | [QUESTION_SENT] {"question_idx": 1646, "uid": "44a4d2e8-4063-4492-92f1-e95e9ef899c1"}
2026-03-24 13:48:23 | INFO     | [QUESTION_ATTEMPT] {"attempt": 17, "max_questions": 250, "question_idx": 1646, "uid": "44a4d2e8-4063-4492-92f1-e95e9ef899c1"}
2026-03-24 13:48:36 | INFO     | [QUESTION_SENT] {"question_idx": 1646, "uid": "44a4d2e8-4063-4492-92f1-e95e9ef899c1"}
2026-03-24 13:48:51 | INFO     | [QUESTION_ATTEMPT] {"attempt": 18, "max_questions": 250, "question_idx": 1646, "uid": "44a4d2e8-4063-4492-92f1-e95e9ef899c1"}
2026-03-24 13:49:40 | INFO     | [BOT_STOP] {"bot_id": 10, "total_questions": 18}
2026-03-24 13:53:17 | INFO     | [BOT_START] {"bot_id": 10, "project": "hypos_norm", "timestamp": "2026-03-24T13:53:17.699176", "log_dir": "/home/dmitrii/Documents/projects/clicker_3.0/logs/bot_10"}
2026-03-24 13:53:23 | INFO     | [RESTART] {"bot_id": 10, "note": "first_start"}
2026-03-24 13:53:23 | INFO     | [FSM_INITIALIZED] {"site": "gpt", "scenario": "web_search", "start_state": "start_question"}
2026-03-24 13:53:59 | INFO     | [QUESTION_SENT] {"question_idx": 1647, "uid": "6c8ca4c0-f261-4408-ab12-923b93fd0a03"}
2026-03-24 13:54:34 | INFO     | [QUESTION_ATTEMPT] {"attempt": 1, "max_questions": 250, "question_idx": 1647, "uid": "6c8ca4c0-f261-4408-ab12-923b93fd0a03"}
2026-03-24 13:55:32 | INFO     | [QUESTION_SENT] {"question_idx": 1648, "uid": "d450ad3d-9a80-4fd3-987a-100d75a2f5ae"}
2026-03-24 13:56:07 | INFO     | [QUESTION_ATTEMPT] {"attempt": 2, "max_questions": 250, "question_idx": 1648, "uid": "d450ad3d-9a80-4fd3-987a-100d75a2f5ae"}
2026-03-24 13:56:20 | INFO     | [QUESTION_SENT] {"question_idx": 1648, "uid": "d450ad3d-9a80-4fd3-987a-100d75a2f5ae"}
2026-03-24 13:56:45 | INFO     | [QUESTION_ATTEMPT] {"attempt": 3, "max_questions": 250, "question_idx": 1648, "uid": "d450ad3d-9a80-4fd3-987a-100d75a2f5ae"}
2026-03-24 13:57:56 | INFO     | [QUESTION_SENT] {"question_idx": 1649, "uid": "6a653b8f-64bf-4be8-8fa2-009ef1eb0f4c"}
2026-03-24 13:58:30 | INFO     | [QUESTION_ATTEMPT] {"attempt": 4, "max_questions": 250, "question_idx": 1649, "uid": "6a653b8f-64bf-4be8-8fa2-009ef1eb0f4c"}
2026-03-24 13:59:29 | INFO     | [QUESTION_SENT] {"question_idx": 1650, "uid": "751bb210-c167-44ca-8d4d-36b4a722dfb9"}
2026-03-24 13:59:57 | INFO     | [QUESTION_ATTEMPT] {"attempt": 5, "max_questions": 250, "question_idx": 1650, "uid": "751bb210-c167-44ca-8d4d-36b4a722dfb9"}
2026-03-24 14:00:52 | INFO     | [BOT_STOP] {"bot_id": 10, "total_questions": 5}
2026-03-24 14:02:56 | INFO     | [BOT_START] {"bot_id": 10, "project": "hypos_norm", "timestamp": "2026-03-24T14:02:56.521725", "log_dir": "/home/dmitrii/Documents/projects/clicker_3.0/logs/bot_10"}
2026-03-24 14:03:02 | INFO     | [RESTART] {"bot_id": 10, "note": "first_start"}
2026-03-24 14:03:02 | INFO     | [FSM_INITIALIZED] {"site": "gpt", "scenario": "web_search", "start_state": "start_question"}
2026-03-24 14:03:46 | INFO     | [QUESTION_SENT] {"question_idx": 1651, "uid": "e1d70556-ccd0-4cab-a545-c1132eaf6c5f"}
2026-03-24 14:04:09 | INFO     | [QUESTION_ATTEMPT] {"attempt": 1, "max_questions": 250, "question_idx": 1651, "uid": "e1d70556-ccd0-4cab-a545-c1132eaf6c5f"}
2026-03-24 14:04:22 | INFO     | [QUESTION_SENT] {"question_idx": 1651, "uid": "e1d70556-ccd0-4cab-a545-c1132eaf6c5f"}
2026-03-24 14:04:46 | INFO     | [QUESTION_ATTEMPT] {"attempt": 2, "max_questions": 250, "question_idx": 1651, "uid": "e1d70556-ccd0-4cab-a545-c1132eaf6c5f"}
2026-03-24 14:05:58 | INFO     | [QUESTION_SENT] {"question_idx": 1652, "uid": "1bc73a58-dd98-4cba-8b39-bd34e3c8b156"}
2026-03-24 14:06:39 | INFO     | [QUESTION_ATTEMPT] {"attempt": 3, "max_questions": 250, "question_idx": 1652, "uid": "1bc73a58-dd98-4cba-8b39-bd34e3c8b156"}
2026-03-24 14:07:31 | INFO     | [QUESTION_SENT] {"question_idx": 1653, "uid": "dd601f7a-5604-4a17-9335-dc2aeaa7047e"}
2026-03-24 14:07:55 | INFO     | [QUESTION_ATTEMPT] {"attempt": 4, "max_questions": 250, "question_idx": 1653, "uid": "dd601f7a-5604-4a17-9335-dc2aeaa7047e"}
2026-03-24 14:09:04 | INFO     | [QUESTION_SENT] {"question_idx": 1653, "uid": "dd601f7a-5604-4a17-9335-dc2aeaa7047e"}
2026-03-24 14:09:29 | INFO     | [QUESTION_ATTEMPT] {"attempt": 5, "max_questions": 250, "question_idx": 1653, "uid": "dd601f7a-5604-4a17-9335-dc2aeaa7047e"}
2026-03-24 14:09:42 | INFO     | [QUESTION_SENT] {"question_idx": 1653, "uid": "dd601f7a-5604-4a17-9335-dc2aeaa7047e"}
2026-03-24 14:09:58 | INFO     | [QUESTION_ATTEMPT] {"attempt": 6, "max_questions": 250, "question_idx": 1653, "uid": "dd601f7a-5604-4a17-9335-dc2aeaa7047e"}
2026-03-24 14:10:11 | INFO     | [QUESTION_SENT] {"question_idx": 1653, "uid": "dd601f7a-5604-4a17-9335-dc2aeaa7047e"}
2026-03-24 14:11:46 | INFO     | [QUESTION_SENT] {"question_idx": 1653, "uid": "dd601f7a-5604-4a17-9335-dc2aeaa7047e"}
2026-03-24 14:12:10 | INFO     | [QUESTION_ATTEMPT] {"attempt": 7, "max_questions": 250, "question_idx": 1653, "uid": "dd601f7a-5604-4a17-9335-dc2aeaa7047e"}
2026-03-24 14:12:22 | INFO     | [QUESTION_SENT] {"question_idx": 1653, "uid": "dd601f7a-5604-4a17-9335-dc2aeaa7047e"}
2026-03-24 14:12:46 | INFO     | [QUESTION_ATTEMPT] {"attempt": 8, "max_questions": 250, "question_idx": 1653, "uid": "dd601f7a-5604-4a17-9335-dc2aeaa7047e"}
2026-03-24 14:13:58 | INFO     | [QUESTION_SENT] {"question_idx": 1654, "uid": "b08e9b46-26f3-4c27-90eb-e4227e40f7a4"}
2026-03-24 14:14:32 | INFO     | [QUESTION_ATTEMPT] {"attempt": 9, "max_questions": 250, "question_idx": 1654, "uid": "b08e9b46-26f3-4c27-90eb-e4227e40f7a4"}
2026-03-24 14:17:40 | INFO     | [QUESTION_SENT] {"question_idx": 1655, "uid": "99f52f2c-e83f-4272-b642-f90c9af8ac41"}
2026-03-24 14:18:12 | INFO     | [QUESTION_ATTEMPT] {"attempt": 10, "max_questions": 250, "question_idx": 1655, "uid": "99f52f2c-e83f-4272-b642-f90c9af8ac41"}
2026-03-24 14:19:13 | INFO     | [QUESTION_SENT] {"question_idx": 1656, "uid": "ae8c2032-e639-4b29-9030-c6b9b1c4026a"}
2026-03-24 14:19:38 | INFO     | [QUESTION_ATTEMPT] {"attempt": 11, "max_questions": 250, "question_idx": 1656, "uid": "ae8c2032-e639-4b29-9030-c6b9b1c4026a"}
2026-03-24 14:19:51 | INFO     | [QUESTION_SENT] {"question_idx": 1656, "uid": "ae8c2032-e639-4b29-9030-c6b9b1c4026a"}
2026-03-24 14:20:13 | INFO     | [QUESTION_ATTEMPT] {"attempt": 12, "max_questions": 250, "question_idx": 1656, "uid": "ae8c2032-e639-4b29-9030-c6b9b1c4026a"}
2026-03-24 14:21:27 | INFO     | [QUESTION_SENT] {"question_idx": 1657, "uid": "986a050e-a7a4-41b1-a817-e03f9e286f86"}
2026-03-24 14:21:50 | INFO     | [QUESTION_ATTEMPT] {"attempt": 13, "max_questions": 250, "question_idx": 1657, "uid": "986a050e-a7a4-41b1-a817-e03f9e286f86"}
2026-03-24 14:22:02 | INFO     | [QUESTION_SENT] {"question_idx": 1657, "uid": "986a050e-a7a4-41b1-a817-e03f9e286f86"}
2026-03-24 14:22:16 | INFO     | [QUESTION_ATTEMPT] {"attempt": 14, "max_questions": 250, "question_idx": 1657, "uid": "986a050e-a7a4-41b1-a817-e03f9e286f86"}
2026-03-24 14:23:38 | INFO     | [QUESTION_SENT] {"question_idx": 1657, "uid": "986a050e-a7a4-41b1-a817-e03f9e286f86"}
2026-03-24 14:24:10 | INFO     | [QUESTION_ATTEMPT] {"attempt": 15, "max_questions": 250, "question_idx": 1657, "uid": "986a050e-a7a4-41b1-a817-e03f9e286f86"}
2026-03-24 14:25:11 | INFO     | [QUESTION_SENT] {"question_idx": 1658, "uid": "6b4a05fa-1049-4bd6-89ad-441766673c48"}
2026-03-24 14:25:34 | INFO     | [QUESTION_ATTEMPT] {"attempt": 16, "max_questions": 250, "question_idx": 1658, "uid": "6b4a05fa-1049-4bd6-89ad-441766673c48"}
2026-03-24 14:25:47 | INFO     | [QUESTION_SENT] {"question_idx": 1658, "uid": "6b4a05fa-1049-4bd6-89ad-441766673c48"}
2026-03-24 14:26:23 | INFO     | [QUESTION_ATTEMPT] {"attempt": 17, "max_questions": 250, "question_idx": 1658, "uid": "6b4a05fa-1049-4bd6-89ad-441766673c48"}
2026-03-24 14:27:22 | INFO     | [QUESTION_SENT] {"question_idx": 1659, "uid": "8be7b581-ce7c-4c5b-b2ba-73e7e7669c65"}
2026-03-24 14:27:54 | INFO     | [QUESTION_ATTEMPT] {"attempt": 18, "max_questions": 250, "question_idx": 1659, "uid": "8be7b581-ce7c-4c5b-b2ba-73e7e7669c65"}
2026-03-24 14:28:56 | INFO     | [QUESTION_SENT] {"question_idx": 1660, "uid": "c0968c86-6eb7-4138-871c-682dec1509a7"}
2026-03-24 14:29:30 | INFO     | [QUESTION_ATTEMPT] {"attempt": 19, "max_questions": 250, "question_idx": 1660, "uid": "c0968c86-6eb7-4138-871c-682dec1509a7"}
2026-03-24 14:30:29 | INFO     | [QUESTION_SENT] {"question_idx": 1661, "uid": "11f1b0a8-e440-4a75-9b6d-770532ad6e6a"}
2026-03-24 14:31:01 | INFO     | [QUESTION_ATTEMPT] {"attempt": 20, "max_questions": 250, "question_idx": 1661, "uid": "11f1b0a8-e440-4a75-9b6d-770532ad6e6a"}
2026-03-24 14:31:14 | INFO     | [QUESTION_SENT] {"question_idx": 1661, "uid": "11f1b0a8-e440-4a75-9b6d-770532ad6e6a"}
2026-03-24 14:31:33 | INFO     | [QUESTION_ATTEMPT] {"attempt": 21, "max_questions": 250, "question_idx": 1661, "uid": "11f1b0a8-e440-4a75-9b6d-770532ad6e6a"}
2026-03-24 14:32:50 | INFO     | [QUESTION_SENT] {"question_idx": 1662, "uid": "6505ea47-2b77-49d6-b0c2-60de0b5d3fa0"}
2026-03-24 14:33:27 | INFO     | [QUESTION_ATTEMPT] {"attempt": 22, "max_questions": 250, "question_idx": 1662, "uid": "6505ea47-2b77-49d6-b0c2-60de0b5d3fa0"}
2026-03-24 14:34:23 | INFO     | [QUESTION_SENT] {"question_idx": 1663, "uid": "d4a1e3d2-551f-4eea-9f88-7cf8b49b6397"}
2026-03-24 14:34:48 | INFO     | [QUESTION_ATTEMPT] {"attempt": 23, "max_questions": 250, "question_idx": 1663, "uid": "d4a1e3d2-551f-4eea-9f88-7cf8b49b6397"}
2026-03-24 14:35:00 | INFO     | [QUESTION_SENT] {"question_idx": 1663, "uid": "d4a1e3d2-551f-4eea-9f88-7cf8b49b6397"}
2026-03-24 14:35:16 | INFO     | [QUESTION_ATTEMPT] {"attempt": 24, "max_questions": 250, "question_idx": 1663, "uid": "d4a1e3d2-551f-4eea-9f88-7cf8b49b6397"}
2026-03-24 14:35:29 | INFO     | [QUESTION_SENT] {"question_idx": 1663, "uid": "d4a1e3d2-551f-4eea-9f88-7cf8b49b6397"}
2026-03-24 14:41:10 | INFO     | [QUESTION_SENT] {"question_idx": 1663, "uid": "d4a1e3d2-551f-4eea-9f88-7cf8b49b6397"}
2026-03-24 14:42:43 | INFO     | [QUESTION_SENT] {"question_idx": 1663, "uid": "d4a1e3d2-551f-4eea-9f88-7cf8b49b6397"}
2026-03-24 14:43:08 | INFO     | [QUESTION_ATTEMPT] {"attempt": 25, "max_questions": 250, "question_idx": 1663, "uid": "d4a1e3d2-551f-4eea-9f88-7cf8b49b6397"}
2026-03-24 14:43:21 | INFO     | [QUESTION_SENT] {"question_idx": 1663, "uid": "d4a1e3d2-551f-4eea-9f88-7cf8b49b6397"}
2026-03-24 14:43:46 | INFO     | [QUESTION_ATTEMPT] {"attempt": 26, "max_questions": 250, "question_idx": 1663, "uid": "d4a1e3d2-551f-4eea-9f88-7cf8b49b6397"}
2026-03-24 14:44:57 | INFO     | [QUESTION_SENT] {"question_idx": 1664, "uid": "e679b6af-07d8-4dc3-9ffe-ded3a73b3aa2"}
2026-03-24 14:45:30 | INFO     | [QUESTION_ATTEMPT] {"attempt": 27, "max_questions": 250, "question_idx": 1664, "uid": "e679b6af-07d8-4dc3-9ffe-ded3a73b3aa2"}
2026-03-24 14:46:30 | INFO     | [QUESTION_SENT] {"question_idx": 1665, "uid": "1197a66f-1e58-46e2-ade9-f35ee30d702c"}
2026-03-24 14:47:01 | INFO     | [QUESTION_ATTEMPT] {"attempt": 28, "max_questions": 250, "question_idx": 1665, "uid": "1197a66f-1e58-46e2-ade9-f35ee30d702c"}
2026-03-24 14:48:03 | INFO     | [QUESTION_SENT] {"question_idx": 1666, "uid": "845ab1b6-4825-4726-92dc-32a6324acb20"}
2026-03-24 14:48:28 | INFO     | [QUESTION_ATTEMPT] {"attempt": 29, "max_questions": 250, "question_idx": 1666, "uid": "845ab1b6-4825-4726-92dc-32a6324acb20"}
2026-03-24 14:49:36 | INFO     | [QUESTION_SENT] {"question_idx": 1666, "uid": "845ab1b6-4825-4726-92dc-32a6324acb20"}
2026-03-24 14:50:03 | INFO     | [QUESTION_ATTEMPT] {"attempt": 30, "max_questions": 250, "question_idx": 1666, "uid": "845ab1b6-4825-4726-92dc-32a6324acb20"}
2026-03-24 14:50:15 | INFO     | [QUESTION_SENT] {"question_idx": 1666, "uid": "845ab1b6-4825-4726-92dc-32a6324acb20"}
2026-03-24 14:50:31 | INFO     | [QUESTION_ATTEMPT] {"attempt": 31, "max_questions": 250, "question_idx": 1666, "uid": "845ab1b6-4825-4726-92dc-32a6324acb20"}
2026-03-24 14:50:44 | INFO     | [QUESTION_SENT] {"question_idx": 1666, "uid": "845ab1b6-4825-4726-92dc-32a6324acb20"}
2026-03-24 14:51:01 | INFO     | [QUESTION_ATTEMPT] {"attempt": 32, "max_questions": 250, "question_idx": 1666, "uid": "845ab1b6-4825-4726-92dc-32a6324acb20"}
2026-03-24 14:51:14 | INFO     | [QUESTION_SENT] {"question_idx": 1666, "uid": "845ab1b6-4825-4726-92dc-32a6324acb20"}
2026-03-24 14:51:28 | INFO     | [QUESTION_ATTEMPT] {"attempt": 33, "max_questions": 250, "question_idx": 1666, "uid": "845ab1b6-4825-4726-92dc-32a6324acb20"}
2026-03-24 14:52:50 | INFO     | [QUESTION_SENT] {"question_idx": 1666, "uid": "845ab1b6-4825-4726-92dc-32a6324acb20"}
2026-03-24 14:53:12 | INFO     | [QUESTION_ATTEMPT] {"attempt": 34, "max_questions": 250, "question_idx": 1666, "uid": "845ab1b6-4825-4726-92dc-32a6324acb20"}
2026-03-24 14:53:24 | INFO     | [QUESTION_SENT] {"question_idx": 1666, "uid": "845ab1b6-4825-4726-92dc-32a6324acb20"}
2026-03-24 14:53:37 | INFO     | [QUESTION_ATTEMPT] {"attempt": 35, "max_questions": 250, "question_idx": 1666, "uid": "845ab1b6-4825-4726-92dc-32a6324acb20"}
2026-03-24 14:53:50 | INFO     | [QUESTION_SENT] {"question_idx": 1666, "uid": "845ab1b6-4825-4726-92dc-32a6324acb20"}
2026-03-24 14:53:57 | INFO     | [BOT_STOP] {"bot_id": 10, "total_questions": 35}
2026-03-24 15:01:58 | INFO     | [BOT_START] {"bot_id": 10, "project": "hypos_norm", "timestamp": "2026-03-24T15:01:58.574756", "log_dir": "/home/dmitrii/Documents/projects/clicker_3.0/logs/bot_10"}
2026-03-24 15:02:04 | INFO     | [RESTART] {"bot_id": 10, "note": "first_start"}
2026-03-24 15:02:04 | INFO     | [FSM_INITIALIZED] {"site": "gpt", "scenario": "web_search", "start_state": "start_question"}
2026-03-24 15:02:45 | INFO     | [QUESTION_SENT] {"question_idx": 1666, "uid": "845ab1b6-4825-4726-92dc-32a6324acb20"}
2026-03-24 15:03:09 | INFO     | [QUESTION_ATTEMPT] {"attempt": 1, "max_questions": 250, "question_idx": 1666, "uid": "845ab1b6-4825-4726-92dc-32a6324acb20"}
2026-03-24 15:04:19 | INFO     | [QUESTION_SENT] {"question_idx": 1666, "uid": "845ab1b6-4825-4726-92dc-32a6324acb20"}
2026-03-24 15:04:51 | INFO     | [QUESTION_ATTEMPT] {"attempt": 2, "max_questions": 250, "question_idx": 1666, "uid": "845ab1b6-4825-4726-92dc-32a6324acb20"}
2026-03-24 15:05:52 | INFO     | [QUESTION_SENT] {"question_idx": 1667, "uid": "7781f907-cabe-47d2-81b4-9b0d9f44f2db"}
2026-03-24 15:06:25 | INFO     | [QUESTION_ATTEMPT] {"attempt": 3, "max_questions": 250, "question_idx": 1667, "uid": "7781f907-cabe-47d2-81b4-9b0d9f44f2db"}
2026-03-24 15:07:25 | INFO     | [QUESTION_SENT] {"question_idx": 1668, "uid": "6c6c5cfa-8fb9-498a-b969-70881efed594"}
2026-03-24 15:07:59 | INFO     | [QUESTION_ATTEMPT] {"attempt": 4, "max_questions": 250, "question_idx": 1668, "uid": "6c6c5cfa-8fb9-498a-b969-70881efed594"}
2026-03-24 15:08:58 | INFO     | [QUESTION_SENT] {"question_idx": 1669, "uid": "575d0755-577f-42b3-ac7f-d8862e5f24ef"}
2026-03-24 15:09:37 | INFO     | [QUESTION_ATTEMPT] {"attempt": 5, "max_questions": 250, "question_idx": 1669, "uid": "575d0755-577f-42b3-ac7f-d8862e5f24ef"}
2026-03-24 15:10:32 | INFO     | [QUESTION_SENT] {"question_idx": 1670, "uid": "0c8261a3-2c06-4215-a29a-c027d35b7418"}
2026-03-24 15:11:00 | INFO     | [QUESTION_ATTEMPT] {"attempt": 6, "max_questions": 250, "question_idx": 1670, "uid": "0c8261a3-2c06-4215-a29a-c027d35b7418"}
2026-03-24 15:12:06 | INFO     | [QUESTION_SENT] {"question_idx": 1671, "uid": "370a9720-2255-4b57-944e-dd6e5cb855c7"}
2026-03-24 15:12:30 | INFO     | [QUESTION_ATTEMPT] {"attempt": 7, "max_questions": 250, "question_idx": 1671, "uid": "370a9720-2255-4b57-944e-dd6e5cb855c7"}
2026-03-24 15:12:42 | INFO     | [QUESTION_SENT] {"question_idx": 1671, "uid": "370a9720-2255-4b57-944e-dd6e5cb855c7"}
2026-03-24 15:13:10 | INFO     | [QUESTION_ATTEMPT] {"attempt": 8, "max_questions": 250, "question_idx": 1671, "uid": "370a9720-2255-4b57-944e-dd6e5cb855c7"}
2026-03-24 15:14:18 | INFO     | [QUESTION_SENT] {"question_idx": 1672, "uid": "77b8acb7-b7c5-4afa-9c73-ab7a6fc11754"}
2026-03-24 15:14:51 | INFO     | [QUESTION_ATTEMPT] {"attempt": 9, "max_questions": 250, "question_idx": 1672, "uid": "77b8acb7-b7c5-4afa-9c73-ab7a6fc11754"}
2026-03-24 15:15:51 | INFO     | [QUESTION_SENT] {"question_idx": 1673, "uid": "f4e7ae08-0cef-4aa5-b636-59fc95b7cd96"}
2026-03-24 15:16:25 | INFO     | [QUESTION_ATTEMPT] {"attempt": 10, "max_questions": 250, "question_idx": 1673, "uid": "f4e7ae08-0cef-4aa5-b636-59fc95b7cd96"}
2026-03-24 15:16:37 | INFO     | [QUESTION_SENT] {"question_idx": 1673, "uid": "f4e7ae08-0cef-4aa5-b636-59fc95b7cd96"}
2026-03-24 15:16:58 | INFO     | [QUESTION_ATTEMPT] {"attempt": 11, "max_questions": 250, "question_idx": 1673, "uid": "f4e7ae08-0cef-4aa5-b636-59fc95b7cd96"}
2026-03-24 15:18:13 | INFO     | [QUESTION_SENT] {"question_idx": 1674, "uid": "f5a41d1e-ed8d-4af0-9760-c912ab9431c7"}
2026-03-24 15:18:45 | INFO     | [QUESTION_ATTEMPT] {"attempt": 12, "max_questions": 250, "question_idx": 1674, "uid": "f5a41d1e-ed8d-4af0-9760-c912ab9431c7"}
2026-03-24 15:19:46 | INFO     | [QUESTION_SENT] {"question_idx": 1675, "uid": "e7b83888-a869-47df-bbef-546351090914"}
2026-03-24 15:20:20 | INFO     | [QUESTION_ATTEMPT] {"attempt": 13, "max_questions": 250, "question_idx": 1675, "uid": "e7b83888-a869-47df-bbef-546351090914"}
2026-03-24 15:21:19 | INFO     | [QUESTION_SENT] {"question_idx": 1676, "uid": "f5544fc7-641b-4b95-b964-88bf1df99667"}
2026-03-24 15:21:43 | INFO     | [QUESTION_ATTEMPT] {"attempt": 14, "max_questions": 250, "question_idx": 1676, "uid": "f5544fc7-641b-4b95-b964-88bf1df99667"}
2026-03-24 15:21:55 | INFO     | [QUESTION_SENT] {"question_idx": 1676, "uid": "f5544fc7-641b-4b95-b964-88bf1df99667"}
2026-03-24 15:22:11 | INFO     | [QUESTION_ATTEMPT] {"attempt": 15, "max_questions": 250, "question_idx": 1676, "uid": "f5544fc7-641b-4b95-b964-88bf1df99667"}
2026-03-24 15:23:31 | INFO     | [QUESTION_SENT] {"question_idx": 1677, "uid": "90aa5288-b8a8-41bf-bc81-d1af3be38619"}
2026-03-24 15:24:00 | INFO     | [QUESTION_ATTEMPT] {"attempt": 16, "max_questions": 250, "question_idx": 1677, "uid": "90aa5288-b8a8-41bf-bc81-d1af3be38619"}
2026-03-24 15:25:03 | INFO     | [QUESTION_SENT] {"question_idx": 1678, "uid": "666514ad-7314-4206-97f9-c2bae4d36302"}
2026-03-24 15:25:32 | INFO     | [QUESTION_ATTEMPT] {"attempt": 17, "max_questions": 250, "question_idx": 1678, "uid": "666514ad-7314-4206-97f9-c2bae4d36302"}
2026-03-24 15:26:37 | INFO     | [QUESTION_SENT] {"question_idx": 1679, "uid": "aa730849-15aa-4b11-9efc-57ff72b29c57"}
2026-03-24 15:27:04 | INFO     | [QUESTION_ATTEMPT] {"attempt": 18, "max_questions": 250, "question_idx": 1679, "uid": "aa730849-15aa-4b11-9efc-57ff72b29c57"}
2026-03-24 15:27:17 | INFO     | [QUESTION_SENT] {"question_idx": 1679, "uid": "aa730849-15aa-4b11-9efc-57ff72b29c57"}
2026-03-24 15:27:40 | INFO     | [QUESTION_ATTEMPT] {"attempt": 19, "max_questions": 250, "question_idx": 1679, "uid": "aa730849-15aa-4b11-9efc-57ff72b29c57"}
2026-03-24 15:28:52 | INFO     | [QUESTION_SENT] {"question_idx": 1680, "uid": "1cee79a1-f886-42b9-bde7-c34dcff681d1"}
2026-03-24 15:29:24 | INFO     | [QUESTION_ATTEMPT] {"attempt": 20, "max_questions": 250, "question_idx": 1680, "uid": "1cee79a1-f886-42b9-bde7-c34dcff681d1"}
2026-03-24 15:30:26 | INFO     | [QUESTION_SENT] {"question_idx": 1681, "uid": "03a5dc07-d71b-4525-a90f-ebb18f9ae1c9"}
2026-03-24 15:31:00 | INFO     | [QUESTION_ATTEMPT] {"attempt": 21, "max_questions": 250, "question_idx": 1681, "uid": "03a5dc07-d71b-4525-a90f-ebb18f9ae1c9"}
2026-03-24 15:31:59 | INFO     | [QUESTION_SENT] {"question_idx": 1682, "uid": "0b772a66-5892-46dd-a0cb-235a85100aa1"}
2026-03-24 15:32:32 | INFO     | [QUESTION_ATTEMPT] {"attempt": 22, "max_questions": 250, "question_idx": 1682, "uid": "0b772a66-5892-46dd-a0cb-235a85100aa1"}
2026-03-24 15:33:32 | INFO     | [QUESTION_SENT] {"question_idx": 1683, "uid": "232e1646-cb7d-4f52-acbe-19893a12a731"}
2026-03-24 15:34:02 | INFO     | [QUESTION_ATTEMPT] {"attempt": 23, "max_questions": 250, "question_idx": 1683, "uid": "232e1646-cb7d-4f52-acbe-19893a12a731"}
2026-03-24 15:35:05 | INFO     | [QUESTION_SENT] {"question_idx": 1684, "uid": "05db8cd0-d6c9-4526-bea5-3e4cd1903080"}
2026-03-24 15:35:35 | INFO     | [QUESTION_ATTEMPT] {"attempt": 24, "max_questions": 250, "question_idx": 1684, "uid": "05db8cd0-d6c9-4526-bea5-3e4cd1903080"}
2026-03-24 15:36:38 | INFO     | [QUESTION_SENT] {"question_idx": 1685, "uid": "2327469d-a4d9-4ca8-a703-5ee7826a1dd5"}
2026-03-24 15:37:10 | INFO     | [QUESTION_ATTEMPT] {"attempt": 25, "max_questions": 250, "question_idx": 1685, "uid": "2327469d-a4d9-4ca8-a703-5ee7826a1dd5"}
2026-03-24 15:38:11 | INFO     | [QUESTION_SENT] {"question_idx": 1686, "uid": "1002d738-3868-4974-9a6a-d8697a76c567"}
2026-03-24 15:38:43 | INFO     | [QUESTION_ATTEMPT] {"attempt": 26, "max_questions": 250, "question_idx": 1686, "uid": "1002d738-3868-4974-9a6a-d8697a76c567"}
2026-03-24 15:39:44 | INFO     | [QUESTION_SENT] {"question_idx": 1687, "uid": "0f9a03bb-7a4e-4230-95eb-ba262d5fb9d7"}
2026-03-24 15:40:13 | INFO     | [QUESTION_ATTEMPT] {"attempt": 27, "max_questions": 250, "question_idx": 1687, "uid": "0f9a03bb-7a4e-4230-95eb-ba262d5fb9d7"}
2026-03-24 15:41:17 | INFO     | [QUESTION_SENT] {"question_idx": 1688, "uid": "7c855aca-be84-41bd-99e5-f47c56ea0336"}
2026-03-24 15:41:48 | INFO     | [QUESTION_ATTEMPT] {"attempt": 28, "max_questions": 250, "question_idx": 1688, "uid": "7c855aca-be84-41bd-99e5-f47c56ea0336"}
2026-03-24 15:42:51 | INFO     | [QUESTION_SENT] {"question_idx": 1689, "uid": "e9da5b29-17ad-4280-b67f-5d561c4316ff"}
2026-03-24 15:44:24 | INFO     | [QUESTION_SENT] {"question_idx": 1689, "uid": "e9da5b29-17ad-4280-b67f-5d561c4316ff"}
2026-03-24 15:44:53 | INFO     | [QUESTION_ATTEMPT] {"attempt": 29, "max_questions": 250, "question_idx": 1689, "uid": "e9da5b29-17ad-4280-b67f-5d561c4316ff"}
2026-03-24 15:45:05 | INFO     | [QUESTION_SENT] {"question_idx": 1689, "uid": "e9da5b29-17ad-4280-b67f-5d561c4316ff"}
2026-03-24 15:45:27 | INFO     | [QUESTION_ATTEMPT] {"attempt": 30, "max_questions": 250, "question_idx": 1689, "uid": "e9da5b29-17ad-4280-b67f-5d561c4316ff"}
2026-03-24 15:46:41 | INFO     | [QUESTION_SENT] {"question_idx": 1689, "uid": "e9da5b29-17ad-4280-b67f-5d561c4316ff"}
2026-03-24 15:47:13 | INFO     | [QUESTION_ATTEMPT] {"attempt": 31, "max_questions": 250, "question_idx": 1689, "uid": "e9da5b29-17ad-4280-b67f-5d561c4316ff"}
2026-03-24 15:48:14 | INFO     | [QUESTION_SENT] {"question_idx": 1690, "uid": "02771f27-796a-4223-b864-3da14688d919"}
2026-03-24 15:48:39 | INFO     | [QUESTION_ATTEMPT] {"attempt": 32, "max_questions": 250, "question_idx": 1690, "uid": "02771f27-796a-4223-b864-3da14688d919"}
2026-03-24 15:49:47 | INFO     | [QUESTION_SENT] {"question_idx": 1690, "uid": "02771f27-796a-4223-b864-3da14688d919"}
2026-03-24 15:51:20 | INFO     | [QUESTION_SENT] {"question_idx": 1690, "uid": "02771f27-796a-4223-b864-3da14688d919"}
2026-03-24 15:51:44 | INFO     | [QUESTION_ATTEMPT] {"attempt": 33, "max_questions": 250, "question_idx": 1690, "uid": "02771f27-796a-4223-b864-3da14688d919"}
2026-03-24 15:51:56 | INFO     | [QUESTION_SENT] {"question_idx": 1690, "uid": "02771f27-796a-4223-b864-3da14688d919"}
2026-03-24 15:52:09 | INFO     | [QUESTION_ATTEMPT] {"attempt": 34, "max_questions": 250, "question_idx": 1690, "uid": "02771f27-796a-4223-b864-3da14688d919"}
2026-03-24 15:52:22 | INFO     | [QUESTION_SENT] {"question_idx": 1690, "uid": "02771f27-796a-4223-b864-3da14688d919"}
2026-03-24 15:52:36 | INFO     | [QUESTION_ATTEMPT] {"attempt": 35, "max_questions": 250, "question_idx": 1690, "uid": "02771f27-796a-4223-b864-3da14688d919"}
2026-03-24 15:52:49 | INFO     | [QUESTION_SENT] {"question_idx": 1690, "uid": "02771f27-796a-4223-b864-3da14688d919"}
2026-03-24 15:53:03 | INFO     | [QUESTION_ATTEMPT] {"attempt": 36, "max_questions": 250, "question_idx": 1690, "uid": "02771f27-796a-4223-b864-3da14688d919"}
2026-03-24 15:53:16 | INFO     | [QUESTION_SENT] {"question_idx": 1690, "uid": "02771f27-796a-4223-b864-3da14688d919"}
2026-03-24 15:53:42 | INFO     | [QUESTION_ATTEMPT] {"attempt": 37, "max_questions": 250, "question_idx": 1690, "uid": "02771f27-796a-4223-b864-3da14688d919"}
2026-03-24 15:53:55 | INFO     | [QUESTION_SENT] {"question_idx": 1690, "uid": "02771f27-796a-4223-b864-3da14688d919"}
2026-03-24 15:54:09 | INFO     | [QUESTION_ATTEMPT] {"attempt": 38, "max_questions": 250, "question_idx": 1690, "uid": "02771f27-796a-4223-b864-3da14688d919"}
2026-03-24 15:54:22 | INFO     | [QUESTION_SENT] {"question_idx": 1690, "uid": "02771f27-796a-4223-b864-3da14688d919"}
2026-03-24 15:54:36 | INFO     | [QUESTION_ATTEMPT] {"attempt": 39, "max_questions": 250, "question_idx": 1690, "uid": "02771f27-796a-4223-b864-3da14688d919"}
2026-03-24 15:54:49 | INFO     | [QUESTION_SENT] {"question_idx": 1690, "uid": "02771f27-796a-4223-b864-3da14688d919"}
2026-03-24 15:55:04 | INFO     | [QUESTION_ATTEMPT] {"attempt": 40, "max_questions": 250, "question_idx": 1690, "uid": "02771f27-796a-4223-b864-3da14688d919"}
2026-03-24 15:55:16 | INFO     | [QUESTION_SENT] {"question_idx": 1690, "uid": "02771f27-796a-4223-b864-3da14688d919"}
2026-03-24 15:55:31 | INFO     | [QUESTION_ATTEMPT] {"attempt": 41, "max_questions": 250, "question_idx": 1690, "uid": "02771f27-796a-4223-b864-3da14688d919"}
2026-03-24 15:55:43 | INFO     | [QUESTION_SENT] {"question_idx": 1690, "uid": "02771f27-796a-4223-b864-3da14688d919"}
2026-03-24 15:55:58 | INFO     | [QUESTION_ATTEMPT] {"attempt": 42, "max_questions": 250, "question_idx": 1690, "uid": "02771f27-796a-4223-b864-3da14688d919"}
2026-03-24 15:57:19 | INFO     | [QUESTION_SENT] {"question_idx": 1690, "uid": "02771f27-796a-4223-b864-3da14688d919"}
2026-03-24 15:57:42 | INFO     | [QUESTION_ATTEMPT] {"attempt": 43, "max_questions": 250, "question_idx": 1690, "uid": "02771f27-796a-4223-b864-3da14688d919"}
2026-03-24 15:57:55 | INFO     | [QUESTION_SENT] {"question_idx": 1690, "uid": "02771f27-796a-4223-b864-3da14688d919"}
2026-03-24 15:58:09 | INFO     | [QUESTION_ATTEMPT] {"attempt": 44, "max_questions": 250, "question_idx": 1690, "uid": "02771f27-796a-4223-b864-3da14688d919"}
2026-03-24 15:58:22 | INFO     | [QUESTION_SENT] {"question_idx": 1690, "uid": "02771f27-796a-4223-b864-3da14688d919"}
2026-03-24 15:58:35 | INFO     | [QUESTION_ATTEMPT] {"attempt": 45, "max_questions": 250, "question_idx": 1690, "uid": "02771f27-796a-4223-b864-3da14688d919"}
2026-03-24 15:58:47 | INFO     | [QUESTION_SENT] {"question_idx": 1690, "uid": "02771f27-796a-4223-b864-3da14688d919"}
2026-03-24 16:00:23 | INFO     | [QUESTION_SENT] {"question_idx": 1690, "uid": "02771f27-796a-4223-b864-3da14688d919"}
2026-03-24 16:00:46 | INFO     | [QUESTION_ATTEMPT] {"attempt": 46, "max_questions": 250, "question_idx": 1690, "uid": "02771f27-796a-4223-b864-3da14688d919"}
2026-03-24 16:00:59 | INFO     | [QUESTION_SENT] {"question_idx": 1690, "uid": "02771f27-796a-4223-b864-3da14688d919"}
2026-03-24 16:01:13 | INFO     | [QUESTION_ATTEMPT] {"attempt": 47, "max_questions": 250, "question_idx": 1690, "uid": "02771f27-796a-4223-b864-3da14688d919"}
2026-03-24 16:01:26 | INFO     | [QUESTION_SENT] {"question_idx": 1690, "uid": "02771f27-796a-4223-b864-3da14688d919"}
2026-03-24 16:01:42 | INFO     | [QUESTION_ATTEMPT] {"attempt": 48, "max_questions": 250, "question_idx": 1690, "uid": "02771f27-796a-4223-b864-3da14688d919"}
2026-03-24 16:01:54 | INFO     | [QUESTION_SENT] {"question_idx": 1690, "uid": "02771f27-796a-4223-b864-3da14688d919"}
2026-03-24 16:02:16 | INFO     | [QUESTION_ATTEMPT] {"attempt": 49, "max_questions": 250, "question_idx": 1690, "uid": "02771f27-796a-4223-b864-3da14688d919"}
2026-03-24 16:02:29 | INFO     | [QUESTION_SENT] {"question_idx": 1690, "uid": "02771f27-796a-4223-b864-3da14688d919"}
2026-03-24 16:02:45 | INFO     | [QUESTION_ATTEMPT] {"attempt": 50, "max_questions": 250, "question_idx": 1690, "uid": "02771f27-796a-4223-b864-3da14688d919"}
2026-03-24 16:02:58 | INFO     | [QUESTION_SENT] {"question_idx": 1690, "uid": "02771f27-796a-4223-b864-3da14688d919"}
2026-03-24 16:03:18 | INFO     | [QUESTION_ATTEMPT] {"attempt": 51, "max_questions": 250, "question_idx": 1690, "uid": "02771f27-796a-4223-b864-3da14688d919"}
2026-03-24 16:04:33 | INFO     | [QUESTION_SENT] {"question_idx": 1691, "uid": "56898874-8fc5-49d5-a483-f1a3e676cff5"}
2026-03-24 16:05:04 | INFO     | [QUESTION_ATTEMPT] {"attempt": 52, "max_questions": 250, "question_idx": 1691, "uid": "56898874-8fc5-49d5-a483-f1a3e676cff5"}
2026-03-24 16:05:16 | INFO     | [QUESTION_SENT] {"question_idx": 1691, "uid": "56898874-8fc5-49d5-a483-f1a3e676cff5"}
2026-03-24 16:05:40 | INFO     | [QUESTION_ATTEMPT] {"attempt": 53, "max_questions": 250, "question_idx": 1691, "uid": "56898874-8fc5-49d5-a483-f1a3e676cff5"}
2026-03-24 16:06:52 | INFO     | [QUESTION_SENT] {"question_idx": 1692, "uid": "543238f3-e3f3-49e8-b4aa-0cab109a20d6"}
2026-03-24 16:07:15 | INFO     | [QUESTION_ATTEMPT] {"attempt": 54, "max_questions": 250, "question_idx": 1692, "uid": "543238f3-e3f3-49e8-b4aa-0cab109a20d6"}
2026-03-24 16:07:28 | INFO     | [QUESTION_SENT] {"question_idx": 1692, "uid": "543238f3-e3f3-49e8-b4aa-0cab109a20d6"}
2026-03-24 16:07:44 | INFO     | [QUESTION_ATTEMPT] {"attempt": 55, "max_questions": 250, "question_idx": 1692, "uid": "543238f3-e3f3-49e8-b4aa-0cab109a20d6"}
2026-03-24 16:07:56 | INFO     | [QUESTION_SENT] {"question_idx": 1692, "uid": "543238f3-e3f3-49e8-b4aa-0cab109a20d6"}
2026-03-24 16:08:27 | INFO     | [QUESTION_ATTEMPT] {"attempt": 56, "max_questions": 250, "question_idx": 1692, "uid": "543238f3-e3f3-49e8-b4aa-0cab109a20d6"}
2026-03-24 16:09:32 | INFO     | [QUESTION_SENT] {"question_idx": 1693, "uid": "43fdccbb-18a4-4327-971a-718b65581fd4"}
2026-03-24 16:10:04 | INFO     | [QUESTION_ATTEMPT] {"attempt": 57, "max_questions": 250, "question_idx": 1693, "uid": "43fdccbb-18a4-4327-971a-718b65581fd4"}
2026-03-24 16:11:05 | INFO     | [QUESTION_SENT] {"question_idx": 1694, "uid": "28407335-993b-457e-b64c-4dd42eef44cd"}
2026-03-24 16:12:38 | INFO     | [QUESTION_SENT] {"question_idx": 1694, "uid": "28407335-993b-457e-b64c-4dd42eef44cd"}
2026-03-24 16:13:11 | INFO     | [QUESTION_ATTEMPT] {"attempt": 58, "max_questions": 250, "question_idx": 1694, "uid": "28407335-993b-457e-b64c-4dd42eef44cd"}
2026-03-24 16:13:24 | INFO     | [QUESTION_SENT] {"question_idx": 1694, "uid": "28407335-993b-457e-b64c-4dd42eef44cd"}
2026-03-24 16:15:00 | INFO     | [QUESTION_SENT] {"question_idx": 1694, "uid": "28407335-993b-457e-b64c-4dd42eef44cd"}
2026-03-24 16:15:34 | INFO     | [QUESTION_ATTEMPT] {"attempt": 59, "max_questions": 250, "question_idx": 1694, "uid": "28407335-993b-457e-b64c-4dd42eef44cd"}
2026-03-24 16:16:33 | INFO     | [QUESTION_SENT] {"question_idx": 1695, "uid": "fdd78368-e123-4dfd-a1db-d040edba94d1"}
2026-03-24 16:17:02 | INFO     | [QUESTION_ATTEMPT] {"attempt": 60, "max_questions": 250, "question_idx": 1695, "uid": "fdd78368-e123-4dfd-a1db-d040edba94d1"}
2026-03-24 16:18:06 | INFO     | [QUESTION_SENT] {"question_idx": 1696, "uid": "6e690aa6-73b2-4228-afce-78b3ee93e83d"}
2026-03-24 16:18:38 | INFO     | [QUESTION_ATTEMPT] {"attempt": 61, "max_questions": 250, "question_idx": 1696, "uid": "6e690aa6-73b2-4228-afce-78b3ee93e83d"}
2026-03-24 16:19:39 | INFO     | [QUESTION_SENT] {"question_idx": 1697, "uid": "96581689-3ee4-401d-b9e8-2df9921b50f8"}
2026-03-24 16:20:08 | INFO     | [QUESTION_ATTEMPT] {"attempt": 62, "max_questions": 250, "question_idx": 1697, "uid": "96581689-3ee4-401d-b9e8-2df9921b50f8"}
2026-03-24 16:21:12 | INFO     | [QUESTION_SENT] {"question_idx": 1698, "uid": "e8e8db7b-602f-4946-bc65-71df1a3b918f"}
2026-03-24 16:21:50 | INFO     | [QUESTION_ATTEMPT] {"attempt": 63, "max_questions": 250, "question_idx": 1698, "uid": "e8e8db7b-602f-4946-bc65-71df1a3b918f"}
2026-03-24 16:22:46 | INFO     | [QUESTION_SENT] {"question_idx": 1699, "uid": "b1137861-cef6-47ed-9099-e3229618f4b3"}
2026-03-24 16:23:15 | INFO     | [QUESTION_ATTEMPT] {"attempt": 64, "max_questions": 250, "question_idx": 1699, "uid": "b1137861-cef6-47ed-9099-e3229618f4b3"}
2026-03-24 16:24:19 | INFO     | [QUESTION_SENT] {"question_idx": 1700, "uid": "6fc68128-c590-4dd5-b2c6-92524b0a02b3"}
2026-03-24 16:24:52 | INFO     | [QUESTION_ATTEMPT] {"attempt": 65, "max_questions": 250, "question_idx": 1700, "uid": "6fc68128-c590-4dd5-b2c6-92524b0a02b3"}
2026-03-24 16:25:52 | INFO     | [QUESTION_SENT] {"question_idx": 1701, "uid": "90e6f1d6-9dd1-45d2-960d-66eb0f86d65b"}
2026-03-24 16:26:21 | INFO     | [QUESTION_ATTEMPT] {"attempt": 66, "max_questions": 250, "question_idx": 1701, "uid": "90e6f1d6-9dd1-45d2-960d-66eb0f86d65b"}
2026-03-24 16:27:25 | INFO     | [QUESTION_SENT] {"question_idx": 1702, "uid": "e0c408aa-2281-43cf-ab27-26224fd90196"}
2026-03-24 16:27:50 | INFO     | [QUESTION_ATTEMPT] {"attempt": 67, "max_questions": 250, "question_idx": 1702, "uid": "e0c408aa-2281-43cf-ab27-26224fd90196"}
2026-03-24 16:28:03 | INFO     | [QUESTION_SENT] {"question_idx": 1702, "uid": "e0c408aa-2281-43cf-ab27-26224fd90196"}
2026-03-24 16:28:17 | INFO     | [QUESTION_ATTEMPT] {"attempt": 68, "max_questions": 250, "question_idx": 1702, "uid": "e0c408aa-2281-43cf-ab27-26224fd90196"}
2026-03-24 16:28:30 | INFO     | [QUESTION_SENT] {"question_idx": 1702, "uid": "e0c408aa-2281-43cf-ab27-26224fd90196"}
2026-03-24 16:28:43 | INFO     | [QUESTION_ATTEMPT] {"attempt": 69, "max_questions": 250, "question_idx": 1702, "uid": "e0c408aa-2281-43cf-ab27-26224fd90196"}
2026-03-24 16:28:56 | INFO     | [QUESTION_SENT] {"question_idx": 1702, "uid": "e0c408aa-2281-43cf-ab27-26224fd90196"}
2026-03-24 16:29:19 | INFO     | [QUESTION_ATTEMPT] {"attempt": 70, "max_questions": 250, "question_idx": 1702, "uid": "e0c408aa-2281-43cf-ab27-26224fd90196"}
2026-03-24 16:29:31 | INFO     | [QUESTION_SENT] {"question_idx": 1702, "uid": "e0c408aa-2281-43cf-ab27-26224fd90196"}
2026-03-24 16:29:45 | INFO     | [QUESTION_ATTEMPT] {"attempt": 71, "max_questions": 250, "question_idx": 1702, "uid": "e0c408aa-2281-43cf-ab27-26224fd90196"}
2026-03-24 16:29:57 | INFO     | [QUESTION_SENT] {"question_idx": 1702, "uid": "e0c408aa-2281-43cf-ab27-26224fd90196"}
2026-03-24 16:31:33 | INFO     | [QUESTION_SENT] {"question_idx": 1702, "uid": "e0c408aa-2281-43cf-ab27-26224fd90196"}
2026-03-24 16:31:58 | INFO     | [QUESTION_ATTEMPT] {"attempt": 72, "max_questions": 250, "question_idx": 1702, "uid": "e0c408aa-2281-43cf-ab27-26224fd90196"}
2026-03-24 16:33:06 | INFO     | [QUESTION_SENT] {"question_idx": 1702, "uid": "e0c408aa-2281-43cf-ab27-26224fd90196"}
2026-03-24 16:33:32 | INFO     | [QUESTION_ATTEMPT] {"attempt": 73, "max_questions": 250, "question_idx": 1702, "uid": "e0c408aa-2281-43cf-ab27-26224fd90196"}
2026-03-24 16:33:45 | INFO     | [QUESTION_SENT] {"question_idx": 1702, "uid": "e0c408aa-2281-43cf-ab27-26224fd90196"}
2026-03-24 16:33:59 | INFO     | [QUESTION_ATTEMPT] {"attempt": 74, "max_questions": 250, "question_idx": 1702, "uid": "e0c408aa-2281-43cf-ab27-26224fd90196"}
2026-03-24 16:34:12 | INFO     | [QUESTION_SENT] {"question_idx": 1702, "uid": "e0c408aa-2281-43cf-ab27-26224fd90196"}
2026-03-24 16:35:03 | INFO     | [BOT_STOP] {"bot_id": 10, "total_questions": 74}
