2026-03-25 13:14:13 | INFO     | [BOT_START] {"bot_id": 10, "project": "hypos_norm", "timestamp": "2026-03-25T13:14:13.172983", "log_dir": "/home/dmitrii/Documents/projects/clicker_3.0/logs/bot_10"}
2026-03-25 13:14:19 | INFO     | [RESTART] {"bot_id": 10, "note": "first_start"}
2026-03-25 13:14:19 | INFO     | [FSM_INITIALIZED] {"site": "gpt", "scenario": "web_search", "start_state": "start_question"}
2026-03-25 13:14:43 | INFO     | [QUESTION_SENT] {"question_idx": 2081, "uid": "e08e0a84-06ab-4f16-a315-69fff4f2770f"}
2026-03-25 13:15:38 | INFO     | [QUESTION_ATTEMPT] {"attempt": 1, "max_questions": 250, "question_idx": 2081, "uid": "e08e0a84-06ab-4f16-a315-69fff4f2770f"}
2026-03-25 13:16:09 | INFO     | [QUESTION_SENT] {"question_idx": 2082, "uid": "4e5020e8-f097-4b70-88aa-cefd3fac43d8"}
2026-03-25 13:16:56 | INFO     | [QUESTION_ATTEMPT] {"attempt": 2, "max_questions": 250, "question_idx": 2082, "uid": "4e5020e8-f097-4b70-88aa-cefd3fac43d8"}
2026-03-25 13:17:27 | INFO     | [QUESTION_SENT] {"question_idx": 2083, "uid": "34258853-93b5-4749-b1f9-171dc55db00c"}
2026-03-25 13:18:08 | INFO     | [QUESTION_ATTEMPT] {"attempt": 3, "max_questions": 250, "question_idx": 2083, "uid": "34258853-93b5-4749-b1f9-171dc55db00c"}
2026-03-25 13:18:39 | INFO     | [QUESTION_SENT] {"question_idx": 2084, "uid": "cdee02d1-020d-4644-a5d9-ca6427e64045"}
2026-03-25 13:19:28 | INFO     | [QUESTION_ATTEMPT] {"attempt": 4, "max_questions": 250, "question_idx": 2084, "uid": "cdee02d1-020d-4644-a5d9-ca6427e64045"}
2026-03-25 13:19:59 | INFO     | [QUESTION_SENT] {"question_idx": 2085, "uid": "a78b1453-8da4-445d-8c2b-22133133f6fd"}
2026-03-25 13:20:44 | INFO     | [QUESTION_ATTEMPT] {"attempt": 5, "max_questions": 250, "question_idx": 2085, "uid": "a78b1453-8da4-445d-8c2b-22133133f6fd"}
2026-03-25 13:21:15 | INFO     | [QUESTION_SENT] {"question_idx": 2086, "uid": "7b6c71f0-4544-4905-b2b4-306e65e3799b"}
2026-03-25 13:21:59 | INFO     | [QUESTION_ATTEMPT] {"attempt": 6, "max_questions": 250, "question_idx": 2086, "uid": "7b6c71f0-4544-4905-b2b4-306e65e3799b"}
2026-03-25 13:22:30 | INFO     | [QUESTION_SENT] {"question_idx": 2087, "uid": "93d34ef4-a737-4e4e-bcac-e2d520c5f0e3"}
2026-03-25 13:23:10 | INFO     | [QUESTION_ATTEMPT] {"attempt": 7, "max_questions": 250, "question_idx": 2087, "uid": "93d34ef4-a737-4e4e-bcac-e2d520c5f0e3"}
2026-03-25 13:23:53 | INFO     | [QUESTION_SENT] {"question_idx": 2088, "uid": "e4e8b2ea-345f-46da-9803-e5b3afa549e3"}
2026-03-25 13:24:35 | INFO     | [QUESTION_ATTEMPT] {"attempt": 8, "max_questions": 250, "question_idx": 2088, "uid": "e4e8b2ea-345f-46da-9803-e5b3afa549e3"}
2026-03-25 13:25:06 | INFO     | [QUESTION_SENT] {"question_idx": 2089, "uid": "c1790041-a4f9-4959-a893-d47fc99f81e9"}
2026-03-25 13:25:49 | INFO     | [QUESTION_ATTEMPT] {"attempt": 9, "max_questions": 250, "question_idx": 2089, "uid": "c1790041-a4f9-4959-a893-d47fc99f81e9"}
2026-03-25 13:26:20 | INFO     | [QUESTION_SENT] {"question_idx": 2090, "uid": "8d1f6911-90d2-4296-947a-41dc6383f418"}
2026-03-25 13:27:06 | INFO     | [QUESTION_ATTEMPT] {"attempt": 10, "max_questions": 250, "question_idx": 2090, "uid": "8d1f6911-90d2-4296-947a-41dc6383f418"}
2026-03-25 13:27:37 | INFO     | [QUESTION_SENT] {"question_idx": 2091, "uid": "c98d769d-d4cf-42e5-9868-d8adf60ec9d8"}
2026-03-25 13:28:18 | INFO     | [QUESTION_ATTEMPT] {"attempt": 11, "max_questions": 250, "question_idx": 2091, "uid": "c98d769d-d4cf-42e5-9868-d8adf60ec9d8"}
2026-03-25 13:28:49 | INFO     | [QUESTION_SENT] {"question_idx": 2092, "uid": "7c693f53-f361-4e71-addd-f997984939c7"}
2026-03-25 13:29:37 | INFO     | [QUESTION_ATTEMPT] {"attempt": 12, "max_questions": 250, "question_idx": 2092, "uid": "7c693f53-f361-4e71-addd-f997984939c7"}
2026-03-25 13:30:08 | INFO     | [QUESTION_SENT] {"question_idx": 2093, "uid": "1cc583e6-ca7c-40ea-997f-e69e416244a7"}
2026-03-25 13:30:46 | INFO     | [QUESTION_ATTEMPT] {"attempt": 13, "max_questions": 250, "question_idx": 2093, "uid": "1cc583e6-ca7c-40ea-997f-e69e416244a7"}
2026-03-25 13:31:30 | INFO     | [QUESTION_SENT] {"question_idx": 2094, "uid": "34af11f4-fc29-4b2e-91c6-569dffaf708b"}
2026-03-25 13:35:00 | INFO     | [QUESTION_SENT] {"question_idx": 2094, "uid": "34af11f4-fc29-4b2e-91c6-569dffaf708b"}
2026-03-25 13:36:23 | INFO     | [QUESTION_SENT] {"question_idx": 2094, "uid": "34af11f4-fc29-4b2e-91c6-569dffaf708b"}
2026-03-25 13:37:05 | INFO     | [QUESTION_ATTEMPT] {"attempt": 14, "max_questions": 250, "question_idx": 2094, "uid": "34af11f4-fc29-4b2e-91c6-569dffaf708b"}
2026-03-25 13:37:36 | INFO     | [QUESTION_SENT] {"question_idx": 2095, "uid": "abef1902-52d6-4139-a492-4c81d568adee"}
2026-03-25 13:38:22 | INFO     | [QUESTION_ATTEMPT] {"attempt": 15, "max_questions": 250, "question_idx": 2095, "uid": "abef1902-52d6-4139-a492-4c81d568adee"}
2026-03-25 13:38:34 | INFO     | [QUESTION_SENT] {"question_idx": 2095, "uid": "abef1902-52d6-4139-a492-4c81d568adee"}
2026-03-25 13:39:24 | INFO     | [QUESTION_ATTEMPT] {"attempt": 16, "max_questions": 250, "question_idx": 2095, "uid": "abef1902-52d6-4139-a492-4c81d568adee"}
2026-03-25 13:39:55 | INFO     | [QUESTION_SENT] {"question_idx": 2096, "uid": "53919b90-95a2-4509-8cce-1c3f5386c72a"}
2026-03-25 13:40:38 | INFO     | [QUESTION_ATTEMPT] {"attempt": 17, "max_questions": 250, "question_idx": 2096, "uid": "53919b90-95a2-4509-8cce-1c3f5386c72a"}
2026-03-25 13:41:09 | INFO     | [QUESTION_SENT] {"question_idx": 2097, "uid": "f56ccb19-7fef-465a-98af-cb49934c2a89"}
2026-03-25 13:41:56 | INFO     | [QUESTION_ATTEMPT] {"attempt": 18, "max_questions": 250, "question_idx": 2097, "uid": "f56ccb19-7fef-465a-98af-cb49934c2a89"}
2026-03-25 13:42:28 | INFO     | [QUESTION_SENT] {"question_idx": 2098, "uid": "b5473fee-181f-4cd2-a9be-2573a253643a"}
2026-03-25 13:43:13 | INFO     | [QUESTION_ATTEMPT] {"attempt": 19, "max_questions": 250, "question_idx": 2098, "uid": "b5473fee-181f-4cd2-a9be-2573a253643a"}
2026-03-25 13:43:44 | INFO     | [QUESTION_SENT] {"question_idx": 2099, "uid": "cd8db726-3a15-4fef-b8d4-6087cc9ed441"}
2026-03-25 13:45:07 | INFO     | [QUESTION_SENT] {"question_idx": 2099, "uid": "cd8db726-3a15-4fef-b8d4-6087cc9ed441"}
2026-03-25 13:45:53 | INFO     | [QUESTION_ATTEMPT] {"attempt": 20, "max_questions": 250, "question_idx": 2099, "uid": "cd8db726-3a15-4fef-b8d4-6087cc9ed441"}
2026-03-25 13:46:24 | INFO     | [QUESTION_SENT] {"question_idx": 2100, "uid": "3aeb92c9-88d3-40c1-bef4-e300b02de9a8"}
2026-03-25 13:47:05 | INFO     | [QUESTION_ATTEMPT] {"attempt": 21, "max_questions": 250, "question_idx": 2100, "uid": "3aeb92c9-88d3-40c1-bef4-e300b02de9a8"}
2026-03-25 13:47:48 | INFO     | [QUESTION_SENT] {"question_idx": 2101, "uid": "d7686c89-6549-40cd-94e0-e432fa47ea59"}
2026-03-25 13:48:39 | INFO     | [QUESTION_ATTEMPT] {"attempt": 22, "max_questions": 250, "question_idx": 2101, "uid": "d7686c89-6549-40cd-94e0-e432fa47ea59"}
2026-03-25 13:49:10 | INFO     | [QUESTION_SENT] {"question_idx": 2102, "uid": "f8267008-de4e-4dd5-95d1-10897c2a46aa"}
2026-03-25 13:49:53 | INFO     | [QUESTION_ATTEMPT] {"attempt": 23, "max_questions": 250, "question_idx": 2102, "uid": "f8267008-de4e-4dd5-95d1-10897c2a46aa"}
2026-03-25 13:50:24 | INFO     | [QUESTION_SENT] {"question_idx": 2103, "uid": "e2cf4e8d-8c27-4f5a-9558-c31b88828032"}
2026-03-25 13:51:10 | INFO     | [QUESTION_ATTEMPT] {"attempt": 24, "max_questions": 250, "question_idx": 2103, "uid": "e2cf4e8d-8c27-4f5a-9558-c31b88828032"}
2026-03-25 13:51:41 | INFO     | [QUESTION_SENT] {"question_idx": 2104, "uid": "8ccab368-fedf-4600-a027-28969da9f099"}
2026-03-25 13:52:30 | INFO     | [QUESTION_ATTEMPT] {"attempt": 25, "max_questions": 250, "question_idx": 2104, "uid": "8ccab368-fedf-4600-a027-28969da9f099"}
2026-03-25 13:53:01 | INFO     | [QUESTION_SENT] {"question_idx": 2105, "uid": "e4ada0f4-5402-4fff-a2d9-beba2d3d8f16"}
2026-03-25 13:53:45 | INFO     | [QUESTION_ATTEMPT] {"attempt": 26, "max_questions": 250, "question_idx": 2105, "uid": "e4ada0f4-5402-4fff-a2d9-beba2d3d8f16"}
2026-03-25 13:54:16 | INFO     | [QUESTION_SENT] {"question_idx": 2106, "uid": "8f0b0fde-1d15-45a5-a78a-141e943d8295"}
2026-03-25 13:54:58 | INFO     | [QUESTION_ATTEMPT] {"attempt": 27, "max_questions": 250, "question_idx": 2106, "uid": "8f0b0fde-1d15-45a5-a78a-141e943d8295"}
2026-03-25 13:55:29 | INFO     | [QUESTION_SENT] {"question_idx": 2107, "uid": "cea8a14a-0f8e-49c7-990a-5c5d775c92dd"}
2026-03-25 13:56:13 | INFO     | [QUESTION_ATTEMPT] {"attempt": 28, "max_questions": 250, "question_idx": 2107, "uid": "cea8a14a-0f8e-49c7-990a-5c5d775c92dd"}
2026-03-25 13:56:44 | INFO     | [QUESTION_SENT] {"question_idx": 2108, "uid": "1028ee92-e853-4cf4-aa09-029993c62045"}
2026-03-25 13:57:24 | INFO     | [QUESTION_ATTEMPT] {"attempt": 29, "max_questions": 250, "question_idx": 2108, "uid": "1028ee92-e853-4cf4-aa09-029993c62045"}
2026-03-25 13:58:07 | INFO     | [QUESTION_SENT] {"question_idx": 2109, "uid": "9d3d2936-a9f8-4a9e-b8da-a4d6f2bd578e"}
2026-03-25 13:58:52 | INFO     | [QUESTION_ATTEMPT] {"attempt": 30, "max_questions": 250, "question_idx": 2109, "uid": "9d3d2936-a9f8-4a9e-b8da-a4d6f2bd578e"}
2026-03-25 13:59:23 | INFO     | [QUESTION_SENT] {"question_idx": 2110, "uid": "199779cf-dd79-4258-b7e1-ecbb1690b767"}
2026-03-25 14:00:34 | INFO     | [QUESTION_ATTEMPT] {"attempt": 31, "max_questions": 250, "question_idx": 2110, "uid": "199779cf-dd79-4258-b7e1-ecbb1690b767"}
2026-03-25 14:01:05 | INFO     | [QUESTION_SENT] {"question_idx": 2111, "uid": "67b8d89c-4823-4a47-a273-f4219cb13fec"}
2026-03-25 14:01:47 | INFO     | [QUESTION_ATTEMPT] {"attempt": 32, "max_questions": 250, "question_idx": 2111, "uid": "67b8d89c-4823-4a47-a273-f4219cb13fec"}
2026-03-25 14:02:18 | INFO     | [QUESTION_SENT] {"question_idx": 2112, "uid": "46c7779d-50df-46e8-9b2b-bed8622d975b"}
2026-03-25 14:02:57 | INFO     | [QUESTION_ATTEMPT] {"attempt": 33, "max_questions": 250, "question_idx": 2112, "uid": "46c7779d-50df-46e8-9b2b-bed8622d975b"}
2026-03-25 14:03:41 | INFO     | [QUESTION_SENT] {"question_idx": 2113, "uid": "ee996bcf-181d-4285-a0b4-df02a48e6a70"}
2026-03-25 14:04:28 | INFO     | [QUESTION_ATTEMPT] {"attempt": 34, "max_questions": 250, "question_idx": 2113, "uid": "ee996bcf-181d-4285-a0b4-df02a48e6a70"}
2026-03-25 14:04:59 | INFO     | [QUESTION_SENT] {"question_idx": 2114, "uid": "b6c48c7a-ad90-4435-9ec8-f11bc803c828"}
2026-03-25 14:05:43 | INFO     | [QUESTION_ATTEMPT] {"attempt": 35, "max_questions": 250, "question_idx": 2114, "uid": "b6c48c7a-ad90-4435-9ec8-f11bc803c828"}
2026-03-25 14:06:14 | INFO     | [QUESTION_SENT] {"question_idx": 2115, "uid": "ed37ef4b-515c-47dd-9ae8-8ee5488abf9d"}
2026-03-25 14:07:06 | INFO     | [QUESTION_ATTEMPT] {"attempt": 36, "max_questions": 250, "question_idx": 2115, "uid": "ed37ef4b-515c-47dd-9ae8-8ee5488abf9d"}
2026-03-25 14:07:37 | INFO     | [QUESTION_SENT] {"question_idx": 2116, "uid": "2ab9969b-c2ad-421d-b47a-e8d8104d11f6"}
2026-03-25 14:08:21 | INFO     | [QUESTION_ATTEMPT] {"attempt": 37, "max_questions": 250, "question_idx": 2116, "uid": "2ab9969b-c2ad-421d-b47a-e8d8104d11f6"}
2026-03-25 14:08:52 | INFO     | [QUESTION_SENT] {"question_idx": 2117, "uid": "d5043dce-bc0a-45cf-9ce3-577c1faa79b8"}
2026-03-25 14:09:41 | INFO     | [QUESTION_ATTEMPT] {"attempt": 38, "max_questions": 250, "question_idx": 2117, "uid": "d5043dce-bc0a-45cf-9ce3-577c1faa79b8"}
2026-03-25 14:10:12 | INFO     | [QUESTION_SENT] {"question_idx": 2118, "uid": "2f8b639a-d2ba-4a2e-a021-13563c5b9c3b"}
2026-03-25 14:10:53 | INFO     | [QUESTION_ATTEMPT] {"attempt": 39, "max_questions": 250, "question_idx": 2118, "uid": "2f8b639a-d2ba-4a2e-a021-13563c5b9c3b"}
2026-03-25 14:11:25 | INFO     | [QUESTION_SENT] {"question_idx": 2119, "uid": "29efe3ca-7b51-4353-9322-8769f1cbfb78"}
2026-03-25 14:12:09 | INFO     | [QUESTION_ATTEMPT] {"attempt": 40, "max_questions": 250, "question_idx": 2119, "uid": "29efe3ca-7b51-4353-9322-8769f1cbfb78"}
2026-03-25 14:12:40 | INFO     | [QUESTION_SENT] {"question_idx": 2120, "uid": "1fb06589-1ca2-4ae4-b528-446f6f513312"}
2026-03-25 14:13:14 | INFO     | [QUESTION_ATTEMPT] {"attempt": 41, "max_questions": 250, "question_idx": 2120, "uid": "1fb06589-1ca2-4ae4-b528-446f6f513312"}
2026-03-25 14:13:27 | INFO     | [QUESTION_SENT] {"question_idx": 2120, "uid": "1fb06589-1ca2-4ae4-b528-446f6f513312"}
2026-03-25 14:13:56 | INFO     | [QUESTION_ATTEMPT] {"attempt": 42, "max_questions": 250, "question_idx": 2120, "uid": "1fb06589-1ca2-4ae4-b528-446f6f513312"}
2026-03-25 14:14:52 | INFO     | [QUESTION_SENT] {"question_idx": 2121, "uid": "456b036b-de2d-40d1-9900-d253fe6e1cd1"}
2026-03-25 14:15:34 | INFO     | [QUESTION_ATTEMPT] {"attempt": 43, "max_questions": 250, "question_idx": 2121, "uid": "456b036b-de2d-40d1-9900-d253fe6e1cd1"}
2026-03-25 14:16:05 | INFO     | [QUESTION_SENT] {"question_idx": 2122, "uid": "415aeb97-59e1-40c6-bb33-aaeaab994fef"}
2026-03-25 14:16:53 | INFO     | [QUESTION_ATTEMPT] {"attempt": 44, "max_questions": 250, "question_idx": 2122, "uid": "415aeb97-59e1-40c6-bb33-aaeaab994fef"}
2026-03-25 14:17:24 | INFO     | [QUESTION_SENT] {"question_idx": 2123, "uid": "f3685fd6-b495-428c-8486-086e2de83052"}
2026-03-25 14:18:09 | INFO     | [QUESTION_ATTEMPT] {"attempt": 45, "max_questions": 250, "question_idx": 2123, "uid": "f3685fd6-b495-428c-8486-086e2de83052"}
2026-03-25 14:18:40 | INFO     | [QUESTION_SENT] {"question_idx": 2124, "uid": "798442af-c31c-4742-8aac-e752dd4ffebd"}
2026-03-25 14:19:27 | INFO     | [QUESTION_ATTEMPT] {"attempt": 46, "max_questions": 250, "question_idx": 2124, "uid": "798442af-c31c-4742-8aac-e752dd4ffebd"}
2026-03-25 14:19:58 | INFO     | [QUESTION_SENT] {"question_idx": 2125, "uid": "b3016107-d2d3-4c59-879b-a905d5a04b78"}
2026-03-25 14:20:40 | INFO     | [QUESTION_ATTEMPT] {"attempt": 47, "max_questions": 250, "question_idx": 2125, "uid": "b3016107-d2d3-4c59-879b-a905d5a04b78"}
2026-03-25 14:21:11 | INFO     | [QUESTION_SENT] {"question_idx": 2126, "uid": "908dd1ed-a9a1-4e8e-8b75-6bc267c19ba7"}
2026-03-25 14:21:59 | INFO     | [QUESTION_ATTEMPT] {"attempt": 48, "max_questions": 250, "question_idx": 2126, "uid": "908dd1ed-a9a1-4e8e-8b75-6bc267c19ba7"}
2026-03-25 14:22:31 | INFO     | [QUESTION_SENT] {"question_idx": 2127, "uid": "17cedc24-bfd4-4bc9-aabc-5bec81aeb7ab"}
2026-03-25 14:23:15 | INFO     | [QUESTION_ATTEMPT] {"attempt": 49, "max_questions": 250, "question_idx": 2127, "uid": "17cedc24-bfd4-4bc9-aabc-5bec81aeb7ab"}
2026-03-25 14:23:46 | INFO     | [QUESTION_SENT] {"question_idx": 2128, "uid": "2f3d1c2d-84f2-4ddb-8da5-a3ea5c73a0e8"}
2026-03-25 14:24:27 | INFO     | [QUESTION_ATTEMPT] {"attempt": 50, "max_questions": 250, "question_idx": 2128, "uid": "2f3d1c2d-84f2-4ddb-8da5-a3ea5c73a0e8"}
2026-03-25 14:24:59 | INFO     | [QUESTION_SENT] {"question_idx": 2129, "uid": "79884f15-6638-43be-b9a0-4bdf899e25b9"}
2026-03-25 14:25:43 | INFO     | [QUESTION_ATTEMPT] {"attempt": 51, "max_questions": 250, "question_idx": 2129, "uid": "79884f15-6638-43be-b9a0-4bdf899e25b9"}
2026-03-25 14:25:55 | INFO     | [QUESTION_SENT] {"question_idx": 2129, "uid": "79884f15-6638-43be-b9a0-4bdf899e25b9"}
2026-03-25 14:26:31 | INFO     | [QUESTION_ATTEMPT] {"attempt": 52, "max_questions": 250, "question_idx": 2129, "uid": "79884f15-6638-43be-b9a0-4bdf899e25b9"}
2026-03-25 14:27:21 | INFO     | [QUESTION_SENT] {"question_idx": 2130, "uid": "4dd89cde-4d2d-4b47-8903-981b7ac3a964"}
2026-03-25 14:28:07 | INFO     | [QUESTION_ATTEMPT] {"attempt": 53, "max_questions": 250, "question_idx": 2130, "uid": "4dd89cde-4d2d-4b47-8903-981b7ac3a964"}
2026-03-25 14:28:38 | INFO     | [QUESTION_SENT] {"question_idx": 2131, "uid": "939d9f66-458e-4331-8086-f7bf6924569a"}
2026-03-25 14:29:25 | INFO     | [QUESTION_ATTEMPT] {"attempt": 54, "max_questions": 250, "question_idx": 2131, "uid": "939d9f66-458e-4331-8086-f7bf6924569a"}
2026-03-25 14:29:56 | INFO     | [QUESTION_SENT] {"question_idx": 2132, "uid": "671b57d2-9d03-4e9c-80ce-e38acd00c666"}
2026-03-25 14:30:38 | INFO     | [QUESTION_ATTEMPT] {"attempt": 55, "max_questions": 250, "question_idx": 2132, "uid": "671b57d2-9d03-4e9c-80ce-e38acd00c666"}
2026-03-25 14:31:09 | INFO     | [QUESTION_SENT] {"question_idx": 2133, "uid": "25bf9d37-ab95-4d0d-8d93-64c467298077"}
2026-03-25 14:31:50 | INFO     | [QUESTION_ATTEMPT] {"attempt": 56, "max_questions": 250, "question_idx": 2133, "uid": "25bf9d37-ab95-4d0d-8d93-64c467298077"}
2026-03-25 14:32:21 | INFO     | [QUESTION_SENT] {"question_idx": 2134, "uid": "c78da01c-01b6-4582-aa59-be90676fa61b"}
2026-03-25 14:33:07 | INFO     | [QUESTION_ATTEMPT] {"attempt": 57, "max_questions": 250, "question_idx": 2134, "uid": "c78da01c-01b6-4582-aa59-be90676fa61b"}
2026-03-25 14:33:38 | INFO     | [QUESTION_SENT] {"question_idx": 2135, "uid": "140adf83-036a-4258-bae5-c01ad82567bd"}
2026-03-25 14:34:22 | INFO     | [QUESTION_ATTEMPT] {"attempt": 58, "max_questions": 250, "question_idx": 2135, "uid": "140adf83-036a-4258-bae5-c01ad82567bd"}
2026-03-25 14:34:53 | INFO     | [QUESTION_SENT] {"question_idx": 2136, "uid": "a8535e51-1a56-46f4-aa21-c186b0d4edd5"}
2026-03-25 14:35:32 | INFO     | [QUESTION_ATTEMPT] {"attempt": 59, "max_questions": 250, "question_idx": 2136, "uid": "a8535e51-1a56-46f4-aa21-c186b0d4edd5"}
2026-03-25 14:35:45 | INFO     | [QUESTION_SENT] {"question_idx": 2136, "uid": "a8535e51-1a56-46f4-aa21-c186b0d4edd5"}
2026-03-25 14:36:13 | INFO     | [QUESTION_ATTEMPT] {"attempt": 60, "max_questions": 250, "question_idx": 2136, "uid": "a8535e51-1a56-46f4-aa21-c186b0d4edd5"}
2026-03-25 14:36:26 | INFO     | [QUESTION_SENT] {"question_idx": 2136, "uid": "a8535e51-1a56-46f4-aa21-c186b0d4edd5"}
2026-03-25 14:36:56 | INFO     | [QUESTION_ATTEMPT] {"attempt": 61, "max_questions": 250, "question_idx": 2136, "uid": "a8535e51-1a56-46f4-aa21-c186b0d4edd5"}
2026-03-25 14:37:08 | INFO     | [QUESTION_SENT] {"question_idx": 2136, "uid": "a8535e51-1a56-46f4-aa21-c186b0d4edd5"}
2026-03-25 14:37:54 | INFO     | [QUESTION_ATTEMPT] {"attempt": 62, "max_questions": 250, "question_idx": 2136, "uid": "a8535e51-1a56-46f4-aa21-c186b0d4edd5"}
2026-03-25 14:38:25 | INFO     | [QUESTION_SENT] {"question_idx": 2136, "uid": "a8535e51-1a56-46f4-aa21-c186b0d4edd5"}
2026-03-25 14:39:08 | INFO     | [QUESTION_ATTEMPT] {"attempt": 63, "max_questions": 250, "question_idx": 2136, "uid": "a8535e51-1a56-46f4-aa21-c186b0d4edd5"}
2026-03-25 14:39:39 | INFO     | [QUESTION_SENT] {"question_idx": 2137, "uid": "76f78507-6950-45ec-a043-a71d37d7f26a"}
2026-03-25 14:40:28 | INFO     | [QUESTION_ATTEMPT] {"attempt": 64, "max_questions": 250, "question_idx": 2137, "uid": "76f78507-6950-45ec-a043-a71d37d7f26a"}
2026-03-25 14:40:59 | INFO     | [QUESTION_SENT] {"question_idx": 2138, "uid": "d6b48a37-f80b-4e1a-b0ac-48fad9b23918"}
2026-03-25 14:41:25 | INFO     | [QUESTION_ATTEMPT] {"attempt": 65, "max_questions": 250, "question_idx": 2138, "uid": "d6b48a37-f80b-4e1a-b0ac-48fad9b23918"}
2026-03-25 14:41:37 | INFO     | [QUESTION_SENT] {"question_idx": 2138, "uid": "d6b48a37-f80b-4e1a-b0ac-48fad9b23918"}
2026-03-25 14:41:59 | INFO     | [QUESTION_ATTEMPT] {"attempt": 66, "max_questions": 250, "question_idx": 2138, "uid": "d6b48a37-f80b-4e1a-b0ac-48fad9b23918"}
2026-03-25 14:43:03 | INFO     | [QUESTION_SENT] {"question_idx": 2139, "uid": "eec0b5ab-9a66-4ea8-a4b2-8e08fad82fea"}
2026-03-25 14:43:35 | INFO     | [QUESTION_ATTEMPT] {"attempt": 67, "max_questions": 250, "question_idx": 2139, "uid": "eec0b5ab-9a66-4ea8-a4b2-8e08fad82fea"}
2026-03-25 14:44:26 | INFO     | [QUESTION_SENT] {"question_idx": 2140, "uid": "dd30fcd0-779f-4fcc-9d74-f1cbd2c3c5a0"}
2026-03-25 14:44:59 | INFO     | [QUESTION_ATTEMPT] {"attempt": 68, "max_questions": 250, "question_idx": 2140, "uid": "dd30fcd0-779f-4fcc-9d74-f1cbd2c3c5a0"}
2026-03-25 14:45:49 | INFO     | [QUESTION_SENT] {"question_idx": 2141, "uid": "7733961a-6e5d-4a88-8326-0abd956381c6"}
2026-03-25 14:46:24 | INFO     | [QUESTION_ATTEMPT] {"attempt": 69, "max_questions": 250, "question_idx": 2141, "uid": "7733961a-6e5d-4a88-8326-0abd956381c6"}
2026-03-25 14:47:12 | INFO     | [QUESTION_SENT] {"question_idx": 2142, "uid": "d610f389-7c54-4d12-a6c3-ca8be24354c5"}
2026-03-25 14:47:47 | INFO     | [QUESTION_ATTEMPT] {"attempt": 70, "max_questions": 250, "question_idx": 2142, "uid": "d610f389-7c54-4d12-a6c3-ca8be24354c5"}
2026-03-25 14:48:35 | INFO     | [QUESTION_SENT] {"question_idx": 2143, "uid": "e62dd490-1967-4656-9623-313db927c20c"}
2026-03-25 14:49:10 | INFO     | [QUESTION_ATTEMPT] {"attempt": 71, "max_questions": 250, "question_idx": 2143, "uid": "e62dd490-1967-4656-9623-313db927c20c"}
2026-03-25 14:49:59 | INFO     | [QUESTION_SENT] {"question_idx": 2144, "uid": "6ccb473e-4119-4d09-973c-80b9a6bca560"}
2026-03-25 14:50:29 | INFO     | [QUESTION_ATTEMPT] {"attempt": 72, "max_questions": 250, "question_idx": 2144, "uid": "6ccb473e-4119-4d09-973c-80b9a6bca560"}
2026-03-25 14:51:21 | INFO     | [QUESTION_SENT] {"question_idx": 2144, "uid": "6ccb473e-4119-4d09-973c-80b9a6bca560"}
2026-03-25 14:51:51 | INFO     | [QUESTION_ATTEMPT] {"attempt": 73, "max_questions": 250, "question_idx": 2144, "uid": "6ccb473e-4119-4d09-973c-80b9a6bca560"}
2026-03-25 14:52:44 | INFO     | [QUESTION_SENT] {"question_idx": 2145, "uid": "17ec5174-01b5-4e29-a618-a7e14fcb2841"}
2026-03-25 14:53:14 | INFO     | [QUESTION_ATTEMPT] {"attempt": 74, "max_questions": 250, "question_idx": 2145, "uid": "17ec5174-01b5-4e29-a618-a7e14fcb2841"}
2026-03-25 14:54:07 | INFO     | [QUESTION_SENT] {"question_idx": 2146, "uid": "627c5000-6437-436d-90ac-17d6fedbba99"}
2026-03-25 14:54:38 | INFO     | [QUESTION_ATTEMPT] {"attempt": 75, "max_questions": 250, "question_idx": 2146, "uid": "627c5000-6437-436d-90ac-17d6fedbba99"}
2026-03-25 14:55:30 | INFO     | [QUESTION_SENT] {"question_idx": 2147, "uid": "1726ece0-7851-4e06-a759-6017c716f7c2"}
2026-03-25 14:56:53 | INFO     | [QUESTION_SENT] {"question_idx": 2147, "uid": "1726ece0-7851-4e06-a759-6017c716f7c2"}
2026-03-25 14:57:26 | INFO     | [QUESTION_ATTEMPT] {"attempt": 76, "max_questions": 250, "question_idx": 2147, "uid": "1726ece0-7851-4e06-a759-6017c716f7c2"}
2026-03-25 14:58:16 | INFO     | [QUESTION_SENT] {"question_idx": 2148, "uid": "af108fa7-c0bc-410a-b394-7b5df89dfc8c"}
2026-03-25 14:58:51 | INFO     | [QUESTION_ATTEMPT] {"attempt": 77, "max_questions": 250, "question_idx": 2148, "uid": "af108fa7-c0bc-410a-b394-7b5df89dfc8c"}
2026-03-25 14:59:39 | INFO     | [QUESTION_SENT] {"question_idx": 2149, "uid": "8383deb6-d57b-47bc-ba73-54b927a0f2b9"}
2026-03-25 15:00:14 | INFO     | [QUESTION_ATTEMPT] {"attempt": 78, "max_questions": 250, "question_idx": 2149, "uid": "8383deb6-d57b-47bc-ba73-54b927a0f2b9"}
2026-03-25 15:01:02 | INFO     | [QUESTION_SENT] {"question_idx": 2150, "uid": "72a74e1e-2e57-4500-84b4-18267cc4b76b"}
2026-03-25 15:01:35 | INFO     | [QUESTION_ATTEMPT] {"attempt": 79, "max_questions": 250, "question_idx": 2150, "uid": "72a74e1e-2e57-4500-84b4-18267cc4b76b"}
2026-03-25 15:02:25 | INFO     | [QUESTION_SENT] {"question_idx": 2151, "uid": "80dbddc3-ec24-47e5-a03e-24ea736fe8ce"}
2026-03-25 15:02:55 | INFO     | [QUESTION_ATTEMPT] {"attempt": 80, "max_questions": 250, "question_idx": 2151, "uid": "80dbddc3-ec24-47e5-a03e-24ea736fe8ce"}
2026-03-25 15:03:48 | INFO     | [QUESTION_SENT] {"question_idx": 2152, "uid": "98562aa3-d624-4515-aee8-8e9092801d6d"}
2026-03-25 15:04:21 | INFO     | [QUESTION_ATTEMPT] {"attempt": 81, "max_questions": 250, "question_idx": 2152, "uid": "98562aa3-d624-4515-aee8-8e9092801d6d"}
2026-03-25 15:05:11 | INFO     | [QUESTION_SENT] {"question_idx": 2153, "uid": "41e49e86-9994-436d-9d77-1ebeeffe0006"}
2026-03-25 15:05:50 | INFO     | [QUESTION_ATTEMPT] {"attempt": 82, "max_questions": 250, "question_idx": 2153, "uid": "41e49e86-9994-436d-9d77-1ebeeffe0006"}
2026-03-25 15:06:34 | INFO     | [QUESTION_SENT] {"question_idx": 2154, "uid": "a3e23db5-e0d1-4d0c-8232-c970e440417f"}
2026-03-25 15:07:11 | INFO     | [QUESTION_ATTEMPT] {"attempt": 83, "max_questions": 250, "question_idx": 2154, "uid": "a3e23db5-e0d1-4d0c-8232-c970e440417f"}
2026-03-25 15:07:57 | INFO     | [QUESTION_SENT] {"question_idx": 2155, "uid": "29d0bceb-79c6-49de-99e1-12346acafa9f"}
2026-03-25 15:08:30 | INFO     | [QUESTION_ATTEMPT] {"attempt": 84, "max_questions": 250, "question_idx": 2155, "uid": "29d0bceb-79c6-49de-99e1-12346acafa9f"}
2026-03-25 15:09:20 | INFO     | [QUESTION_SENT] {"question_idx": 2156, "uid": "84900ef5-8530-4e4a-b936-d94b3bdb947a"}
2026-03-25 15:09:54 | INFO     | [QUESTION_ATTEMPT] {"attempt": 85, "max_questions": 250, "question_idx": 2156, "uid": "84900ef5-8530-4e4a-b936-d94b3bdb947a"}
2026-03-25 15:10:43 | INFO     | [QUESTION_SENT] {"question_idx": 2157, "uid": "6ee26b8a-ef94-4758-a4e0-485ba56a1b87"}
2026-03-25 15:12:06 | INFO     | [QUESTION_SENT] {"question_idx": 2157, "uid": "6ee26b8a-ef94-4758-a4e0-485ba56a1b87"}
2026-03-25 15:12:38 | INFO     | [QUESTION_ATTEMPT] {"attempt": 86, "max_questions": 250, "question_idx": 2157, "uid": "6ee26b8a-ef94-4758-a4e0-485ba56a1b87"}
2026-03-25 15:12:50 | INFO     | [QUESTION_SENT] {"question_idx": 2157, "uid": "6ee26b8a-ef94-4758-a4e0-485ba56a1b87"}
2026-03-25 15:13:20 | INFO     | [QUESTION_ATTEMPT] {"attempt": 87, "max_questions": 250, "question_idx": 2157, "uid": "6ee26b8a-ef94-4758-a4e0-485ba56a1b87"}
2026-03-25 15:14:15 | INFO     | [QUESTION_SENT] {"question_idx": 2158, "uid": "befb954d-3e4e-4190-9271-8ca0749f38f8"}
2026-03-25 15:15:17 | INFO     | [QUESTION_ATTEMPT] {"attempt": 88, "max_questions": 250, "question_idx": 2158, "uid": "befb954d-3e4e-4190-9271-8ca0749f38f8"}
2026-03-25 15:15:48 | INFO     | [QUESTION_SENT] {"question_idx": 2159, "uid": "927780f6-d0f9-4faa-9896-903cee158306"}
2026-03-25 15:16:22 | INFO     | [QUESTION_ATTEMPT] {"attempt": 89, "max_questions": 250, "question_idx": 2159, "uid": "927780f6-d0f9-4faa-9896-903cee158306"}
2026-03-25 15:17:11 | INFO     | [QUESTION_SENT] {"question_idx": 2160, "uid": "126085e6-13ae-4a6a-98c8-ab0d1952d697"}
2026-03-25 15:17:42 | INFO     | [QUESTION_ATTEMPT] {"attempt": 90, "max_questions": 250, "question_idx": 2160, "uid": "126085e6-13ae-4a6a-98c8-ab0d1952d697"}
2026-03-25 15:18:34 | INFO     | [QUESTION_SENT] {"question_idx": 2161, "uid": "e101d4d0-74cc-4543-8fb2-92e02dbec839"}
2026-03-25 15:19:07 | INFO     | [QUESTION_ATTEMPT] {"attempt": 91, "max_questions": 250, "question_idx": 2161, "uid": "e101d4d0-74cc-4543-8fb2-92e02dbec839"}
2026-03-25 15:19:57 | INFO     | [QUESTION_SENT] {"question_idx": 2162, "uid": "3e001890-e9e5-4e31-8e54-8bf60658a8de"}
2026-03-25 15:20:35 | INFO     | [QUESTION_ATTEMPT] {"attempt": 92, "max_questions": 250, "question_idx": 2162, "uid": "3e001890-e9e5-4e31-8e54-8bf60658a8de"}
2026-03-25 15:21:20 | INFO     | [QUESTION_SENT] {"question_idx": 2163, "uid": "79ff5c3a-cc71-4f45-b285-b8a747902033"}
2026-03-25 15:21:52 | INFO     | [QUESTION_ATTEMPT] {"attempt": 93, "max_questions": 250, "question_idx": 2163, "uid": "79ff5c3a-cc71-4f45-b285-b8a747902033"}
2026-03-25 15:22:43 | INFO     | [QUESTION_SENT] {"question_idx": 2164, "uid": "d04342f5-cc65-4e28-a982-4eade163e6ea"}
2026-03-25 15:23:16 | INFO     | [QUESTION_ATTEMPT] {"attempt": 94, "max_questions": 250, "question_idx": 2164, "uid": "d04342f5-cc65-4e28-a982-4eade163e6ea"}
2026-03-25 15:24:06 | INFO     | [QUESTION_SENT] {"question_idx": 2165, "uid": "f2167187-777e-4e7d-8981-706cb2250d9d"}
2026-03-25 15:24:26 | INFO     | [QUESTION_ATTEMPT] {"attempt": 95, "max_questions": 250, "question_idx": 2165, "uid": "f2167187-777e-4e7d-8981-706cb2250d9d"}
2026-03-25 15:24:39 | INFO     | [QUESTION_SENT] {"question_idx": 2165, "uid": "f2167187-777e-4e7d-8981-706cb2250d9d"}
2026-03-25 15:26:04 | INFO     | [QUESTION_SENT] {"question_idx": 2165, "uid": "f2167187-777e-4e7d-8981-706cb2250d9d"}
2026-03-25 15:26:36 | INFO     | [QUESTION_ATTEMPT] {"attempt": 96, "max_questions": 250, "question_idx": 2165, "uid": "f2167187-777e-4e7d-8981-706cb2250d9d"}
2026-03-25 15:27:27 | INFO     | [QUESTION_SENT] {"question_idx": 2166, "uid": "468a38b6-3406-4c47-8a8f-93c533a30bee"}
2026-03-25 15:27:59 | INFO     | [QUESTION_ATTEMPT] {"attempt": 97, "max_questions": 250, "question_idx": 2166, "uid": "468a38b6-3406-4c47-8a8f-93c533a30bee"}
2026-03-25 15:28:51 | INFO     | [QUESTION_SENT] {"question_idx": 2167, "uid": "6e76490f-7697-41e4-9636-a28b5cec3319"}
2026-03-25 15:29:22 | INFO     | [QUESTION_ATTEMPT] {"attempt": 98, "max_questions": 250, "question_idx": 2167, "uid": "6e76490f-7697-41e4-9636-a28b5cec3319"}
2026-03-25 15:30:13 | INFO     | [QUESTION_SENT] {"question_idx": 2168, "uid": "8678e2d6-1a28-4309-ab46-a1f90972949b"}
2026-03-25 15:31:36 | INFO     | [QUESTION_SENT] {"question_idx": 2168, "uid": "8678e2d6-1a28-4309-ab46-a1f90972949b"}
2026-03-25 15:32:09 | INFO     | [QUESTION_ATTEMPT] {"attempt": 99, "max_questions": 250, "question_idx": 2168, "uid": "8678e2d6-1a28-4309-ab46-a1f90972949b"}
2026-03-25 15:32:59 | INFO     | [QUESTION_SENT] {"question_idx": 2169, "uid": "541f2aa0-0e7c-4eca-bf3d-293cdf45805b"}
2026-03-25 15:33:31 | INFO     | [QUESTION_ATTEMPT] {"attempt": 100, "max_questions": 250, "question_idx": 2169, "uid": "541f2aa0-0e7c-4eca-bf3d-293cdf45805b"}
2026-03-25 15:34:23 | INFO     | [QUESTION_SENT] {"question_idx": 2170, "uid": "f96faeff-ab1e-4a07-a9ae-7fca548938d8"}
2026-03-25 15:35:00 | INFO     | [QUESTION_ATTEMPT] {"attempt": 101, "max_questions": 250, "question_idx": 2170, "uid": "f96faeff-ab1e-4a07-a9ae-7fca548938d8"}
2026-03-25 15:35:46 | INFO     | [QUESTION_SENT] {"question_idx": 2171, "uid": "9affd1ce-f59c-4d7a-9415-096e3c079dc5"}
2026-03-25 15:37:13 | INFO     | [QUESTION_ATTEMPT] {"attempt": 102, "max_questions": 250, "question_idx": 2171, "uid": "9affd1ce-f59c-4d7a-9415-096e3c079dc5"}
2026-03-25 15:37:44 | INFO     | [QUESTION_SENT] {"question_idx": 2172, "uid": "192b4f9b-d9ab-4ff1-9b84-9f42cccefe4a"}
2026-03-25 15:38:12 | INFO     | [QUESTION_ATTEMPT] {"attempt": 103, "max_questions": 250, "question_idx": 2172, "uid": "192b4f9b-d9ab-4ff1-9b84-9f42cccefe4a"}
2026-03-25 15:39:06 | INFO     | [QUESTION_SENT] {"question_idx": 2173, "uid": "d79dcbfe-329e-48c1-9cd5-728439a5ff8a"}
2026-03-25 15:39:41 | INFO     | [QUESTION_ATTEMPT] {"attempt": 104, "max_questions": 250, "question_idx": 2173, "uid": "d79dcbfe-329e-48c1-9cd5-728439a5ff8a"}
2026-03-25 15:40:30 | INFO     | [QUESTION_SENT] {"question_idx": 2174, "uid": "97c6f04c-b155-4d94-b212-65e7b20064c3"}
2026-03-25 15:40:54 | INFO     | [QUESTION_ATTEMPT] {"attempt": 105, "max_questions": 250, "question_idx": 2174, "uid": "97c6f04c-b155-4d94-b212-65e7b20064c3"}
2026-03-25 15:41:53 | INFO     | [QUESTION_SENT] {"question_idx": 2174, "uid": "97c6f04c-b155-4d94-b212-65e7b20064c3"}
2026-03-25 15:43:16 | INFO     | [QUESTION_SENT] {"question_idx": 2174, "uid": "97c6f04c-b155-4d94-b212-65e7b20064c3"}
2026-03-25 15:43:50 | INFO     | [QUESTION_ATTEMPT] {"attempt": 106, "max_questions": 250, "question_idx": 2174, "uid": "97c6f04c-b155-4d94-b212-65e7b20064c3"}
2026-03-25 15:44:39 | INFO     | [QUESTION_SENT] {"question_idx": 2175, "uid": "2f441df7-abb9-4b6d-ada7-5fda2522576f"}
2026-03-25 15:45:13 | INFO     | [QUESTION_ATTEMPT] {"attempt": 107, "max_questions": 250, "question_idx": 2175, "uid": "2f441df7-abb9-4b6d-ada7-5fda2522576f"}
2026-03-25 15:46:02 | INFO     | [QUESTION_SENT] {"question_idx": 2176, "uid": "481173c5-2ea1-49aa-818f-3b1ed1efff89"}
2026-03-25 15:46:35 | INFO     | [QUESTION_ATTEMPT] {"attempt": 108, "max_questions": 250, "question_idx": 2176, "uid": "481173c5-2ea1-49aa-818f-3b1ed1efff89"}
2026-03-25 15:47:25 | INFO     | [QUESTION_SENT] {"question_idx": 2177, "uid": "c0613484-8676-4a52-8fbe-53e7dc871507"}
2026-03-25 15:47:58 | INFO     | [QUESTION_ATTEMPT] {"attempt": 109, "max_questions": 250, "question_idx": 2177, "uid": "c0613484-8676-4a52-8fbe-53e7dc871507"}
2026-03-25 15:48:48 | INFO     | [QUESTION_SENT] {"question_idx": 2178, "uid": "aeb8fdae-0200-49fc-af77-4dbbda42daea"}
2026-03-25 15:49:20 | INFO     | [QUESTION_ATTEMPT] {"attempt": 110, "max_questions": 250, "question_idx": 2178, "uid": "aeb8fdae-0200-49fc-af77-4dbbda42daea"}
2026-03-25 15:50:11 | INFO     | [QUESTION_SENT] {"question_idx": 2179, "uid": "084f2632-a4b8-4379-a632-fb89c1185c3e"}
2026-03-25 15:50:43 | INFO     | [QUESTION_ATTEMPT] {"attempt": 111, "max_questions": 250, "question_idx": 2179, "uid": "084f2632-a4b8-4379-a632-fb89c1185c3e"}
2026-03-25 15:51:34 | INFO     | [QUESTION_SENT] {"question_idx": 2180, "uid": "f929171c-5b14-496e-a192-1ad5b04d8f1d"}
2026-03-25 15:52:06 | INFO     | [QUESTION_ATTEMPT] {"attempt": 112, "max_questions": 250, "question_idx": 2180, "uid": "f929171c-5b14-496e-a192-1ad5b04d8f1d"}
2026-03-25 15:52:57 | INFO     | [QUESTION_SENT] {"question_idx": 2181, "uid": "bda8140d-f6e6-492c-ab2d-18f4ddf1f8f4"}
2026-03-25 15:53:27 | INFO     | [QUESTION_ATTEMPT] {"attempt": 113, "max_questions": 250, "question_idx": 2181, "uid": "bda8140d-f6e6-492c-ab2d-18f4ddf1f8f4"}
2026-03-25 15:54:20 | INFO     | [QUESTION_SENT] {"question_idx": 2182, "uid": "34a411c5-4555-44f3-89d8-2b588b8f96b0"}
2026-03-25 15:54:55 | INFO     | [QUESTION_ATTEMPT] {"attempt": 114, "max_questions": 250, "question_idx": 2182, "uid": "34a411c5-4555-44f3-89d8-2b588b8f96b0"}
2026-03-25 15:55:43 | INFO     | [QUESTION_SENT] {"question_idx": 2183, "uid": "6acd5dfd-9d86-4725-8614-18c134033d7b"}
2026-03-25 15:56:18 | INFO     | [QUESTION_ATTEMPT] {"attempt": 115, "max_questions": 250, "question_idx": 2183, "uid": "6acd5dfd-9d86-4725-8614-18c134033d7b"}
2026-03-25 15:57:06 | INFO     | [QUESTION_SENT] {"question_idx": 2184, "uid": "4b522854-69f9-486e-bbe6-201e3bbd265d"}
2026-03-25 15:58:28 | INFO     | [QUESTION_SENT] {"question_idx": 2184, "uid": "4b522854-69f9-486e-bbe6-201e3bbd265d"}
2026-03-25 15:59:03 | INFO     | [QUESTION_ATTEMPT] {"attempt": 116, "max_questions": 250, "question_idx": 2184, "uid": "4b522854-69f9-486e-bbe6-201e3bbd265d"}
2026-03-25 15:59:51 | INFO     | [QUESTION_SENT] {"question_idx": 2185, "uid": "8ab67356-9047-4845-b670-bcdb0efec25f"}
2026-03-25 16:00:33 | INFO     | [QUESTION_ATTEMPT] {"attempt": 117, "max_questions": 250, "question_idx": 2185, "uid": "8ab67356-9047-4845-b670-bcdb0efec25f"}
2026-03-25 16:01:04 | INFO     | [QUESTION_SENT] {"question_idx": 2186, "uid": "fc60d72f-fdf6-4456-a169-7093f74b6d12"}
2026-03-25 16:01:38 | INFO     | [QUESTION_ATTEMPT] {"attempt": 118, "max_questions": 250, "question_idx": 2186, "uid": "fc60d72f-fdf6-4456-a169-7093f74b6d12"}
2026-03-25 16:02:27 | INFO     | [QUESTION_SENT] {"question_idx": 2187, "uid": "3f75894e-1913-4755-8336-ec7076a90c9d"}
2026-03-25 16:02:59 | INFO     | [QUESTION_ATTEMPT] {"attempt": 119, "max_questions": 250, "question_idx": 2187, "uid": "3f75894e-1913-4755-8336-ec7076a90c9d"}
2026-03-25 16:03:11 | INFO     | [QUESTION_SENT] {"question_idx": 2187, "uid": "3f75894e-1913-4755-8336-ec7076a90c9d"}
2026-03-25 16:03:34 | INFO     | [QUESTION_ATTEMPT] {"attempt": 120, "max_questions": 250, "question_idx": 2187, "uid": "3f75894e-1913-4755-8336-ec7076a90c9d"}
2026-03-25 16:04:37 | INFO     | [QUESTION_SENT] {"question_idx": 2188, "uid": "e37a9904-c91e-46b3-94d8-99659d9439b5"}
2026-03-25 16:05:06 | INFO     | [QUESTION_ATTEMPT] {"attempt": 121, "max_questions": 250, "question_idx": 2188, "uid": "e37a9904-c91e-46b3-94d8-99659d9439b5"}
2026-03-25 16:06:00 | INFO     | [QUESTION_SENT] {"question_idx": 2189, "uid": "17683482-056e-4125-852c-112167826b11"}
2026-03-25 16:06:33 | INFO     | [QUESTION_ATTEMPT] {"attempt": 122, "max_questions": 250, "question_idx": 2189, "uid": "17683482-056e-4125-852c-112167826b11"}
2026-03-25 16:06:45 | INFO     | [QUESTION_SENT] {"question_idx": 2189, "uid": "17683482-056e-4125-852c-112167826b11"}
2026-03-25 16:07:07 | INFO     | [QUESTION_ATTEMPT] {"attempt": 123, "max_questions": 250, "question_idx": 2189, "uid": "17683482-056e-4125-852c-112167826b11"}
2026-03-25 16:07:19 | INFO     | [QUESTION_SENT] {"question_idx": 2189, "uid": "17683482-056e-4125-852c-112167826b11"}
2026-03-25 16:07:42 | INFO     | [QUESTION_ATTEMPT] {"attempt": 124, "max_questions": 250, "question_idx": 2189, "uid": "17683482-056e-4125-852c-112167826b11"}
2026-03-25 16:08:45 | INFO     | [QUESTION_SENT] {"question_idx": 2190, "uid": "d27903e2-e259-4676-b5c3-2fd908849e95"}
2026-03-25 16:09:25 | INFO     | [QUESTION_ATTEMPT] {"attempt": 125, "max_questions": 250, "question_idx": 2190, "uid": "d27903e2-e259-4676-b5c3-2fd908849e95"}
2026-03-25 16:10:08 | INFO     | [QUESTION_SENT] {"question_idx": 2191, "uid": "d6e67b46-e982-49b5-92cc-4f4584894d56"}
2026-03-25 16:10:40 | INFO     | [QUESTION_ATTEMPT] {"attempt": 126, "max_questions": 250, "question_idx": 2191, "uid": "d6e67b46-e982-49b5-92cc-4f4584894d56"}
2026-03-25 16:11:31 | INFO     | [QUESTION_SENT] {"question_idx": 2191, "uid": "d6e67b46-e982-49b5-92cc-4f4584894d56"}
2026-03-25 16:12:04 | INFO     | [QUESTION_ATTEMPT] {"attempt": 127, "max_questions": 250, "question_idx": 2191, "uid": "d6e67b46-e982-49b5-92cc-4f4584894d56"}
2026-03-25 16:12:54 | INFO     | [QUESTION_SENT] {"question_idx": 2192, "uid": "78efc1f1-0437-4781-9b87-d83b13afc2d9"}
2026-03-25 16:13:12 | INFO     | [QUESTION_ATTEMPT] {"attempt": 128, "max_questions": 250, "question_idx": 2192, "uid": "78efc1f1-0437-4781-9b87-d83b13afc2d9"}
2026-03-25 16:13:24 | INFO     | [QUESTION_SENT] {"question_idx": 2192, "uid": "78efc1f1-0437-4781-9b87-d83b13afc2d9"}
2026-03-25 16:13:44 | INFO     | [QUESTION_ATTEMPT] {"attempt": 129, "max_questions": 250, "question_idx": 2192, "uid": "78efc1f1-0437-4781-9b87-d83b13afc2d9"}
2026-03-25 16:14:49 | INFO     | [QUESTION_SENT] {"question_idx": 2193, "uid": "9547b0ea-accb-4137-b342-468b6caf7c12"}
2026-03-25 16:15:22 | INFO     | [QUESTION_ATTEMPT] {"attempt": 130, "max_questions": 250, "question_idx": 2193, "uid": "9547b0ea-accb-4137-b342-468b6caf7c12"}
2026-03-25 16:16:12 | INFO     | [QUESTION_SENT] {"question_idx": 2194, "uid": "31c2bf7a-eaa3-492c-b68d-4174270b3269"}
2026-03-25 16:16:44 | INFO     | [QUESTION_ATTEMPT] {"attempt": 131, "max_questions": 250, "question_idx": 2194, "uid": "31c2bf7a-eaa3-492c-b68d-4174270b3269"}
2026-03-25 16:17:36 | INFO     | [QUESTION_SENT] {"question_idx": 2195, "uid": "73bf0dee-b7db-4c57-8644-8fb75145e722"}
2026-03-25 16:18:06 | INFO     | [QUESTION_ATTEMPT] {"attempt": 132, "max_questions": 250, "question_idx": 2195, "uid": "73bf0dee-b7db-4c57-8644-8fb75145e722"}
2026-03-25 16:18:58 | INFO     | [QUESTION_SENT] {"question_idx": 2196, "uid": "df10cadf-594b-4408-ad0d-d5b49445ad81"}
2026-03-25 16:19:32 | INFO     | [QUESTION_ATTEMPT] {"attempt": 133, "max_questions": 250, "question_idx": 2196, "uid": "df10cadf-594b-4408-ad0d-d5b49445ad81"}
2026-03-25 16:20:22 | INFO     | [QUESTION_SENT] {"question_idx": 2197, "uid": "c56ceddf-c22d-4a3a-9226-e86842d0530d"}
2026-03-25 16:20:53 | INFO     | [QUESTION_ATTEMPT] {"attempt": 134, "max_questions": 250, "question_idx": 2197, "uid": "c56ceddf-c22d-4a3a-9226-e86842d0530d"}
2026-03-25 16:21:44 | INFO     | [QUESTION_SENT] {"question_idx": 2198, "uid": "11b5f7a7-c952-421d-82a5-c501012fd805"}
2026-03-25 16:22:17 | INFO     | [QUESTION_ATTEMPT] {"attempt": 135, "max_questions": 250, "question_idx": 2198, "uid": "11b5f7a7-c952-421d-82a5-c501012fd805"}
2026-03-25 16:23:08 | INFO     | [QUESTION_SENT] {"question_idx": 2199, "uid": "2895ddf6-88d3-45c6-a58b-18f9469dc87a"}
2026-03-25 16:23:41 | INFO     | [QUESTION_ATTEMPT] {"attempt": 136, "max_questions": 250, "question_idx": 2199, "uid": "2895ddf6-88d3-45c6-a58b-18f9469dc87a"}
2026-03-25 16:24:31 | INFO     | [QUESTION_SENT] {"question_idx": 2200, "uid": "70439f71-8beb-4b8a-9b4e-736a19fefb3b"}
2026-03-25 16:25:07 | INFO     | [QUESTION_ATTEMPT] {"attempt": 137, "max_questions": 250, "question_idx": 2200, "uid": "70439f71-8beb-4b8a-9b4e-736a19fefb3b"}
2026-03-25 16:25:54 | INFO     | [QUESTION_SENT] {"question_idx": 2201, "uid": "e290e991-6955-4762-9be9-f2afc8e32c62"}
2026-03-25 16:26:22 | INFO     | [QUESTION_ATTEMPT] {"attempt": 138, "max_questions": 250, "question_idx": 2201, "uid": "e290e991-6955-4762-9be9-f2afc8e32c62"}
2026-03-25 16:27:17 | INFO     | [QUESTION_SENT] {"question_idx": 2202, "uid": "eaa1abf3-d48a-473c-9939-47a23d01dc4e"}
2026-03-25 16:27:48 | INFO     | [QUESTION_ATTEMPT] {"attempt": 139, "max_questions": 250, "question_idx": 2202, "uid": "eaa1abf3-d48a-473c-9939-47a23d01dc4e"}
2026-03-25 16:28:40 | INFO     | [QUESTION_SENT] {"question_idx": 2203, "uid": "f4d9ae13-f8c8-4eaf-a097-1b2dd613e5f9"}
2026-03-25 16:29:08 | INFO     | [QUESTION_ATTEMPT] {"attempt": 140, "max_questions": 250, "question_idx": 2203, "uid": "f4d9ae13-f8c8-4eaf-a097-1b2dd613e5f9"}
2026-03-25 16:30:03 | INFO     | [QUESTION_SENT] {"question_idx": 2204, "uid": "4d91e62d-4ac3-4765-9078-027d082709bd"}
2026-03-25 16:30:30 | INFO     | [QUESTION_ATTEMPT] {"attempt": 141, "max_questions": 250, "question_idx": 2204, "uid": "4d91e62d-4ac3-4765-9078-027d082709bd"}
2026-03-25 16:30:42 | INFO     | [QUESTION_SENT] {"question_idx": 2204, "uid": "4d91e62d-4ac3-4765-9078-027d082709bd"}
2026-03-25 16:31:14 | INFO     | [QUESTION_ATTEMPT] {"attempt": 142, "max_questions": 250, "question_idx": 2204, "uid": "4d91e62d-4ac3-4765-9078-027d082709bd"}
2026-03-25 16:32:08 | INFO     | [QUESTION_SENT] {"question_idx": 2205, "uid": "f3b29175-8954-492f-82b6-82225d3e0ab9"}
2026-03-25 16:32:38 | INFO     | [QUESTION_ATTEMPT] {"attempt": 143, "max_questions": 250, "question_idx": 2205, "uid": "f3b29175-8954-492f-82b6-82225d3e0ab9"}
2026-03-25 16:33:31 | INFO     | [QUESTION_SENT] {"question_idx": 2206, "uid": "fad0dfcf-1b64-402c-9f47-19c6e45304b6"}
2026-03-25 16:34:04 | INFO     | [QUESTION_ATTEMPT] {"attempt": 144, "max_questions": 250, "question_idx": 2206, "uid": "fad0dfcf-1b64-402c-9f47-19c6e45304b6"}
2026-03-25 16:34:54 | INFO     | [QUESTION_SENT] {"question_idx": 2207, "uid": "286ba73e-5f3e-4f3e-8e53-d6b2ee175e42"}
2026-03-25 16:35:27 | INFO     | [QUESTION_ATTEMPT] {"attempt": 145, "max_questions": 250, "question_idx": 2207, "uid": "286ba73e-5f3e-4f3e-8e53-d6b2ee175e42"}
2026-03-25 16:36:17 | INFO     | [QUESTION_SENT] {"question_idx": 2208, "uid": "4a1a7c2c-be80-494d-a265-433e4fec4ff3"}
2026-03-25 16:36:50 | INFO     | [QUESTION_ATTEMPT] {"attempt": 146, "max_questions": 250, "question_idx": 2208, "uid": "4a1a7c2c-be80-494d-a265-433e4fec4ff3"}
2026-03-25 16:37:40 | INFO     | [QUESTION_SENT] {"question_idx": 2209, "uid": "7d4f482b-11c4-469c-b6e1-e58ad7b80891"}
2026-03-25 16:38:13 | INFO     | [QUESTION_ATTEMPT] {"attempt": 147, "max_questions": 250, "question_idx": 2209, "uid": "7d4f482b-11c4-469c-b6e1-e58ad7b80891"}
2026-03-25 16:39:03 | INFO     | [QUESTION_SENT] {"question_idx": 2210, "uid": "67f082d2-b846-415a-b633-b46177377fdb"}
2026-03-25 16:39:34 | INFO     | [QUESTION_ATTEMPT] {"attempt": 148, "max_questions": 250, "question_idx": 2210, "uid": "67f082d2-b846-415a-b633-b46177377fdb"}
2026-03-25 16:40:26 | INFO     | [QUESTION_SENT] {"question_idx": 2211, "uid": "7488267f-9191-4c76-9631-bcfb36c48ada"}
2026-03-25 16:40:58 | INFO     | [QUESTION_ATTEMPT] {"attempt": 149, "max_questions": 250, "question_idx": 2211, "uid": "7488267f-9191-4c76-9631-bcfb36c48ada"}
2026-03-25 16:41:49 | INFO     | [QUESTION_SENT] {"question_idx": 2212, "uid": "80029c08-5dfa-4516-8d20-da5a36cdac69"}
2026-03-25 16:42:25 | INFO     | [QUESTION_ATTEMPT] {"attempt": 150, "max_questions": 250, "question_idx": 2212, "uid": "80029c08-5dfa-4516-8d20-da5a36cdac69"}
2026-03-25 16:43:12 | INFO     | [QUESTION_SENT] {"question_idx": 2213, "uid": "bd8fc7b7-734d-4c5a-8eb7-f5bbb0b3c1fd"}
2026-03-25 16:43:44 | INFO     | [QUESTION_ATTEMPT] {"attempt": 151, "max_questions": 250, "question_idx": 2213, "uid": "bd8fc7b7-734d-4c5a-8eb7-f5bbb0b3c1fd"}
2026-03-25 16:44:35 | INFO     | [QUESTION_SENT] {"question_idx": 2214, "uid": "534dda32-9239-44cd-9c13-fa49bbc50083"}
2026-03-25 16:45:08 | INFO     | [QUESTION_ATTEMPT] {"attempt": 152, "max_questions": 250, "question_idx": 2214, "uid": "534dda32-9239-44cd-9c13-fa49bbc50083"}
2026-03-25 16:45:58 | INFO     | [QUESTION_SENT] {"question_idx": 2215, "uid": "a0f07bf1-8e3f-41fa-9a22-34524cacb70b"}
2026-03-25 16:46:24 | INFO     | [QUESTION_ATTEMPT] {"attempt": 153, "max_questions": 250, "question_idx": 2215, "uid": "a0f07bf1-8e3f-41fa-9a22-34524cacb70b"}
2026-03-25 16:46:37 | INFO     | [QUESTION_SENT] {"question_idx": 2215, "uid": "a0f07bf1-8e3f-41fa-9a22-34524cacb70b"}
2026-03-25 16:47:00 | INFO     | [QUESTION_ATTEMPT] {"attempt": 154, "max_questions": 250, "question_idx": 2215, "uid": "a0f07bf1-8e3f-41fa-9a22-34524cacb70b"}
2026-03-25 16:48:02 | INFO     | [QUESTION_SENT] {"question_idx": 2216, "uid": "2216be15-839d-40da-8de5-42c1bc8f1dc3"}
2026-03-25 16:48:31 | INFO     | [QUESTION_ATTEMPT] {"attempt": 155, "max_questions": 250, "question_idx": 2216, "uid": "2216be15-839d-40da-8de5-42c1bc8f1dc3"}
2026-03-25 16:49:25 | INFO     | [QUESTION_SENT] {"question_idx": 2217, "uid": "4efe79eb-d528-4c85-9335-63da102b7260"}
2026-03-25 16:50:48 | INFO     | [QUESTION_SENT] {"question_idx": 2217, "uid": "4efe79eb-d528-4c85-9335-63da102b7260"}
2026-03-25 16:51:23 | INFO     | [QUESTION_ATTEMPT] {"attempt": 156, "max_questions": 250, "question_idx": 2217, "uid": "4efe79eb-d528-4c85-9335-63da102b7260"}
2026-03-25 16:51:35 | INFO     | [QUESTION_SENT] {"question_idx": 2217, "uid": "4efe79eb-d528-4c85-9335-63da102b7260"}
2026-03-25 16:51:59 | INFO     | [QUESTION_ATTEMPT] {"attempt": 157, "max_questions": 250, "question_idx": 2217, "uid": "4efe79eb-d528-4c85-9335-63da102b7260"}
2026-03-25 16:53:01 | INFO     | [QUESTION_SENT] {"question_idx": 2218, "uid": "26252f64-3cf5-4d46-a1f9-9b0b17082dde"}
2026-03-25 16:53:29 | INFO     | [QUESTION_ATTEMPT] {"attempt": 158, "max_questions": 250, "question_idx": 2218, "uid": "26252f64-3cf5-4d46-a1f9-9b0b17082dde"}
2026-03-25 16:54:23 | INFO     | [QUESTION_SENT] {"question_idx": 2219, "uid": "2824ac18-8390-4794-b3dd-517665be9abd"}
2026-03-25 16:54:55 | INFO     | [QUESTION_ATTEMPT] {"attempt": 159, "max_questions": 250, "question_idx": 2219, "uid": "2824ac18-8390-4794-b3dd-517665be9abd"}
2026-03-25 16:55:47 | INFO     | [QUESTION_SENT] {"question_idx": 2220, "uid": "8cb0cd51-1392-4bcd-8f89-d9b3aee238e0"}
2026-03-25 16:56:18 | INFO     | [QUESTION_ATTEMPT] {"attempt": 160, "max_questions": 250, "question_idx": 2220, "uid": "8cb0cd51-1392-4bcd-8f89-d9b3aee238e0"}
2026-03-25 16:56:31 | INFO     | [QUESTION_SENT] {"question_idx": 2220, "uid": "8cb0cd51-1392-4bcd-8f89-d9b3aee238e0"}
2026-03-25 16:56:55 | INFO     | [QUESTION_ATTEMPT] {"attempt": 161, "max_questions": 250, "question_idx": 2220, "uid": "8cb0cd51-1392-4bcd-8f89-d9b3aee238e0"}
2026-03-25 16:57:56 | INFO     | [QUESTION_SENT] {"question_idx": 2221, "uid": "8b3ec4cf-153e-41f0-8499-b66626966b04"}
2026-03-25 16:58:28 | INFO     | [QUESTION_ATTEMPT] {"attempt": 162, "max_questions": 250, "question_idx": 2221, "uid": "8b3ec4cf-153e-41f0-8499-b66626966b04"}
2026-03-25 16:59:19 | INFO     | [QUESTION_SENT] {"question_idx": 2222, "uid": "4c11ab37-8d1f-4463-bece-7bb67559ae40"}
2026-03-25 16:59:50 | INFO     | [QUESTION_ATTEMPT] {"attempt": 163, "max_questions": 250, "question_idx": 2222, "uid": "4c11ab37-8d1f-4463-bece-7bb67559ae40"}
2026-03-25 17:00:42 | INFO     | [QUESTION_SENT] {"question_idx": 2222, "uid": "4c11ab37-8d1f-4463-bece-7bb67559ae40"}
2026-03-25 17:18:57 | INFO     | [QUESTION_SENT] {"question_idx": 2222, "uid": "4c11ab37-8d1f-4463-bece-7bb67559ae40"}
2026-03-25 17:19:30 | INFO     | [QUESTION_ATTEMPT] {"attempt": 164, "max_questions": 250, "question_idx": 2222, "uid": "4c11ab37-8d1f-4463-bece-7bb67559ae40"}
2026-03-25 17:20:20 | INFO     | [QUESTION_SENT] {"question_idx": 2223, "uid": "de057e9a-89ab-4d36-abaa-34d107ca618a"}
2026-03-25 17:20:49 | INFO     | [QUESTION_ATTEMPT] {"attempt": 165, "max_questions": 250, "question_idx": 2223, "uid": "de057e9a-89ab-4d36-abaa-34d107ca618a"}
2026-03-25 17:21:43 | INFO     | [QUESTION_SENT] {"question_idx": 2224, "uid": "bb2af2d5-f1a1-4c6d-9920-2bb07ae7409c"}
2026-03-25 17:22:56 | INFO     | [QUESTION_ATTEMPT] {"attempt": 166, "max_questions": 250, "question_idx": 2224, "uid": "bb2af2d5-f1a1-4c6d-9920-2bb07ae7409c"}
2026-03-25 17:23:27 | INFO     | [QUESTION_SENT] {"question_idx": 2225, "uid": "75ab8812-ebfe-4502-b59d-fdc493783c0b"}
2026-03-25 17:23:58 | INFO     | [QUESTION_ATTEMPT] {"attempt": 167, "max_questions": 250, "question_idx": 2225, "uid": "75ab8812-ebfe-4502-b59d-fdc493783c0b"}
2026-03-25 17:24:50 | INFO     | [QUESTION_SENT] {"question_idx": 2226, "uid": "c2fc4adc-b1e6-4bae-8e6d-c6ed77b7698a"}
2026-03-25 17:25:23 | INFO     | [QUESTION_ATTEMPT] {"attempt": 168, "max_questions": 250, "question_idx": 2226, "uid": "c2fc4adc-b1e6-4bae-8e6d-c6ed77b7698a"}
2026-03-25 17:26:13 | INFO     | [QUESTION_SENT] {"question_idx": 2227, "uid": "807d60f8-169e-41a3-b61f-0f50cfdaf6b2"}
2026-03-25 17:26:46 | INFO     | [QUESTION_ATTEMPT] {"attempt": 169, "max_questions": 250, "question_idx": 2227, "uid": "807d60f8-169e-41a3-b61f-0f50cfdaf6b2"}
2026-03-25 17:27:36 | INFO     | [QUESTION_SENT] {"question_idx": 2228, "uid": "af00c52c-e9e7-427a-9559-f6f145de4568"}
2026-03-25 17:28:12 | INFO     | [QUESTION_ATTEMPT] {"attempt": 170, "max_questions": 250, "question_idx": 2228, "uid": "af00c52c-e9e7-427a-9559-f6f145de4568"}
2026-03-25 17:28:59 | INFO     | [QUESTION_SENT] {"question_idx": 2229, "uid": "5da92dc5-c0ae-4ccf-8e7a-3d9d0b623be9"}
2026-03-25 17:29:30 | INFO     | [QUESTION_ATTEMPT] {"attempt": 171, "max_questions": 250, "question_idx": 2229, "uid": "5da92dc5-c0ae-4ccf-8e7a-3d9d0b623be9"}
2026-03-25 17:30:22 | INFO     | [QUESTION_SENT] {"question_idx": 2230, "uid": "979b5e17-e264-4964-9b24-5cce945022cc"}
2026-03-25 17:30:55 | INFO     | [QUESTION_ATTEMPT] {"attempt": 172, "max_questions": 250, "question_idx": 2230, "uid": "979b5e17-e264-4964-9b24-5cce945022cc"}
2026-03-25 17:31:45 | INFO     | [QUESTION_SENT] {"question_idx": 2231, "uid": "02ae9620-70ae-4539-9e34-d3923519f979"}
2026-03-25 17:32:15 | INFO     | [QUESTION_ATTEMPT] {"attempt": 173, "max_questions": 250, "question_idx": 2231, "uid": "02ae9620-70ae-4539-9e34-d3923519f979"}
2026-03-25 17:33:07 | INFO     | [QUESTION_SENT] {"question_idx": 2232, "uid": "b77f9bc2-12e0-4ed7-9cc6-f4b6c0a97e26"}
2026-03-25 17:33:43 | INFO     | [QUESTION_ATTEMPT] {"attempt": 174, "max_questions": 250, "question_idx": 2232, "uid": "b77f9bc2-12e0-4ed7-9cc6-f4b6c0a97e26"}
2026-03-25 17:34:30 | INFO     | [QUESTION_SENT] {"question_idx": 2233, "uid": "a4f2845c-f4ed-4861-9794-a761f843ad2f"}
2026-03-25 17:35:01 | INFO     | [QUESTION_ATTEMPT] {"attempt": 175, "max_questions": 250, "question_idx": 2233, "uid": "a4f2845c-f4ed-4861-9794-a761f843ad2f"}
2026-03-25 17:35:13 | INFO     | [QUESTION_SENT] {"question_idx": 2233, "uid": "a4f2845c-f4ed-4861-9794-a761f843ad2f"}
2026-03-25 17:35:38 | INFO     | [QUESTION_ATTEMPT] {"attempt": 176, "max_questions": 250, "question_idx": 2233, "uid": "a4f2845c-f4ed-4861-9794-a761f843ad2f"}
2026-03-25 17:36:39 | INFO     | [QUESTION_SENT] {"question_idx": 2234, "uid": "022b38eb-84e4-4f07-aa4f-030995910131"}
2026-03-25 17:37:17 | INFO     | [QUESTION_ATTEMPT] {"attempt": 177, "max_questions": 250, "question_idx": 2234, "uid": "022b38eb-84e4-4f07-aa4f-030995910131"}
2026-03-25 17:38:01 | INFO     | [QUESTION_SENT] {"question_idx": 2235, "uid": "340f6f8d-a012-450e-81c5-93eb0821c462"}
2026-03-25 17:38:40 | INFO     | [QUESTION_ATTEMPT] {"attempt": 178, "max_questions": 250, "question_idx": 2235, "uid": "340f6f8d-a012-450e-81c5-93eb0821c462"}
2026-03-25 17:39:24 | INFO     | [QUESTION_SENT] {"question_idx": 2236, "uid": "75a19e11-8aff-460c-993b-bea91e0fbcaa"}
2026-03-25 17:39:57 | INFO     | [QUESTION_ATTEMPT] {"attempt": 179, "max_questions": 250, "question_idx": 2236, "uid": "75a19e11-8aff-460c-993b-bea91e0fbcaa"}
2026-03-25 17:40:47 | INFO     | [QUESTION_SENT] {"question_idx": 2237, "uid": "36c7f7e9-a264-4f1c-b3a1-c1701add7b09"}
2026-03-25 17:41:19 | INFO     | [QUESTION_ATTEMPT] {"attempt": 180, "max_questions": 250, "question_idx": 2237, "uid": "36c7f7e9-a264-4f1c-b3a1-c1701add7b09"}
2026-03-25 17:42:10 | INFO     | [QUESTION_SENT] {"question_idx": 2238, "uid": "2112705a-94b9-4a65-bbed-d9390aec3acd"}
2026-03-25 17:42:45 | INFO     | [QUESTION_ATTEMPT] {"attempt": 181, "max_questions": 250, "question_idx": 2238, "uid": "2112705a-94b9-4a65-bbed-d9390aec3acd"}
2026-03-25 17:43:33 | INFO     | [QUESTION_SENT] {"question_idx": 2239, "uid": "f47b7ca4-6514-4ca5-ab0e-190b0b4361bc"}
2026-03-25 17:44:12 | INFO     | [QUESTION_ATTEMPT] {"attempt": 182, "max_questions": 250, "question_idx": 2239, "uid": "f47b7ca4-6514-4ca5-ab0e-190b0b4361bc"}
2026-03-25 17:44:56 | INFO     | [QUESTION_SENT] {"question_idx": 2240, "uid": "718990ff-af61-4ae1-b17a-376c774e9981"}
2026-03-25 17:45:31 | INFO     | [QUESTION_ATTEMPT] {"attempt": 183, "max_questions": 250, "question_idx": 2240, "uid": "718990ff-af61-4ae1-b17a-376c774e9981"}
2026-03-25 17:46:19 | INFO     | [QUESTION_SENT] {"question_idx": 2241, "uid": "88661913-515a-46ca-840a-b57c27c7a1c4"}
2026-03-25 17:46:56 | INFO     | [QUESTION_ATTEMPT] {"attempt": 184, "max_questions": 250, "question_idx": 2241, "uid": "88661913-515a-46ca-840a-b57c27c7a1c4"}
2026-03-25 17:47:42 | INFO     | [QUESTION_SENT] {"question_idx": 2242, "uid": "68209001-28d7-40be-af84-e721c7d1a545"}
2026-03-25 17:48:11 | INFO     | [QUESTION_ATTEMPT] {"attempt": 185, "max_questions": 250, "question_idx": 2242, "uid": "68209001-28d7-40be-af84-e721c7d1a545"}
2026-03-25 17:49:05 | INFO     | [QUESTION_SENT] {"question_idx": 2243, "uid": "25f0103f-8adb-442a-b708-bf9f1a7e79ce"}
2026-03-25 17:49:38 | INFO     | [QUESTION_ATTEMPT] {"attempt": 186, "max_questions": 250, "question_idx": 2243, "uid": "25f0103f-8adb-442a-b708-bf9f1a7e79ce"}
2026-03-25 17:50:28 | INFO     | [QUESTION_SENT] {"question_idx": 2244, "uid": "71171e58-6b30-47f9-bd9b-8b34e890a07c"}
2026-03-25 17:51:05 | INFO     | [QUESTION_ATTEMPT] {"attempt": 187, "max_questions": 250, "question_idx": 2244, "uid": "71171e58-6b30-47f9-bd9b-8b34e890a07c"}
2026-03-25 17:51:51 | INFO     | [QUESTION_SENT] {"question_idx": 2245, "uid": "9560c07b-5c01-4a77-bb65-1f6587905fc7"}
2026-03-25 17:52:25 | INFO     | [QUESTION_ATTEMPT] {"attempt": 188, "max_questions": 250, "question_idx": 2245, "uid": "9560c07b-5c01-4a77-bb65-1f6587905fc7"}
2026-03-25 17:53:14 | INFO     | [QUESTION_SENT] {"question_idx": 2246, "uid": "2ee02992-5616-4d4f-ac46-e4d0a6089ad6"}
2026-03-25 17:53:41 | INFO     | [QUESTION_ATTEMPT] {"attempt": 189, "max_questions": 250, "question_idx": 2246, "uid": "2ee02992-5616-4d4f-ac46-e4d0a6089ad6"}
2026-03-25 17:53:54 | INFO     | [QUESTION_SENT] {"question_idx": 2246, "uid": "2ee02992-5616-4d4f-ac46-e4d0a6089ad6"}
2026-03-25 17:54:14 | INFO     | [QUESTION_ATTEMPT] {"attempt": 190, "max_questions": 250, "question_idx": 2246, "uid": "2ee02992-5616-4d4f-ac46-e4d0a6089ad6"}
2026-03-25 17:55:19 | INFO     | [QUESTION_SENT] {"question_idx": 2247, "uid": "7b7f4c4c-363c-4257-89d6-efc4c64116db"}
2026-03-25 17:55:54 | INFO     | [QUESTION_ATTEMPT] {"attempt": 191, "max_questions": 250, "question_idx": 2247, "uid": "7b7f4c4c-363c-4257-89d6-efc4c64116db"}
2026-03-25 17:56:42 | INFO     | [QUESTION_SENT] {"question_idx": 2248, "uid": "800ef8ed-20ad-4815-8ee8-b4372ebe4fb7"}
2026-03-25 17:57:15 | INFO     | [QUESTION_ATTEMPT] {"attempt": 192, "max_questions": 250, "question_idx": 2248, "uid": "800ef8ed-20ad-4815-8ee8-b4372ebe4fb7"}
2026-03-25 17:58:05 | INFO     | [QUESTION_SENT] {"question_idx": 2249, "uid": "723229f6-4f82-4168-bef5-d373d34892af"}
2026-03-25 17:58:40 | INFO     | [QUESTION_ATTEMPT] {"attempt": 193, "max_questions": 250, "question_idx": 2249, "uid": "723229f6-4f82-4168-bef5-d373d34892af"}
2026-03-25 17:59:28 | INFO     | [QUESTION_SENT] {"question_idx": 2250, "uid": "1fb85e19-ceb0-41cd-9e2e-32788400ba85"}
2026-03-25 18:00:01 | INFO     | [QUESTION_ATTEMPT] {"attempt": 194, "max_questions": 250, "question_idx": 2250, "uid": "1fb85e19-ceb0-41cd-9e2e-32788400ba85"}
2026-03-25 18:00:52 | INFO     | [QUESTION_SENT] {"question_idx": 2251, "uid": "74bdff88-cd15-4478-9c55-ff8b6e2fcc8b"}
2026-03-25 18:01:25 | INFO     | [QUESTION_ATTEMPT] {"attempt": 195, "max_questions": 250, "question_idx": 2251, "uid": "74bdff88-cd15-4478-9c55-ff8b6e2fcc8b"}
2026-03-25 18:02:15 | INFO     | [QUESTION_SENT] {"question_idx": 2252, "uid": "5ab338f8-8d2f-4194-9079-69f487146f19"}
2026-03-25 18:02:53 | INFO     | [QUESTION_ATTEMPT] {"attempt": 196, "max_questions": 250, "question_idx": 2252, "uid": "5ab338f8-8d2f-4194-9079-69f487146f19"}
2026-03-25 18:03:37 | INFO     | [QUESTION_SENT] {"question_idx": 2253, "uid": "1ed27b0c-5343-4f44-8234-9b124200ed3c"}
2026-03-25 18:04:12 | INFO     | [QUESTION_ATTEMPT] {"attempt": 197, "max_questions": 250, "question_idx": 2253, "uid": "1ed27b0c-5343-4f44-8234-9b124200ed3c"}
2026-03-25 18:05:01 | INFO     | [QUESTION_SENT] {"question_idx": 2254, "uid": "6506ff2c-afa8-491a-ae6d-36bf38a9c013"}
2026-03-25 18:05:34 | INFO     | [QUESTION_ATTEMPT] {"attempt": 198, "max_questions": 250, "question_idx": 2254, "uid": "6506ff2c-afa8-491a-ae6d-36bf38a9c013"}
2026-03-25 18:06:24 | INFO     | [QUESTION_SENT] {"question_idx": 2255, "uid": "fe5431f6-3f1c-4599-8ae7-96fda538894f"}
2026-03-25 18:07:01 | INFO     | [QUESTION_ATTEMPT] {"attempt": 199, "max_questions": 250, "question_idx": 2255, "uid": "fe5431f6-3f1c-4599-8ae7-96fda538894f"}
2026-03-25 18:07:47 | INFO     | [QUESTION_SENT] {"question_idx": 2256, "uid": "93550af7-64a8-4a7b-a3f0-460060ab6528"}
2026-03-25 18:08:17 | INFO     | [QUESTION_ATTEMPT] {"attempt": 200, "max_questions": 250, "question_idx": 2256, "uid": "93550af7-64a8-4a7b-a3f0-460060ab6528"}
2026-03-25 18:09:09 | INFO     | [QUESTION_SENT] {"question_idx": 2257, "uid": "f677ee2d-309d-4736-a97a-888f81c72e66"}
2026-03-25 18:09:37 | INFO     | [QUESTION_ATTEMPT] {"attempt": 201, "max_questions": 250, "question_idx": 2257, "uid": "f677ee2d-309d-4736-a97a-888f81c72e66"}
2026-03-25 18:09:49 | INFO     | [QUESTION_SENT] {"question_idx": 2257, "uid": "f677ee2d-309d-4736-a97a-888f81c72e66"}
2026-03-25 18:10:11 | INFO     | [QUESTION_ATTEMPT] {"attempt": 202, "max_questions": 250, "question_idx": 2257, "uid": "f677ee2d-309d-4736-a97a-888f81c72e66"}
2026-03-25 18:11:15 | INFO     | [QUESTION_SENT] {"question_idx": 2258, "uid": "6d9d3c31-3ea9-4131-8fd8-2fd508b5f4fd"}
2026-03-25 18:11:55 | INFO     | [QUESTION_ATTEMPT] {"attempt": 203, "max_questions": 250, "question_idx": 2258, "uid": "6d9d3c31-3ea9-4131-8fd8-2fd508b5f4fd"}
2026-03-25 18:12:38 | INFO     | [QUESTION_SENT] {"question_idx": 2259, "uid": "2ecfeaec-4f9b-41dd-80f0-2d4e5852a088"}
2026-03-25 18:13:28 | INFO     | [QUESTION_ATTEMPT] {"attempt": 204, "max_questions": 250, "question_idx": 2259, "uid": "2ecfeaec-4f9b-41dd-80f0-2d4e5852a088"}
2026-03-25 18:13:59 | INFO     | [QUESTION_SENT] {"question_idx": 2260, "uid": "ee093cd7-f1b2-46b4-a18a-de7e1b34a329"}
2026-03-25 18:21:29 | INFO     | [QUESTION_SENT] {"question_idx": 2260, "uid": "ee093cd7-f1b2-46b4-a18a-de7e1b34a329"}
2026-03-25 18:22:12 | INFO     | [QUESTION_ATTEMPT] {"attempt": 205, "max_questions": 250, "question_idx": 2260, "uid": "ee093cd7-f1b2-46b4-a18a-de7e1b34a329"}
2026-03-25 18:22:43 | INFO     | [QUESTION_SENT] {"question_idx": 2261, "uid": "c0d61def-b0b9-4cf8-b190-987e9a10700b"}
2026-03-25 18:23:27 | INFO     | [QUESTION_ATTEMPT] {"attempt": 206, "max_questions": 250, "question_idx": 2261, "uid": "c0d61def-b0b9-4cf8-b190-987e9a10700b"}
2026-03-25 18:23:58 | INFO     | [QUESTION_SENT] {"question_idx": 2262, "uid": "3812980c-fc27-4002-bf4f-d3e4a9b16312"}
2026-03-25 18:25:08 | INFO     | [QUESTION_ATTEMPT] {"attempt": 207, "max_questions": 250, "question_idx": 2262, "uid": "3812980c-fc27-4002-bf4f-d3e4a9b16312"}
2026-03-25 18:25:39 | INFO     | [QUESTION_SENT] {"question_idx": 2263, "uid": "1318444a-9eea-4dfa-928a-b3404570a14e"}
2026-03-25 18:26:36 | INFO     | [QUESTION_ATTEMPT] {"attempt": 208, "max_questions": 250, "question_idx": 2263, "uid": "1318444a-9eea-4dfa-928a-b3404570a14e"}
2026-03-25 18:27:07 | INFO     | [QUESTION_SENT] {"question_idx": 2264, "uid": "1616dcd1-7b38-43bb-8a27-cc55e3afd387"}
2026-03-25 18:27:56 | INFO     | [QUESTION_ATTEMPT] {"attempt": 209, "max_questions": 250, "question_idx": 2264, "uid": "1616dcd1-7b38-43bb-8a27-cc55e3afd387"}
2026-03-25 18:28:27 | INFO     | [QUESTION_SENT] {"question_idx": 2265, "uid": "80fe1a04-9f87-457d-b6fc-b55306e9d9e4"}
2026-03-25 18:29:09 | INFO     | [QUESTION_ATTEMPT] {"attempt": 210, "max_questions": 250, "question_idx": 2265, "uid": "80fe1a04-9f87-457d-b6fc-b55306e9d9e4"}
2026-03-25 18:29:40 | INFO     | [QUESTION_SENT] {"question_idx": 2266, "uid": "b574d147-6744-498d-ac2b-2797985823a2"}
2026-03-25 18:30:41 | INFO     | [QUESTION_ATTEMPT] {"attempt": 211, "max_questions": 250, "question_idx": 2266, "uid": "b574d147-6744-498d-ac2b-2797985823a2"}
2026-03-25 18:31:12 | INFO     | [QUESTION_SENT] {"question_idx": 2267, "uid": "dd40eacc-f152-4ae9-bd66-e10bd186c94d"}
2026-03-25 18:32:05 | INFO     | [QUESTION_ATTEMPT] {"attempt": 212, "max_questions": 250, "question_idx": 2267, "uid": "dd40eacc-f152-4ae9-bd66-e10bd186c94d"}
2026-03-25 18:32:18 | INFO     | [QUESTION_SENT] {"question_idx": 2267, "uid": "dd40eacc-f152-4ae9-bd66-e10bd186c94d"}
2026-03-25 18:32:41 | INFO     | [QUESTION_ATTEMPT] {"attempt": 213, "max_questions": 250, "question_idx": 2267, "uid": "dd40eacc-f152-4ae9-bd66-e10bd186c94d"}
2026-03-25 18:33:43 | INFO     | [QUESTION_SENT] {"question_idx": 2268, "uid": "b8fe9d4c-c202-4a8d-b03d-b2ea63dfcf81"}
2026-03-25 18:34:35 | INFO     | [QUESTION_ATTEMPT] {"attempt": 214, "max_questions": 250, "question_idx": 2268, "uid": "b8fe9d4c-c202-4a8d-b03d-b2ea63dfcf81"}
2026-03-25 18:35:06 | INFO     | [QUESTION_SENT] {"question_idx": 2269, "uid": "d0ce1a86-4939-4cb0-88e7-a8d1933390c4"}
2026-03-25 18:35:37 | INFO     | [QUESTION_ATTEMPT] {"attempt": 215, "max_questions": 250, "question_idx": 2269, "uid": "d0ce1a86-4939-4cb0-88e7-a8d1933390c4"}
2026-03-25 18:36:29 | INFO     | [QUESTION_SENT] {"question_idx": 2270, "uid": "78b75282-ab9b-4050-ba7b-0b5d290ccf11"}
2026-03-25 18:37:06 | INFO     | [QUESTION_ATTEMPT] {"attempt": 216, "max_questions": 250, "question_idx": 2270, "uid": "78b75282-ab9b-4050-ba7b-0b5d290ccf11"}
2026-03-25 18:37:52 | INFO     | [QUESTION_SENT] {"question_idx": 2271, "uid": "e85bf6dd-d7ba-4081-803e-0400cf85a384"}
2026-03-25 18:38:22 | INFO     | [QUESTION_ATTEMPT] {"attempt": 217, "max_questions": 250, "question_idx": 2271, "uid": "e85bf6dd-d7ba-4081-803e-0400cf85a384"}
2026-03-25 18:39:15 | INFO     | [QUESTION_SENT] {"question_idx": 2272, "uid": "fef1a25d-fdf6-4716-8f99-69d7bf6720b1"}
2026-03-25 18:39:49 | INFO     | [QUESTION_ATTEMPT] {"attempt": 218, "max_questions": 250, "question_idx": 2272, "uid": "fef1a25d-fdf6-4716-8f99-69d7bf6720b1"}
2026-03-25 18:40:38 | INFO     | [QUESTION_SENT] {"question_idx": 2273, "uid": "7b26f7e7-e14a-46da-9abc-b160bc9520df"}
2026-03-25 18:41:21 | INFO     | [QUESTION_ATTEMPT] {"attempt": 219, "max_questions": 250, "question_idx": 2273, "uid": "7b26f7e7-e14a-46da-9abc-b160bc9520df"}
2026-03-25 18:41:52 | INFO     | [QUESTION_SENT] {"question_idx": 2274, "uid": "63289555-b62d-4506-80b5-2de77b383928"}
2026-03-25 18:42:45 | INFO     | [QUESTION_ATTEMPT] {"attempt": 220, "max_questions": 250, "question_idx": 2274, "uid": "63289555-b62d-4506-80b5-2de77b383928"}
2026-03-25 18:43:16 | INFO     | [QUESTION_SENT] {"question_idx": 2275, "uid": "1ce58ef9-c6ce-4954-bf41-a729a9a0f0bd"}
2026-03-25 18:44:04 | INFO     | [QUESTION_ATTEMPT] {"attempt": 221, "max_questions": 250, "question_idx": 2275, "uid": "1ce58ef9-c6ce-4954-bf41-a729a9a0f0bd"}
2026-03-25 18:44:56 | INFO     | [QUESTION_SENT] {"question_idx": 2276, "uid": "262c0b2c-f90a-43d1-89b6-cee1ae603698"}
2026-03-25 18:45:30 | INFO     | [QUESTION_ATTEMPT] {"attempt": 222, "max_questions": 250, "question_idx": 2276, "uid": "262c0b2c-f90a-43d1-89b6-cee1ae603698"}
2026-03-25 18:46:19 | INFO     | [QUESTION_SENT] {"question_idx": 2277, "uid": "1889173d-93b1-4a9e-b795-3cb6c9e601e6"}
2026-03-25 18:47:03 | INFO     | [QUESTION_ATTEMPT] {"attempt": 223, "max_questions": 250, "question_idx": 2277, "uid": "1889173d-93b1-4a9e-b795-3cb6c9e601e6"}
2026-03-25 18:47:34 | INFO     | [QUESTION_SENT] {"question_idx": 2278, "uid": "0cd7f2c3-7e20-4b94-8b2f-0a5ce15213ef"}
2026-03-25 18:48:57 | INFO     | [QUESTION_SENT] {"question_idx": 2278, "uid": "0cd7f2c3-7e20-4b94-8b2f-0a5ce15213ef"}
2026-03-25 18:49:33 | INFO     | [QUESTION_ATTEMPT] {"attempt": 224, "max_questions": 250, "question_idx": 2278, "uid": "0cd7f2c3-7e20-4b94-8b2f-0a5ce15213ef"}
2026-03-25 18:50:20 | INFO     | [QUESTION_SENT] {"question_idx": 2279, "uid": "a001ea87-033e-408e-b436-802c214951cb"}
2026-03-25 18:50:53 | INFO     | [QUESTION_ATTEMPT] {"attempt": 225, "max_questions": 250, "question_idx": 2279, "uid": "a001ea87-033e-408e-b436-802c214951cb"}
2026-03-25 18:51:44 | INFO     | [QUESTION_SENT] {"question_idx": 2280, "uid": "18710d4c-51e4-4667-9fed-97610151f374"}
2026-03-25 18:52:15 | INFO     | [QUESTION_ATTEMPT] {"attempt": 226, "max_questions": 250, "question_idx": 2280, "uid": "18710d4c-51e4-4667-9fed-97610151f374"}
2026-03-25 18:53:06 | INFO     | [QUESTION_SENT] {"question_idx": 2281, "uid": "29cc2191-2027-4c75-9515-270334a6dc88"}
2026-03-25 18:53:39 | INFO     | [QUESTION_ATTEMPT] {"attempt": 227, "max_questions": 250, "question_idx": 2281, "uid": "29cc2191-2027-4c75-9515-270334a6dc88"}
2026-03-25 18:54:29 | INFO     | [QUESTION_SENT] {"question_idx": 2282, "uid": "7b61d080-9357-40eb-993f-2a9b4b76c48b"}
2026-03-25 18:55:29 | INFO     | [QUESTION_ATTEMPT] {"attempt": 228, "max_questions": 250, "question_idx": 2282, "uid": "7b61d080-9357-40eb-993f-2a9b4b76c48b"}
2026-03-25 18:55:42 | INFO     | [QUESTION_SENT] {"question_idx": 2282, "uid": "7b61d080-9357-40eb-993f-2a9b4b76c48b"}
2026-03-25 18:56:05 | INFO     | [QUESTION_ATTEMPT] {"attempt": 229, "max_questions": 250, "question_idx": 2282, "uid": "7b61d080-9357-40eb-993f-2a9b4b76c48b"}
2026-03-25 18:57:07 | INFO     | [QUESTION_SENT] {"question_idx": 2283, "uid": "c87d3e39-eef9-4194-b6d5-4ad0354263b1"}
2026-03-25 18:58:19 | INFO     | [QUESTION_ATTEMPT] {"attempt": 230, "max_questions": 250, "question_idx": 2283, "uid": "c87d3e39-eef9-4194-b6d5-4ad0354263b1"}
2026-03-25 18:58:50 | INFO     | [QUESTION_SENT] {"question_idx": 2284, "uid": "15b606bd-6e1a-46c6-933f-52313c437fb1"}
2026-03-25 18:59:54 | INFO     | [QUESTION_ATTEMPT] {"attempt": 231, "max_questions": 250, "question_idx": 2284, "uid": "15b606bd-6e1a-46c6-933f-52313c437fb1"}
2026-03-25 19:00:25 | INFO     | [QUESTION_SENT] {"question_idx": 2285, "uid": "24019d31-689e-482a-bfcb-abc7e0a2e654"}
2026-03-25 19:01:27 | INFO     | [QUESTION_ATTEMPT] {"attempt": 232, "max_questions": 250, "question_idx": 2285, "uid": "24019d31-689e-482a-bfcb-abc7e0a2e654"}
2026-03-25 19:01:39 | INFO     | [QUESTION_SENT] {"question_idx": 2285, "uid": "24019d31-689e-482a-bfcb-abc7e0a2e654"}
2026-03-25 19:02:21 | INFO     | [QUESTION_ATTEMPT] {"attempt": 233, "max_questions": 250, "question_idx": 2285, "uid": "24019d31-689e-482a-bfcb-abc7e0a2e654"}
2026-03-25 19:03:05 | INFO     | [QUESTION_SENT] {"question_idx": 2286, "uid": "3f7888b4-6252-4b43-a939-206f010d5092"}
2026-03-25 19:03:55 | INFO     | [QUESTION_ATTEMPT] {"attempt": 234, "max_questions": 250, "question_idx": 2286, "uid": "3f7888b4-6252-4b43-a939-206f010d5092"}
2026-03-25 19:04:26 | INFO     | [QUESTION_SENT] {"question_idx": 2287, "uid": "a3f07afc-94c2-42a4-adef-5c9599c9e2a3"}
2026-03-25 19:05:06 | INFO     | [QUESTION_ATTEMPT] {"attempt": 235, "max_questions": 250, "question_idx": 2287, "uid": "a3f07afc-94c2-42a4-adef-5c9599c9e2a3"}
2026-03-25 19:05:49 | INFO     | [QUESTION_SENT] {"question_idx": 2288, "uid": "0fa05f96-fb4a-43de-a182-d6ce26b22d7c"}
2026-03-25 19:06:31 | INFO     | [QUESTION_ATTEMPT] {"attempt": 236, "max_questions": 250, "question_idx": 2288, "uid": "0fa05f96-fb4a-43de-a182-d6ce26b22d7c"}
2026-03-25 19:07:02 | INFO     | [QUESTION_SENT] {"question_idx": 2289, "uid": "a6b0fb66-9abd-426f-a13a-3d9a56fca2f9"}
2026-03-25 19:08:24 | INFO     | [QUESTION_SENT] {"question_idx": 2289, "uid": "a6b0fb66-9abd-426f-a13a-3d9a56fca2f9"}
2026-03-25 19:09:15 | INFO     | [QUESTION_ATTEMPT] {"attempt": 237, "max_questions": 250, "question_idx": 2289, "uid": "a6b0fb66-9abd-426f-a13a-3d9a56fca2f9"}
2026-03-25 19:09:46 | INFO     | [QUESTION_SENT] {"question_idx": 2290, "uid": "6de677ec-217f-4788-9275-5a3961f5752c"}
2026-03-25 19:10:27 | INFO     | [QUESTION_ATTEMPT] {"attempt": 238, "max_questions": 250, "question_idx": 2290, "uid": "6de677ec-217f-4788-9275-5a3961f5752c"}
2026-03-25 19:10:28 | INFO     | [BOT_STOP] {"bot_id": 10, "total_questions": 238}
