2026-04-10 11:22:30 | INFO     | [BOT_START] {"bot_id": 11, "project": "hypos_norm", "timestamp": "2026-04-10T11:22:30.246867", "log_dir": "/home/dmitrii/Documents/projects/clicker_3.0/logs/bot_11"}
2026-04-10 11:22:36 | INFO     | [RESTART] {"bot_id": 11, "note": "first_start"}
2026-04-10 11:22:36 | INFO     | [FSM_INITIALIZED] {"site": "gpt", "scenario": "web_search", "start_state": "start_question"}
2026-04-10 11:23:53 | INFO     | [QUESTION_ATTEMPT] {"attempt": 1, "max_questions": 300, "question_idx": 1721, "uid": "436d302e-9830-4eaa-bf64-2cf39531df9b"}
2026-04-10 11:23:53 | INFO     | [QUESTION_SENT] {"question_idx": 1721, "uid": "436d302e-9830-4eaa-bf64-2cf39531df9b"}
2026-04-10 11:27:31 | INFO     | [QUESTION_ATTEMPT] {"attempt": 2, "max_questions": 300, "question_idx": 1722, "uid": "49360700-d55d-4b40-932e-e9d5181f4a59"}
2026-04-10 11:27:31 | INFO     | [QUESTION_SENT] {"question_idx": 1722, "uid": "49360700-d55d-4b40-932e-e9d5181f4a59"}
2026-04-10 11:31:10 | INFO     | [QUESTION_ATTEMPT] {"attempt": 3, "max_questions": 300, "question_idx": 1723, "uid": "65715a12-11c9-4487-961a-f4f007ff61ae"}
2026-04-10 11:31:10 | INFO     | [QUESTION_SENT] {"question_idx": 1723, "uid": "65715a12-11c9-4487-961a-f4f007ff61ae"}
2026-04-10 11:34:49 | INFO     | [QUESTION_ATTEMPT] {"attempt": 4, "max_questions": 300, "question_idx": 1724, "uid": "58d42d76-8418-4523-84bf-c4ec29ff1ec0"}
2026-04-10 11:34:49 | INFO     | [QUESTION_SENT] {"question_idx": 1724, "uid": "58d42d76-8418-4523-84bf-c4ec29ff1ec0"}
2026-04-10 11:38:40 | INFO     | [QUESTION_ATTEMPT] {"attempt": 5, "max_questions": 300, "question_idx": 1725, "uid": "cb53bf24-59c0-416b-803d-0943bd034b94"}
2026-04-10 11:38:40 | INFO     | [QUESTION_SENT] {"question_idx": 1725, "uid": "cb53bf24-59c0-416b-803d-0943bd034b94"}
2026-04-10 11:42:32 | INFO     | [QUESTION_ATTEMPT] {"attempt": 6, "max_questions": 300, "question_idx": 1726, "uid": "428e9a7b-2678-486c-a278-b913cbfeca3f"}
2026-04-10 11:42:32 | INFO     | [QUESTION_SENT] {"question_idx": 1726, "uid": "428e9a7b-2678-486c-a278-b913cbfeca3f"}
2026-04-10 11:46:09 | INFO     | [QUESTION_ATTEMPT] {"attempt": 7, "max_questions": 300, "question_idx": 1727, "uid": "e2424ce3-c06b-4da4-bd83-9d66410e19e3"}
2026-04-10 11:46:09 | INFO     | [QUESTION_SENT] {"question_idx": 1727, "uid": "e2424ce3-c06b-4da4-bd83-9d66410e19e3"}
2026-04-10 11:49:48 | INFO     | [QUESTION_ATTEMPT] {"attempt": 8, "max_questions": 300, "question_idx": 1728, "uid": "a6bd76b1-8d58-42dd-b407-3fc0dc94c105"}
2026-04-10 11:49:48 | INFO     | [QUESTION_SENT] {"question_idx": 1728, "uid": "a6bd76b1-8d58-42dd-b407-3fc0dc94c105"}
2026-04-10 11:53:26 | INFO     | [QUESTION_ATTEMPT] {"attempt": 9, "max_questions": 300, "question_idx": 1729, "uid": "9553c5cb-aa03-422b-ad4d-92c5e37fa4ab"}
2026-04-10 11:53:26 | INFO     | [QUESTION_SENT] {"question_idx": 1729, "uid": "9553c5cb-aa03-422b-ad4d-92c5e37fa4ab"}
2026-04-10 11:57:31 | INFO     | [QUESTION_ATTEMPT] {"attempt": 10, "max_questions": 300, "question_idx": 1729, "uid": "9553c5cb-aa03-422b-ad4d-92c5e37fa4ab"}
2026-04-10 11:57:31 | INFO     | [QUESTION_SENT] {"question_idx": 1729, "uid": "9553c5cb-aa03-422b-ad4d-92c5e37fa4ab"}
2026-04-10 12:01:09 | INFO     | [QUESTION_ATTEMPT] {"attempt": 11, "max_questions": 300, "question_idx": 1729, "uid": "9553c5cb-aa03-422b-ad4d-92c5e37fa4ab"}
2026-04-10 12:01:09 | INFO     | [QUESTION_SENT] {"question_idx": 1729, "uid": "9553c5cb-aa03-422b-ad4d-92c5e37fa4ab"}
2026-04-10 12:04:47 | INFO     | [QUESTION_ATTEMPT] {"attempt": 12, "max_questions": 300, "question_idx": 1730, "uid": "d096b69e-1093-4e08-a96f-6159c363cc35"}
2026-04-10 12:04:47 | INFO     | [QUESTION_SENT] {"question_idx": 1730, "uid": "d096b69e-1093-4e08-a96f-6159c363cc35"}
2026-04-10 12:08:39 | INFO     | [QUESTION_ATTEMPT] {"attempt": 13, "max_questions": 300, "question_idx": 1731, "uid": "587bc3a3-7cca-4257-93a6-b64fa6c701c6"}
2026-04-10 12:08:39 | INFO     | [QUESTION_SENT] {"question_idx": 1731, "uid": "587bc3a3-7cca-4257-93a6-b64fa6c701c6"}
2026-04-10 12:12:17 | INFO     | [QUESTION_ATTEMPT] {"attempt": 14, "max_questions": 300, "question_idx": 1732, "uid": "54a13ac4-77f6-410d-ad5e-5a745552de39"}
2026-04-10 12:12:17 | INFO     | [QUESTION_SENT] {"question_idx": 1732, "uid": "54a13ac4-77f6-410d-ad5e-5a745552de39"}
2026-04-10 12:15:55 | INFO     | [QUESTION_ATTEMPT] {"attempt": 15, "max_questions": 300, "question_idx": 1732, "uid": "54a13ac4-77f6-410d-ad5e-5a745552de39"}
2026-04-10 12:15:55 | INFO     | [QUESTION_SENT] {"question_idx": 1732, "uid": "54a13ac4-77f6-410d-ad5e-5a745552de39"}
2026-04-10 12:19:33 | INFO     | [QUESTION_ATTEMPT] {"attempt": 16, "max_questions": 300, "question_idx": 1733, "uid": "486a4777-3228-45f6-ab78-cdfa4477afce"}
2026-04-10 12:19:33 | INFO     | [QUESTION_SENT] {"question_idx": 1733, "uid": "486a4777-3228-45f6-ab78-cdfa4477afce"}
2026-04-10 12:23:11 | INFO     | [QUESTION_ATTEMPT] {"attempt": 17, "max_questions": 300, "question_idx": 1734, "uid": "3ce786a5-66e6-47dc-9da1-494162bed688"}
2026-04-10 12:23:11 | INFO     | [QUESTION_SENT] {"question_idx": 1734, "uid": "3ce786a5-66e6-47dc-9da1-494162bed688"}
2026-04-10 12:26:49 | INFO     | [QUESTION_ATTEMPT] {"attempt": 18, "max_questions": 300, "question_idx": 1735, "uid": "8977e378-a110-4a70-a7e3-48dce6fdbb06"}
2026-04-10 12:26:49 | INFO     | [QUESTION_SENT] {"question_idx": 1735, "uid": "8977e378-a110-4a70-a7e3-48dce6fdbb06"}
2026-04-10 12:27:38 | INFO     | [QUESTION_ATTEMPT] {"attempt": 19, "max_questions": 300, "question_idx": 1735, "uid": "8977e378-a110-4a70-a7e3-48dce6fdbb06"}
2026-04-10 12:27:38 | INFO     | [QUESTION_SENT] {"question_idx": 1735, "uid": "8977e378-a110-4a70-a7e3-48dce6fdbb06"}
2026-04-10 12:30:09 | INFO     | [QUESTION_ATTEMPT] {"attempt": 20, "max_questions": 300, "question_idx": 1735, "uid": "8977e378-a110-4a70-a7e3-48dce6fdbb06"}
2026-04-10 12:30:09 | INFO     | [QUESTION_SENT] {"question_idx": 1735, "uid": "8977e378-a110-4a70-a7e3-48dce6fdbb06"}
2026-04-10 12:33:47 | INFO     | [QUESTION_ATTEMPT] {"attempt": 21, "max_questions": 300, "question_idx": 1736, "uid": "830f5c6d-4f27-4575-b9e8-f474ae41c9ff"}
2026-04-10 12:33:47 | INFO     | [QUESTION_SENT] {"question_idx": 1736, "uid": "830f5c6d-4f27-4575-b9e8-f474ae41c9ff"}
2026-04-10 12:37:24 | INFO     | [QUESTION_ATTEMPT] {"attempt": 22, "max_questions": 300, "question_idx": 1737, "uid": "26eda7f5-1080-4912-bc34-61f4cf4daa3d"}
2026-04-10 12:37:24 | INFO     | [QUESTION_SENT] {"question_idx": 1737, "uid": "26eda7f5-1080-4912-bc34-61f4cf4daa3d"}
2026-04-10 12:41:02 | INFO     | [QUESTION_ATTEMPT] {"attempt": 23, "max_questions": 300, "question_idx": 1738, "uid": "53edee08-eb45-4712-ae57-8f28dda111bc"}
2026-04-10 12:41:02 | INFO     | [QUESTION_SENT] {"question_idx": 1738, "uid": "53edee08-eb45-4712-ae57-8f28dda111bc"}
2026-04-10 12:44:40 | INFO     | [QUESTION_ATTEMPT] {"attempt": 24, "max_questions": 300, "question_idx": 1739, "uid": "497ff419-f7bf-493d-8406-2570d8501397"}
2026-04-10 12:44:40 | INFO     | [QUESTION_SENT] {"question_idx": 1739, "uid": "497ff419-f7bf-493d-8406-2570d8501397"}
2026-04-10 12:48:18 | INFO     | [QUESTION_ATTEMPT] {"attempt": 25, "max_questions": 300, "question_idx": 1740, "uid": "18598ce0-a00c-4516-b141-3fcf201902df"}
2026-04-10 12:48:18 | INFO     | [QUESTION_SENT] {"question_idx": 1740, "uid": "18598ce0-a00c-4516-b141-3fcf201902df"}
2026-04-10 12:51:56 | INFO     | [QUESTION_ATTEMPT] {"attempt": 26, "max_questions": 300, "question_idx": 1741, "uid": "f62488f8-2309-4456-9cfc-f2fe9d393fc2"}
2026-04-10 12:51:56 | INFO     | [QUESTION_SENT] {"question_idx": 1741, "uid": "f62488f8-2309-4456-9cfc-f2fe9d393fc2"}
2026-04-10 12:55:34 | INFO     | [QUESTION_ATTEMPT] {"attempt": 27, "max_questions": 300, "question_idx": 1742, "uid": "25135499-a63f-423d-ad48-a467098feb30"}
2026-04-10 12:55:34 | INFO     | [QUESTION_SENT] {"question_idx": 1742, "uid": "25135499-a63f-423d-ad48-a467098feb30"}
2026-04-10 12:59:12 | INFO     | [QUESTION_ATTEMPT] {"attempt": 28, "max_questions": 300, "question_idx": 1743, "uid": "95087453-4c3d-4631-bd0c-8ecb3ea8708c"}
2026-04-10 12:59:12 | INFO     | [QUESTION_SENT] {"question_idx": 1743, "uid": "95087453-4c3d-4631-bd0c-8ecb3ea8708c"}
2026-04-10 13:02:51 | INFO     | [QUESTION_ATTEMPT] {"attempt": 29, "max_questions": 300, "question_idx": 1744, "uid": "dcbedac3-d066-4413-a572-adec1426d406"}
2026-04-10 13:02:51 | INFO     | [QUESTION_SENT] {"question_idx": 1744, "uid": "dcbedac3-d066-4413-a572-adec1426d406"}
2026-04-10 13:06:30 | INFO     | [QUESTION_ATTEMPT] {"attempt": 30, "max_questions": 300, "question_idx": 1745, "uid": "f5c14c9b-f871-4b69-a0a4-5901b4de7e4b"}
2026-04-10 13:06:30 | INFO     | [QUESTION_SENT] {"question_idx": 1745, "uid": "f5c14c9b-f871-4b69-a0a4-5901b4de7e4b"}
2026-04-10 13:07:36 | INFO     | [QUESTION_ATTEMPT] {"attempt": 31, "max_questions": 300, "question_idx": 1745, "uid": "f5c14c9b-f871-4b69-a0a4-5901b4de7e4b"}
2026-04-10 13:07:36 | INFO     | [QUESTION_SENT] {"question_idx": 1745, "uid": "f5c14c9b-f871-4b69-a0a4-5901b4de7e4b"}
2026-04-10 13:10:06 | INFO     | [QUESTION_ATTEMPT] {"attempt": 32, "max_questions": 300, "question_idx": 1745, "uid": "f5c14c9b-f871-4b69-a0a4-5901b4de7e4b"}
2026-04-10 13:10:06 | INFO     | [QUESTION_SENT] {"question_idx": 1745, "uid": "f5c14c9b-f871-4b69-a0a4-5901b4de7e4b"}
2026-04-10 13:13:43 | INFO     | [QUESTION_ATTEMPT] {"attempt": 33, "max_questions": 300, "question_idx": 1746, "uid": "5edc5cbb-fcaf-4070-82b1-40f65032fcf3"}
2026-04-10 13:13:43 | INFO     | [QUESTION_SENT] {"question_idx": 1746, "uid": "5edc5cbb-fcaf-4070-82b1-40f65032fcf3"}
2026-04-10 13:17:20 | INFO     | [QUESTION_ATTEMPT] {"attempt": 34, "max_questions": 300, "question_idx": 1747, "uid": "ca7a51e9-a44f-4c2c-bab3-052393a1cb9f"}
2026-04-10 13:17:20 | INFO     | [QUESTION_SENT] {"question_idx": 1747, "uid": "ca7a51e9-a44f-4c2c-bab3-052393a1cb9f"}
2026-04-10 13:20:58 | INFO     | [QUESTION_ATTEMPT] {"attempt": 35, "max_questions": 300, "question_idx": 1748, "uid": "1a0b73b4-5f5f-4b24-9918-e9e3a0ea495c"}
2026-04-10 13:20:58 | INFO     | [QUESTION_SENT] {"question_idx": 1748, "uid": "1a0b73b4-5f5f-4b24-9918-e9e3a0ea495c"}
2026-04-10 13:24:36 | INFO     | [QUESTION_ATTEMPT] {"attempt": 36, "max_questions": 300, "question_idx": 1749, "uid": "699c3f27-9e09-4f1c-a9ce-2733c7903e9e"}
2026-04-10 13:24:36 | INFO     | [QUESTION_SENT] {"question_idx": 1749, "uid": "699c3f27-9e09-4f1c-a9ce-2733c7903e9e"}
2026-04-10 13:28:13 | INFO     | [QUESTION_ATTEMPT] {"attempt": 37, "max_questions": 300, "question_idx": 1750, "uid": "64f66ac3-4694-41a2-b6cc-3cf809fe023b"}
2026-04-10 13:28:13 | INFO     | [QUESTION_SENT] {"question_idx": 1750, "uid": "64f66ac3-4694-41a2-b6cc-3cf809fe023b"}
2026-04-10 13:31:50 | INFO     | [QUESTION_ATTEMPT] {"attempt": 38, "max_questions": 300, "question_idx": 1751, "uid": "804f929a-e007-4f8b-8b7d-c6ebae7e580d"}
2026-04-10 13:31:50 | INFO     | [QUESTION_SENT] {"question_idx": 1751, "uid": "804f929a-e007-4f8b-8b7d-c6ebae7e580d"}
2026-04-10 13:35:27 | INFO     | [QUESTION_ATTEMPT] {"attempt": 39, "max_questions": 300, "question_idx": 1752, "uid": "bc6085ea-6582-45e2-9433-936d53c230b5"}
2026-04-10 13:35:27 | INFO     | [QUESTION_SENT] {"question_idx": 1752, "uid": "bc6085ea-6582-45e2-9433-936d53c230b5"}
2026-04-10 13:39:04 | INFO     | [QUESTION_ATTEMPT] {"attempt": 40, "max_questions": 300, "question_idx": 1753, "uid": "17bc0e21-5e04-499d-b16b-b5ab0941a3ab"}
2026-04-10 13:39:04 | INFO     | [QUESTION_SENT] {"question_idx": 1753, "uid": "17bc0e21-5e04-499d-b16b-b5ab0941a3ab"}
2026-04-10 13:42:41 | INFO     | [QUESTION_ATTEMPT] {"attempt": 41, "max_questions": 300, "question_idx": 1754, "uid": "47702a5a-977a-4e6e-bfd4-3e1d22d95a85"}
2026-04-10 13:42:41 | INFO     | [QUESTION_SENT] {"question_idx": 1754, "uid": "47702a5a-977a-4e6e-bfd4-3e1d22d95a85"}
2026-04-10 13:50:40 | INFO     | [QUESTION_ATTEMPT] {"attempt": 42, "max_questions": 300, "question_idx": 1755, "uid": "5b2045d3-6825-4c59-ab65-0e52cc1863eb"}
2026-04-10 13:50:40 | INFO     | [QUESTION_SENT] {"question_idx": 1755, "uid": "5b2045d3-6825-4c59-ab65-0e52cc1863eb"}
2026-04-10 13:54:17 | INFO     | [QUESTION_ATTEMPT] {"attempt": 43, "max_questions": 300, "question_idx": 1756, "uid": "393c5910-312d-4744-b7e3-bfa3c26921c0"}
2026-04-10 13:54:17 | INFO     | [QUESTION_SENT] {"question_idx": 1756, "uid": "393c5910-312d-4744-b7e3-bfa3c26921c0"}
2026-04-10 13:57:54 | INFO     | [QUESTION_ATTEMPT] {"attempt": 44, "max_questions": 300, "question_idx": 1757, "uid": "85d24ff4-7d5d-4089-ade1-3900fac7bc8e"}
2026-04-10 13:57:54 | INFO     | [QUESTION_SENT] {"question_idx": 1757, "uid": "85d24ff4-7d5d-4089-ade1-3900fac7bc8e"}
2026-04-10 14:01:31 | INFO     | [QUESTION_ATTEMPT] {"attempt": 45, "max_questions": 300, "question_idx": 1758, "uid": "a1874370-a373-416b-9e97-d3779bc49c1d"}
2026-04-10 14:01:31 | INFO     | [QUESTION_SENT] {"question_idx": 1758, "uid": "a1874370-a373-416b-9e97-d3779bc49c1d"}
2026-04-10 14:05:08 | INFO     | [QUESTION_ATTEMPT] {"attempt": 46, "max_questions": 300, "question_idx": 1759, "uid": "5ae11534-4f20-4a3c-adc0-2e4fd9135270"}
2026-04-10 14:05:08 | INFO     | [QUESTION_SENT] {"question_idx": 1759, "uid": "5ae11534-4f20-4a3c-adc0-2e4fd9135270"}
2026-04-10 14:08:45 | INFO     | [QUESTION_ATTEMPT] {"attempt": 47, "max_questions": 300, "question_idx": 1760, "uid": "3bba75bd-b3da-4155-ac64-e10eff8c8fe2"}
2026-04-10 14:08:45 | INFO     | [QUESTION_SENT] {"question_idx": 1760, "uid": "3bba75bd-b3da-4155-ac64-e10eff8c8fe2"}
2026-04-10 14:12:22 | INFO     | [QUESTION_ATTEMPT] {"attempt": 48, "max_questions": 300, "question_idx": 1761, "uid": "026f41ad-dec1-4997-ad1c-6d097f866560"}
2026-04-10 14:12:22 | INFO     | [QUESTION_SENT] {"question_idx": 1761, "uid": "026f41ad-dec1-4997-ad1c-6d097f866560"}
2026-04-10 14:15:59 | INFO     | [QUESTION_ATTEMPT] {"attempt": 49, "max_questions": 300, "question_idx": 1762, "uid": "8fae323a-6e11-43ef-b344-9b975ac6d7a7"}
2026-04-10 14:15:59 | INFO     | [QUESTION_SENT] {"question_idx": 1762, "uid": "8fae323a-6e11-43ef-b344-9b975ac6d7a7"}
2026-04-10 14:19:36 | INFO     | [QUESTION_ATTEMPT] {"attempt": 50, "max_questions": 300, "question_idx": 1763, "uid": "e4409c60-4fbb-4b53-ad76-b557fd57d649"}
2026-04-10 14:19:36 | INFO     | [QUESTION_SENT] {"question_idx": 1763, "uid": "e4409c60-4fbb-4b53-ad76-b557fd57d649"}
2026-04-10 14:23:13 | INFO     | [QUESTION_ATTEMPT] {"attempt": 51, "max_questions": 300, "question_idx": 1764, "uid": "385d8ee3-7876-4551-99bb-c9e5e9d45fd4"}
2026-04-10 14:23:13 | INFO     | [QUESTION_SENT] {"question_idx": 1764, "uid": "385d8ee3-7876-4551-99bb-c9e5e9d45fd4"}
2026-04-10 14:26:50 | INFO     | [QUESTION_ATTEMPT] {"attempt": 52, "max_questions": 300, "question_idx": 1765, "uid": "a972024b-290b-4f96-9982-80203e5dc933"}
2026-04-10 14:26:50 | INFO     | [QUESTION_SENT] {"question_idx": 1765, "uid": "a972024b-290b-4f96-9982-80203e5dc933"}
2026-04-10 14:30:28 | INFO     | [QUESTION_ATTEMPT] {"attempt": 53, "max_questions": 300, "question_idx": 1766, "uid": "43f1020f-7fb0-484f-b28c-6a8cedcc56ef"}
2026-04-10 14:30:28 | INFO     | [QUESTION_SENT] {"question_idx": 1766, "uid": "43f1020f-7fb0-484f-b28c-6a8cedcc56ef"}
2026-04-10 14:34:05 | INFO     | [QUESTION_ATTEMPT] {"attempt": 54, "max_questions": 300, "question_idx": 1767, "uid": "b2ee74b7-cf71-4ebf-ba6d-a11423578fe2"}
2026-04-10 14:34:05 | INFO     | [QUESTION_SENT] {"question_idx": 1767, "uid": "b2ee74b7-cf71-4ebf-ba6d-a11423578fe2"}
2026-04-10 14:37:42 | INFO     | [QUESTION_ATTEMPT] {"attempt": 55, "max_questions": 300, "question_idx": 1768, "uid": "ad00512d-6ac3-4674-b2d6-7dbaec53ebcd"}
2026-04-10 14:37:42 | INFO     | [QUESTION_SENT] {"question_idx": 1768, "uid": "ad00512d-6ac3-4674-b2d6-7dbaec53ebcd"}
2026-04-10 14:41:20 | INFO     | [QUESTION_ATTEMPT] {"attempt": 56, "max_questions": 300, "question_idx": 1769, "uid": "75d40d69-68e6-4136-9f65-525c2552e9d8"}
2026-04-10 14:41:20 | INFO     | [QUESTION_SENT] {"question_idx": 1769, "uid": "75d40d69-68e6-4136-9f65-525c2552e9d8"}
2026-04-10 14:44:57 | INFO     | [QUESTION_ATTEMPT] {"attempt": 57, "max_questions": 300, "question_idx": 1769, "uid": "75d40d69-68e6-4136-9f65-525c2552e9d8"}
2026-04-10 14:44:57 | INFO     | [QUESTION_SENT] {"question_idx": 1769, "uid": "75d40d69-68e6-4136-9f65-525c2552e9d8"}
2026-04-10 14:48:34 | INFO     | [QUESTION_ATTEMPT] {"attempt": 58, "max_questions": 300, "question_idx": 1770, "uid": "d181acd6-5276-4612-97a9-f19c7ea539c9"}
2026-04-10 14:48:34 | INFO     | [QUESTION_SENT] {"question_idx": 1770, "uid": "d181acd6-5276-4612-97a9-f19c7ea539c9"}
2026-04-10 14:49:17 | INFO     | [BOT_STOP] {"bot_id": 11, "total_questions": 58}
