2026-04-07 10:17:03 | INFO     | [BOT_START] {"bot_id": 11, "project": "hypos_norm", "timestamp": "2026-04-07T10:17:03.230279", "log_dir": "/home/dmitrii/Documents/projects/clicker_3.0/logs/bot_11"}
2026-04-07 10:17:09 | INFO     | [RESTART] {"bot_id": 11, "note": "first_start"}
2026-04-07 10:17:09 | INFO     | [FSM_INITIALIZED] {"site": "gpt", "scenario": "web_search", "start_state": "start_question"}
2026-04-07 10:18:22 | INFO     | [QUESTION_ATTEMPT] {"attempt": 1, "max_questions": 300, "question_idx": 1421, "uid": "1a7cd153-3ed9-430d-9752-0b0cda7151d7"}
2026-04-07 10:18:22 | INFO     | [QUESTION_SENT] {"question_idx": 1421, "uid": "1a7cd153-3ed9-430d-9752-0b0cda7151d7"}
2026-04-07 10:21:59 | INFO     | [QUESTION_ATTEMPT] {"attempt": 2, "max_questions": 300, "question_idx": 1422, "uid": "efc7e4c2-7b59-4941-9259-81d9f4d52e16"}
2026-04-07 10:21:59 | INFO     | [QUESTION_SENT] {"question_idx": 1422, "uid": "efc7e4c2-7b59-4941-9259-81d9f4d52e16"}
2026-04-07 10:25:36 | INFO     | [QUESTION_ATTEMPT] {"attempt": 3, "max_questions": 300, "question_idx": 1423, "uid": "d710ac1e-6cae-4a3c-a854-e3cc77304b77"}
2026-04-07 10:25:36 | INFO     | [QUESTION_SENT] {"question_idx": 1423, "uid": "d710ac1e-6cae-4a3c-a854-e3cc77304b77"}
2026-04-07 10:29:13 | INFO     | [QUESTION_ATTEMPT] {"attempt": 4, "max_questions": 300, "question_idx": 1424, "uid": "df05a3eb-a907-4ffd-b3e9-237907b5e6cf"}
2026-04-07 10:29:13 | INFO     | [QUESTION_SENT] {"question_idx": 1424, "uid": "df05a3eb-a907-4ffd-b3e9-237907b5e6cf"}
2026-04-07 10:36:32 | INFO     | [QUESTION_ATTEMPT] {"attempt": 5, "max_questions": 300, "question_idx": 1424, "uid": "df05a3eb-a907-4ffd-b3e9-237907b5e6cf"}
2026-04-07 10:36:32 | INFO     | [QUESTION_SENT] {"question_idx": 1424, "uid": "df05a3eb-a907-4ffd-b3e9-237907b5e6cf"}
2026-04-07 10:40:09 | INFO     | [QUESTION_ATTEMPT] {"attempt": 6, "max_questions": 300, "question_idx": 1425, "uid": "ac07f205-2bae-4af7-a241-e7bbf1d02a6e"}
2026-04-07 10:40:09 | INFO     | [QUESTION_SENT] {"question_idx": 1425, "uid": "ac07f205-2bae-4af7-a241-e7bbf1d02a6e"}
2026-04-07 10:43:46 | INFO     | [QUESTION_ATTEMPT] {"attempt": 7, "max_questions": 300, "question_idx": 1426, "uid": "d453b3cc-27e7-4199-b54d-c079bcc05463"}
2026-04-07 10:43:46 | INFO     | [QUESTION_SENT] {"question_idx": 1426, "uid": "d453b3cc-27e7-4199-b54d-c079bcc05463"}
2026-04-07 10:44:21 | INFO     | [QUESTION_ATTEMPT] {"attempt": 8, "max_questions": 300, "question_idx": 1426, "uid": "d453b3cc-27e7-4199-b54d-c079bcc05463"}
2026-04-07 10:44:21 | INFO     | [QUESTION_SENT] {"question_idx": 1426, "uid": "d453b3cc-27e7-4199-b54d-c079bcc05463"}
2026-04-07 10:48:00 | INFO     | [QUESTION_ATTEMPT] {"attempt": 9, "max_questions": 300, "question_idx": 1427, "uid": "591eef60-4027-44ae-91b5-c977c6e92ead"}
2026-04-07 10:48:00 | INFO     | [QUESTION_SENT] {"question_idx": 1427, "uid": "591eef60-4027-44ae-91b5-c977c6e92ead"}
2026-04-07 10:51:37 | INFO     | [QUESTION_ATTEMPT] {"attempt": 10, "max_questions": 300, "question_idx": 1428, "uid": "101a5ee5-1301-499e-9802-808699494e7c"}
2026-04-07 10:51:37 | INFO     | [QUESTION_SENT] {"question_idx": 1428, "uid": "101a5ee5-1301-499e-9802-808699494e7c"}
2026-04-07 10:55:15 | INFO     | [QUESTION_ATTEMPT] {"attempt": 11, "max_questions": 300, "question_idx": 1429, "uid": "53c81c50-8de7-441e-95ad-9e0d4b4b56d9"}
2026-04-07 10:55:15 | INFO     | [QUESTION_SENT] {"question_idx": 1429, "uid": "53c81c50-8de7-441e-95ad-9e0d4b4b56d9"}
2026-04-07 10:58:52 | INFO     | [QUESTION_ATTEMPT] {"attempt": 12, "max_questions": 300, "question_idx": 1429, "uid": "53c81c50-8de7-441e-95ad-9e0d4b4b56d9"}
2026-04-07 10:58:52 | INFO     | [QUESTION_SENT] {"question_idx": 1429, "uid": "53c81c50-8de7-441e-95ad-9e0d4b4b56d9"}
2026-04-07 11:02:29 | INFO     | [QUESTION_ATTEMPT] {"attempt": 13, "max_questions": 300, "question_idx": 1430, "uid": "9f65aef1-fdfe-49d3-94c6-4dbc66763aa4"}
2026-04-07 11:02:29 | INFO     | [QUESTION_SENT] {"question_idx": 1430, "uid": "9f65aef1-fdfe-49d3-94c6-4dbc66763aa4"}
2026-04-07 11:06:06 | INFO     | [QUESTION_ATTEMPT] {"attempt": 14, "max_questions": 300, "question_idx": 1431, "uid": "d79638ed-2302-4fbf-a897-ee82a1cd7249"}
2026-04-07 11:06:06 | INFO     | [QUESTION_SENT] {"question_idx": 1431, "uid": "d79638ed-2302-4fbf-a897-ee82a1cd7249"}
2026-04-07 11:09:44 | INFO     | [QUESTION_ATTEMPT] {"attempt": 15, "max_questions": 300, "question_idx": 1432, "uid": "028d310c-96e0-4752-80f1-960c14a7e86b"}
2026-04-07 11:09:44 | INFO     | [QUESTION_SENT] {"question_idx": 1432, "uid": "028d310c-96e0-4752-80f1-960c14a7e86b"}
2026-04-07 11:13:21 | INFO     | [QUESTION_ATTEMPT] {"attempt": 16, "max_questions": 300, "question_idx": 1433, "uid": "2d8d3ea6-ac8f-44ac-bce1-37bc09157901"}
2026-04-07 11:13:21 | INFO     | [QUESTION_SENT] {"question_idx": 1433, "uid": "2d8d3ea6-ac8f-44ac-bce1-37bc09157901"}
2026-04-07 11:16:58 | INFO     | [QUESTION_ATTEMPT] {"attempt": 17, "max_questions": 300, "question_idx": 1434, "uid": "fd7a20c7-ad4a-478c-89a3-5afa310c2f10"}
2026-04-07 11:16:58 | INFO     | [QUESTION_SENT] {"question_idx": 1434, "uid": "fd7a20c7-ad4a-478c-89a3-5afa310c2f10"}
2026-04-07 11:20:35 | INFO     | [QUESTION_ATTEMPT] {"attempt": 18, "max_questions": 300, "question_idx": 1435, "uid": "0a0d5a82-1593-4727-93ae-e05e89bd8242"}
2026-04-07 11:20:35 | INFO     | [QUESTION_SENT] {"question_idx": 1435, "uid": "0a0d5a82-1593-4727-93ae-e05e89bd8242"}
2026-04-07 11:24:12 | INFO     | [QUESTION_ATTEMPT] {"attempt": 19, "max_questions": 300, "question_idx": 1436, "uid": "0c8b0463-ce9e-4183-971c-ddfaff7a7827"}
2026-04-07 11:24:12 | INFO     | [QUESTION_SENT] {"question_idx": 1436, "uid": "0c8b0463-ce9e-4183-971c-ddfaff7a7827"}
2026-04-07 11:27:49 | INFO     | [QUESTION_ATTEMPT] {"attempt": 20, "max_questions": 300, "question_idx": 1437, "uid": "d1cddae4-56bc-49aa-b55c-608f439faa02"}
2026-04-07 11:27:49 | INFO     | [QUESTION_SENT] {"question_idx": 1437, "uid": "d1cddae4-56bc-49aa-b55c-608f439faa02"}
2026-04-07 11:31:26 | INFO     | [QUESTION_ATTEMPT] {"attempt": 21, "max_questions": 300, "question_idx": 1438, "uid": "a6b7794a-ab4c-4235-aebe-47c77af01cf6"}
2026-04-07 11:31:26 | INFO     | [QUESTION_SENT] {"question_idx": 1438, "uid": "a6b7794a-ab4c-4235-aebe-47c77af01cf6"}
2026-04-07 11:35:03 | INFO     | [QUESTION_ATTEMPT] {"attempt": 22, "max_questions": 300, "question_idx": 1439, "uid": "eca12d70-c439-4199-8ceb-91abf49acb36"}
2026-04-07 11:35:03 | INFO     | [QUESTION_SENT] {"question_idx": 1439, "uid": "eca12d70-c439-4199-8ceb-91abf49acb36"}
2026-04-07 11:38:40 | INFO     | [QUESTION_ATTEMPT] {"attempt": 23, "max_questions": 300, "question_idx": 1440, "uid": "856b78d8-fbed-47fa-8e19-00919b23752d"}
2026-04-07 11:38:40 | INFO     | [QUESTION_SENT] {"question_idx": 1440, "uid": "856b78d8-fbed-47fa-8e19-00919b23752d"}
2026-04-07 11:42:18 | INFO     | [QUESTION_ATTEMPT] {"attempt": 24, "max_questions": 300, "question_idx": 1441, "uid": "a42a8a83-f7dc-4e73-821c-4a0bcc3b2d5e"}
2026-04-07 11:42:18 | INFO     | [QUESTION_SENT] {"question_idx": 1441, "uid": "a42a8a83-f7dc-4e73-821c-4a0bcc3b2d5e"}
2026-04-07 11:45:55 | INFO     | [QUESTION_ATTEMPT] {"attempt": 25, "max_questions": 300, "question_idx": 1442, "uid": "d6ec6cab-783c-4263-af6a-5d1075d69b64"}
2026-04-07 11:45:55 | INFO     | [QUESTION_SENT] {"question_idx": 1442, "uid": "d6ec6cab-783c-4263-af6a-5d1075d69b64"}
2026-04-07 11:49:32 | INFO     | [QUESTION_ATTEMPT] {"attempt": 26, "max_questions": 300, "question_idx": 1443, "uid": "23d797d7-70bd-42c0-b07e-25b1c157a1a3"}
2026-04-07 11:49:32 | INFO     | [QUESTION_SENT] {"question_idx": 1443, "uid": "23d797d7-70bd-42c0-b07e-25b1c157a1a3"}
2026-04-07 11:53:09 | INFO     | [QUESTION_ATTEMPT] {"attempt": 27, "max_questions": 300, "question_idx": 1444, "uid": "a9d86039-3a03-40d0-aa94-57b522bc0a81"}
2026-04-07 11:53:09 | INFO     | [QUESTION_SENT] {"question_idx": 1444, "uid": "a9d86039-3a03-40d0-aa94-57b522bc0a81"}
2026-04-07 11:56:46 | INFO     | [QUESTION_ATTEMPT] {"attempt": 28, "max_questions": 300, "question_idx": 1444, "uid": "a9d86039-3a03-40d0-aa94-57b522bc0a81"}
2026-04-07 11:56:46 | INFO     | [QUESTION_SENT] {"question_idx": 1444, "uid": "a9d86039-3a03-40d0-aa94-57b522bc0a81"}
2026-04-07 12:00:24 | INFO     | [QUESTION_ATTEMPT] {"attempt": 29, "max_questions": 300, "question_idx": 1444, "uid": "a9d86039-3a03-40d0-aa94-57b522bc0a81"}
2026-04-07 12:00:24 | INFO     | [QUESTION_SENT] {"question_idx": 1444, "uid": "a9d86039-3a03-40d0-aa94-57b522bc0a81"}
2026-04-07 12:04:01 | INFO     | [QUESTION_ATTEMPT] {"attempt": 30, "max_questions": 300, "question_idx": 1444, "uid": "a9d86039-3a03-40d0-aa94-57b522bc0a81"}
2026-04-07 12:04:01 | INFO     | [QUESTION_SENT] {"question_idx": 1444, "uid": "a9d86039-3a03-40d0-aa94-57b522bc0a81"}
2026-04-07 12:07:38 | INFO     | [QUESTION_ATTEMPT] {"attempt": 31, "max_questions": 300, "question_idx": 1445, "uid": "21cc7a3f-bad0-4e23-96ed-36dcd01adfa7"}
2026-04-07 12:07:38 | INFO     | [QUESTION_SENT] {"question_idx": 1445, "uid": "21cc7a3f-bad0-4e23-96ed-36dcd01adfa7"}
2026-04-07 12:11:15 | INFO     | [QUESTION_ATTEMPT] {"attempt": 32, "max_questions": 300, "question_idx": 1446, "uid": "e89ee287-6324-43c6-8fe6-9f73459fd135"}
2026-04-07 12:11:15 | INFO     | [QUESTION_SENT] {"question_idx": 1446, "uid": "e89ee287-6324-43c6-8fe6-9f73459fd135"}
2026-04-07 12:14:52 | INFO     | [QUESTION_ATTEMPT] {"attempt": 33, "max_questions": 300, "question_idx": 1447, "uid": "0b616ea7-ffad-4be1-9cd5-6ad84ef07fde"}
2026-04-07 12:14:52 | INFO     | [QUESTION_SENT] {"question_idx": 1447, "uid": "0b616ea7-ffad-4be1-9cd5-6ad84ef07fde"}
2026-04-07 12:18:29 | INFO     | [QUESTION_ATTEMPT] {"attempt": 34, "max_questions": 300, "question_idx": 1448, "uid": "3c23399c-4f40-4858-8576-39b265a54690"}
2026-04-07 12:18:29 | INFO     | [QUESTION_SENT] {"question_idx": 1448, "uid": "3c23399c-4f40-4858-8576-39b265a54690"}
2026-04-07 12:22:06 | INFO     | [QUESTION_ATTEMPT] {"attempt": 35, "max_questions": 300, "question_idx": 1449, "uid": "ea1ea4ec-c6a8-4d9f-a359-a14b8311881a"}
2026-04-07 12:22:06 | INFO     | [QUESTION_SENT] {"question_idx": 1449, "uid": "ea1ea4ec-c6a8-4d9f-a359-a14b8311881a"}
2026-04-07 12:25:43 | INFO     | [QUESTION_ATTEMPT] {"attempt": 36, "max_questions": 300, "question_idx": 1449, "uid": "ea1ea4ec-c6a8-4d9f-a359-a14b8311881a"}
2026-04-07 12:25:43 | INFO     | [QUESTION_SENT] {"question_idx": 1449, "uid": "ea1ea4ec-c6a8-4d9f-a359-a14b8311881a"}
2026-04-07 12:29:20 | INFO     | [QUESTION_ATTEMPT] {"attempt": 37, "max_questions": 300, "question_idx": 1450, "uid": "692046b0-6457-410d-aec6-3679e4e0d0e5"}
2026-04-07 12:29:20 | INFO     | [QUESTION_SENT] {"question_idx": 1450, "uid": "692046b0-6457-410d-aec6-3679e4e0d0e5"}
2026-04-07 12:30:06 | INFO     | [BOT_STOP] {"bot_id": 11, "total_questions": 37}
