2026-03-29 13:35:17 | INFO     | [BOT_START] {"bot_id": 11, "project": "hypos_norm", "timestamp": "2026-03-29T13:35:17.571540", "log_dir": "/home/dmitrii/Documents/projects/clicker_3.0/logs/bot_11"}
2026-03-29 13:35:23 | INFO     | [RESTART] {"bot_id": 11, "note": "first_start"}
2026-03-29 13:35:23 | INFO     | [FSM_INITIALIZED] {"site": "gpt", "scenario": "web_search", "start_state": "start_question"}
2026-03-29 13:37:45 | INFO     | [QUESTION_SENT] {"question_idx": 721, "uid": "3100ce07-c68a-4006-83ca-1f4cf43f9827"}
2026-03-29 13:41:17 | INFO     | [QUESTION_SENT] {"question_idx": 721, "uid": "3100ce07-c68a-4006-83ca-1f4cf43f9827"}
2026-03-29 13:41:53 | INFO     | [QUESTION_ATTEMPT] {"attempt": 1, "max_questions": 300, "question_idx": 721, "uid": "3100ce07-c68a-4006-83ca-1f4cf43f9827"}
2026-03-29 13:44:50 | INFO     | [QUESTION_SENT] {"question_idx": 722, "uid": "e62cdc3f-06e5-4ad6-852c-dc58e6cbe41d"}
2026-03-29 13:45:24 | INFO     | [QUESTION_ATTEMPT] {"attempt": 2, "max_questions": 300, "question_idx": 722, "uid": "e62cdc3f-06e5-4ad6-852c-dc58e6cbe41d"}
2026-03-29 13:48:23 | INFO     | [QUESTION_SENT] {"question_idx": 723, "uid": "fd3ed728-43f5-4016-816a-57f4728358ef"}
2026-03-29 13:48:58 | INFO     | [QUESTION_ATTEMPT] {"attempt": 3, "max_questions": 300, "question_idx": 723, "uid": "fd3ed728-43f5-4016-816a-57f4728358ef"}
2026-03-29 13:51:56 | INFO     | [QUESTION_SENT] {"question_idx": 724, "uid": "69682ae7-4973-428b-88f0-9cd952085d1a"}
2026-03-29 13:52:27 | INFO     | [QUESTION_ATTEMPT] {"attempt": 4, "max_questions": 300, "question_idx": 724, "uid": "69682ae7-4973-428b-88f0-9cd952085d1a"}
2026-03-29 13:55:29 | INFO     | [QUESTION_SENT] {"question_idx": 725, "uid": "d4741073-2de8-4dd1-9b53-90ca8bb45c2f"}
2026-03-29 13:56:00 | INFO     | [QUESTION_ATTEMPT] {"attempt": 5, "max_questions": 300, "question_idx": 725, "uid": "d4741073-2de8-4dd1-9b53-90ca8bb45c2f"}
2026-03-29 13:59:02 | INFO     | [QUESTION_SENT] {"question_idx": 726, "uid": "5962b622-0b04-4669-a690-88e1312390df"}
2026-03-29 13:59:38 | INFO     | [QUESTION_ATTEMPT] {"attempt": 6, "max_questions": 300, "question_idx": 726, "uid": "5962b622-0b04-4669-a690-88e1312390df"}
2026-03-29 14:02:35 | INFO     | [QUESTION_SENT] {"question_idx": 727, "uid": "6da65b9b-3795-487f-93e2-5cd53e003ee0"}
2026-03-29 14:06:08 | INFO     | [QUESTION_SENT] {"question_idx": 727, "uid": "6da65b9b-3795-487f-93e2-5cd53e003ee0"}
2026-03-29 14:06:37 | INFO     | [QUESTION_ATTEMPT] {"attempt": 7, "max_questions": 300, "question_idx": 727, "uid": "6da65b9b-3795-487f-93e2-5cd53e003ee0"}
2026-03-29 14:09:41 | INFO     | [QUESTION_SENT] {"question_idx": 728, "uid": "88f7efc8-ae11-4982-9fd1-3e3f808414f6"}
2026-03-29 14:10:14 | INFO     | [QUESTION_ATTEMPT] {"attempt": 8, "max_questions": 300, "question_idx": 728, "uid": "88f7efc8-ae11-4982-9fd1-3e3f808414f6"}
2026-03-29 14:13:14 | INFO     | [QUESTION_SENT] {"question_idx": 729, "uid": "e132a64d-4c41-423d-b440-e76f469e75ee"}
2026-03-29 14:13:44 | INFO     | [QUESTION_ATTEMPT] {"attempt": 9, "max_questions": 300, "question_idx": 729, "uid": "e132a64d-4c41-423d-b440-e76f469e75ee"}
2026-03-29 14:16:47 | INFO     | [QUESTION_SENT] {"question_idx": 730, "uid": "aee8273f-3915-43ae-9ac2-3c9f816e0b5d"}
2026-03-29 14:17:20 | INFO     | [QUESTION_ATTEMPT] {"attempt": 10, "max_questions": 300, "question_idx": 730, "uid": "aee8273f-3915-43ae-9ac2-3c9f816e0b5d"}
2026-03-29 14:20:20 | INFO     | [QUESTION_SENT] {"question_idx": 731, "uid": "ccb2ac6c-a1e8-420f-8b27-90b45d598d8b"}
2026-03-29 14:20:50 | INFO     | [QUESTION_ATTEMPT] {"attempt": 11, "max_questions": 300, "question_idx": 731, "uid": "ccb2ac6c-a1e8-420f-8b27-90b45d598d8b"}
2026-03-29 14:23:53 | INFO     | [QUESTION_SENT] {"question_idx": 732, "uid": "65f1e157-68f8-400e-86c1-a8fcb1d2a760"}
2026-03-29 14:24:21 | INFO     | [QUESTION_ATTEMPT] {"attempt": 12, "max_questions": 300, "question_idx": 732, "uid": "65f1e157-68f8-400e-86c1-a8fcb1d2a760"}
2026-03-29 14:27:26 | INFO     | [QUESTION_SENT] {"question_idx": 733, "uid": "619e0519-8512-435f-b0d4-dab2db36568a"}
2026-03-29 14:28:00 | INFO     | [QUESTION_ATTEMPT] {"attempt": 13, "max_questions": 300, "question_idx": 733, "uid": "619e0519-8512-435f-b0d4-dab2db36568a"}
2026-03-29 14:30:59 | INFO     | [QUESTION_SENT] {"question_idx": 734, "uid": "097bb4e7-c4ed-4e08-a660-7f8e5e2b829d"}
2026-03-29 14:34:32 | INFO     | [QUESTION_SENT] {"question_idx": 734, "uid": "097bb4e7-c4ed-4e08-a660-7f8e5e2b829d"}
2026-03-29 14:35:02 | INFO     | [QUESTION_ATTEMPT] {"attempt": 14, "max_questions": 300, "question_idx": 734, "uid": "097bb4e7-c4ed-4e08-a660-7f8e5e2b829d"}
2026-03-29 14:35:15 | INFO     | [QUESTION_SENT] {"question_idx": 734, "uid": "097bb4e7-c4ed-4e08-a660-7f8e5e2b829d"}
2026-03-29 14:35:35 | INFO     | [QUESTION_ATTEMPT] {"attempt": 15, "max_questions": 300, "question_idx": 734, "uid": "097bb4e7-c4ed-4e08-a660-7f8e5e2b829d"}
2026-03-29 14:35:47 | INFO     | [QUESTION_SENT] {"question_idx": 734, "uid": "097bb4e7-c4ed-4e08-a660-7f8e5e2b829d"}
2026-03-29 14:36:06 | INFO     | [QUESTION_ATTEMPT] {"attempt": 16, "max_questions": 300, "question_idx": 734, "uid": "097bb4e7-c4ed-4e08-a660-7f8e5e2b829d"}
2026-03-29 14:39:23 | INFO     | [QUESTION_SENT] {"question_idx": 735, "uid": "7acb05c0-4b02-416f-a182-3dd75d3b40da"}
2026-03-29 14:39:46 | INFO     | [QUESTION_ATTEMPT] {"attempt": 17, "max_questions": 300, "question_idx": 735, "uid": "7acb05c0-4b02-416f-a182-3dd75d3b40da"}
2026-03-29 14:39:58 | INFO     | [QUESTION_SENT] {"question_idx": 735, "uid": "7acb05c0-4b02-416f-a182-3dd75d3b40da"}
2026-03-29 14:40:11 | INFO     | [QUESTION_ATTEMPT] {"attempt": 18, "max_questions": 300, "question_idx": 735, "uid": "7acb05c0-4b02-416f-a182-3dd75d3b40da"}
2026-03-29 14:43:34 | INFO     | [QUESTION_SENT] {"question_idx": 736, "uid": "5a755b15-bb1c-4166-9e8e-b625f2edb10c"}
2026-03-29 14:47:07 | INFO     | [QUESTION_SENT] {"question_idx": 736, "uid": "5a755b15-bb1c-4166-9e8e-b625f2edb10c"}
2026-03-29 14:47:38 | INFO     | [QUESTION_ATTEMPT] {"attempt": 19, "max_questions": 300, "question_idx": 736, "uid": "5a755b15-bb1c-4166-9e8e-b625f2edb10c"}
2026-03-29 14:50:39 | INFO     | [QUESTION_SENT] {"question_idx": 737, "uid": "f97ce960-82ff-4678-b1c3-b2e13d4a781b"}
2026-03-29 14:51:12 | INFO     | [QUESTION_ATTEMPT] {"attempt": 20, "max_questions": 300, "question_idx": 737, "uid": "f97ce960-82ff-4678-b1c3-b2e13d4a781b"}
2026-03-29 14:54:12 | INFO     | [QUESTION_SENT] {"question_idx": 738, "uid": "d31d2740-b54d-444f-afaf-9554de3443cb"}
2026-03-29 14:54:42 | INFO     | [QUESTION_ATTEMPT] {"attempt": 21, "max_questions": 300, "question_idx": 738, "uid": "d31d2740-b54d-444f-afaf-9554de3443cb"}
2026-03-29 14:57:45 | INFO     | [QUESTION_SENT] {"question_idx": 739, "uid": "d0d22463-45e5-4a84-baff-dc8da41254c5"}
2026-03-29 14:58:17 | INFO     | [QUESTION_ATTEMPT] {"attempt": 22, "max_questions": 300, "question_idx": 739, "uid": "d0d22463-45e5-4a84-baff-dc8da41254c5"}
2026-03-29 15:01:18 | INFO     | [QUESTION_SENT] {"question_idx": 740, "uid": "3a12f108-a78d-4e39-b495-beb793a0228e"}
2026-03-29 15:01:50 | INFO     | [QUESTION_ATTEMPT] {"attempt": 23, "max_questions": 300, "question_idx": 740, "uid": "3a12f108-a78d-4e39-b495-beb793a0228e"}
2026-03-29 15:02:31 | INFO     | [BOT_STOP] {"bot_id": 11, "total_questions": 23}
2026-03-29 15:18:45 | INFO     | [BOT_START] {"bot_id": 11, "project": "hypos_norm", "timestamp": "2026-03-29T15:18:45.197829", "log_dir": "/home/dmitrii/Documents/projects/clicker_3.0/logs/bot_11"}
2026-03-29 15:18:50 | INFO     | [RESTART] {"bot_id": 11, "note": "first_start"}
2026-03-29 15:18:50 | INFO     | [FSM_INITIALIZED] {"site": "gpt", "scenario": "web_search", "start_state": "start_question"}
2026-03-29 15:21:55 | INFO     | [QUESTION_SENT] {"question_idx": 816, "uid": "e482891f-5c1a-413c-a7d6-985717d8adb5"}
2026-03-29 15:22:25 | INFO     | [QUESTION_ATTEMPT] {"attempt": 1, "max_questions": 300, "question_idx": 816, "uid": "e482891f-5c1a-413c-a7d6-985717d8adb5"}
2026-03-29 15:25:28 | INFO     | [QUESTION_SENT] {"question_idx": 817, "uid": "ecebae61-a3d8-4506-b3e1-3c0b24510278"}
2026-03-29 15:25:58 | INFO     | [QUESTION_ATTEMPT] {"attempt": 2, "max_questions": 300, "question_idx": 817, "uid": "ecebae61-a3d8-4506-b3e1-3c0b24510278"}
2026-03-29 15:29:01 | INFO     | [QUESTION_SENT] {"question_idx": 818, "uid": "35f1e5fe-fe66-4aba-b765-24036107f3cb"}
2026-03-29 15:29:29 | INFO     | [QUESTION_ATTEMPT] {"attempt": 3, "max_questions": 300, "question_idx": 818, "uid": "35f1e5fe-fe66-4aba-b765-24036107f3cb"}
2026-03-29 15:32:34 | INFO     | [QUESTION_SENT] {"question_idx": 819, "uid": "ff25b1db-3fe6-474d-bfe1-23f434149be5"}
2026-03-29 15:33:07 | INFO     | [QUESTION_ATTEMPT] {"attempt": 4, "max_questions": 300, "question_idx": 819, "uid": "ff25b1db-3fe6-474d-bfe1-23f434149be5"}
2026-03-29 15:36:06 | INFO     | [QUESTION_SENT] {"question_idx": 820, "uid": "51e5345c-db51-4417-9860-560ff789620a"}
2026-03-29 15:36:39 | INFO     | [QUESTION_ATTEMPT] {"attempt": 5, "max_questions": 300, "question_idx": 820, "uid": "51e5345c-db51-4417-9860-560ff789620a"}
2026-03-29 15:39:39 | INFO     | [QUESTION_SENT] {"question_idx": 821, "uid": "27cfe0f0-5b14-4662-9e89-78f5af1addc4"}
2026-03-29 15:40:11 | INFO     | [QUESTION_ATTEMPT] {"attempt": 6, "max_questions": 300, "question_idx": 821, "uid": "27cfe0f0-5b14-4662-9e89-78f5af1addc4"}
2026-03-29 15:40:23 | INFO     | [QUESTION_SENT] {"question_idx": 821, "uid": "27cfe0f0-5b14-4662-9e89-78f5af1addc4"}
2026-03-29 15:40:46 | INFO     | [QUESTION_ATTEMPT] {"attempt": 7, "max_questions": 300, "question_idx": 821, "uid": "27cfe0f0-5b14-4662-9e89-78f5af1addc4"}
2026-03-29 15:43:58 | INFO     | [QUESTION_SENT] {"question_idx": 822, "uid": "d7108cbd-fd6e-447e-8f84-13fca72f8d55"}
2026-03-29 15:44:33 | INFO     | [QUESTION_ATTEMPT] {"attempt": 8, "max_questions": 300, "question_idx": 822, "uid": "d7108cbd-fd6e-447e-8f84-13fca72f8d55"}
2026-03-29 15:47:31 | INFO     | [QUESTION_SENT] {"question_idx": 823, "uid": "e805f612-d4fe-4dc6-a0a2-d1735fc53dab"}
2026-03-29 15:48:09 | INFO     | [QUESTION_ATTEMPT] {"attempt": 9, "max_questions": 300, "question_idx": 823, "uid": "e805f612-d4fe-4dc6-a0a2-d1735fc53dab"}
2026-03-29 15:51:05 | INFO     | [QUESTION_SENT] {"question_idx": 824, "uid": "98c23cfa-40e5-4184-b98e-35a4900c0c1f"}
2026-03-29 15:51:40 | INFO     | [QUESTION_ATTEMPT] {"attempt": 10, "max_questions": 300, "question_idx": 824, "uid": "98c23cfa-40e5-4184-b98e-35a4900c0c1f"}
2026-03-29 15:54:38 | INFO     | [QUESTION_SENT] {"question_idx": 825, "uid": "6456b2d3-0854-4293-be81-1190f1d9aeed"}
2026-03-29 15:55:05 | INFO     | [QUESTION_ATTEMPT] {"attempt": 11, "max_questions": 300, "question_idx": 825, "uid": "6456b2d3-0854-4293-be81-1190f1d9aeed"}
2026-03-29 15:58:11 | INFO     | [QUESTION_SENT] {"question_idx": 826, "uid": "3ba055c4-0e2d-4b46-97ef-0a229f7e4301"}
2026-03-29 15:58:48 | INFO     | [QUESTION_ATTEMPT] {"attempt": 12, "max_questions": 300, "question_idx": 826, "uid": "3ba055c4-0e2d-4b46-97ef-0a229f7e4301"}
2026-03-29 16:01:44 | INFO     | [QUESTION_SENT] {"question_idx": 827, "uid": "1e44c95d-31b1-4422-82c8-edb8598cc479"}
2026-03-29 16:02:12 | INFO     | [QUESTION_ATTEMPT] {"attempt": 13, "max_questions": 300, "question_idx": 827, "uid": "1e44c95d-31b1-4422-82c8-edb8598cc479"}
2026-03-29 16:05:17 | INFO     | [QUESTION_SENT] {"question_idx": 828, "uid": "4f5cae99-8343-401d-9f21-8f6101e3b53a"}
2026-03-29 16:05:51 | INFO     | [QUESTION_ATTEMPT] {"attempt": 14, "max_questions": 300, "question_idx": 828, "uid": "4f5cae99-8343-401d-9f21-8f6101e3b53a"}
2026-03-29 16:08:50 | INFO     | [QUESTION_SENT] {"question_idx": 829, "uid": "1965c455-7b42-4a49-a645-838c06fb1edc"}
2026-03-29 16:09:21 | INFO     | [QUESTION_ATTEMPT] {"attempt": 15, "max_questions": 300, "question_idx": 829, "uid": "1965c455-7b42-4a49-a645-838c06fb1edc"}
2026-03-29 16:12:23 | INFO     | [QUESTION_SENT] {"question_idx": 830, "uid": "c9317410-db63-4a9d-a4f2-13a34333cc5b"}
2026-03-29 16:12:53 | INFO     | [QUESTION_ATTEMPT] {"attempt": 16, "max_questions": 300, "question_idx": 830, "uid": "c9317410-db63-4a9d-a4f2-13a34333cc5b"}
2026-03-29 16:15:55 | INFO     | [QUESTION_SENT] {"question_idx": 831, "uid": "5ff81ce9-8481-4b31-83a1-787cf82d830d"}
2026-03-29 16:16:26 | INFO     | [QUESTION_ATTEMPT] {"attempt": 17, "max_questions": 300, "question_idx": 831, "uid": "5ff81ce9-8481-4b31-83a1-787cf82d830d"}
2026-03-29 16:19:28 | INFO     | [QUESTION_SENT] {"question_idx": 832, "uid": "369153f3-122b-4f74-b855-d1212530c72c"}
2026-03-29 16:19:56 | INFO     | [QUESTION_ATTEMPT] {"attempt": 18, "max_questions": 300, "question_idx": 832, "uid": "369153f3-122b-4f74-b855-d1212530c72c"}
2026-03-29 16:23:01 | INFO     | [QUESTION_SENT] {"question_idx": 833, "uid": "4a890b15-b740-4e12-a5cd-0b184b1d1d1d"}
2026-03-29 16:23:39 | INFO     | [QUESTION_ATTEMPT] {"attempt": 19, "max_questions": 300, "question_idx": 833, "uid": "4a890b15-b740-4e12-a5cd-0b184b1d1d1d"}
2026-03-29 16:26:34 | INFO     | [QUESTION_SENT] {"question_idx": 834, "uid": "b3ecac32-4416-419b-b73e-f39c5bd3946c"}
2026-03-29 16:27:05 | INFO     | [QUESTION_ATTEMPT] {"attempt": 20, "max_questions": 300, "question_idx": 834, "uid": "b3ecac32-4416-419b-b73e-f39c5bd3946c"}
2026-03-29 16:30:07 | INFO     | [QUESTION_SENT] {"question_idx": 835, "uid": "00384831-9ac7-4d98-8ea8-0ed31845ded3"}
2026-03-29 16:30:39 | INFO     | [QUESTION_ATTEMPT] {"attempt": 21, "max_questions": 300, "question_idx": 835, "uid": "00384831-9ac7-4d98-8ea8-0ed31845ded3"}
2026-03-29 16:33:40 | INFO     | [QUESTION_SENT] {"question_idx": 836, "uid": "b13981da-d779-4db1-b611-af8df8f1a16f"}
2026-03-29 16:34:03 | INFO     | [QUESTION_ATTEMPT] {"attempt": 22, "max_questions": 300, "question_idx": 836, "uid": "b13981da-d779-4db1-b611-af8df8f1a16f"}
2026-03-29 16:34:16 | INFO     | [QUESTION_SENT] {"question_idx": 836, "uid": "b13981da-d779-4db1-b611-af8df8f1a16f"}
2026-03-29 16:34:43 | INFO     | [QUESTION_ATTEMPT] {"attempt": 23, "max_questions": 300, "question_idx": 836, "uid": "b13981da-d779-4db1-b611-af8df8f1a16f"}
2026-03-29 16:37:51 | INFO     | [QUESTION_SENT] {"question_idx": 837, "uid": "aac58ea4-0a74-40e0-8589-425de2884bfd"}
2026-03-29 16:38:22 | INFO     | [QUESTION_ATTEMPT] {"attempt": 24, "max_questions": 300, "question_idx": 837, "uid": "aac58ea4-0a74-40e0-8589-425de2884bfd"}
2026-03-29 16:38:34 | INFO     | [QUESTION_SENT] {"question_idx": 837, "uid": "aac58ea4-0a74-40e0-8589-425de2884bfd"}
2026-03-29 16:38:53 | INFO     | [QUESTION_ATTEMPT] {"attempt": 25, "max_questions": 300, "question_idx": 837, "uid": "aac58ea4-0a74-40e0-8589-425de2884bfd"}
2026-03-29 16:39:05 | INFO     | [QUESTION_SENT] {"question_idx": 837, "uid": "aac58ea4-0a74-40e0-8589-425de2884bfd"}
2026-03-29 16:42:41 | INFO     | [QUESTION_SENT] {"question_idx": 837, "uid": "aac58ea4-0a74-40e0-8589-425de2884bfd"}
2026-03-29 16:43:11 | INFO     | [QUESTION_ATTEMPT] {"attempt": 26, "max_questions": 300, "question_idx": 837, "uid": "aac58ea4-0a74-40e0-8589-425de2884bfd"}
2026-03-29 16:46:14 | INFO     | [QUESTION_SENT] {"question_idx": 838, "uid": "51d3fb26-1aac-49a5-9319-951a98ef488f"}
2026-03-29 16:46:45 | INFO     | [QUESTION_ATTEMPT] {"attempt": 27, "max_questions": 300, "question_idx": 838, "uid": "51d3fb26-1aac-49a5-9319-951a98ef488f"}
2026-03-29 16:49:47 | INFO     | [QUESTION_SENT] {"question_idx": 839, "uid": "1e6aa492-3bd6-4dcc-be71-26a94c4bcd42"}
2026-03-29 16:50:15 | INFO     | [QUESTION_ATTEMPT] {"attempt": 28, "max_questions": 300, "question_idx": 839, "uid": "1e6aa492-3bd6-4dcc-be71-26a94c4bcd42"}
2026-03-29 16:53:20 | INFO     | [QUESTION_SENT] {"question_idx": 840, "uid": "59a7af20-4259-4e88-aced-1b6c46bc1e97"}
2026-03-29 16:53:50 | INFO     | [QUESTION_ATTEMPT] {"attempt": 29, "max_questions": 300, "question_idx": 840, "uid": "59a7af20-4259-4e88-aced-1b6c46bc1e97"}
2026-03-29 16:56:53 | INFO     | [QUESTION_SENT] {"question_idx": 841, "uid": "649b932e-7ed5-4c1a-9407-fe500a5c8517"}
2026-03-29 16:57:24 | INFO     | [QUESTION_ATTEMPT] {"attempt": 30, "max_questions": 300, "question_idx": 841, "uid": "649b932e-7ed5-4c1a-9407-fe500a5c8517"}
2026-03-29 17:00:25 | INFO     | [QUESTION_SENT] {"question_idx": 842, "uid": "b8cf8b48-54b7-498b-a4f4-7bf3bbef059d"}
2026-03-29 17:00:54 | INFO     | [QUESTION_ATTEMPT] {"attempt": 31, "max_questions": 300, "question_idx": 842, "uid": "b8cf8b48-54b7-498b-a4f4-7bf3bbef059d"}
2026-03-29 17:03:59 | INFO     | [QUESTION_SENT] {"question_idx": 843, "uid": "cc95f30d-2b7b-433e-804e-167e1f252ef9"}
2026-03-29 17:04:32 | INFO     | [QUESTION_ATTEMPT] {"attempt": 32, "max_questions": 300, "question_idx": 843, "uid": "cc95f30d-2b7b-433e-804e-167e1f252ef9"}
2026-03-29 17:07:31 | INFO     | [QUESTION_SENT] {"question_idx": 844, "uid": "3a5891cf-57e8-4480-8ffb-130a9b45a31e"}
2026-03-29 17:08:01 | INFO     | [QUESTION_ATTEMPT] {"attempt": 33, "max_questions": 300, "question_idx": 844, "uid": "3a5891cf-57e8-4480-8ffb-130a9b45a31e"}
2026-03-29 17:11:04 | INFO     | [QUESTION_SENT] {"question_idx": 845, "uid": "2d4839ad-e643-4a91-8684-5063014b553b"}
2026-03-29 17:11:36 | INFO     | [QUESTION_ATTEMPT] {"attempt": 34, "max_questions": 300, "question_idx": 845, "uid": "2d4839ad-e643-4a91-8684-5063014b553b"}
2026-03-29 17:14:37 | INFO     | [QUESTION_SENT] {"question_idx": 846, "uid": "e0c91233-fb3d-4df3-9324-672c11f0228b"}
2026-03-29 17:15:09 | INFO     | [QUESTION_ATTEMPT] {"attempt": 35, "max_questions": 300, "question_idx": 846, "uid": "e0c91233-fb3d-4df3-9324-672c11f0228b"}
2026-03-29 17:18:10 | INFO     | [QUESTION_SENT] {"question_idx": 847, "uid": "d762c356-0f2c-491c-8b83-611c3a06663a"}
2026-03-29 17:18:40 | INFO     | [QUESTION_ATTEMPT] {"attempt": 36, "max_questions": 300, "question_idx": 847, "uid": "d762c356-0f2c-491c-8b83-611c3a06663a"}
2026-03-29 17:21:43 | INFO     | [QUESTION_SENT] {"question_idx": 848, "uid": "896da20a-0481-4ee4-984a-f6d1066e5c07"}
2026-03-29 17:22:10 | INFO     | [QUESTION_ATTEMPT] {"attempt": 37, "max_questions": 300, "question_idx": 848, "uid": "896da20a-0481-4ee4-984a-f6d1066e5c07"}
2026-03-29 17:25:16 | INFO     | [QUESTION_SENT] {"question_idx": 849, "uid": "93b56659-71b8-4981-947e-5954097a8f91"}
2026-03-29 17:26:02 | INFO     | [QUESTION_ATTEMPT] {"attempt": 38, "max_questions": 300, "question_idx": 849, "uid": "93b56659-71b8-4981-947e-5954097a8f91"}
2026-03-29 17:28:49 | INFO     | [QUESTION_SENT] {"question_idx": 850, "uid": "0e1fa875-f752-44a3-9fb2-6dd631254d2f"}
2026-03-29 17:29:18 | INFO     | [QUESTION_ATTEMPT] {"attempt": 39, "max_questions": 300, "question_idx": 850, "uid": "0e1fa875-f752-44a3-9fb2-6dd631254d2f"}
2026-03-29 17:32:22 | INFO     | [QUESTION_SENT] {"question_idx": 851, "uid": "6b66976d-9677-4000-ad4d-a0363806da3b"}
2026-03-29 17:32:58 | INFO     | [QUESTION_ATTEMPT] {"attempt": 40, "max_questions": 300, "question_idx": 851, "uid": "6b66976d-9677-4000-ad4d-a0363806da3b"}
2026-03-29 17:33:10 | INFO     | [QUESTION_SENT] {"question_idx": 851, "uid": "6b66976d-9677-4000-ad4d-a0363806da3b"}
2026-03-29 17:33:32 | INFO     | [QUESTION_ATTEMPT] {"attempt": 41, "max_questions": 300, "question_idx": 851, "uid": "6b66976d-9677-4000-ad4d-a0363806da3b"}
2026-03-29 17:36:45 | INFO     | [QUESTION_SENT] {"question_idx": 852, "uid": "8ad4328a-3892-40ae-b1c3-828648d01c83"}
2026-03-29 17:37:16 | INFO     | [QUESTION_ATTEMPT] {"attempt": 42, "max_questions": 300, "question_idx": 852, "uid": "8ad4328a-3892-40ae-b1c3-828648d01c83"}
2026-03-29 17:40:18 | INFO     | [QUESTION_SENT] {"question_idx": 853, "uid": "6c81920b-d6e9-4dea-84de-451018770dad"}
2026-03-29 17:40:51 | INFO     | [QUESTION_ATTEMPT] {"attempt": 43, "max_questions": 300, "question_idx": 853, "uid": "6c81920b-d6e9-4dea-84de-451018770dad"}
2026-03-29 17:43:51 | INFO     | [QUESTION_SENT] {"question_idx": 854, "uid": "b80077ad-0272-49f1-84d1-324f887d0c39"}
2026-03-29 17:44:27 | INFO     | [QUESTION_ATTEMPT] {"attempt": 44, "max_questions": 300, "question_idx": 854, "uid": "b80077ad-0272-49f1-84d1-324f887d0c39"}
2026-03-29 17:47:24 | INFO     | [QUESTION_SENT] {"question_idx": 855, "uid": "6b1838ab-5a2a-4f44-8987-2abe7a4cc1f8"}
2026-03-29 17:47:54 | INFO     | [QUESTION_ATTEMPT] {"attempt": 45, "max_questions": 300, "question_idx": 855, "uid": "6b1838ab-5a2a-4f44-8987-2abe7a4cc1f8"}
2026-03-29 17:50:57 | INFO     | [QUESTION_SENT] {"question_idx": 856, "uid": "355b9677-03b3-4c07-afe1-bb52b92ad3f2"}
2026-03-29 17:51:27 | INFO     | [QUESTION_ATTEMPT] {"attempt": 46, "max_questions": 300, "question_idx": 856, "uid": "355b9677-03b3-4c07-afe1-bb52b92ad3f2"}
2026-03-29 17:54:30 | INFO     | [QUESTION_SENT] {"question_idx": 857, "uid": "eb353e46-ba0f-4e76-9b41-0940064b0d8c"}
2026-03-29 17:54:59 | INFO     | [QUESTION_ATTEMPT] {"attempt": 47, "max_questions": 300, "question_idx": 857, "uid": "eb353e46-ba0f-4e76-9b41-0940064b0d8c"}
2026-03-29 17:58:03 | INFO     | [QUESTION_SENT] {"question_idx": 858, "uid": "6c89a29f-fa33-449a-9e31-1b08a5491deb"}
2026-03-29 17:58:22 | INFO     | [QUESTION_ATTEMPT] {"attempt": 48, "max_questions": 300, "question_idx": 858, "uid": "6c89a29f-fa33-449a-9e31-1b08a5491deb"}
2026-03-29 17:58:34 | INFO     | [QUESTION_SENT] {"question_idx": 858, "uid": "6c89a29f-fa33-449a-9e31-1b08a5491deb"}
2026-03-29 17:58:56 | INFO     | [QUESTION_ATTEMPT] {"attempt": 49, "max_questions": 300, "question_idx": 858, "uid": "6c89a29f-fa33-449a-9e31-1b08a5491deb"}
2026-03-29 18:02:10 | INFO     | [QUESTION_SENT] {"question_idx": 859, "uid": "670b97c9-6890-472d-ba45-dd91fbd26081"}
2026-03-29 18:02:40 | INFO     | [QUESTION_ATTEMPT] {"attempt": 50, "max_questions": 300, "question_idx": 859, "uid": "670b97c9-6890-472d-ba45-dd91fbd26081"}
2026-03-29 18:05:43 | INFO     | [QUESTION_SENT] {"question_idx": 860, "uid": "f2657847-860b-4a55-80ca-c54d6e24c651"}
2026-03-29 18:06:13 | INFO     | [QUESTION_ATTEMPT] {"attempt": 51, "max_questions": 300, "question_idx": 860, "uid": "f2657847-860b-4a55-80ca-c54d6e24c651"}
2026-03-29 18:09:15 | INFO     | [QUESTION_SENT] {"question_idx": 861, "uid": "2d9e1f22-b990-4648-9dc3-3ebc97e996a9"}
2026-03-29 18:09:40 | INFO     | [QUESTION_ATTEMPT] {"attempt": 52, "max_questions": 300, "question_idx": 861, "uid": "2d9e1f22-b990-4648-9dc3-3ebc97e996a9"}
2026-03-29 18:09:52 | INFO     | [QUESTION_SENT] {"question_idx": 861, "uid": "2d9e1f22-b990-4648-9dc3-3ebc97e996a9"}
2026-03-29 18:10:10 | INFO     | [QUESTION_ATTEMPT] {"attempt": 53, "max_questions": 300, "question_idx": 861, "uid": "2d9e1f22-b990-4648-9dc3-3ebc97e996a9"}
2026-03-29 18:13:28 | INFO     | [QUESTION_SENT] {"question_idx": 862, "uid": "ae9987b4-eb0b-4041-b733-af6b7d447bb8"}
2026-03-29 18:14:00 | INFO     | [QUESTION_ATTEMPT] {"attempt": 54, "max_questions": 300, "question_idx": 862, "uid": "ae9987b4-eb0b-4041-b733-af6b7d447bb8"}
2026-03-29 18:17:01 | INFO     | [QUESTION_SENT] {"question_idx": 863, "uid": "48b19c86-3620-4a28-adcd-bcac1ea10049"}
2026-03-29 18:17:34 | INFO     | [QUESTION_ATTEMPT] {"attempt": 55, "max_questions": 300, "question_idx": 863, "uid": "48b19c86-3620-4a28-adcd-bcac1ea10049"}
2026-03-29 18:20:33 | INFO     | [QUESTION_SENT] {"question_idx": 864, "uid": "c5f18aad-4a78-4a63-875c-ec07dde0e23d"}
2026-03-29 18:20:55 | INFO     | [QUESTION_ATTEMPT] {"attempt": 56, "max_questions": 300, "question_idx": 864, "uid": "c5f18aad-4a78-4a63-875c-ec07dde0e23d"}
2026-03-29 18:24:06 | INFO     | [QUESTION_SENT] {"question_idx": 864, "uid": "c5f18aad-4a78-4a63-875c-ec07dde0e23d"}
2026-03-29 18:24:29 | INFO     | [QUESTION_ATTEMPT] {"attempt": 57, "max_questions": 300, "question_idx": 864, "uid": "c5f18aad-4a78-4a63-875c-ec07dde0e23d"}
2026-03-29 18:24:42 | INFO     | [QUESTION_SENT] {"question_idx": 864, "uid": "c5f18aad-4a78-4a63-875c-ec07dde0e23d"}
2026-03-29 18:25:04 | INFO     | [QUESTION_ATTEMPT] {"attempt": 58, "max_questions": 300, "question_idx": 864, "uid": "c5f18aad-4a78-4a63-875c-ec07dde0e23d"}
2026-03-29 18:28:17 | INFO     | [QUESTION_SENT] {"question_idx": 865, "uid": "9b2369b9-8135-4b6b-b94a-c0f6b0fa9cd1"}
2026-03-29 18:28:42 | INFO     | [QUESTION_ATTEMPT] {"attempt": 59, "max_questions": 300, "question_idx": 865, "uid": "9b2369b9-8135-4b6b-b94a-c0f6b0fa9cd1"}
2026-03-29 18:28:54 | INFO     | [QUESTION_SENT] {"question_idx": 865, "uid": "9b2369b9-8135-4b6b-b94a-c0f6b0fa9cd1"}
2026-03-29 18:29:14 | INFO     | [QUESTION_ATTEMPT] {"attempt": 60, "max_questions": 300, "question_idx": 865, "uid": "9b2369b9-8135-4b6b-b94a-c0f6b0fa9cd1"}
2026-03-29 18:32:30 | INFO     | [QUESTION_SENT] {"question_idx": 866, "uid": "e5f97add-106a-42e3-8b30-d92d857ccb41"}
2026-03-29 18:33:01 | INFO     | [QUESTION_ATTEMPT] {"attempt": 61, "max_questions": 300, "question_idx": 866, "uid": "e5f97add-106a-42e3-8b30-d92d857ccb41"}
2026-03-29 18:36:02 | INFO     | [QUESTION_SENT] {"question_idx": 867, "uid": "967722ac-3278-4fb8-9bad-f53a98336b82"}
2026-03-29 18:36:30 | INFO     | [QUESTION_ATTEMPT] {"attempt": 62, "max_questions": 300, "question_idx": 867, "uid": "967722ac-3278-4fb8-9bad-f53a98336b82"}
2026-03-29 18:36:42 | INFO     | [QUESTION_SENT] {"question_idx": 867, "uid": "967722ac-3278-4fb8-9bad-f53a98336b82"}
2026-03-29 18:40:18 | INFO     | [QUESTION_SENT] {"question_idx": 867, "uid": "967722ac-3278-4fb8-9bad-f53a98336b82"}
2026-03-29 18:40:47 | INFO     | [QUESTION_ATTEMPT] {"attempt": 63, "max_questions": 300, "question_idx": 867, "uid": "967722ac-3278-4fb8-9bad-f53a98336b82"}
2026-03-29 18:43:51 | INFO     | [QUESTION_SENT] {"question_idx": 868, "uid": "3e0c947c-a2fb-4c9e-9e99-daafb6bab028"}
2026-03-29 18:44:24 | INFO     | [QUESTION_ATTEMPT] {"attempt": 64, "max_questions": 300, "question_idx": 868, "uid": "3e0c947c-a2fb-4c9e-9e99-daafb6bab028"}
2026-03-29 18:47:24 | INFO     | [QUESTION_SENT] {"question_idx": 869, "uid": "9ab6acbf-bcf1-43a1-8e00-3ac7e798afb7"}
2026-03-29 18:47:52 | INFO     | [QUESTION_ATTEMPT] {"attempt": 65, "max_questions": 300, "question_idx": 869, "uid": "9ab6acbf-bcf1-43a1-8e00-3ac7e798afb7"}
2026-03-29 18:48:05 | INFO     | [QUESTION_SENT] {"question_idx": 869, "uid": "9ab6acbf-bcf1-43a1-8e00-3ac7e798afb7"}
2026-03-29 18:48:25 | INFO     | [QUESTION_ATTEMPT] {"attempt": 66, "max_questions": 300, "question_idx": 869, "uid": "9ab6acbf-bcf1-43a1-8e00-3ac7e798afb7"}
2026-03-29 18:51:40 | INFO     | [QUESTION_SENT] {"question_idx": 869, "uid": "9ab6acbf-bcf1-43a1-8e00-3ac7e798afb7"}
2026-03-29 18:52:05 | INFO     | [QUESTION_ATTEMPT] {"attempt": 67, "max_questions": 300, "question_idx": 869, "uid": "9ab6acbf-bcf1-43a1-8e00-3ac7e798afb7"}
2026-03-29 18:52:17 | INFO     | [QUESTION_SENT] {"question_idx": 869, "uid": "9ab6acbf-bcf1-43a1-8e00-3ac7e798afb7"}
2026-03-29 18:52:42 | INFO     | [QUESTION_ATTEMPT] {"attempt": 68, "max_questions": 300, "question_idx": 869, "uid": "9ab6acbf-bcf1-43a1-8e00-3ac7e798afb7"}
2026-03-29 18:55:53 | INFO     | [QUESTION_SENT] {"question_idx": 870, "uid": "2c5db6e1-dcc1-472b-8541-77a77a02501e"}
2026-03-29 18:56:24 | INFO     | [QUESTION_ATTEMPT] {"attempt": 69, "max_questions": 300, "question_idx": 870, "uid": "2c5db6e1-dcc1-472b-8541-77a77a02501e"}
2026-03-29 18:59:26 | INFO     | [QUESTION_SENT] {"question_idx": 871, "uid": "a0a6a5d5-0485-454a-9c5d-cb30d9e77ee6"}
2026-03-29 18:59:54 | INFO     | [QUESTION_ATTEMPT] {"attempt": 70, "max_questions": 300, "question_idx": 871, "uid": "a0a6a5d5-0485-454a-9c5d-cb30d9e77ee6"}
2026-03-29 19:02:59 | INFO     | [QUESTION_SENT] {"question_idx": 872, "uid": "04af775a-6536-4dc4-95b5-f43626458e1e"}
2026-03-29 19:03:33 | INFO     | [QUESTION_ATTEMPT] {"attempt": 71, "max_questions": 300, "question_idx": 872, "uid": "04af775a-6536-4dc4-95b5-f43626458e1e"}
2026-03-29 19:06:32 | INFO     | [QUESTION_SENT] {"question_idx": 873, "uid": "04c03524-173e-4ffe-9b3e-7de9a512ba72"}
2026-03-29 19:07:03 | INFO     | [QUESTION_ATTEMPT] {"attempt": 72, "max_questions": 300, "question_idx": 873, "uid": "04c03524-173e-4ffe-9b3e-7de9a512ba72"}
2026-03-29 19:10:05 | INFO     | [QUESTION_SENT] {"question_idx": 874, "uid": "10d3f344-567b-427e-85ff-4afbb36ada47"}
2026-03-29 19:10:35 | INFO     | [QUESTION_ATTEMPT] {"attempt": 73, "max_questions": 300, "question_idx": 874, "uid": "10d3f344-567b-427e-85ff-4afbb36ada47"}
2026-03-29 19:13:38 | INFO     | [QUESTION_SENT] {"question_idx": 875, "uid": "6f4ee95f-bd1e-4e68-b0f2-0a791e52a0c2"}
2026-03-29 19:14:18 | INFO     | [QUESTION_ATTEMPT] {"attempt": 74, "max_questions": 300, "question_idx": 875, "uid": "6f4ee95f-bd1e-4e68-b0f2-0a791e52a0c2"}
2026-03-29 19:17:10 | INFO     | [QUESTION_SENT] {"question_idx": 876, "uid": "e4b8bc7f-3796-4b21-b39b-33e0b931d5d3"}
2026-03-29 19:17:42 | INFO     | [QUESTION_ATTEMPT] {"attempt": 75, "max_questions": 300, "question_idx": 876, "uid": "e4b8bc7f-3796-4b21-b39b-33e0b931d5d3"}
2026-03-29 19:20:43 | INFO     | [QUESTION_SENT] {"question_idx": 877, "uid": "7abbf2a1-96c5-4f36-836f-b3a4334885c3"}
2026-03-29 19:21:15 | INFO     | [QUESTION_ATTEMPT] {"attempt": 76, "max_questions": 300, "question_idx": 877, "uid": "7abbf2a1-96c5-4f36-836f-b3a4334885c3"}
2026-03-29 19:24:16 | INFO     | [QUESTION_SENT] {"question_idx": 878, "uid": "329b046a-e230-4da6-8302-029fcac03dd8"}
2026-03-29 19:24:46 | INFO     | [QUESTION_ATTEMPT] {"attempt": 77, "max_questions": 300, "question_idx": 878, "uid": "329b046a-e230-4da6-8302-029fcac03dd8"}
2026-03-29 19:27:49 | INFO     | [QUESTION_SENT] {"question_idx": 879, "uid": "eac91fa9-87ed-41b9-86b1-a6109ddcc4f2"}
2026-03-29 19:28:16 | INFO     | [QUESTION_ATTEMPT] {"attempt": 78, "max_questions": 300, "question_idx": 879, "uid": "eac91fa9-87ed-41b9-86b1-a6109ddcc4f2"}
2026-03-29 19:28:29 | INFO     | [QUESTION_SENT] {"question_idx": 879, "uid": "eac91fa9-87ed-41b9-86b1-a6109ddcc4f2"}
2026-03-29 19:28:46 | INFO     | [QUESTION_ATTEMPT] {"attempt": 79, "max_questions": 300, "question_idx": 879, "uid": "eac91fa9-87ed-41b9-86b1-a6109ddcc4f2"}
2026-03-29 19:32:04 | INFO     | [QUESTION_SENT] {"question_idx": 880, "uid": "6e0462bd-8324-4b68-a1c8-a6b3431232d6"}
2026-03-29 19:32:33 | INFO     | [QUESTION_ATTEMPT] {"attempt": 80, "max_questions": 300, "question_idx": 880, "uid": "6e0462bd-8324-4b68-a1c8-a6b3431232d6"}
2026-03-29 19:32:45 | INFO     | [QUESTION_SENT] {"question_idx": 880, "uid": "6e0462bd-8324-4b68-a1c8-a6b3431232d6"}
2026-03-29 19:33:03 | INFO     | [QUESTION_ATTEMPT] {"attempt": 81, "max_questions": 300, "question_idx": 880, "uid": "6e0462bd-8324-4b68-a1c8-a6b3431232d6"}
2026-03-29 19:33:15 | INFO     | [QUESTION_SENT] {"question_idx": 880, "uid": "6e0462bd-8324-4b68-a1c8-a6b3431232d6"}
2026-03-29 19:33:33 | INFO     | [QUESTION_ATTEMPT] {"attempt": 82, "max_questions": 300, "question_idx": 880, "uid": "6e0462bd-8324-4b68-a1c8-a6b3431232d6"}
2026-03-29 19:33:45 | INFO     | [QUESTION_SENT] {"question_idx": 880, "uid": "6e0462bd-8324-4b68-a1c8-a6b3431232d6"}
2026-03-29 19:34:02 | INFO     | [QUESTION_ATTEMPT] {"attempt": 83, "max_questions": 300, "question_idx": 880, "uid": "6e0462bd-8324-4b68-a1c8-a6b3431232d6"}
2026-03-29 19:34:15 | INFO     | [QUESTION_SENT] {"question_idx": 880, "uid": "6e0462bd-8324-4b68-a1c8-a6b3431232d6"}
2026-03-29 19:34:46 | INFO     | [QUESTION_ATTEMPT] {"attempt": 84, "max_questions": 300, "question_idx": 880, "uid": "6e0462bd-8324-4b68-a1c8-a6b3431232d6"}
2026-03-29 19:34:59 | INFO     | [QUESTION_SENT] {"question_idx": 880, "uid": "6e0462bd-8324-4b68-a1c8-a6b3431232d6"}
2026-03-29 19:35:22 | INFO     | [QUESTION_ATTEMPT] {"attempt": 85, "max_questions": 300, "question_idx": 880, "uid": "6e0462bd-8324-4b68-a1c8-a6b3431232d6"}
2026-03-29 19:35:34 | INFO     | [QUESTION_SENT] {"question_idx": 880, "uid": "6e0462bd-8324-4b68-a1c8-a6b3431232d6"}
2026-03-29 19:35:51 | INFO     | [QUESTION_ATTEMPT] {"attempt": 86, "max_questions": 300, "question_idx": 880, "uid": "6e0462bd-8324-4b68-a1c8-a6b3431232d6"}
2026-03-29 19:36:04 | INFO     | [QUESTION_SENT] {"question_idx": 880, "uid": "6e0462bd-8324-4b68-a1c8-a6b3431232d6"}
2026-03-29 19:36:30 | INFO     | [QUESTION_ATTEMPT] {"attempt": 87, "max_questions": 300, "question_idx": 880, "uid": "6e0462bd-8324-4b68-a1c8-a6b3431232d6"}
2026-03-29 19:36:42 | INFO     | [QUESTION_SENT] {"question_idx": 880, "uid": "6e0462bd-8324-4b68-a1c8-a6b3431232d6"}
2026-03-29 19:37:27 | INFO     | [QUESTION_ATTEMPT] {"attempt": 88, "max_questions": 300, "question_idx": 880, "uid": "6e0462bd-8324-4b68-a1c8-a6b3431232d6"}
2026-03-29 19:40:18 | INFO     | [QUESTION_SENT] {"question_idx": 881, "uid": "84099c08-eb10-4519-ae51-2f6916f966f8"}
2026-03-29 19:40:56 | INFO     | [QUESTION_ATTEMPT] {"attempt": 89, "max_questions": 300, "question_idx": 881, "uid": "84099c08-eb10-4519-ae51-2f6916f966f8"}
2026-03-29 19:43:51 | INFO     | [QUESTION_SENT] {"question_idx": 882, "uid": "291c0fa1-34de-4729-af95-941eb743b0ee"}
2026-03-29 19:44:24 | INFO     | [QUESTION_ATTEMPT] {"attempt": 90, "max_questions": 300, "question_idx": 882, "uid": "291c0fa1-34de-4729-af95-941eb743b0ee"}
2026-03-29 19:47:23 | INFO     | [QUESTION_SENT] {"question_idx": 883, "uid": "f94ea628-a92e-4bed-98f5-da39c691b741"}
2026-03-29 19:47:54 | INFO     | [QUESTION_ATTEMPT] {"attempt": 91, "max_questions": 300, "question_idx": 883, "uid": "f94ea628-a92e-4bed-98f5-da39c691b741"}
2026-03-29 19:48:06 | INFO     | [QUESTION_SENT] {"question_idx": 883, "uid": "f94ea628-a92e-4bed-98f5-da39c691b741"}
2026-03-29 19:48:28 | INFO     | [QUESTION_ATTEMPT] {"attempt": 92, "max_questions": 300, "question_idx": 883, "uid": "f94ea628-a92e-4bed-98f5-da39c691b741"}
2026-03-29 19:51:41 | INFO     | [QUESTION_SENT] {"question_idx": 884, "uid": "d99319d8-d94a-4d35-8386-dceda43d8081"}
2026-03-29 19:52:13 | INFO     | [QUESTION_ATTEMPT] {"attempt": 93, "max_questions": 300, "question_idx": 884, "uid": "d99319d8-d94a-4d35-8386-dceda43d8081"}
2026-03-29 19:55:14 | INFO     | [QUESTION_SENT] {"question_idx": 885, "uid": "19962a98-6cdd-46be-bc3a-b065d997ae64"}
2026-03-29 19:55:40 | INFO     | [QUESTION_ATTEMPT] {"attempt": 94, "max_questions": 300, "question_idx": 885, "uid": "19962a98-6cdd-46be-bc3a-b065d997ae64"}
2026-03-29 19:58:47 | INFO     | [QUESTION_SENT] {"question_idx": 886, "uid": "694ee114-9be3-40a4-a08c-f3d4b212595a"}
2026-03-29 19:59:20 | INFO     | [QUESTION_ATTEMPT] {"attempt": 95, "max_questions": 300, "question_idx": 886, "uid": "694ee114-9be3-40a4-a08c-f3d4b212595a"}
2026-03-29 20:02:20 | INFO     | [QUESTION_SENT] {"question_idx": 887, "uid": "b0dbd1d4-c91d-4506-8c8e-5cff745b7b86"}
2026-03-29 20:02:52 | INFO     | [QUESTION_ATTEMPT] {"attempt": 96, "max_questions": 300, "question_idx": 887, "uid": "b0dbd1d4-c91d-4506-8c8e-5cff745b7b86"}
2026-03-29 20:05:53 | INFO     | [QUESTION_SENT] {"question_idx": 888, "uid": "a22bdd90-767a-4cfa-aa5a-4c9511603ed3"}
2026-03-29 20:06:19 | INFO     | [QUESTION_ATTEMPT] {"attempt": 97, "max_questions": 300, "question_idx": 888, "uid": "a22bdd90-767a-4cfa-aa5a-4c9511603ed3"}
2026-03-29 20:06:31 | INFO     | [QUESTION_SENT] {"question_idx": 888, "uid": "a22bdd90-767a-4cfa-aa5a-4c9511603ed3"}
2026-03-29 20:06:53 | INFO     | [QUESTION_ATTEMPT] {"attempt": 98, "max_questions": 300, "question_idx": 888, "uid": "a22bdd90-767a-4cfa-aa5a-4c9511603ed3"}
2026-03-29 20:10:07 | INFO     | [QUESTION_SENT] {"question_idx": 889, "uid": "a41746a8-8b9c-4918-9094-70abea33cd47"}
2026-03-29 20:10:31 | INFO     | [QUESTION_ATTEMPT] {"attempt": 99, "max_questions": 300, "question_idx": 889, "uid": "a41746a8-8b9c-4918-9094-70abea33cd47"}
2026-03-29 20:10:44 | INFO     | [QUESTION_SENT] {"question_idx": 889, "uid": "a41746a8-8b9c-4918-9094-70abea33cd47"}
2026-03-29 20:11:09 | INFO     | [QUESTION_ATTEMPT] {"attempt": 100, "max_questions": 300, "question_idx": 889, "uid": "a41746a8-8b9c-4918-9094-70abea33cd47"}
2026-03-29 20:14:19 | INFO     | [QUESTION_SENT] {"question_idx": 890, "uid": "b638f5cf-b968-403e-8eaf-3fdcdad1c9f1"}
2026-03-29 20:14:56 | INFO     | [QUESTION_ATTEMPT] {"attempt": 101, "max_questions": 300, "question_idx": 890, "uid": "b638f5cf-b968-403e-8eaf-3fdcdad1c9f1"}
2026-03-29 20:17:52 | INFO     | [QUESTION_SENT] {"question_idx": 891, "uid": "a658a88d-3235-49ec-8aaf-6d16314677e9"}
2026-03-29 20:21:25 | INFO     | [QUESTION_SENT] {"question_idx": 891, "uid": "a658a88d-3235-49ec-8aaf-6d16314677e9"}
2026-03-29 20:21:54 | INFO     | [QUESTION_ATTEMPT] {"attempt": 102, "max_questions": 300, "question_idx": 891, "uid": "a658a88d-3235-49ec-8aaf-6d16314677e9"}
2026-03-29 20:22:07 | INFO     | [QUESTION_SENT] {"question_idx": 891, "uid": "a658a88d-3235-49ec-8aaf-6d16314677e9"}
2026-03-29 20:22:27 | INFO     | [QUESTION_ATTEMPT] {"attempt": 103, "max_questions": 300, "question_idx": 891, "uid": "a658a88d-3235-49ec-8aaf-6d16314677e9"}
2026-03-29 20:25:42 | INFO     | [QUESTION_SENT] {"question_idx": 892, "uid": "aeaa14ba-e2c7-498e-b99d-1495b1e060d6"}
2026-03-29 20:26:11 | INFO     | [QUESTION_ATTEMPT] {"attempt": 104, "max_questions": 300, "question_idx": 892, "uid": "aeaa14ba-e2c7-498e-b99d-1495b1e060d6"}
2026-03-29 20:29:15 | INFO     | [QUESTION_SENT] {"question_idx": 893, "uid": "fb914ddb-139f-42ad-85e1-3ef71d2f3b40"}
2026-03-29 20:29:42 | INFO     | [QUESTION_ATTEMPT] {"attempt": 105, "max_questions": 300, "question_idx": 893, "uid": "fb914ddb-139f-42ad-85e1-3ef71d2f3b40"}
2026-03-29 20:32:48 | INFO     | [QUESTION_SENT] {"question_idx": 894, "uid": "6de6b127-8ff3-4946-83ea-bcc10c55305f"}
2026-03-29 20:33:17 | INFO     | [QUESTION_ATTEMPT] {"attempt": 106, "max_questions": 300, "question_idx": 894, "uid": "6de6b127-8ff3-4946-83ea-bcc10c55305f"}
2026-03-29 20:36:21 | INFO     | [QUESTION_SENT] {"question_idx": 895, "uid": "40ab531d-119d-4b06-b30a-0d7e70ef09ab"}
2026-03-29 20:36:51 | INFO     | [QUESTION_ATTEMPT] {"attempt": 107, "max_questions": 300, "question_idx": 895, "uid": "40ab531d-119d-4b06-b30a-0d7e70ef09ab"}
2026-03-29 20:39:54 | INFO     | [QUESTION_SENT] {"question_idx": 896, "uid": "2d1e0c1f-f514-488a-9848-09983dcba1fe"}
2026-03-29 20:40:23 | INFO     | [QUESTION_ATTEMPT] {"attempt": 108, "max_questions": 300, "question_idx": 896, "uid": "2d1e0c1f-f514-488a-9848-09983dcba1fe"}
2026-03-29 20:43:27 | INFO     | [QUESTION_SENT] {"question_idx": 897, "uid": "bffc30ed-96b3-4e1d-bb75-1814110d1384"}
2026-03-29 20:47:00 | INFO     | [QUESTION_SENT] {"question_idx": 897, "uid": "bffc30ed-96b3-4e1d-bb75-1814110d1384"}
2026-03-29 20:47:33 | INFO     | [QUESTION_ATTEMPT] {"attempt": 109, "max_questions": 300, "question_idx": 897, "uid": "bffc30ed-96b3-4e1d-bb75-1814110d1384"}
2026-03-29 20:50:33 | INFO     | [QUESTION_SENT] {"question_idx": 898, "uid": "9441d4f9-de20-42a5-8e5e-4ad87c2852c7"}
2026-03-29 20:51:03 | INFO     | [QUESTION_ATTEMPT] {"attempt": 110, "max_questions": 300, "question_idx": 898, "uid": "9441d4f9-de20-42a5-8e5e-4ad87c2852c7"}
2026-03-29 20:54:06 | INFO     | [QUESTION_SENT] {"question_idx": 899, "uid": "4d034cc8-e95e-41c0-b36e-7151f06582d5"}
2026-03-29 20:54:33 | INFO     | [QUESTION_ATTEMPT] {"attempt": 111, "max_questions": 300, "question_idx": 899, "uid": "4d034cc8-e95e-41c0-b36e-7151f06582d5"}
2026-03-29 20:57:39 | INFO     | [QUESTION_SENT] {"question_idx": 900, "uid": "f0789d3e-50fb-485f-ba38-3dd74eeae727"}
2026-03-29 20:58:12 | INFO     | [QUESTION_ATTEMPT] {"attempt": 112, "max_questions": 300, "question_idx": 900, "uid": "f0789d3e-50fb-485f-ba38-3dd74eeae727"}
2026-03-29 21:01:12 | INFO     | [QUESTION_SENT] {"question_idx": 901, "uid": "df828d6e-6f1d-456f-9d82-05c48dbb934b"}
2026-03-29 21:01:42 | INFO     | [QUESTION_ATTEMPT] {"attempt": 113, "max_questions": 300, "question_idx": 901, "uid": "df828d6e-6f1d-456f-9d82-05c48dbb934b"}
2026-03-29 21:04:45 | INFO     | [QUESTION_SENT] {"question_idx": 902, "uid": "d99b31a7-37d0-42f5-b087-f04c414ecd58"}
2026-03-29 21:05:15 | INFO     | [QUESTION_ATTEMPT] {"attempt": 114, "max_questions": 300, "question_idx": 902, "uid": "d99b31a7-37d0-42f5-b087-f04c414ecd58"}
2026-03-29 21:08:18 | INFO     | [QUESTION_SENT] {"question_idx": 903, "uid": "54d21573-1efb-4098-a428-778303a34a16"}
2026-03-29 21:08:40 | INFO     | [QUESTION_ATTEMPT] {"attempt": 115, "max_questions": 300, "question_idx": 903, "uid": "54d21573-1efb-4098-a428-778303a34a16"}
2026-03-29 21:11:51 | INFO     | [QUESTION_SENT] {"question_idx": 903, "uid": "54d21573-1efb-4098-a428-778303a34a16"}
2026-03-29 21:12:21 | INFO     | [QUESTION_ATTEMPT] {"attempt": 116, "max_questions": 300, "question_idx": 903, "uid": "54d21573-1efb-4098-a428-778303a34a16"}
2026-03-29 21:15:24 | INFO     | [QUESTION_SENT] {"question_idx": 904, "uid": "804c7f0f-465f-4e22-84f8-505ee236c6b1"}
2026-03-29 21:15:54 | INFO     | [QUESTION_ATTEMPT] {"attempt": 117, "max_questions": 300, "question_idx": 904, "uid": "804c7f0f-465f-4e22-84f8-505ee236c6b1"}
2026-03-29 21:18:57 | INFO     | [QUESTION_SENT] {"question_idx": 905, "uid": "6d2d7181-9a43-49ed-a7e7-f791b7677764"}
2026-03-29 21:19:23 | INFO     | [QUESTION_ATTEMPT] {"attempt": 118, "max_questions": 300, "question_idx": 905, "uid": "6d2d7181-9a43-49ed-a7e7-f791b7677764"}
2026-03-29 21:22:30 | INFO     | [QUESTION_SENT] {"question_idx": 906, "uid": "fb2545be-ef1c-4301-8efb-6e51b00d7d03"}
2026-03-29 21:22:43 | INFO     | [QUESTION_ATTEMPT] {"attempt": 119, "max_questions": 300, "question_idx": 906, "uid": "fb2545be-ef1c-4301-8efb-6e51b00d7d03"}
2026-03-29 21:22:56 | INFO     | [QUESTION_SENT] {"question_idx": 906, "uid": "fb2545be-ef1c-4301-8efb-6e51b00d7d03"}
2026-03-29 21:23:11 | INFO     | [QUESTION_ATTEMPT] {"attempt": 120, "max_questions": 300, "question_idx": 906, "uid": "fb2545be-ef1c-4301-8efb-6e51b00d7d03"}
2026-03-29 21:23:24 | INFO     | [QUESTION_SENT] {"question_idx": 906, "uid": "fb2545be-ef1c-4301-8efb-6e51b00d7d03"}
2026-03-29 21:26:59 | INFO     | [QUESTION_SENT] {"question_idx": 906, "uid": "fb2545be-ef1c-4301-8efb-6e51b00d7d03"}
2026-03-29 21:30:32 | INFO     | [QUESTION_SENT] {"question_idx": 906, "uid": "fb2545be-ef1c-4301-8efb-6e51b00d7d03"}
2026-03-29 21:31:44 | INFO     | [QUESTION_ATTEMPT] {"attempt": 121, "max_questions": 300, "question_idx": 906, "uid": "fb2545be-ef1c-4301-8efb-6e51b00d7d03"}
2026-03-29 21:34:05 | INFO     | [QUESTION_SENT] {"question_idx": 907, "uid": "a939e9d5-87fe-4bee-aaa7-112247bdef54"}
2026-03-29 21:34:31 | INFO     | [QUESTION_ATTEMPT] {"attempt": 122, "max_questions": 300, "question_idx": 907, "uid": "a939e9d5-87fe-4bee-aaa7-112247bdef54"}
2026-03-29 21:37:39 | INFO     | [QUESTION_SENT] {"question_idx": 908, "uid": "80ef1f52-04a6-4d13-9215-5e3505f4e4fc"}
2026-03-29 21:38:10 | INFO     | [QUESTION_ATTEMPT] {"attempt": 123, "max_questions": 300, "question_idx": 908, "uid": "80ef1f52-04a6-4d13-9215-5e3505f4e4fc"}
2026-03-29 21:41:12 | INFO     | [QUESTION_SENT] {"question_idx": 909, "uid": "89b9af30-e7fb-440c-88c9-dc1a4439efbc"}
2026-03-29 21:41:43 | INFO     | [QUESTION_ATTEMPT] {"attempt": 124, "max_questions": 300, "question_idx": 909, "uid": "89b9af30-e7fb-440c-88c9-dc1a4439efbc"}
2026-03-29 21:44:44 | INFO     | [QUESTION_SENT] {"question_idx": 910, "uid": "427ae094-0c17-4698-997b-571457116f79"}
2026-03-29 21:45:22 | INFO     | [QUESTION_ATTEMPT] {"attempt": 125, "max_questions": 300, "question_idx": 910, "uid": "427ae094-0c17-4698-997b-571457116f79"}
2026-03-29 21:48:17 | INFO     | [QUESTION_SENT] {"question_idx": 911, "uid": "ddd6637c-94c0-462d-a8d3-e623186dd0d2"}
2026-03-29 21:48:49 | INFO     | [QUESTION_ATTEMPT] {"attempt": 126, "max_questions": 300, "question_idx": 911, "uid": "ddd6637c-94c0-462d-a8d3-e623186dd0d2"}
2026-03-29 21:51:50 | INFO     | [QUESTION_SENT] {"question_idx": 912, "uid": "c7b8a7ba-9930-430b-8eab-4123959227c3"}
2026-03-29 21:59:20 | INFO     | [QUESTION_SENT] {"question_idx": 912, "uid": "c7b8a7ba-9930-430b-8eab-4123959227c3"}
2026-03-29 21:59:53 | INFO     | [QUESTION_ATTEMPT] {"attempt": 127, "max_questions": 300, "question_idx": 912, "uid": "c7b8a7ba-9930-430b-8eab-4123959227c3"}
2026-03-29 22:02:53 | INFO     | [QUESTION_SENT] {"question_idx": 913, "uid": "f6fd258b-4634-41a2-b84e-47c888d23589"}
2026-03-29 22:03:21 | INFO     | [QUESTION_ATTEMPT] {"attempt": 128, "max_questions": 300, "question_idx": 913, "uid": "f6fd258b-4634-41a2-b84e-47c888d23589"}
2026-03-29 22:06:26 | INFO     | [QUESTION_SENT] {"question_idx": 914, "uid": "623672ca-e7e5-4ae2-acb6-feca67f48bbb"}
2026-03-29 22:06:56 | INFO     | [QUESTION_ATTEMPT] {"attempt": 129, "max_questions": 300, "question_idx": 914, "uid": "623672ca-e7e5-4ae2-acb6-feca67f48bbb"}
2026-03-29 22:09:58 | INFO     | [QUESTION_SENT] {"question_idx": 915, "uid": "a4bd83d3-a057-470f-a208-3c1c03da0278"}
2026-03-29 22:10:27 | INFO     | [QUESTION_ATTEMPT] {"attempt": 130, "max_questions": 300, "question_idx": 915, "uid": "a4bd83d3-a057-470f-a208-3c1c03da0278"}
2026-03-29 22:13:31 | INFO     | [QUESTION_SENT] {"question_idx": 916, "uid": "816ebdc8-49ca-49c6-b87c-7cb62f09cf39"}
2026-03-29 22:14:06 | INFO     | [QUESTION_ATTEMPT] {"attempt": 131, "max_questions": 300, "question_idx": 916, "uid": "816ebdc8-49ca-49c6-b87c-7cb62f09cf39"}
2026-03-29 22:17:05 | INFO     | [QUESTION_SENT] {"question_idx": 917, "uid": "d6655160-dfae-4dd0-9485-5d169beaeb9a"}
2026-03-29 22:17:35 | INFO     | [QUESTION_ATTEMPT] {"attempt": 132, "max_questions": 300, "question_idx": 917, "uid": "d6655160-dfae-4dd0-9485-5d169beaeb9a"}
2026-03-29 22:20:38 | INFO     | [QUESTION_SENT] {"question_idx": 918, "uid": "212b171d-6494-4762-9955-27aa8c3b342f"}
2026-03-29 22:21:06 | INFO     | [QUESTION_ATTEMPT] {"attempt": 133, "max_questions": 300, "question_idx": 918, "uid": "212b171d-6494-4762-9955-27aa8c3b342f"}
2026-03-29 22:24:11 | INFO     | [QUESTION_SENT] {"question_idx": 919, "uid": "07859cde-e49b-437b-b610-5a8b9d2a354e"}
2026-03-29 22:24:38 | INFO     | [QUESTION_ATTEMPT] {"attempt": 134, "max_questions": 300, "question_idx": 919, "uid": "07859cde-e49b-437b-b610-5a8b9d2a354e"}
2026-03-29 22:24:50 | INFO     | [QUESTION_SENT] {"question_idx": 919, "uid": "07859cde-e49b-437b-b610-5a8b9d2a354e"}
2026-03-29 22:25:15 | INFO     | [QUESTION_ATTEMPT] {"attempt": 135, "max_questions": 300, "question_idx": 919, "uid": "07859cde-e49b-437b-b610-5a8b9d2a354e"}
2026-03-29 22:28:26 | INFO     | [QUESTION_SENT] {"question_idx": 920, "uid": "14fe209c-db7c-4bf6-a5ad-a40b1aa95eb6"}
2026-03-29 22:28:52 | INFO     | [QUESTION_ATTEMPT] {"attempt": 136, "max_questions": 300, "question_idx": 920, "uid": "14fe209c-db7c-4bf6-a5ad-a40b1aa95eb6"}
2026-03-29 22:31:59 | INFO     | [QUESTION_SENT] {"question_idx": 921, "uid": "077dde8f-38e4-4377-bc34-6f7473b10367"}
2026-03-29 22:32:28 | INFO     | [QUESTION_ATTEMPT] {"attempt": 137, "max_questions": 300, "question_idx": 921, "uid": "077dde8f-38e4-4377-bc34-6f7473b10367"}
2026-03-29 22:35:32 | INFO     | [QUESTION_SENT] {"question_idx": 922, "uid": "8f4a6b53-de42-4590-8c27-cf6d18aeb99f"}
2026-03-29 22:36:04 | INFO     | [QUESTION_ATTEMPT] {"attempt": 138, "max_questions": 300, "question_idx": 922, "uid": "8f4a6b53-de42-4590-8c27-cf6d18aeb99f"}
2026-03-29 22:39:05 | INFO     | [QUESTION_SENT] {"question_idx": 923, "uid": "7a5b0b28-3195-4899-a652-854a12100a86"}
2026-03-29 22:39:35 | INFO     | [QUESTION_ATTEMPT] {"attempt": 139, "max_questions": 300, "question_idx": 923, "uid": "7a5b0b28-3195-4899-a652-854a12100a86"}
2026-03-29 22:42:38 | INFO     | [QUESTION_SENT] {"question_idx": 924, "uid": "50b5bdd5-1787-4f93-af1a-a9a740522a44"}
2026-03-29 22:43:07 | INFO     | [QUESTION_ATTEMPT] {"attempt": 140, "max_questions": 300, "question_idx": 924, "uid": "50b5bdd5-1787-4f93-af1a-a9a740522a44"}
2026-03-29 22:43:19 | INFO     | [QUESTION_SENT] {"question_idx": 924, "uid": "50b5bdd5-1787-4f93-af1a-a9a740522a44"}
2026-03-29 22:43:39 | INFO     | [QUESTION_ATTEMPT] {"attempt": 141, "max_questions": 300, "question_idx": 924, "uid": "50b5bdd5-1787-4f93-af1a-a9a740522a44"}
2026-03-29 22:46:55 | INFO     | [QUESTION_SENT] {"question_idx": 925, "uid": "e08fd82c-fe8c-438c-876d-7a800035719d"}
2026-03-29 22:47:25 | INFO     | [QUESTION_ATTEMPT] {"attempt": 142, "max_questions": 300, "question_idx": 925, "uid": "e08fd82c-fe8c-438c-876d-7a800035719d"}
2026-03-29 22:50:28 | INFO     | [QUESTION_SENT] {"question_idx": 926, "uid": "225ab0c9-71f0-49fa-8558-b2091e2b8ca2"}
2026-03-29 22:54:01 | INFO     | [QUESTION_SENT] {"question_idx": 926, "uid": "225ab0c9-71f0-49fa-8558-b2091e2b8ca2"}
2026-03-29 22:57:33 | INFO     | [QUESTION_SENT] {"question_idx": 926, "uid": "225ab0c9-71f0-49fa-8558-b2091e2b8ca2"}
2026-03-29 23:01:07 | INFO     | [QUESTION_SENT] {"question_idx": 926, "uid": "225ab0c9-71f0-49fa-8558-b2091e2b8ca2"}
2026-03-29 23:04:39 | INFO     | [QUESTION_SENT] {"question_idx": 926, "uid": "225ab0c9-71f0-49fa-8558-b2091e2b8ca2"}
2026-03-29 23:08:13 | INFO     | [QUESTION_SENT] {"question_idx": 926, "uid": "225ab0c9-71f0-49fa-8558-b2091e2b8ca2"}
2026-03-29 23:11:45 | INFO     | [QUESTION_SENT] {"question_idx": 926, "uid": "225ab0c9-71f0-49fa-8558-b2091e2b8ca2"}
2026-03-29 23:12:47 | INFO     | [BOT_STOP] {"bot_id": 11, "total_questions": 142}
2026-03-29 23:13:58 | INFO     | [BOT_START] {"bot_id": 11, "project": "hypos_norm", "timestamp": "2026-03-29T23:13:58.170072", "log_dir": "/home/dmitrii/Documents/projects/clicker_3.0/logs/bot_11"}
2026-03-29 23:14:03 | INFO     | [RESTART] {"bot_id": 11, "note": "first_start"}
2026-03-29 23:14:03 | INFO     | [FSM_INITIALIZED] {"site": "gpt", "scenario": "web_search", "start_state": "start_question"}
2026-03-29 23:15:08 | INFO     | [BOT_STOP] {"bot_id": 11, "total_questions": 0}
