2026-04-03 09:54:33 | INFO     | [BOT_START] {"bot_id": 11, "project": "hypos_norm", "timestamp": "2026-04-03T09:54:33.309079", "log_dir": "/home/dmitrii/Documents/projects/clicker_3.0/logs/bot_11"}
2026-04-03 09:54:39 | INFO     | [RESTART] {"bot_id": 11, "note": "first_start"}
2026-04-03 09:54:39 | INFO     | [FSM_INITIALIZED] {"site": "gpt", "scenario": "web_search", "start_state": "start_question"}
2026-04-03 10:49:14 | INFO     | [QUESTION_SENT] {"question_idx": 2289, "uid": "d0d29b8b-ac8b-47bc-8000-af3dcf6be7a1"}
2026-04-03 10:49:55 | INFO     | [QUESTION_ATTEMPT] {"attempt": 1, "max_questions": 300, "question_idx": 2289, "uid": "d0d29b8b-ac8b-47bc-8000-af3dcf6be7a1"}
2026-04-03 10:52:51 | INFO     | [QUESTION_SENT] {"question_idx": 2290, "uid": "daad1a09-9aa7-4b59-9133-8af85d14bb7a"}
2026-04-03 10:53:34 | INFO     | [QUESTION_ATTEMPT] {"attempt": 2, "max_questions": 300, "question_idx": 2290, "uid": "daad1a09-9aa7-4b59-9133-8af85d14bb7a"}
2026-04-03 10:56:28 | INFO     | [QUESTION_SENT] {"question_idx": 2291, "uid": "4669e8ae-8a10-4c57-be52-689aa0d4d128"}
2026-04-03 10:57:09 | INFO     | [QUESTION_ATTEMPT] {"attempt": 3, "max_questions": 300, "question_idx": 2291, "uid": "4669e8ae-8a10-4c57-be52-689aa0d4d128"}
2026-04-03 11:00:05 | INFO     | [QUESTION_SENT] {"question_idx": 2292, "uid": "ada31cae-f6eb-431e-8e98-a5a4348499f7"}
2026-04-03 11:03:42 | INFO     | [QUESTION_SENT] {"question_idx": 2292, "uid": "ada31cae-f6eb-431e-8e98-a5a4348499f7"}
2026-04-03 11:04:22 | INFO     | [QUESTION_ATTEMPT] {"attempt": 4, "max_questions": 300, "question_idx": 2292, "uid": "ada31cae-f6eb-431e-8e98-a5a4348499f7"}
2026-04-03 11:07:19 | INFO     | [QUESTION_SENT] {"question_idx": 2293, "uid": "55a74912-3a00-4b00-b0a8-4a7a923d8a7f"}
2026-04-03 11:08:04 | INFO     | [QUESTION_ATTEMPT] {"attempt": 5, "max_questions": 300, "question_idx": 2293, "uid": "55a74912-3a00-4b00-b0a8-4a7a923d8a7f"}
2026-04-03 11:10:56 | INFO     | [QUESTION_SENT] {"question_idx": 2294, "uid": "944be573-21c7-49de-b99f-037b444da105"}
2026-04-03 11:11:38 | INFO     | [QUESTION_ATTEMPT] {"attempt": 6, "max_questions": 300, "question_idx": 2294, "uid": "944be573-21c7-49de-b99f-037b444da105"}
2026-04-03 11:14:34 | INFO     | [QUESTION_SENT] {"question_idx": 2295, "uid": "63dc388d-3e41-47aa-8ebd-d828a256980f"}
2026-04-03 11:15:23 | INFO     | [QUESTION_ATTEMPT] {"attempt": 7, "max_questions": 300, "question_idx": 2295, "uid": "63dc388d-3e41-47aa-8ebd-d828a256980f"}
2026-04-03 11:18:11 | INFO     | [QUESTION_SENT] {"question_idx": 2296, "uid": "436b3cbd-c32c-438c-ad43-134c72ed422e"}
2026-04-03 11:18:54 | INFO     | [QUESTION_ATTEMPT] {"attempt": 8, "max_questions": 300, "question_idx": 2296, "uid": "436b3cbd-c32c-438c-ad43-134c72ed422e"}
2026-04-03 11:21:48 | INFO     | [QUESTION_SENT] {"question_idx": 2297, "uid": "28495bec-1ead-4612-971b-fc6de8f3f4d7"}
2026-04-03 11:22:32 | INFO     | [QUESTION_ATTEMPT] {"attempt": 9, "max_questions": 300, "question_idx": 2297, "uid": "28495bec-1ead-4612-971b-fc6de8f3f4d7"}
2026-04-03 11:25:25 | INFO     | [QUESTION_SENT] {"question_idx": 2298, "uid": "e8b0c3b1-464f-4e9c-a25f-8f7742f5b7e2"}
2026-04-03 11:26:10 | INFO     | [QUESTION_ATTEMPT] {"attempt": 10, "max_questions": 300, "question_idx": 2298, "uid": "e8b0c3b1-464f-4e9c-a25f-8f7742f5b7e2"}
2026-04-03 11:29:02 | INFO     | [QUESTION_SENT] {"question_idx": 2299, "uid": "5216fa68-8ceb-4b06-a13c-b2eab9aaca06"}
2026-04-03 11:29:44 | INFO     | [QUESTION_ATTEMPT] {"attempt": 11, "max_questions": 300, "question_idx": 2299, "uid": "5216fa68-8ceb-4b06-a13c-b2eab9aaca06"}
2026-04-03 11:32:40 | INFO     | [QUESTION_SENT] {"question_idx": 2300, "uid": "949bae44-954a-4f0e-a28a-601abfcad595"}
2026-04-03 11:33:25 | INFO     | [QUESTION_ATTEMPT] {"attempt": 12, "max_questions": 300, "question_idx": 2300, "uid": "949bae44-954a-4f0e-a28a-601abfcad595"}
2026-04-03 11:33:26 | INFO     | [BOT_STOP] {"bot_id": 11, "total_questions": 12}
2026-04-03 11:50:55 | INFO     | [BOT_START] {"bot_id": 11, "project": "hypos_norm", "timestamp": "2026-04-03T11:50:55.299197", "log_dir": "/home/dmitrii/Documents/projects/clicker_3.0/logs/bot_11"}
2026-04-03 11:51:01 | INFO     | [RESTART] {"bot_id": 11, "note": "first_start"}
2026-04-03 11:51:01 | INFO     | [FSM_INITIALIZED] {"site": "gpt", "scenario": "web_search", "start_state": "start_question"}
2026-04-03 11:52:36 | INFO     | [QUESTION_SENT] {"question_idx": 2601, "uid": "3888fa94-45d4-42e6-b849-a456ad6cb1d2"}
2026-04-03 11:53:22 | INFO     | [QUESTION_ATTEMPT] {"attempt": 1, "max_questions": 300, "question_idx": 2601, "uid": "3888fa94-45d4-42e6-b849-a456ad6cb1d2"}
2026-04-03 11:56:13 | INFO     | [QUESTION_SENT] {"question_idx": 2602, "uid": "7c9cc369-e4e2-486c-816f-e3878191c3c8"}
2026-04-03 11:56:59 | INFO     | [QUESTION_ATTEMPT] {"attempt": 2, "max_questions": 300, "question_idx": 2602, "uid": "7c9cc369-e4e2-486c-816f-e3878191c3c8"}
2026-04-03 11:59:50 | INFO     | [QUESTION_SENT] {"question_idx": 2603, "uid": "9cea94cc-0d3f-4ebc-aaaf-affcfd859cf4"}
2026-04-03 12:00:35 | INFO     | [QUESTION_ATTEMPT] {"attempt": 3, "max_questions": 300, "question_idx": 2603, "uid": "9cea94cc-0d3f-4ebc-aaaf-affcfd859cf4"}
2026-04-03 12:03:27 | INFO     | [QUESTION_SENT] {"question_idx": 2604, "uid": "c93a7a17-665d-4b5c-86af-662847e5604b"}
2026-04-03 12:04:10 | INFO     | [QUESTION_ATTEMPT] {"attempt": 4, "max_questions": 300, "question_idx": 2604, "uid": "c93a7a17-665d-4b5c-86af-662847e5604b"}
2026-04-03 12:07:04 | INFO     | [QUESTION_SENT] {"question_idx": 2605, "uid": "ad9c5182-c17f-4bb8-93c4-60bc7ce4d5e4"}
2026-04-03 12:07:53 | INFO     | [QUESTION_ATTEMPT] {"attempt": 5, "max_questions": 300, "question_idx": 2605, "uid": "ad9c5182-c17f-4bb8-93c4-60bc7ce4d5e4"}
2026-04-03 12:10:42 | INFO     | [QUESTION_SENT] {"question_idx": 2606, "uid": "94afbcd2-06c0-4294-bfb4-f84dd194d270"}
2026-04-03 12:11:23 | INFO     | [QUESTION_ATTEMPT] {"attempt": 6, "max_questions": 300, "question_idx": 2606, "uid": "94afbcd2-06c0-4294-bfb4-f84dd194d270"}
2026-04-03 12:14:19 | INFO     | [QUESTION_SENT] {"question_idx": 2607, "uid": "5bae35c8-8d39-4ee1-8eee-767cbe605e23"}
2026-04-03 12:15:02 | INFO     | [QUESTION_ATTEMPT] {"attempt": 7, "max_questions": 300, "question_idx": 2607, "uid": "5bae35c8-8d39-4ee1-8eee-767cbe605e23"}
2026-04-03 12:17:56 | INFO     | [QUESTION_SENT] {"question_idx": 2608, "uid": "ff54172b-68bc-4a99-b0c9-e4c469369721"}
2026-04-03 12:18:38 | INFO     | [QUESTION_ATTEMPT] {"attempt": 8, "max_questions": 300, "question_idx": 2608, "uid": "ff54172b-68bc-4a99-b0c9-e4c469369721"}
2026-04-03 12:21:33 | INFO     | [QUESTION_SENT] {"question_idx": 2609, "uid": "d7d82da6-383a-4813-b674-6a8d9c520cb8"}
2026-04-03 12:22:19 | INFO     | [QUESTION_ATTEMPT] {"attempt": 9, "max_questions": 300, "question_idx": 2609, "uid": "d7d82da6-383a-4813-b674-6a8d9c520cb8"}
2026-04-03 12:25:10 | INFO     | [QUESTION_SENT] {"question_idx": 2610, "uid": "4e93abe1-214a-43c9-9f51-e083843ccb65"}
2026-04-03 12:25:52 | INFO     | [QUESTION_ATTEMPT] {"attempt": 10, "max_questions": 300, "question_idx": 2610, "uid": "4e93abe1-214a-43c9-9f51-e083843ccb65"}
2026-04-03 12:28:48 | INFO     | [QUESTION_SENT] {"question_idx": 2611, "uid": "af0a7651-dee3-4ebf-8c44-0b1add15ce97"}
2026-04-03 12:29:26 | INFO     | [QUESTION_ATTEMPT] {"attempt": 11, "max_questions": 300, "question_idx": 2611, "uid": "af0a7651-dee3-4ebf-8c44-0b1add15ce97"}
2026-04-03 12:32:24 | INFO     | [QUESTION_SENT] {"question_idx": 2612, "uid": "fe1e5d71-9944-49e6-8e2e-4d1a3695b9fb"}
2026-04-03 12:33:08 | INFO     | [QUESTION_ATTEMPT] {"attempt": 12, "max_questions": 300, "question_idx": 2612, "uid": "fe1e5d71-9944-49e6-8e2e-4d1a3695b9fb"}
2026-04-03 12:36:02 | INFO     | [QUESTION_SENT] {"question_idx": 2613, "uid": "30ec088e-fbef-415f-b071-573a5d8d10d3"}
2026-04-03 12:36:46 | INFO     | [QUESTION_ATTEMPT] {"attempt": 13, "max_questions": 300, "question_idx": 2613, "uid": "30ec088e-fbef-415f-b071-573a5d8d10d3"}
2026-04-03 12:39:39 | INFO     | [QUESTION_SENT] {"question_idx": 2614, "uid": "56e7362e-68b3-40e9-aea8-2ab66fc779e5"}
2026-04-03 12:40:20 | INFO     | [QUESTION_ATTEMPT] {"attempt": 14, "max_questions": 300, "question_idx": 2614, "uid": "56e7362e-68b3-40e9-aea8-2ab66fc779e5"}
2026-04-03 12:43:16 | INFO     | [QUESTION_SENT] {"question_idx": 2615, "uid": "aef7a0a5-4ffc-40f0-970d-6666830b99b1"}
2026-04-03 12:43:59 | INFO     | [QUESTION_ATTEMPT] {"attempt": 15, "max_questions": 300, "question_idx": 2615, "uid": "aef7a0a5-4ffc-40f0-970d-6666830b99b1"}
2026-04-03 12:46:53 | INFO     | [QUESTION_SENT] {"question_idx": 2616, "uid": "dd21dfc8-198b-43ff-856f-833d4c6a162e"}
2026-04-03 12:47:41 | INFO     | [QUESTION_ATTEMPT] {"attempt": 16, "max_questions": 300, "question_idx": 2616, "uid": "dd21dfc8-198b-43ff-856f-833d4c6a162e"}
2026-04-03 12:50:30 | INFO     | [QUESTION_SENT] {"question_idx": 2617, "uid": "2c887629-37a9-4f92-9bf4-c0ce8fc4f990"}
2026-04-03 12:51:13 | INFO     | [QUESTION_ATTEMPT] {"attempt": 17, "max_questions": 300, "question_idx": 2617, "uid": "2c887629-37a9-4f92-9bf4-c0ce8fc4f990"}
2026-04-03 12:54:07 | INFO     | [QUESTION_SENT] {"question_idx": 2618, "uid": "3a3103b5-9367-480b-9323-577da031eec1"}
2026-04-03 12:54:49 | INFO     | [QUESTION_ATTEMPT] {"attempt": 18, "max_questions": 300, "question_idx": 2618, "uid": "3a3103b5-9367-480b-9323-577da031eec1"}
2026-04-03 12:57:45 | INFO     | [QUESTION_SENT] {"question_idx": 2619, "uid": "6ff38b97-bb94-4349-8d26-5dc20c1680f1"}
2026-04-03 12:58:29 | INFO     | [QUESTION_ATTEMPT] {"attempt": 19, "max_questions": 300, "question_idx": 2619, "uid": "6ff38b97-bb94-4349-8d26-5dc20c1680f1"}
2026-04-03 13:01:22 | INFO     | [QUESTION_SENT] {"question_idx": 2620, "uid": "60840cb9-8261-4690-a4a2-78c53dbecdb1"}
2026-04-03 13:02:02 | INFO     | [QUESTION_ATTEMPT] {"attempt": 20, "max_questions": 300, "question_idx": 2620, "uid": "60840cb9-8261-4690-a4a2-78c53dbecdb1"}
2026-04-03 13:04:59 | INFO     | [QUESTION_SENT] {"question_idx": 2621, "uid": "fc622ee3-a705-4e94-a054-afa8ac3ef375"}
2026-04-03 13:05:39 | INFO     | [QUESTION_ATTEMPT] {"attempt": 21, "max_questions": 300, "question_idx": 2621, "uid": "fc622ee3-a705-4e94-a054-afa8ac3ef375"}
2026-04-03 13:08:36 | INFO     | [QUESTION_SENT] {"question_idx": 2622, "uid": "1fa33873-4294-48a6-af0f-6a08795c967b"}
2026-04-03 13:09:23 | INFO     | [QUESTION_ATTEMPT] {"attempt": 22, "max_questions": 300, "question_idx": 2622, "uid": "1fa33873-4294-48a6-af0f-6a08795c967b"}
2026-04-03 13:12:13 | INFO     | [QUESTION_SENT] {"question_idx": 2623, "uid": "ee4cf6ec-5c8a-4d39-a944-301b9a3e1618"}
2026-04-03 13:12:59 | INFO     | [QUESTION_ATTEMPT] {"attempt": 23, "max_questions": 300, "question_idx": 2623, "uid": "ee4cf6ec-5c8a-4d39-a944-301b9a3e1618"}
2026-04-03 13:15:50 | INFO     | [QUESTION_SENT] {"question_idx": 2624, "uid": "2662b3f9-30e0-4289-9352-94d1128f30e4"}
2026-04-03 13:16:35 | INFO     | [QUESTION_ATTEMPT] {"attempt": 24, "max_questions": 300, "question_idx": 2624, "uid": "2662b3f9-30e0-4289-9352-94d1128f30e4"}
2026-04-03 13:19:28 | INFO     | [QUESTION_SENT] {"question_idx": 2625, "uid": "cd052527-717c-4115-a354-d67f6a029ca4"}
2026-04-03 13:20:07 | INFO     | [QUESTION_ATTEMPT] {"attempt": 25, "max_questions": 300, "question_idx": 2625, "uid": "cd052527-717c-4115-a354-d67f6a029ca4"}
2026-04-03 13:23:05 | INFO     | [QUESTION_SENT] {"question_idx": 2626, "uid": "fc1347e2-0edc-457b-8a9a-3ac34b3aac34"}
2026-04-03 13:23:50 | INFO     | [QUESTION_ATTEMPT] {"attempt": 26, "max_questions": 300, "question_idx": 2626, "uid": "fc1347e2-0edc-457b-8a9a-3ac34b3aac34"}
2026-04-03 13:26:42 | INFO     | [QUESTION_SENT] {"question_idx": 2627, "uid": "5eef10ab-0349-450e-8f87-307fdd89662d"}
2026-04-03 13:27:17 | INFO     | [QUESTION_ATTEMPT] {"attempt": 27, "max_questions": 300, "question_idx": 2627, "uid": "5eef10ab-0349-450e-8f87-307fdd89662d"}
2026-04-03 13:27:30 | INFO     | [QUESTION_SENT] {"question_idx": 2627, "uid": "5eef10ab-0349-450e-8f87-307fdd89662d"}
2026-04-03 13:28:01 | INFO     | [QUESTION_ATTEMPT] {"attempt": 28, "max_questions": 300, "question_idx": 2627, "uid": "5eef10ab-0349-450e-8f87-307fdd89662d"}
2026-04-03 13:31:10 | INFO     | [QUESTION_SENT] {"question_idx": 2628, "uid": "9f38e3d4-6bb7-4da6-90b3-e27d41d506cd"}
2026-04-03 13:31:53 | INFO     | [QUESTION_ATTEMPT] {"attempt": 29, "max_questions": 300, "question_idx": 2628, "uid": "9f38e3d4-6bb7-4da6-90b3-e27d41d506cd"}
2026-04-03 13:34:47 | INFO     | [QUESTION_SENT] {"question_idx": 2629, "uid": "d250a4ae-5b02-466d-ae3c-833f1a798b95"}
2026-04-03 13:35:32 | INFO     | [QUESTION_ATTEMPT] {"attempt": 30, "max_questions": 300, "question_idx": 2629, "uid": "d250a4ae-5b02-466d-ae3c-833f1a798b95"}
2026-04-03 13:38:24 | INFO     | [QUESTION_SENT] {"question_idx": 2630, "uid": "0c8be4d4-5fa0-4603-8477-7f207bc41377"}
2026-04-03 13:42:01 | INFO     | [QUESTION_SENT] {"question_idx": 2630, "uid": "0c8be4d4-5fa0-4603-8477-7f207bc41377"}
2026-04-03 13:42:48 | INFO     | [QUESTION_ATTEMPT] {"attempt": 31, "max_questions": 300, "question_idx": 2630, "uid": "0c8be4d4-5fa0-4603-8477-7f207bc41377"}
2026-04-03 13:45:39 | INFO     | [QUESTION_SENT] {"question_idx": 2631, "uid": "14c5fb8a-83b6-4338-aa48-1397afcb5e5c"}
2026-04-03 13:46:20 | INFO     | [QUESTION_ATTEMPT] {"attempt": 32, "max_questions": 300, "question_idx": 2631, "uid": "14c5fb8a-83b6-4338-aa48-1397afcb5e5c"}
2026-04-03 13:49:16 | INFO     | [QUESTION_SENT] {"question_idx": 2632, "uid": "802a5cb4-9623-4846-922e-d7041804b139"}
2026-04-03 13:50:05 | INFO     | [QUESTION_ATTEMPT] {"attempt": 33, "max_questions": 300, "question_idx": 2632, "uid": "802a5cb4-9623-4846-922e-d7041804b139"}
2026-04-03 13:52:53 | INFO     | [QUESTION_SENT] {"question_idx": 2633, "uid": "f12fa9d4-0de5-40d8-8591-e88f08b18ca8"}
2026-04-03 13:53:34 | INFO     | [QUESTION_ATTEMPT] {"attempt": 34, "max_questions": 300, "question_idx": 2633, "uid": "f12fa9d4-0de5-40d8-8591-e88f08b18ca8"}
2026-04-03 13:56:30 | INFO     | [QUESTION_SENT] {"question_idx": 2634, "uid": "1a1ab40d-6188-4257-bbd0-1357e9b7be4d"}
2026-04-03 13:57:12 | INFO     | [QUESTION_ATTEMPT] {"attempt": 35, "max_questions": 300, "question_idx": 2634, "uid": "1a1ab40d-6188-4257-bbd0-1357e9b7be4d"}
2026-04-03 14:00:07 | INFO     | [QUESTION_SENT] {"question_idx": 2635, "uid": "e28d031b-18f4-4eca-82c6-84c7a27a1a25"}
2026-04-03 14:00:45 | INFO     | [QUESTION_ATTEMPT] {"attempt": 36, "max_questions": 300, "question_idx": 2635, "uid": "e28d031b-18f4-4eca-82c6-84c7a27a1a25"}
2026-04-03 14:03:45 | INFO     | [QUESTION_SENT] {"question_idx": 2636, "uid": "e22c2fa7-6b65-4130-bc2d-972dbd6c0fb6"}
2026-04-03 14:04:27 | INFO     | [QUESTION_ATTEMPT] {"attempt": 37, "max_questions": 300, "question_idx": 2636, "uid": "e22c2fa7-6b65-4130-bc2d-972dbd6c0fb6"}
2026-04-03 14:07:22 | INFO     | [QUESTION_SENT] {"question_idx": 2637, "uid": "0c5340a0-4928-4375-ab29-645e8e7d216f"}
2026-04-03 14:08:09 | INFO     | [QUESTION_ATTEMPT] {"attempt": 38, "max_questions": 300, "question_idx": 2637, "uid": "0c5340a0-4928-4375-ab29-645e8e7d216f"}
2026-04-03 14:08:22 | INFO     | [QUESTION_SENT] {"question_idx": 2637, "uid": "0c5340a0-4928-4375-ab29-645e8e7d216f"}
2026-04-03 14:08:55 | INFO     | [QUESTION_ATTEMPT] {"attempt": 39, "max_questions": 300, "question_idx": 2637, "uid": "0c5340a0-4928-4375-ab29-645e8e7d216f"}
2026-04-03 14:12:01 | INFO     | [QUESTION_SENT] {"question_idx": 2638, "uid": "dff20444-848b-4c88-b0b6-58f411dc0ba3"}
2026-04-03 14:12:42 | INFO     | [QUESTION_ATTEMPT] {"attempt": 40, "max_questions": 300, "question_idx": 2638, "uid": "dff20444-848b-4c88-b0b6-58f411dc0ba3"}
2026-04-03 14:15:38 | INFO     | [QUESTION_SENT] {"question_idx": 2639, "uid": "60bc9fec-c4b7-4f17-b3d4-351997c2b7ab"}
2026-04-03 14:16:24 | INFO     | [QUESTION_ATTEMPT] {"attempt": 41, "max_questions": 300, "question_idx": 2639, "uid": "60bc9fec-c4b7-4f17-b3d4-351997c2b7ab"}
2026-04-03 14:19:15 | INFO     | [QUESTION_SENT] {"question_idx": 2640, "uid": "fbdf9a45-b368-4154-8a75-c1272050b578"}
2026-04-03 14:20:05 | INFO     | [QUESTION_ATTEMPT] {"attempt": 42, "max_questions": 300, "question_idx": 2640, "uid": "fbdf9a45-b368-4154-8a75-c1272050b578"}
2026-04-03 14:22:53 | INFO     | [QUESTION_SENT] {"question_idx": 2641, "uid": "3b3d511a-cf50-4b3b-a383-c044bd7e9102"}
2026-04-03 14:23:34 | INFO     | [QUESTION_ATTEMPT] {"attempt": 43, "max_questions": 300, "question_idx": 2641, "uid": "3b3d511a-cf50-4b3b-a383-c044bd7e9102"}
2026-04-03 14:26:30 | INFO     | [QUESTION_SENT] {"question_idx": 2642, "uid": "38aa3234-f552-452f-9eaa-d163ce6715ad"}
2026-04-03 14:27:13 | INFO     | [QUESTION_ATTEMPT] {"attempt": 44, "max_questions": 300, "question_idx": 2642, "uid": "38aa3234-f552-452f-9eaa-d163ce6715ad"}
2026-04-03 14:30:07 | INFO     | [QUESTION_SENT] {"question_idx": 2643, "uid": "47f2ba25-8b9d-49e6-891b-87d28f397883"}
2026-04-03 14:31:00 | INFO     | [QUESTION_ATTEMPT] {"attempt": 45, "max_questions": 300, "question_idx": 2643, "uid": "47f2ba25-8b9d-49e6-891b-87d28f397883"}
2026-04-03 14:33:44 | INFO     | [QUESTION_SENT] {"question_idx": 2644, "uid": "72b4fc67-718a-4606-bb2c-a74bc90ca634"}
2026-04-03 14:34:26 | INFO     | [QUESTION_ATTEMPT] {"attempt": 46, "max_questions": 300, "question_idx": 2644, "uid": "72b4fc67-718a-4606-bb2c-a74bc90ca634"}
2026-04-03 14:37:21 | INFO     | [QUESTION_SENT] {"question_idx": 2645, "uid": "953bc516-b687-4114-a4a3-54748720dda6"}
2026-04-03 14:40:59 | INFO     | [QUESTION_SENT] {"question_idx": 2645, "uid": "953bc516-b687-4114-a4a3-54748720dda6"}
2026-04-03 14:41:46 | INFO     | [QUESTION_ATTEMPT] {"attempt": 47, "max_questions": 300, "question_idx": 2645, "uid": "953bc516-b687-4114-a4a3-54748720dda6"}
2026-04-03 14:44:36 | INFO     | [QUESTION_SENT] {"question_idx": 2646, "uid": "94451a5f-4197-40e6-8942-a7f77eaaa34d"}
2026-04-03 14:45:17 | INFO     | [QUESTION_ATTEMPT] {"attempt": 48, "max_questions": 300, "question_idx": 2646, "uid": "94451a5f-4197-40e6-8942-a7f77eaaa34d"}
2026-04-03 14:48:13 | INFO     | [QUESTION_SENT] {"question_idx": 2647, "uid": "99b3afd1-f0a2-4be8-a368-548aa44adb82"}
2026-04-03 14:51:50 | INFO     | [QUESTION_SENT] {"question_idx": 2647, "uid": "99b3afd1-f0a2-4be8-a368-548aa44adb82"}
2026-04-03 14:52:33 | INFO     | [QUESTION_ATTEMPT] {"attempt": 49, "max_questions": 300, "question_idx": 2647, "uid": "99b3afd1-f0a2-4be8-a368-548aa44adb82"}
2026-04-03 14:55:27 | INFO     | [QUESTION_SENT] {"question_idx": 2648, "uid": "6672d273-70c8-4497-aa28-4e3c1e76e094"}
2026-04-03 14:59:04 | INFO     | [QUESTION_SENT] {"question_idx": 2648, "uid": "6672d273-70c8-4497-aa28-4e3c1e76e094"}
2026-04-03 14:59:48 | INFO     | [QUESTION_ATTEMPT] {"attempt": 50, "max_questions": 300, "question_idx": 2648, "uid": "6672d273-70c8-4497-aa28-4e3c1e76e094"}
2026-04-03 15:02:42 | INFO     | [QUESTION_SENT] {"question_idx": 2649, "uid": "9863d198-8edc-441d-aafe-feae8756852f"}
2026-04-03 15:03:26 | INFO     | [QUESTION_ATTEMPT] {"attempt": 51, "max_questions": 300, "question_idx": 2649, "uid": "9863d198-8edc-441d-aafe-feae8756852f"}
2026-04-03 15:06:19 | INFO     | [QUESTION_SENT] {"question_idx": 2650, "uid": "4569abc7-e1e4-45f3-81fc-b6451ce55a39"}
2026-04-03 15:07:01 | INFO     | [QUESTION_ATTEMPT] {"attempt": 52, "max_questions": 300, "question_idx": 2650, "uid": "4569abc7-e1e4-45f3-81fc-b6451ce55a39"}
2026-04-03 15:09:56 | INFO     | [QUESTION_SENT] {"question_idx": 2651, "uid": "ff889af4-f659-4bc5-814d-84a87b1bd650"}
2026-04-03 15:10:38 | INFO     | [QUESTION_ATTEMPT] {"attempt": 53, "max_questions": 300, "question_idx": 2651, "uid": "ff889af4-f659-4bc5-814d-84a87b1bd650"}
2026-04-03 15:13:33 | INFO     | [QUESTION_SENT] {"question_idx": 2652, "uid": "440cdd52-fad2-46d8-9604-995e388c3f58"}
2026-04-03 15:14:16 | INFO     | [QUESTION_ATTEMPT] {"attempt": 54, "max_questions": 300, "question_idx": 2652, "uid": "440cdd52-fad2-46d8-9604-995e388c3f58"}
2026-04-03 15:17:10 | INFO     | [QUESTION_SENT] {"question_idx": 2653, "uid": "87ac3594-c3b0-4823-92be-57ab8d5050b9"}
2026-04-03 15:17:54 | INFO     | [QUESTION_ATTEMPT] {"attempt": 55, "max_questions": 300, "question_idx": 2653, "uid": "87ac3594-c3b0-4823-92be-57ab8d5050b9"}
2026-04-03 15:20:47 | INFO     | [QUESTION_SENT] {"question_idx": 2654, "uid": "a44520c1-294c-4bda-9dcd-6163adb0078e"}
2026-04-03 15:21:32 | INFO     | [QUESTION_ATTEMPT] {"attempt": 56, "max_questions": 300, "question_idx": 2654, "uid": "a44520c1-294c-4bda-9dcd-6163adb0078e"}
2026-04-03 15:24:25 | INFO     | [QUESTION_SENT] {"question_idx": 2655, "uid": "6e0c8cf1-d2a8-46da-9ab0-9d2f99090fc5"}
2026-04-03 15:25:09 | INFO     | [QUESTION_ATTEMPT] {"attempt": 57, "max_questions": 300, "question_idx": 2655, "uid": "6e0c8cf1-d2a8-46da-9ab0-9d2f99090fc5"}
2026-04-03 15:28:02 | INFO     | [QUESTION_SENT] {"question_idx": 2656, "uid": "047bd86c-b048-4c32-9c6d-092c175a3b66"}
2026-04-03 15:28:50 | INFO     | [QUESTION_ATTEMPT] {"attempt": 58, "max_questions": 300, "question_idx": 2656, "uid": "047bd86c-b048-4c32-9c6d-092c175a3b66"}
2026-04-03 15:31:39 | INFO     | [QUESTION_SENT] {"question_idx": 2657, "uid": "02a2ef7d-198c-4734-b2a3-d673a04290a3"}
2026-04-03 15:35:16 | INFO     | [QUESTION_SENT] {"question_idx": 2657, "uid": "02a2ef7d-198c-4734-b2a3-d673a04290a3"}
2026-04-03 15:39:58 | INFO     | [QUESTION_ATTEMPT] {"attempt": 59, "max_questions": 300, "question_idx": 2657, "uid": "02a2ef7d-198c-4734-b2a3-d673a04290a3"}
2026-04-03 15:40:29 | INFO     | [QUESTION_SENT] {"question_idx": 2658, "uid": "c875d8f0-b958-4ded-8ced-783588c86c70"}
2026-04-03 15:41:16 | INFO     | [QUESTION_ATTEMPT] {"attempt": 60, "max_questions": 300, "question_idx": 2658, "uid": "c875d8f0-b958-4ded-8ced-783588c86c70"}
2026-04-03 15:44:06 | INFO     | [QUESTION_SENT] {"question_idx": 2659, "uid": "8f2ba2a5-5566-4ac0-b16d-ba2536c14046"}
2026-04-03 15:44:55 | INFO     | [QUESTION_ATTEMPT] {"attempt": 61, "max_questions": 300, "question_idx": 2659, "uid": "8f2ba2a5-5566-4ac0-b16d-ba2536c14046"}
2026-04-03 15:47:43 | INFO     | [QUESTION_SENT] {"question_idx": 2660, "uid": "ccd419b4-4672-4e9b-b3fa-d6616b035771"}
2026-04-03 15:48:32 | INFO     | [QUESTION_ATTEMPT] {"attempt": 62, "max_questions": 300, "question_idx": 2660, "uid": "ccd419b4-4672-4e9b-b3fa-d6616b035771"}
2026-04-03 15:51:20 | INFO     | [QUESTION_SENT] {"question_idx": 2661, "uid": "d0b6c58d-257d-480e-9f5d-481db27813e3"}
2026-04-03 15:52:06 | INFO     | [QUESTION_ATTEMPT] {"attempt": 63, "max_questions": 300, "question_idx": 2661, "uid": "d0b6c58d-257d-480e-9f5d-481db27813e3"}
2026-04-03 15:54:57 | INFO     | [QUESTION_SENT] {"question_idx": 2662, "uid": "0bd21e7d-791e-43ba-9cf5-91eb3fdca719"}
2026-04-03 15:55:39 | INFO     | [QUESTION_ATTEMPT] {"attempt": 64, "max_questions": 300, "question_idx": 2662, "uid": "0bd21e7d-791e-43ba-9cf5-91eb3fdca719"}
2026-04-03 15:58:35 | INFO     | [QUESTION_SENT] {"question_idx": 2663, "uid": "c0d78575-b021-4ff1-b148-a96936acc951"}
2026-04-03 15:59:16 | INFO     | [QUESTION_ATTEMPT] {"attempt": 65, "max_questions": 300, "question_idx": 2663, "uid": "c0d78575-b021-4ff1-b148-a96936acc951"}
2026-04-03 16:02:12 | INFO     | [QUESTION_SENT] {"question_idx": 2664, "uid": "b37ddfb4-bb8a-4419-b820-b5c0463bb2dd"}
2026-04-03 16:02:55 | INFO     | [QUESTION_ATTEMPT] {"attempt": 66, "max_questions": 300, "question_idx": 2664, "uid": "b37ddfb4-bb8a-4419-b820-b5c0463bb2dd"}
2026-04-03 16:05:49 | INFO     | [QUESTION_SENT] {"question_idx": 2665, "uid": "b1c43de5-a8a1-44de-8c28-c0426cf91d65"}
2026-04-03 16:06:37 | INFO     | [QUESTION_ATTEMPT] {"attempt": 67, "max_questions": 300, "question_idx": 2665, "uid": "b1c43de5-a8a1-44de-8c28-c0426cf91d65"}
2026-04-03 16:09:26 | INFO     | [QUESTION_SENT] {"question_idx": 2666, "uid": "6903f2b8-363f-4d2b-af7a-5a021830cd9d"}
2026-04-03 16:10:11 | INFO     | [QUESTION_ATTEMPT] {"attempt": 68, "max_questions": 300, "question_idx": 2666, "uid": "6903f2b8-363f-4d2b-af7a-5a021830cd9d"}
2026-04-03 16:13:03 | INFO     | [QUESTION_SENT] {"question_idx": 2667, "uid": "2f6c1408-1b8f-48bd-b3f9-d4d72d2be525"}
2026-04-03 16:13:52 | INFO     | [QUESTION_ATTEMPT] {"attempt": 69, "max_questions": 300, "question_idx": 2667, "uid": "2f6c1408-1b8f-48bd-b3f9-d4d72d2be525"}
2026-04-03 16:16:40 | INFO     | [QUESTION_SENT] {"question_idx": 2668, "uid": "016e776a-1b52-4aa4-826d-03393e3b31db"}
2026-04-03 16:20:17 | INFO     | [QUESTION_SENT] {"question_idx": 2668, "uid": "016e776a-1b52-4aa4-826d-03393e3b31db"}
2026-04-03 16:21:01 | INFO     | [QUESTION_ATTEMPT] {"attempt": 70, "max_questions": 300, "question_idx": 2668, "uid": "016e776a-1b52-4aa4-826d-03393e3b31db"}
2026-04-03 16:23:55 | INFO     | [QUESTION_SENT] {"question_idx": 2669, "uid": "43f1c549-301a-4a35-a5f2-aca950fbd665"}
2026-04-03 16:24:42 | INFO     | [QUESTION_ATTEMPT] {"attempt": 71, "max_questions": 300, "question_idx": 2669, "uid": "43f1c549-301a-4a35-a5f2-aca950fbd665"}
2026-04-03 16:27:32 | INFO     | [QUESTION_SENT] {"question_idx": 2670, "uid": "a8177d36-730f-46fb-8305-a1afd46db6e8"}
2026-04-03 16:28:02 | INFO     | [QUESTION_ATTEMPT] {"attempt": 72, "max_questions": 300, "question_idx": 2670, "uid": "a8177d36-730f-46fb-8305-a1afd46db6e8"}
2026-04-03 16:28:15 | INFO     | [QUESTION_SENT] {"question_idx": 2670, "uid": "a8177d36-730f-46fb-8305-a1afd46db6e8"}
2026-04-03 16:28:47 | INFO     | [QUESTION_ATTEMPT] {"attempt": 73, "max_questions": 300, "question_idx": 2670, "uid": "a8177d36-730f-46fb-8305-a1afd46db6e8"}
2026-04-03 16:31:09 | INFO     | [BOT_STOP] {"bot_id": 11, "total_questions": 73}
