2026-03-25 13:15:10 | INFO     | [BOT_START] {"bot_id": 11, "project": "hypos_norm", "timestamp": "2026-03-25T13:15:10.949237", "log_dir": "/home/dmitrii/Documents/projects/clicker_3.0/logs/bot_11"}
2026-03-25 13:15:16 | INFO     | [RESTART] {"bot_id": 11, "note": "first_start"}
2026-03-25 13:15:16 | INFO     | [FSM_INITIALIZED] {"site": "gpt", "scenario": "web_search", "start_state": "start_question"}
2026-03-25 13:16:06 | INFO     | [QUESTION_SENT] {"question_idx": 2291, "uid": "4e606339-fe25-4a70-88d4-c50bb189f423"}
2026-03-25 13:17:18 | INFO     | [QUESTION_SENT] {"question_idx": 2291, "uid": "4e606339-fe25-4a70-88d4-c50bb189f423"}
2026-03-25 13:17:47 | INFO     | [QUESTION_ATTEMPT] {"attempt": 1, "max_questions": 250, "question_idx": 2291, "uid": "4e606339-fe25-4a70-88d4-c50bb189f423"}
2026-03-25 13:17:59 | INFO     | [QUESTION_SENT] {"question_idx": 2291, "uid": "4e606339-fe25-4a70-88d4-c50bb189f423"}
2026-03-25 13:18:34 | INFO     | [QUESTION_ATTEMPT] {"attempt": 2, "max_questions": 250, "question_idx": 2291, "uid": "4e606339-fe25-4a70-88d4-c50bb189f423"}
2026-03-25 13:19:20 | INFO     | [QUESTION_SENT] {"question_idx": 2292, "uid": "c9ff16e0-5782-47c9-b17f-937b9028b158"}
2026-03-25 13:20:10 | INFO     | [QUESTION_ATTEMPT] {"attempt": 3, "max_questions": 250, "question_idx": 2292, "uid": "c9ff16e0-5782-47c9-b17f-937b9028b158"}
2026-03-25 13:20:41 | INFO     | [QUESTION_SENT] {"question_idx": 2293, "uid": "472f8288-e0cd-4fc0-a48e-d38ff28e39e2"}
2026-03-25 13:21:21 | INFO     | [QUESTION_ATTEMPT] {"attempt": 4, "max_questions": 250, "question_idx": 2293, "uid": "472f8288-e0cd-4fc0-a48e-d38ff28e39e2"}
2026-03-25 13:21:52 | INFO     | [QUESTION_SENT] {"question_idx": 2294, "uid": "2917d63e-4660-493a-9249-6b595b394f24"}
2026-03-25 13:22:41 | INFO     | [QUESTION_ATTEMPT] {"attempt": 5, "max_questions": 250, "question_idx": 2294, "uid": "2917d63e-4660-493a-9249-6b595b394f24"}
2026-03-25 13:23:12 | INFO     | [QUESTION_SENT] {"question_idx": 2295, "uid": "ca3839bb-25d9-4721-88ad-2179c3d3e88f"}
2026-03-25 13:23:43 | INFO     | [QUESTION_ATTEMPT] {"attempt": 6, "max_questions": 250, "question_idx": 2295, "uid": "ca3839bb-25d9-4721-88ad-2179c3d3e88f"}
2026-03-25 13:23:56 | INFO     | [QUESTION_SENT] {"question_idx": 2295, "uid": "ca3839bb-25d9-4721-88ad-2179c3d3e88f"}
2026-03-25 13:24:25 | INFO     | [QUESTION_ATTEMPT] {"attempt": 7, "max_questions": 250, "question_idx": 2295, "uid": "ca3839bb-25d9-4721-88ad-2179c3d3e88f"}
2026-03-25 13:25:16 | INFO     | [QUESTION_SENT] {"question_idx": 2296, "uid": "58285416-9f88-4a89-801f-274ce00eca06"}
2026-03-25 13:26:01 | INFO     | [QUESTION_ATTEMPT] {"attempt": 8, "max_questions": 250, "question_idx": 2296, "uid": "58285416-9f88-4a89-801f-274ce00eca06"}
2026-03-25 13:26:32 | INFO     | [QUESTION_SENT] {"question_idx": 2297, "uid": "1d3181a6-70c0-4693-9620-73d9d16302c4"}
2026-03-25 13:27:13 | INFO     | [QUESTION_ATTEMPT] {"attempt": 9, "max_questions": 250, "question_idx": 2297, "uid": "1d3181a6-70c0-4693-9620-73d9d16302c4"}
2026-03-25 13:27:44 | INFO     | [QUESTION_SENT] {"question_idx": 2298, "uid": "01b2ea41-2919-4528-a06d-5f3e36a69b27"}
2026-03-25 13:28:26 | INFO     | [QUESTION_ATTEMPT] {"attempt": 10, "max_questions": 250, "question_idx": 2298, "uid": "01b2ea41-2919-4528-a06d-5f3e36a69b27"}
2026-03-25 13:28:57 | INFO     | [QUESTION_SENT] {"question_idx": 2299, "uid": "aee1423d-5c17-40ac-b0af-41fa41a271b9"}
2026-03-25 13:29:37 | INFO     | [QUESTION_ATTEMPT] {"attempt": 11, "max_questions": 250, "question_idx": 2299, "uid": "aee1423d-5c17-40ac-b0af-41fa41a271b9"}
2026-03-25 13:30:08 | INFO     | [QUESTION_SENT] {"question_idx": 2300, "uid": "328406f9-1145-44d1-a55d-18e525a4625a"}
2026-03-25 13:30:49 | INFO     | [QUESTION_ATTEMPT] {"attempt": 12, "max_questions": 250, "question_idx": 2300, "uid": "328406f9-1145-44d1-a55d-18e525a4625a"}
2026-03-25 13:31:20 | INFO     | [QUESTION_SENT] {"question_idx": 2301, "uid": "4fe75a44-4e2c-45a9-a835-604aa605139c"}
2026-03-25 13:32:11 | INFO     | [QUESTION_ATTEMPT] {"attempt": 13, "max_questions": 250, "question_idx": 2301, "uid": "4fe75a44-4e2c-45a9-a835-604aa605139c"}
2026-03-25 13:32:42 | INFO     | [QUESTION_SENT] {"question_idx": 2302, "uid": "1995eafd-29c5-4116-902f-f858c624093c"}
2026-03-25 13:33:22 | INFO     | [QUESTION_ATTEMPT] {"attempt": 14, "max_questions": 250, "question_idx": 2302, "uid": "1995eafd-29c5-4116-902f-f858c624093c"}
2026-03-25 13:33:53 | INFO     | [QUESTION_SENT] {"question_idx": 2303, "uid": "4943f713-bf6f-4473-a7a8-aac9facc4739"}
2026-03-25 13:35:09 | INFO     | [QUESTION_SENT] {"question_idx": 2303, "uid": "4943f713-bf6f-4473-a7a8-aac9facc4739"}
2026-03-25 13:35:52 | INFO     | [QUESTION_ATTEMPT] {"attempt": 15, "max_questions": 250, "question_idx": 2303, "uid": "4943f713-bf6f-4473-a7a8-aac9facc4739"}
2026-03-25 13:36:23 | INFO     | [QUESTION_SENT] {"question_idx": 2304, "uid": "9b151ea1-e530-4e4d-b60c-e68fde21a534"}
2026-03-25 13:37:02 | INFO     | [QUESTION_ATTEMPT] {"attempt": 16, "max_questions": 250, "question_idx": 2304, "uid": "9b151ea1-e530-4e4d-b60c-e68fde21a534"}
2026-03-25 13:37:33 | INFO     | [QUESTION_SENT] {"question_idx": 2305, "uid": "15455ec9-23d8-4875-866a-2c9fc4acf291"}
2026-03-25 13:38:20 | INFO     | [QUESTION_ATTEMPT] {"attempt": 17, "max_questions": 250, "question_idx": 2305, "uid": "15455ec9-23d8-4875-866a-2c9fc4acf291"}
2026-03-25 13:38:33 | INFO     | [QUESTION_SENT] {"question_idx": 2305, "uid": "15455ec9-23d8-4875-866a-2c9fc4acf291"}
2026-03-25 13:39:04 | INFO     | [QUESTION_ATTEMPT] {"attempt": 18, "max_questions": 250, "question_idx": 2305, "uid": "15455ec9-23d8-4875-866a-2c9fc4acf291"}
2026-03-25 13:39:53 | INFO     | [QUESTION_SENT] {"question_idx": 2306, "uid": "618406db-73f3-4b80-9d88-215731416369"}
2026-03-25 13:40:35 | INFO     | [QUESTION_ATTEMPT] {"attempt": 19, "max_questions": 250, "question_idx": 2306, "uid": "618406db-73f3-4b80-9d88-215731416369"}
2026-03-25 13:41:06 | INFO     | [QUESTION_SENT] {"question_idx": 2307, "uid": "af7de888-7b5e-459c-91fe-9c3560a5bf34"}
2026-03-25 13:41:49 | INFO     | [QUESTION_ATTEMPT] {"attempt": 20, "max_questions": 250, "question_idx": 2307, "uid": "af7de888-7b5e-459c-91fe-9c3560a5bf34"}
2026-03-25 13:42:20 | INFO     | [QUESTION_SENT] {"question_idx": 2308, "uid": "968242be-2a6b-499a-b263-8c5d989ba960"}
2026-03-25 13:43:04 | INFO     | [QUESTION_ATTEMPT] {"attempt": 21, "max_questions": 250, "question_idx": 2308, "uid": "968242be-2a6b-499a-b263-8c5d989ba960"}
2026-03-25 13:43:35 | INFO     | [QUESTION_SENT] {"question_idx": 2309, "uid": "b649d805-4894-45c4-9f9d-5374c6f94a05"}
2026-03-25 13:44:20 | INFO     | [QUESTION_ATTEMPT] {"attempt": 22, "max_questions": 250, "question_idx": 2309, "uid": "b649d805-4894-45c4-9f9d-5374c6f94a05"}
2026-03-25 13:44:51 | INFO     | [QUESTION_SENT] {"question_idx": 2310, "uid": "457da02c-1d40-44b6-bcc8-f02dde7733db"}
2026-03-25 13:45:38 | INFO     | [QUESTION_ATTEMPT] {"attempt": 23, "max_questions": 250, "question_idx": 2310, "uid": "457da02c-1d40-44b6-bcc8-f02dde7733db"}
2026-03-25 13:46:09 | INFO     | [QUESTION_SENT] {"question_idx": 2311, "uid": "2c6a1fed-a9bc-4ba8-8e17-b644e65b22cc"}
2026-03-25 13:46:58 | INFO     | [QUESTION_ATTEMPT] {"attempt": 24, "max_questions": 250, "question_idx": 2311, "uid": "2c6a1fed-a9bc-4ba8-8e17-b644e65b22cc"}
2026-03-25 13:47:29 | INFO     | [QUESTION_SENT] {"question_idx": 2312, "uid": "a57c1fe7-b4bb-4ed2-8eaf-939c4a5496d0"}
2026-03-25 13:48:10 | INFO     | [QUESTION_ATTEMPT] {"attempt": 25, "max_questions": 250, "question_idx": 2312, "uid": "a57c1fe7-b4bb-4ed2-8eaf-939c4a5496d0"}
2026-03-25 13:48:41 | INFO     | [QUESTION_SENT] {"question_idx": 2313, "uid": "e4c551ac-93ff-49d4-9c75-76ce18ca07c1"}
2026-03-25 13:49:17 | INFO     | [QUESTION_ATTEMPT] {"attempt": 26, "max_questions": 250, "question_idx": 2313, "uid": "e4c551ac-93ff-49d4-9c75-76ce18ca07c1"}
2026-03-25 13:49:48 | INFO     | [QUESTION_SENT] {"question_idx": 2313, "uid": "e4c551ac-93ff-49d4-9c75-76ce18ca07c1"}
2026-03-25 13:50:30 | INFO     | [QUESTION_ATTEMPT] {"attempt": 27, "max_questions": 250, "question_idx": 2313, "uid": "e4c551ac-93ff-49d4-9c75-76ce18ca07c1"}
2026-03-25 13:51:01 | INFO     | [QUESTION_SENT] {"question_idx": 2314, "uid": "af0324a4-9fb4-4ecf-a275-8a68de8ae6cb"}
2026-03-25 13:51:45 | INFO     | [QUESTION_ATTEMPT] {"attempt": 28, "max_questions": 250, "question_idx": 2314, "uid": "af0324a4-9fb4-4ecf-a275-8a68de8ae6cb"}
2026-03-25 13:52:16 | INFO     | [QUESTION_SENT] {"question_idx": 2315, "uid": "d04842c7-8fb2-417e-b98f-46630bc05ffb"}
2026-03-25 13:53:24 | INFO     | [QUESTION_SENT] {"question_idx": 2315, "uid": "d04842c7-8fb2-417e-b98f-46630bc05ffb"}
2026-03-25 13:54:07 | INFO     | [QUESTION_ATTEMPT] {"attempt": 29, "max_questions": 250, "question_idx": 2315, "uid": "d04842c7-8fb2-417e-b98f-46630bc05ffb"}
2026-03-25 13:54:38 | INFO     | [QUESTION_SENT] {"question_idx": 2316, "uid": "247564f0-be81-4eba-89f1-4be58b32e912"}
2026-03-25 13:55:21 | INFO     | [QUESTION_ATTEMPT] {"attempt": 30, "max_questions": 250, "question_idx": 2316, "uid": "247564f0-be81-4eba-89f1-4be58b32e912"}
2026-03-25 13:55:52 | INFO     | [QUESTION_SENT] {"question_idx": 2317, "uid": "f197d33b-d08f-4c5d-9400-b14a665b333a"}
2026-03-25 13:56:37 | INFO     | [QUESTION_ATTEMPT] {"attempt": 31, "max_questions": 250, "question_idx": 2317, "uid": "f197d33b-d08f-4c5d-9400-b14a665b333a"}
2026-03-25 13:57:08 | INFO     | [QUESTION_SENT] {"question_idx": 2318, "uid": "2677c177-b451-4ae5-aa55-a40255fedd22"}
2026-03-25 13:57:52 | INFO     | [QUESTION_ATTEMPT] {"attempt": 32, "max_questions": 250, "question_idx": 2318, "uid": "2677c177-b451-4ae5-aa55-a40255fedd22"}
2026-03-25 13:58:23 | INFO     | [QUESTION_SENT] {"question_idx": 2319, "uid": "4c762cf4-44d4-40c4-9fd6-ed41d1c9b7c1"}
2026-03-25 13:58:48 | INFO     | [QUESTION_ATTEMPT] {"attempt": 33, "max_questions": 250, "question_idx": 2319, "uid": "4c762cf4-44d4-40c4-9fd6-ed41d1c9b7c1"}
2026-03-25 13:59:00 | INFO     | [QUESTION_SENT] {"question_idx": 2319, "uid": "4c762cf4-44d4-40c4-9fd6-ed41d1c9b7c1"}
2026-03-25 13:59:29 | INFO     | [QUESTION_ATTEMPT] {"attempt": 34, "max_questions": 250, "question_idx": 2319, "uid": "4c762cf4-44d4-40c4-9fd6-ed41d1c9b7c1"}
2026-03-25 14:00:21 | INFO     | [QUESTION_SENT] {"question_idx": 2320, "uid": "89a11a55-2a05-45e8-99cc-d9e7549a61d8"}
2026-03-25 14:01:05 | INFO     | [QUESTION_ATTEMPT] {"attempt": 35, "max_questions": 250, "question_idx": 2320, "uid": "89a11a55-2a05-45e8-99cc-d9e7549a61d8"}
2026-03-25 14:01:36 | INFO     | [QUESTION_SENT] {"question_idx": 2320, "uid": "89a11a55-2a05-45e8-99cc-d9e7549a61d8"}
2026-03-25 14:02:22 | INFO     | [QUESTION_ATTEMPT] {"attempt": 36, "max_questions": 250, "question_idx": 2320, "uid": "89a11a55-2a05-45e8-99cc-d9e7549a61d8"}
2026-03-25 14:02:53 | INFO     | [QUESTION_SENT] {"question_idx": 2321, "uid": "2f11654a-54a0-452d-ad25-f825be73abe5"}
2026-03-25 14:04:11 | INFO     | [QUESTION_SENT] {"question_idx": 2321, "uid": "2f11654a-54a0-452d-ad25-f825be73abe5"}
2026-03-25 14:04:54 | INFO     | [QUESTION_ATTEMPT] {"attempt": 37, "max_questions": 250, "question_idx": 2321, "uid": "2f11654a-54a0-452d-ad25-f825be73abe5"}
2026-03-25 14:05:25 | INFO     | [QUESTION_SENT] {"question_idx": 2322, "uid": "9fe5210f-36bd-4817-bbeb-4005635ee51a"}
2026-03-25 14:06:02 | INFO     | [QUESTION_ATTEMPT] {"attempt": 38, "max_questions": 250, "question_idx": 2322, "uid": "9fe5210f-36bd-4817-bbeb-4005635ee51a"}
2026-03-25 14:06:33 | INFO     | [QUESTION_SENT] {"question_idx": 2323, "uid": "968f47f3-edeb-450f-b844-bb59135f3f06"}
2026-03-25 14:07:05 | INFO     | [QUESTION_ATTEMPT] {"attempt": 39, "max_questions": 250, "question_idx": 2323, "uid": "968f47f3-edeb-450f-b844-bb59135f3f06"}
2026-03-25 14:07:17 | INFO     | [QUESTION_SENT] {"question_idx": 2323, "uid": "968f47f3-edeb-450f-b844-bb59135f3f06"}
2026-03-25 14:07:50 | INFO     | [QUESTION_ATTEMPT] {"attempt": 40, "max_questions": 250, "question_idx": 2323, "uid": "968f47f3-edeb-450f-b844-bb59135f3f06"}
2026-03-25 14:08:38 | INFO     | [QUESTION_SENT] {"question_idx": 2324, "uid": "fd756fea-0ec0-43e6-b809-c39b41421191"}
2026-03-25 14:09:21 | INFO     | [QUESTION_ATTEMPT] {"attempt": 41, "max_questions": 250, "question_idx": 2324, "uid": "fd756fea-0ec0-43e6-b809-c39b41421191"}
2026-03-25 14:09:52 | INFO     | [QUESTION_SENT] {"question_idx": 2325, "uid": "8a84cbe9-5f58-479e-8030-d8de37b6895c"}
2026-03-25 14:10:37 | INFO     | [QUESTION_ATTEMPT] {"attempt": 42, "max_questions": 250, "question_idx": 2325, "uid": "8a84cbe9-5f58-479e-8030-d8de37b6895c"}
2026-03-25 14:11:08 | INFO     | [QUESTION_SENT] {"question_idx": 2326, "uid": "02a48eb7-8a20-4e16-9e8b-180bf1e889be"}
2026-03-25 14:11:48 | INFO     | [QUESTION_ATTEMPT] {"attempt": 43, "max_questions": 250, "question_idx": 2326, "uid": "02a48eb7-8a20-4e16-9e8b-180bf1e889be"}
2026-03-25 14:12:20 | INFO     | [QUESTION_SENT] {"question_idx": 2327, "uid": "ff440af8-e29f-4c2f-b5ed-55f66d2788d5"}
2026-03-25 14:12:58 | INFO     | [QUESTION_ATTEMPT] {"attempt": 44, "max_questions": 250, "question_idx": 2327, "uid": "ff440af8-e29f-4c2f-b5ed-55f66d2788d5"}
2026-03-25 14:13:29 | INFO     | [QUESTION_SENT] {"question_idx": 2328, "uid": "19fa7550-93c6-414b-b1e2-57e444666963"}
2026-03-25 14:13:54 | INFO     | [QUESTION_ATTEMPT] {"attempt": 45, "max_questions": 250, "question_idx": 2328, "uid": "19fa7550-93c6-414b-b1e2-57e444666963"}
2026-03-25 14:14:47 | INFO     | [QUESTION_SENT] {"question_idx": 2329, "uid": "8ad5089f-97fb-4bb9-8b78-5ced984ff809"}
2026-03-25 14:15:47 | INFO     | [QUESTION_ATTEMPT] {"attempt": 46, "max_questions": 250, "question_idx": 2329, "uid": "8ad5089f-97fb-4bb9-8b78-5ced984ff809"}
2026-03-25 14:16:18 | INFO     | [QUESTION_SENT] {"question_idx": 2330, "uid": "87a2c7d9-6b85-4772-aa1e-82d6be013feb"}
2026-03-25 14:17:02 | INFO     | [QUESTION_ATTEMPT] {"attempt": 47, "max_questions": 250, "question_idx": 2330, "uid": "87a2c7d9-6b85-4772-aa1e-82d6be013feb"}
2026-03-25 14:17:34 | INFO     | [QUESTION_SENT] {"question_idx": 2331, "uid": "3ed803b1-f10d-4477-a053-ceec7e553f0c"}
2026-03-25 14:18:43 | INFO     | [QUESTION_SENT] {"question_idx": 2331, "uid": "3ed803b1-f10d-4477-a053-ceec7e553f0c"}
2026-03-25 14:19:29 | INFO     | [QUESTION_ATTEMPT] {"attempt": 48, "max_questions": 250, "question_idx": 2331, "uid": "3ed803b1-f10d-4477-a053-ceec7e553f0c"}
2026-03-25 14:20:00 | INFO     | [QUESTION_SENT] {"question_idx": 2332, "uid": "27ab38f6-4640-4545-b9c5-4fb4f4fb8c83"}
2026-03-25 14:20:40 | INFO     | [QUESTION_ATTEMPT] {"attempt": 49, "max_questions": 250, "question_idx": 2332, "uid": "27ab38f6-4640-4545-b9c5-4fb4f4fb8c83"}
2026-03-25 14:21:11 | INFO     | [QUESTION_SENT] {"question_idx": 2333, "uid": "4b78c627-8850-4182-80e4-b536d8940643"}
2026-03-25 14:22:04 | INFO     | [QUESTION_ATTEMPT] {"attempt": 50, "max_questions": 250, "question_idx": 2333, "uid": "4b78c627-8850-4182-80e4-b536d8940643"}
2026-03-25 14:22:35 | INFO     | [QUESTION_SENT] {"question_idx": 2334, "uid": "1797d3d0-c8e6-4927-8a6f-10d17a1e2d55"}
2026-03-25 14:23:21 | INFO     | [QUESTION_ATTEMPT] {"attempt": 51, "max_questions": 250, "question_idx": 2334, "uid": "1797d3d0-c8e6-4927-8a6f-10d17a1e2d55"}
2026-03-25 14:23:52 | INFO     | [QUESTION_SENT] {"question_idx": 2335, "uid": "7b916899-deb0-4e09-819a-52704d3e9b91"}
2026-03-25 14:24:35 | INFO     | [QUESTION_ATTEMPT] {"attempt": 52, "max_questions": 250, "question_idx": 2335, "uid": "7b916899-deb0-4e09-819a-52704d3e9b91"}
2026-03-25 14:25:06 | INFO     | [QUESTION_SENT] {"question_idx": 2336, "uid": "462eeb7c-972b-428b-9428-243451989dc6"}
2026-03-25 14:25:57 | INFO     | [QUESTION_ATTEMPT] {"attempt": 53, "max_questions": 250, "question_idx": 2336, "uid": "462eeb7c-972b-428b-9428-243451989dc6"}
2026-03-25 14:26:28 | INFO     | [QUESTION_SENT] {"question_idx": 2337, "uid": "6623b636-63b6-44e2-a44b-011f93c27b54"}
2026-03-25 14:27:19 | INFO     | [QUESTION_ATTEMPT] {"attempt": 54, "max_questions": 250, "question_idx": 2337, "uid": "6623b636-63b6-44e2-a44b-011f93c27b54"}
2026-03-25 14:27:50 | INFO     | [QUESTION_SENT] {"question_idx": 2337, "uid": "6623b636-63b6-44e2-a44b-011f93c27b54"}
2026-03-25 14:28:28 | INFO     | [QUESTION_ATTEMPT] {"attempt": 55, "max_questions": 250, "question_idx": 2337, "uid": "6623b636-63b6-44e2-a44b-011f93c27b54"}
2026-03-25 14:28:59 | INFO     | [QUESTION_SENT] {"question_idx": 2338, "uid": "57fe001b-9ed4-40ee-8c11-3e0ec88b287b"}
2026-03-25 14:29:44 | INFO     | [QUESTION_ATTEMPT] {"attempt": 56, "max_questions": 250, "question_idx": 2338, "uid": "57fe001b-9ed4-40ee-8c11-3e0ec88b287b"}
2026-03-25 14:30:15 | INFO     | [QUESTION_SENT] {"question_idx": 2339, "uid": "534ec9f2-4b2a-4e31-a5da-13d20c8b5c2b"}
2026-03-25 14:30:59 | INFO     | [QUESTION_ATTEMPT] {"attempt": 57, "max_questions": 250, "question_idx": 2339, "uid": "534ec9f2-4b2a-4e31-a5da-13d20c8b5c2b"}
2026-03-25 14:31:30 | INFO     | [QUESTION_SENT] {"question_idx": 2340, "uid": "d0de1337-c39a-4ea7-95cb-0acb0ab29ae1"}
2026-03-25 14:32:17 | INFO     | [QUESTION_ATTEMPT] {"attempt": 58, "max_questions": 250, "question_idx": 2340, "uid": "d0de1337-c39a-4ea7-95cb-0acb0ab29ae1"}
2026-03-25 14:32:49 | INFO     | [QUESTION_SENT] {"question_idx": 2341, "uid": "a44f9431-310f-4a82-9a2e-e8bb835d7c01"}
2026-03-25 14:33:29 | INFO     | [QUESTION_ATTEMPT] {"attempt": 59, "max_questions": 250, "question_idx": 2341, "uid": "a44f9431-310f-4a82-9a2e-e8bb835d7c01"}
2026-03-25 14:34:00 | INFO     | [QUESTION_SENT] {"question_idx": 2342, "uid": "66d3b84b-ca98-402c-adb6-35f727234487"}
2026-03-25 14:35:18 | INFO     | [QUESTION_SENT] {"question_idx": 2342, "uid": "66d3b84b-ca98-402c-adb6-35f727234487"}
2026-03-25 14:36:04 | INFO     | [QUESTION_ATTEMPT] {"attempt": 60, "max_questions": 250, "question_idx": 2342, "uid": "66d3b84b-ca98-402c-adb6-35f727234487"}
2026-03-25 14:36:35 | INFO     | [QUESTION_SENT] {"question_idx": 2343, "uid": "667c8cd5-2737-40f3-a826-9d08fa580c98"}
2026-03-25 14:37:20 | INFO     | [QUESTION_ATTEMPT] {"attempt": 61, "max_questions": 250, "question_idx": 2343, "uid": "667c8cd5-2737-40f3-a826-9d08fa580c98"}
2026-03-25 14:37:51 | INFO     | [QUESTION_SENT] {"question_idx": 2344, "uid": "c47c1d37-1cec-422e-86da-c0d59e7ccbbe"}
2026-03-25 14:38:35 | INFO     | [QUESTION_ATTEMPT] {"attempt": 62, "max_questions": 250, "question_idx": 2344, "uid": "c47c1d37-1cec-422e-86da-c0d59e7ccbbe"}
2026-03-25 14:39:06 | INFO     | [QUESTION_SENT] {"question_idx": 2345, "uid": "140a5f49-8401-4523-a6df-2b988249bd9f"}
2026-03-25 14:39:49 | INFO     | [QUESTION_ATTEMPT] {"attempt": 63, "max_questions": 250, "question_idx": 2345, "uid": "140a5f49-8401-4523-a6df-2b988249bd9f"}
2026-03-25 14:40:20 | INFO     | [QUESTION_SENT] {"question_idx": 2346, "uid": "9491d323-7f41-48da-a70e-4a7dfd3d67e2"}
2026-03-25 14:40:57 | INFO     | [QUESTION_ATTEMPT] {"attempt": 64, "max_questions": 250, "question_idx": 2346, "uid": "9491d323-7f41-48da-a70e-4a7dfd3d67e2"}
2026-03-25 14:41:28 | INFO     | [QUESTION_SENT] {"question_idx": 2347, "uid": "afa6732f-b051-4b7e-aeb0-e9590855ed1f"}
2026-03-25 14:41:57 | INFO     | [QUESTION_ATTEMPT] {"attempt": 65, "max_questions": 250, "question_idx": 2347, "uid": "afa6732f-b051-4b7e-aeb0-e9590855ed1f"}
2026-03-25 14:42:46 | INFO     | [QUESTION_SENT] {"question_idx": 2348, "uid": "935a78c5-2569-4d76-8f1e-09c7d0768386"}
2026-03-25 14:43:16 | INFO     | [QUESTION_ATTEMPT] {"attempt": 66, "max_questions": 250, "question_idx": 2348, "uid": "935a78c5-2569-4d76-8f1e-09c7d0768386"}
2026-03-25 14:44:04 | INFO     | [QUESTION_SENT] {"question_idx": 2349, "uid": "0e46882f-1fd8-4ed8-8399-3bf9deab83bd"}
2026-03-25 14:44:33 | INFO     | [QUESTION_ATTEMPT] {"attempt": 67, "max_questions": 250, "question_idx": 2349, "uid": "0e46882f-1fd8-4ed8-8399-3bf9deab83bd"}
2026-03-25 14:44:45 | INFO     | [QUESTION_SENT] {"question_idx": 2349, "uid": "0e46882f-1fd8-4ed8-8399-3bf9deab83bd"}
2026-03-25 14:46:06 | INFO     | [QUESTION_SENT] {"question_idx": 2349, "uid": "0e46882f-1fd8-4ed8-8399-3bf9deab83bd"}
2026-03-25 14:46:39 | INFO     | [QUESTION_ATTEMPT] {"attempt": 68, "max_questions": 250, "question_idx": 2349, "uid": "0e46882f-1fd8-4ed8-8399-3bf9deab83bd"}
2026-03-25 14:47:24 | INFO     | [QUESTION_SENT] {"question_idx": 2350, "uid": "df311d95-b859-4eb5-b81d-94bd6107b096"}
2026-03-25 14:47:57 | INFO     | [QUESTION_ATTEMPT] {"attempt": 69, "max_questions": 250, "question_idx": 2350, "uid": "df311d95-b859-4eb5-b81d-94bd6107b096"}
2026-03-25 14:48:42 | INFO     | [QUESTION_SENT] {"question_idx": 2351, "uid": "bb5ffc9d-75ef-459f-a173-8d989afd37ae"}
2026-03-25 14:49:11 | INFO     | [QUESTION_ATTEMPT] {"attempt": 70, "max_questions": 250, "question_idx": 2351, "uid": "bb5ffc9d-75ef-459f-a173-8d989afd37ae"}
2026-03-25 14:50:00 | INFO     | [QUESTION_SENT] {"question_idx": 2352, "uid": "cc591651-fbc8-4084-bab2-91c18e6506ad"}
2026-03-25 14:50:31 | INFO     | [QUESTION_ATTEMPT] {"attempt": 71, "max_questions": 250, "question_idx": 2352, "uid": "cc591651-fbc8-4084-bab2-91c18e6506ad"}
2026-03-25 14:50:44 | INFO     | [QUESTION_SENT] {"question_idx": 2352, "uid": "cc591651-fbc8-4084-bab2-91c18e6506ad"}
2026-03-25 14:51:03 | INFO     | [QUESTION_ATTEMPT] {"attempt": 72, "max_questions": 250, "question_idx": 2352, "uid": "cc591651-fbc8-4084-bab2-91c18e6506ad"}
2026-03-25 14:52:04 | INFO     | [QUESTION_SENT] {"question_idx": 2353, "uid": "c408fa58-deaf-4130-9d4e-5eb25a529fc5"}
2026-03-25 14:52:42 | INFO     | [QUESTION_ATTEMPT] {"attempt": 73, "max_questions": 250, "question_idx": 2353, "uid": "c408fa58-deaf-4130-9d4e-5eb25a529fc5"}
2026-03-25 14:52:54 | INFO     | [QUESTION_SENT] {"question_idx": 2353, "uid": "c408fa58-deaf-4130-9d4e-5eb25a529fc5"}
2026-03-25 14:53:17 | INFO     | [QUESTION_ATTEMPT] {"attempt": 74, "max_questions": 250, "question_idx": 2353, "uid": "c408fa58-deaf-4130-9d4e-5eb25a529fc5"}
2026-03-25 14:54:15 | INFO     | [QUESTION_SENT] {"question_idx": 2354, "uid": "049ea018-f68c-466a-a1bd-b446b6f45408"}
2026-03-25 14:54:50 | INFO     | [QUESTION_ATTEMPT] {"attempt": 75, "max_questions": 250, "question_idx": 2354, "uid": "049ea018-f68c-466a-a1bd-b446b6f45408"}
2026-03-25 14:55:22 | INFO     | [QUESTION_SENT] {"question_idx": 2355, "uid": "39406759-c953-41b7-968c-07628ce4d0cb"}
2026-03-25 14:55:49 | INFO     | [QUESTION_ATTEMPT] {"attempt": 76, "max_questions": 250, "question_idx": 2355, "uid": "39406759-c953-41b7-968c-07628ce4d0cb"}
2026-03-25 14:56:01 | INFO     | [QUESTION_SENT] {"question_idx": 2355, "uid": "39406759-c953-41b7-968c-07628ce4d0cb"}
2026-03-25 14:56:29 | INFO     | [QUESTION_ATTEMPT] {"attempt": 77, "max_questions": 250, "question_idx": 2355, "uid": "39406759-c953-41b7-968c-07628ce4d0cb"}
2026-03-25 14:57:22 | INFO     | [QUESTION_SENT] {"question_idx": 2356, "uid": "9c07d3fa-309f-4392-ba56-88afc145ea14"}
2026-03-25 14:58:03 | INFO     | [QUESTION_ATTEMPT] {"attempt": 78, "max_questions": 250, "question_idx": 2356, "uid": "9c07d3fa-309f-4392-ba56-88afc145ea14"}
2026-03-25 14:58:34 | INFO     | [QUESTION_SENT] {"question_idx": 2357, "uid": "02c999c5-10e4-4b9b-8eb9-73464839d1c1"}
2026-03-25 14:59:02 | INFO     | [QUESTION_ATTEMPT] {"attempt": 79, "max_questions": 250, "question_idx": 2357, "uid": "02c999c5-10e4-4b9b-8eb9-73464839d1c1"}
2026-03-25 14:59:52 | INFO     | [QUESTION_SENT] {"question_idx": 2358, "uid": "2fe3a942-e326-4938-9949-52ef99ecd093"}
2026-03-25 15:00:25 | INFO     | [QUESTION_ATTEMPT] {"attempt": 80, "max_questions": 250, "question_idx": 2358, "uid": "2fe3a942-e326-4938-9949-52ef99ecd093"}
2026-03-25 15:01:10 | INFO     | [QUESTION_SENT] {"question_idx": 2359, "uid": "c8133780-657c-483b-ac2e-e1e2da1d9321"}
2026-03-25 15:01:42 | INFO     | [QUESTION_ATTEMPT] {"attempt": 81, "max_questions": 250, "question_idx": 2359, "uid": "c8133780-657c-483b-ac2e-e1e2da1d9321"}
2026-03-25 15:02:29 | INFO     | [QUESTION_SENT] {"question_idx": 2360, "uid": "5283fe1f-cea5-47cc-8895-b7fae50396cd"}
2026-03-25 15:03:03 | INFO     | [QUESTION_ATTEMPT] {"attempt": 82, "max_questions": 250, "question_idx": 2360, "uid": "5283fe1f-cea5-47cc-8895-b7fae50396cd"}
2026-03-25 15:03:47 | INFO     | [QUESTION_SENT] {"question_idx": 2361, "uid": "d38fcf86-59eb-4117-b054-29e8fed2b555"}
2026-03-25 15:04:24 | INFO     | [QUESTION_ATTEMPT] {"attempt": 83, "max_questions": 250, "question_idx": 2361, "uid": "d38fcf86-59eb-4117-b054-29e8fed2b555"}
2026-03-25 15:04:55 | INFO     | [QUESTION_SENT] {"question_idx": 2362, "uid": "8b94f88a-dbc1-452f-8c64-3870513c32c9"}
2026-03-25 15:05:24 | INFO     | [QUESTION_ATTEMPT] {"attempt": 84, "max_questions": 250, "question_idx": 2362, "uid": "8b94f88a-dbc1-452f-8c64-3870513c32c9"}
2026-03-25 15:05:36 | INFO     | [QUESTION_SENT] {"question_idx": 2362, "uid": "8b94f88a-dbc1-452f-8c64-3870513c32c9"}
2026-03-25 15:05:58 | INFO     | [QUESTION_ATTEMPT] {"attempt": 85, "max_questions": 250, "question_idx": 2362, "uid": "8b94f88a-dbc1-452f-8c64-3870513c32c9"}
2026-03-25 15:06:57 | INFO     | [QUESTION_SENT] {"question_idx": 2363, "uid": "e59b041d-7f66-43d8-8441-90b5177b7a49"}
2026-03-25 15:07:27 | INFO     | [QUESTION_ATTEMPT] {"attempt": 86, "max_questions": 250, "question_idx": 2363, "uid": "e59b041d-7f66-43d8-8441-90b5177b7a49"}
2026-03-25 15:08:15 | INFO     | [QUESTION_SENT] {"question_idx": 2364, "uid": "019636af-cb55-4a90-b1e0-48a86ee67eb8"}
2026-03-25 15:08:42 | INFO     | [QUESTION_ATTEMPT] {"attempt": 87, "max_questions": 250, "question_idx": 2364, "uid": "019636af-cb55-4a90-b1e0-48a86ee67eb8"}
2026-03-25 15:08:55 | INFO     | [QUESTION_SENT] {"question_idx": 2364, "uid": "019636af-cb55-4a90-b1e0-48a86ee67eb8"}
2026-03-25 15:09:12 | INFO     | [QUESTION_ATTEMPT] {"attempt": 88, "max_questions": 250, "question_idx": 2364, "uid": "019636af-cb55-4a90-b1e0-48a86ee67eb8"}
2026-03-25 15:09:24 | INFO     | [QUESTION_SENT] {"question_idx": 2364, "uid": "019636af-cb55-4a90-b1e0-48a86ee67eb8"}
2026-03-25 15:09:44 | INFO     | [QUESTION_ATTEMPT] {"attempt": 89, "max_questions": 250, "question_idx": 2364, "uid": "019636af-cb55-4a90-b1e0-48a86ee67eb8"}
2026-03-25 15:10:45 | INFO     | [QUESTION_SENT] {"question_idx": 2365, "uid": "b75252f8-31c5-40f8-af1a-2a207b406fca"}
2026-03-25 15:11:15 | INFO     | [QUESTION_ATTEMPT] {"attempt": 90, "max_questions": 250, "question_idx": 2365, "uid": "b75252f8-31c5-40f8-af1a-2a207b406fca"}
2026-03-25 15:12:02 | INFO     | [QUESTION_SENT] {"question_idx": 2366, "uid": "09111381-6bef-45a7-8e1f-8affe47035a9"}
2026-03-25 15:12:33 | INFO     | [QUESTION_ATTEMPT] {"attempt": 91, "max_questions": 250, "question_idx": 2366, "uid": "09111381-6bef-45a7-8e1f-8affe47035a9"}
2026-03-25 15:13:20 | INFO     | [QUESTION_SENT] {"question_idx": 2367, "uid": "66050ed4-1a8e-4a53-92aa-32aa232d66f8"}
2026-03-25 15:13:57 | INFO     | [QUESTION_ATTEMPT] {"attempt": 92, "max_questions": 250, "question_idx": 2367, "uid": "66050ed4-1a8e-4a53-92aa-32aa232d66f8"}
2026-03-25 15:14:29 | INFO     | [QUESTION_SENT] {"question_idx": 2368, "uid": "641e1adc-b3d1-4757-90c1-19fdf98b018c"}
2026-03-25 15:15:16 | INFO     | [QUESTION_ATTEMPT] {"attempt": 93, "max_questions": 250, "question_idx": 2368, "uid": "641e1adc-b3d1-4757-90c1-19fdf98b018c"}
2026-03-25 15:15:47 | INFO     | [QUESTION_SENT] {"question_idx": 2369, "uid": "0515a0f2-1b17-4ad2-ad06-589bd95755af"}
2026-03-25 15:16:17 | INFO     | [QUESTION_ATTEMPT] {"attempt": 94, "max_questions": 250, "question_idx": 2369, "uid": "0515a0f2-1b17-4ad2-ad06-589bd95755af"}
2026-03-25 15:17:05 | INFO     | [QUESTION_SENT] {"question_idx": 2370, "uid": "4c8e672d-e6e7-49bf-bd7d-457e8d221c09"}
2026-03-25 15:17:33 | INFO     | [QUESTION_ATTEMPT] {"attempt": 95, "max_questions": 250, "question_idx": 2370, "uid": "4c8e672d-e6e7-49bf-bd7d-457e8d221c09"}
2026-03-25 15:18:22 | INFO     | [QUESTION_SENT] {"question_idx": 2371, "uid": "1cbf9dc3-ba5f-42b1-8432-8b2f072fea90"}
2026-03-25 15:18:57 | INFO     | [QUESTION_ATTEMPT] {"attempt": 96, "max_questions": 250, "question_idx": 2371, "uid": "1cbf9dc3-ba5f-42b1-8432-8b2f072fea90"}
2026-03-25 15:19:40 | INFO     | [QUESTION_SENT] {"question_idx": 2372, "uid": "07ad34b9-5448-4e3c-9af1-af8a6949f80e"}
2026-03-25 15:20:12 | INFO     | [QUESTION_ATTEMPT] {"attempt": 97, "max_questions": 250, "question_idx": 2372, "uid": "07ad34b9-5448-4e3c-9af1-af8a6949f80e"}
2026-03-25 15:20:59 | INFO     | [QUESTION_SENT] {"question_idx": 2373, "uid": "8179b753-bc8f-4401-83f4-1a1a6765ba09"}
2026-03-25 15:21:29 | INFO     | [QUESTION_ATTEMPT] {"attempt": 98, "max_questions": 250, "question_idx": 2373, "uid": "8179b753-bc8f-4401-83f4-1a1a6765ba09"}
2026-03-25 15:22:16 | INFO     | [QUESTION_SENT] {"question_idx": 2374, "uid": "a2ae0626-1b35-4419-98f5-fc2f2af7e157"}
2026-03-25 15:22:48 | INFO     | [QUESTION_ATTEMPT] {"attempt": 99, "max_questions": 250, "question_idx": 2374, "uid": "a2ae0626-1b35-4419-98f5-fc2f2af7e157"}
2026-03-25 15:23:35 | INFO     | [QUESTION_SENT] {"question_idx": 2375, "uid": "74b16ab0-ab20-462d-b729-593c17bc01ad"}
2026-03-25 15:24:01 | INFO     | [QUESTION_ATTEMPT] {"attempt": 100, "max_questions": 250, "question_idx": 2375, "uid": "74b16ab0-ab20-462d-b729-593c17bc01ad"}
2026-03-25 15:24:53 | INFO     | [QUESTION_SENT] {"question_idx": 2376, "uid": "69d14685-454e-4447-8187-d71c074b5d83"}
2026-03-25 15:26:11 | INFO     | [QUESTION_SENT] {"question_idx": 2376, "uid": "69d14685-454e-4447-8187-d71c074b5d83"}
2026-03-25 15:26:41 | INFO     | [QUESTION_ATTEMPT] {"attempt": 101, "max_questions": 250, "question_idx": 2376, "uid": "69d14685-454e-4447-8187-d71c074b5d83"}
2026-03-25 15:27:29 | INFO     | [QUESTION_SENT] {"question_idx": 2377, "uid": "02d3456d-d248-4ce3-9ae7-8db28ed56fc8"}
2026-03-25 15:27:59 | INFO     | [QUESTION_ATTEMPT] {"attempt": 102, "max_questions": 250, "question_idx": 2377, "uid": "02d3456d-d248-4ce3-9ae7-8db28ed56fc8"}
2026-03-25 15:28:46 | INFO     | [QUESTION_SENT] {"question_idx": 2378, "uid": "9dfa424d-c728-4b31-8499-80cd524b0640"}
2026-03-25 15:29:15 | INFO     | [QUESTION_ATTEMPT] {"attempt": 103, "max_questions": 250, "question_idx": 2378, "uid": "9dfa424d-c728-4b31-8499-80cd524b0640"}
2026-03-25 15:30:04 | INFO     | [QUESTION_SENT] {"question_idx": 2379, "uid": "24a3f1b0-7e60-4ca8-b261-6c17e6952ca2"}
2026-03-25 15:31:22 | INFO     | [QUESTION_SENT] {"question_idx": 2379, "uid": "24a3f1b0-7e60-4ca8-b261-6c17e6952ca2"}
2026-03-25 15:31:51 | INFO     | [QUESTION_ATTEMPT] {"attempt": 104, "max_questions": 250, "question_idx": 2379, "uid": "24a3f1b0-7e60-4ca8-b261-6c17e6952ca2"}
2026-03-25 15:32:40 | INFO     | [QUESTION_SENT] {"question_idx": 2380, "uid": "47f4b6a7-3bd5-4930-a781-055db866be7d"}
2026-03-25 15:33:24 | INFO     | [QUESTION_ATTEMPT] {"attempt": 105, "max_questions": 250, "question_idx": 2380, "uid": "47f4b6a7-3bd5-4930-a781-055db866be7d"}
2026-03-25 15:33:56 | INFO     | [QUESTION_SENT] {"question_idx": 2381, "uid": "9328b6dd-8ad3-4bb8-846a-49424f0d4d16"}
2026-03-25 15:34:27 | INFO     | [QUESTION_ATTEMPT] {"attempt": 106, "max_questions": 250, "question_idx": 2381, "uid": "9328b6dd-8ad3-4bb8-846a-49424f0d4d16"}
2026-03-25 15:35:14 | INFO     | [QUESTION_SENT] {"question_idx": 2382, "uid": "176ffb8f-59a1-47f0-970d-f65e2e0293f4"}
2026-03-25 15:35:44 | INFO     | [QUESTION_ATTEMPT] {"attempt": 107, "max_questions": 250, "question_idx": 2382, "uid": "176ffb8f-59a1-47f0-970d-f65e2e0293f4"}
2026-03-25 15:36:32 | INFO     | [QUESTION_SENT] {"question_idx": 2383, "uid": "6f97cee9-7971-4e4c-8948-ec12027c050c"}
2026-03-25 15:37:49 | INFO     | [QUESTION_SENT] {"question_idx": 2383, "uid": "6f97cee9-7971-4e4c-8948-ec12027c050c"}
2026-03-25 15:38:20 | INFO     | [QUESTION_ATTEMPT] {"attempt": 108, "max_questions": 250, "question_idx": 2383, "uid": "6f97cee9-7971-4e4c-8948-ec12027c050c"}
2026-03-25 15:39:07 | INFO     | [QUESTION_SENT] {"question_idx": 2384, "uid": "dc78cda1-5722-4030-a44f-a8e37605e7cc"}
2026-03-25 15:39:39 | INFO     | [QUESTION_ATTEMPT] {"attempt": 109, "max_questions": 250, "question_idx": 2384, "uid": "dc78cda1-5722-4030-a44f-a8e37605e7cc"}
2026-03-25 15:40:25 | INFO     | [QUESTION_SENT] {"question_idx": 2385, "uid": "d7cc997b-089c-4f12-b675-4ce8272350cb"}
2026-03-25 15:41:44 | INFO     | [QUESTION_SENT] {"question_idx": 2385, "uid": "d7cc997b-089c-4f12-b675-4ce8272350cb"}
2026-03-25 15:42:49 | INFO     | [QUESTION_ATTEMPT] {"attempt": 110, "max_questions": 250, "question_idx": 2385, "uid": "d7cc997b-089c-4f12-b675-4ce8272350cb"}
2026-03-25 15:43:20 | INFO     | [QUESTION_SENT] {"question_idx": 2386, "uid": "635f891e-efe9-4005-be96-d0910a3f230a"}
2026-03-25 15:43:52 | INFO     | [QUESTION_ATTEMPT] {"attempt": 111, "max_questions": 250, "question_idx": 2386, "uid": "635f891e-efe9-4005-be96-d0910a3f230a"}
2026-03-25 15:44:39 | INFO     | [QUESTION_SENT] {"question_idx": 2387, "uid": "57f452ca-d1b2-428a-9b41-e98a89e4f1c3"}
2026-03-25 15:45:30 | INFO     | [QUESTION_ATTEMPT] {"attempt": 112, "max_questions": 250, "question_idx": 2387, "uid": "57f452ca-d1b2-428a-9b41-e98a89e4f1c3"}
2026-03-25 15:46:01 | INFO     | [QUESTION_SENT] {"question_idx": 2388, "uid": "8576a2db-0d16-4684-b88c-fd6a1e4e94ce"}
2026-03-25 15:46:31 | INFO     | [QUESTION_ATTEMPT] {"attempt": 113, "max_questions": 250, "question_idx": 2388, "uid": "8576a2db-0d16-4684-b88c-fd6a1e4e94ce"}
2026-03-25 15:47:19 | INFO     | [QUESTION_SENT] {"question_idx": 2389, "uid": "b60a7a45-f391-4623-a95d-df3f7fc74b63"}
2026-03-25 15:47:58 | INFO     | [QUESTION_ATTEMPT] {"attempt": 114, "max_questions": 250, "question_idx": 2389, "uid": "b60a7a45-f391-4623-a95d-df3f7fc74b63"}
2026-03-25 15:48:29 | INFO     | [QUESTION_SENT] {"question_idx": 2390, "uid": "23155d22-2c9c-4547-b2b0-f23f77251ef1"}
2026-03-25 15:48:59 | INFO     | [QUESTION_ATTEMPT] {"attempt": 115, "max_questions": 250, "question_idx": 2390, "uid": "23155d22-2c9c-4547-b2b0-f23f77251ef1"}
2026-03-25 15:49:46 | INFO     | [QUESTION_SENT] {"question_idx": 2391, "uid": "0388b7ad-e9da-4b87-93d6-53570c30c736"}
2026-03-25 15:50:19 | INFO     | [QUESTION_ATTEMPT] {"attempt": 116, "max_questions": 250, "question_idx": 2391, "uid": "0388b7ad-e9da-4b87-93d6-53570c30c736"}
2026-03-25 15:51:05 | INFO     | [QUESTION_SENT] {"question_idx": 2392, "uid": "6cf6af89-8be9-423b-a4fd-271ad48c4740"}
2026-03-25 15:51:33 | INFO     | [QUESTION_ATTEMPT] {"attempt": 117, "max_questions": 250, "question_idx": 2392, "uid": "6cf6af89-8be9-423b-a4fd-271ad48c4740"}
2026-03-25 15:51:46 | INFO     | [QUESTION_SENT] {"question_idx": 2392, "uid": "6cf6af89-8be9-423b-a4fd-271ad48c4740"}
2026-03-25 15:52:10 | INFO     | [QUESTION_ATTEMPT] {"attempt": 118, "max_questions": 250, "question_idx": 2392, "uid": "6cf6af89-8be9-423b-a4fd-271ad48c4740"}
2026-03-25 15:53:06 | INFO     | [QUESTION_SENT] {"question_idx": 2393, "uid": "9ed62097-fa3b-4774-8a6b-becf16c3205c"}
2026-03-25 15:53:37 | INFO     | [QUESTION_ATTEMPT] {"attempt": 119, "max_questions": 250, "question_idx": 2393, "uid": "9ed62097-fa3b-4774-8a6b-becf16c3205c"}
2026-03-25 15:54:24 | INFO     | [QUESTION_SENT] {"question_idx": 2394, "uid": "08e8265f-989c-4e20-8299-3a73fbb0b30f"}
2026-03-25 15:54:54 | INFO     | [QUESTION_ATTEMPT] {"attempt": 120, "max_questions": 250, "question_idx": 2394, "uid": "08e8265f-989c-4e20-8299-3a73fbb0b30f"}
2026-03-25 15:55:42 | INFO     | [QUESTION_SENT] {"question_idx": 2395, "uid": "35df76b9-d165-4748-822d-caf432d3764e"}
2026-03-25 15:56:14 | INFO     | [QUESTION_ATTEMPT] {"attempt": 121, "max_questions": 250, "question_idx": 2395, "uid": "35df76b9-d165-4748-822d-caf432d3764e"}
2026-03-25 15:57:00 | INFO     | [QUESTION_SENT] {"question_idx": 2396, "uid": "9d25cc30-ade2-45f1-85cf-9d028a2e4dbf"}
2026-03-25 15:57:33 | INFO     | [QUESTION_ATTEMPT] {"attempt": 122, "max_questions": 250, "question_idx": 2396, "uid": "9d25cc30-ade2-45f1-85cf-9d028a2e4dbf"}
2026-03-25 15:58:18 | INFO     | [QUESTION_SENT] {"question_idx": 2397, "uid": "fe1eca70-c3f0-4d67-a71f-aca882fc4983"}
2026-03-25 15:58:46 | INFO     | [QUESTION_ATTEMPT] {"attempt": 123, "max_questions": 250, "question_idx": 2397, "uid": "fe1eca70-c3f0-4d67-a71f-aca882fc4983"}
2026-03-25 15:59:36 | INFO     | [QUESTION_SENT] {"question_idx": 2398, "uid": "1652bbff-f377-452b-966e-fe63b86c065b"}
2026-03-25 16:00:05 | INFO     | [QUESTION_ATTEMPT] {"attempt": 124, "max_questions": 250, "question_idx": 2398, "uid": "1652bbff-f377-452b-966e-fe63b86c065b"}
2026-03-25 16:00:54 | INFO     | [QUESTION_SENT] {"question_idx": 2399, "uid": "f2d70008-b881-4ee2-b90c-ab5844105793"}
2026-03-25 16:01:27 | INFO     | [QUESTION_ATTEMPT] {"attempt": 125, "max_questions": 250, "question_idx": 2399, "uid": "f2d70008-b881-4ee2-b90c-ab5844105793"}
2026-03-25 16:02:12 | INFO     | [QUESTION_SENT] {"question_idx": 2400, "uid": "6ab5b56b-49c4-4a4a-bcad-4578cc05761a"}
2026-03-25 16:02:35 | INFO     | [QUESTION_ATTEMPT] {"attempt": 126, "max_questions": 250, "question_idx": 2400, "uid": "6ab5b56b-49c4-4a4a-bcad-4578cc05761a"}
2026-03-25 16:02:48 | INFO     | [QUESTION_SENT] {"question_idx": 2400, "uid": "6ab5b56b-49c4-4a4a-bcad-4578cc05761a"}
2026-03-25 16:04:08 | INFO     | [QUESTION_SENT] {"question_idx": 2400, "uid": "6ab5b56b-49c4-4a4a-bcad-4578cc05761a"}
2026-03-25 16:04:40 | INFO     | [QUESTION_ATTEMPT] {"attempt": 127, "max_questions": 250, "question_idx": 2400, "uid": "6ab5b56b-49c4-4a4a-bcad-4578cc05761a"}
2026-03-25 16:05:27 | INFO     | [QUESTION_SENT] {"question_idx": 2401, "uid": "72d0f149-3f9a-4fa7-bcb0-1ba21e69f60e"}
2026-03-25 16:06:01 | INFO     | [QUESTION_ATTEMPT] {"attempt": 128, "max_questions": 250, "question_idx": 2401, "uid": "72d0f149-3f9a-4fa7-bcb0-1ba21e69f60e"}
2026-03-25 16:06:45 | INFO     | [QUESTION_SENT] {"question_idx": 2402, "uid": "9b50acbd-cd27-4c77-97c1-94f2950472dc"}
2026-03-25 16:07:20 | INFO     | [QUESTION_ATTEMPT] {"attempt": 129, "max_questions": 250, "question_idx": 2402, "uid": "9b50acbd-cd27-4c77-97c1-94f2950472dc"}
2026-03-25 16:07:52 | INFO     | [QUESTION_SENT] {"question_idx": 2403, "uid": "a9ce7c02-5c9f-4be1-b6e1-8d0d0bc2497f"}
2026-03-25 16:08:09 | INFO     | [QUESTION_ATTEMPT] {"attempt": 130, "max_questions": 250, "question_idx": 2403, "uid": "a9ce7c02-5c9f-4be1-b6e1-8d0d0bc2497f"}
2026-03-25 16:08:22 | INFO     | [QUESTION_SENT] {"question_idx": 2403, "uid": "a9ce7c02-5c9f-4be1-b6e1-8d0d0bc2497f"}
2026-03-25 16:08:42 | INFO     | [QUESTION_ATTEMPT] {"attempt": 131, "max_questions": 250, "question_idx": 2403, "uid": "a9ce7c02-5c9f-4be1-b6e1-8d0d0bc2497f"}
2026-03-25 16:08:54 | INFO     | [QUESTION_SENT] {"question_idx": 2403, "uid": "a9ce7c02-5c9f-4be1-b6e1-8d0d0bc2497f"}
2026-03-25 16:09:12 | INFO     | [QUESTION_ATTEMPT] {"attempt": 132, "max_questions": 250, "question_idx": 2403, "uid": "a9ce7c02-5c9f-4be1-b6e1-8d0d0bc2497f"}
2026-03-25 16:10:15 | INFO     | [QUESTION_SENT] {"question_idx": 2404, "uid": "71d8de09-6f34-4d5f-971a-4e48b3f2cc56"}
2026-03-25 16:10:44 | INFO     | [QUESTION_ATTEMPT] {"attempt": 133, "max_questions": 250, "question_idx": 2404, "uid": "71d8de09-6f34-4d5f-971a-4e48b3f2cc56"}
2026-03-25 16:11:33 | INFO     | [QUESTION_SENT] {"question_idx": 2405, "uid": "3cf48651-6ed3-4081-b0fb-789c982f49f8"}
2026-03-25 16:12:04 | INFO     | [QUESTION_ATTEMPT] {"attempt": 134, "max_questions": 250, "question_idx": 2405, "uid": "3cf48651-6ed3-4081-b0fb-789c982f49f8"}
2026-03-25 16:12:50 | INFO     | [QUESTION_SENT] {"question_idx": 2406, "uid": "77ea7d51-b67b-47a9-a38d-8a6ccff5c614"}
2026-03-25 16:13:25 | INFO     | [QUESTION_ATTEMPT] {"attempt": 135, "max_questions": 250, "question_idx": 2406, "uid": "77ea7d51-b67b-47a9-a38d-8a6ccff5c614"}
2026-03-25 16:14:09 | INFO     | [QUESTION_SENT] {"question_idx": 2407, "uid": "fbc0a233-ec03-4e80-8387-affc6808a811"}
2026-03-25 16:14:40 | INFO     | [QUESTION_ATTEMPT] {"attempt": 136, "max_questions": 250, "question_idx": 2407, "uid": "fbc0a233-ec03-4e80-8387-affc6808a811"}
2026-03-25 16:15:27 | INFO     | [QUESTION_SENT] {"question_idx": 2408, "uid": "337c8132-e17d-49e7-8141-9bf31da36fa5"}
2026-03-25 16:15:50 | INFO     | [QUESTION_ATTEMPT] {"attempt": 137, "max_questions": 250, "question_idx": 2408, "uid": "337c8132-e17d-49e7-8141-9bf31da36fa5"}
2026-03-25 16:16:02 | INFO     | [QUESTION_SENT] {"question_idx": 2408, "uid": "337c8132-e17d-49e7-8141-9bf31da36fa5"}
2026-03-25 16:16:24 | INFO     | [QUESTION_ATTEMPT] {"attempt": 138, "max_questions": 250, "question_idx": 2408, "uid": "337c8132-e17d-49e7-8141-9bf31da36fa5"}
2026-03-25 16:17:23 | INFO     | [QUESTION_SENT] {"question_idx": 2409, "uid": "522f6d22-617b-4cf6-a25f-b051b2daf3ba"}
2026-03-25 16:17:52 | INFO     | [QUESTION_ATTEMPT] {"attempt": 139, "max_questions": 250, "question_idx": 2409, "uid": "522f6d22-617b-4cf6-a25f-b051b2daf3ba"}
2026-03-25 16:18:41 | INFO     | [QUESTION_SENT] {"question_idx": 2410, "uid": "6c0e84cb-1f40-4d91-b847-0b93643b2487"}
2026-03-25 16:19:12 | INFO     | [QUESTION_ATTEMPT] {"attempt": 140, "max_questions": 250, "question_idx": 2410, "uid": "6c0e84cb-1f40-4d91-b847-0b93643b2487"}
2026-03-25 16:19:59 | INFO     | [QUESTION_SENT] {"question_idx": 2411, "uid": "aac1f0ce-b92b-4eea-a471-4d302f367aa9"}
2026-03-25 16:20:31 | INFO     | [QUESTION_ATTEMPT] {"attempt": 141, "max_questions": 250, "question_idx": 2411, "uid": "aac1f0ce-b92b-4eea-a471-4d302f367aa9"}
2026-03-25 16:21:17 | INFO     | [QUESTION_SENT] {"question_idx": 2412, "uid": "b67adf97-62b0-4ca2-bdb4-a5a16c6b39e0"}
2026-03-25 16:21:49 | INFO     | [QUESTION_ATTEMPT] {"attempt": 142, "max_questions": 250, "question_idx": 2412, "uid": "b67adf97-62b0-4ca2-bdb4-a5a16c6b39e0"}
2026-03-25 16:22:35 | INFO     | [QUESTION_SENT] {"question_idx": 2413, "uid": "c4234d6c-1854-4242-97a4-56432769234d"}
2026-03-25 16:23:10 | INFO     | [QUESTION_ATTEMPT] {"attempt": 143, "max_questions": 250, "question_idx": 2413, "uid": "c4234d6c-1854-4242-97a4-56432769234d"}
2026-03-25 16:23:53 | INFO     | [QUESTION_SENT] {"question_idx": 2414, "uid": "730fe86a-c6df-4b61-ad74-dae2ced26704"}
2026-03-25 16:24:26 | INFO     | [QUESTION_ATTEMPT] {"attempt": 144, "max_questions": 250, "question_idx": 2414, "uid": "730fe86a-c6df-4b61-ad74-dae2ced26704"}
2026-03-25 16:24:39 | INFO     | [QUESTION_SENT] {"question_idx": 2414, "uid": "730fe86a-c6df-4b61-ad74-dae2ced26704"}
2026-03-25 16:24:59 | INFO     | [QUESTION_ATTEMPT] {"attempt": 145, "max_questions": 250, "question_idx": 2414, "uid": "730fe86a-c6df-4b61-ad74-dae2ced26704"}
2026-03-25 16:25:59 | INFO     | [QUESTION_SENT] {"question_idx": 2415, "uid": "2aed14d6-9951-47d0-ac71-301bf5d040eb"}
2026-03-25 16:26:42 | INFO     | [QUESTION_ATTEMPT] {"attempt": 146, "max_questions": 250, "question_idx": 2415, "uid": "2aed14d6-9951-47d0-ac71-301bf5d040eb"}
2026-03-25 16:27:13 | INFO     | [QUESTION_SENT] {"question_idx": 2416, "uid": "9cb0b2e7-098b-4334-90ae-0a33be33e072"}
2026-03-25 16:28:00 | INFO     | [QUESTION_ATTEMPT] {"attempt": 147, "max_questions": 250, "question_idx": 2416, "uid": "9cb0b2e7-098b-4334-90ae-0a33be33e072"}
2026-03-25 16:28:31 | INFO     | [QUESTION_SENT] {"question_idx": 2417, "uid": "3138ea13-2cad-4f81-8d24-961037398984"}
2026-03-25 16:29:33 | INFO     | [QUESTION_ATTEMPT] {"attempt": 148, "max_questions": 250, "question_idx": 2417, "uid": "3138ea13-2cad-4f81-8d24-961037398984"}
2026-03-25 16:30:04 | INFO     | [QUESTION_SENT] {"question_idx": 2418, "uid": "5b5032b5-c1df-422f-b958-a53754219ce1"}
2026-03-25 16:30:38 | INFO     | [QUESTION_ATTEMPT] {"attempt": 149, "max_questions": 250, "question_idx": 2418, "uid": "5b5032b5-c1df-422f-b958-a53754219ce1"}
2026-03-25 16:30:51 | INFO     | [QUESTION_SENT] {"question_idx": 2418, "uid": "5b5032b5-c1df-422f-b958-a53754219ce1"}
2026-03-25 16:31:24 | INFO     | [QUESTION_ATTEMPT] {"attempt": 150, "max_questions": 250, "question_idx": 2418, "uid": "5b5032b5-c1df-422f-b958-a53754219ce1"}
2026-03-25 16:32:11 | INFO     | [QUESTION_SENT] {"question_idx": 2419, "uid": "571a37ac-248b-42a0-a069-8d3da77e4056"}
2026-03-25 16:32:51 | INFO     | [QUESTION_ATTEMPT] {"attempt": 151, "max_questions": 250, "question_idx": 2419, "uid": "571a37ac-248b-42a0-a069-8d3da77e4056"}
2026-03-25 16:33:22 | INFO     | [QUESTION_SENT] {"question_idx": 2420, "uid": "e40cfd19-0ab2-4f14-abbc-dde29518f6c2"}
2026-03-25 16:34:11 | INFO     | [QUESTION_ATTEMPT] {"attempt": 152, "max_questions": 250, "question_idx": 2420, "uid": "e40cfd19-0ab2-4f14-abbc-dde29518f6c2"}
2026-03-25 16:34:42 | INFO     | [QUESTION_SENT] {"question_idx": 2421, "uid": "fb9ad60e-1035-4995-b944-a7a5b875db1b"}
2026-03-25 16:35:25 | INFO     | [QUESTION_ATTEMPT] {"attempt": 153, "max_questions": 250, "question_idx": 2421, "uid": "fb9ad60e-1035-4995-b944-a7a5b875db1b"}
2026-03-25 16:35:56 | INFO     | [QUESTION_SENT] {"question_idx": 2422, "uid": "24d95351-a873-427e-8bb7-029b5dcc1741"}
2026-03-25 16:36:39 | INFO     | [QUESTION_ATTEMPT] {"attempt": 154, "max_questions": 250, "question_idx": 2422, "uid": "24d95351-a873-427e-8bb7-029b5dcc1741"}
2026-03-25 16:37:10 | INFO     | [QUESTION_SENT] {"question_idx": 2423, "uid": "03b1116e-8fcb-46b1-96b0-413dded2ec2b"}
2026-03-25 16:37:53 | INFO     | [QUESTION_ATTEMPT] {"attempt": 155, "max_questions": 250, "question_idx": 2423, "uid": "03b1116e-8fcb-46b1-96b0-413dded2ec2b"}
2026-03-25 16:38:24 | INFO     | [QUESTION_SENT] {"question_idx": 2424, "uid": "1c14235a-ca9b-4439-aa32-f456539be519"}
2026-03-25 16:39:35 | INFO     | [QUESTION_SENT] {"question_idx": 2424, "uid": "1c14235a-ca9b-4439-aa32-f456539be519"}
2026-03-25 16:40:46 | INFO     | [QUESTION_SENT] {"question_idx": 2424, "uid": "1c14235a-ca9b-4439-aa32-f456539be519"}
2026-03-25 16:41:33 | INFO     | [QUESTION_ATTEMPT] {"attempt": 156, "max_questions": 250, "question_idx": 2424, "uid": "1c14235a-ca9b-4439-aa32-f456539be519"}
2026-03-25 16:42:04 | INFO     | [QUESTION_SENT] {"question_idx": 2425, "uid": "caa95821-df0b-4b46-9c05-2c26812a3a11"}
2026-03-25 16:42:52 | INFO     | [QUESTION_ATTEMPT] {"attempt": 157, "max_questions": 250, "question_idx": 2425, "uid": "caa95821-df0b-4b46-9c05-2c26812a3a11"}
2026-03-25 16:43:23 | INFO     | [QUESTION_SENT] {"question_idx": 2426, "uid": "43a39570-3bc2-4f7c-b442-7a4eda2b20fc"}
2026-03-25 16:43:56 | INFO     | [QUESTION_ATTEMPT] {"attempt": 158, "max_questions": 250, "question_idx": 2426, "uid": "43a39570-3bc2-4f7c-b442-7a4eda2b20fc"}
2026-03-25 16:44:41 | INFO     | [QUESTION_SENT] {"question_idx": 2427, "uid": "bc4fe1c3-e9cc-497a-b7a0-718648a9dfa5"}
2026-03-25 16:45:12 | INFO     | [QUESTION_ATTEMPT] {"attempt": 159, "max_questions": 250, "question_idx": 2427, "uid": "bc4fe1c3-e9cc-497a-b7a0-718648a9dfa5"}
2026-03-25 16:45:59 | INFO     | [QUESTION_SENT] {"question_idx": 2428, "uid": "328c78fa-551e-4525-91c1-77d2d569b26a"}
2026-03-25 16:46:32 | INFO     | [QUESTION_ATTEMPT] {"attempt": 160, "max_questions": 250, "question_idx": 2428, "uid": "328c78fa-551e-4525-91c1-77d2d569b26a"}
2026-03-25 16:47:17 | INFO     | [QUESTION_SENT] {"question_idx": 2429, "uid": "e7ce2cc9-65b6-44c8-b256-7d3219206a39"}
2026-03-25 16:47:50 | INFO     | [QUESTION_ATTEMPT] {"attempt": 161, "max_questions": 250, "question_idx": 2429, "uid": "e7ce2cc9-65b6-44c8-b256-7d3219206a39"}
2026-03-25 16:48:35 | INFO     | [QUESTION_SENT] {"question_idx": 2430, "uid": "82b5e22d-a5e1-4d03-8b97-1450c7d8b433"}
2026-03-25 16:49:03 | INFO     | [QUESTION_ATTEMPT] {"attempt": 162, "max_questions": 250, "question_idx": 2430, "uid": "82b5e22d-a5e1-4d03-8b97-1450c7d8b433"}
2026-03-25 16:49:15 | INFO     | [QUESTION_SENT] {"question_idx": 2430, "uid": "82b5e22d-a5e1-4d03-8b97-1450c7d8b433"}
2026-03-25 16:49:40 | INFO     | [QUESTION_ATTEMPT] {"attempt": 163, "max_questions": 250, "question_idx": 2430, "uid": "82b5e22d-a5e1-4d03-8b97-1450c7d8b433"}
2026-03-25 16:50:36 | INFO     | [QUESTION_SENT] {"question_idx": 2431, "uid": "d807dc00-adbc-42ce-a2b6-ecf36eaa015b"}
2026-03-25 16:51:09 | INFO     | [QUESTION_ATTEMPT] {"attempt": 164, "max_questions": 250, "question_idx": 2431, "uid": "d807dc00-adbc-42ce-a2b6-ecf36eaa015b"}
2026-03-25 16:51:54 | INFO     | [QUESTION_SENT] {"question_idx": 2432, "uid": "4b015ad7-d144-49a7-b421-c79da442ac4a"}
2026-03-25 16:52:25 | INFO     | [QUESTION_ATTEMPT] {"attempt": 165, "max_questions": 250, "question_idx": 2432, "uid": "4b015ad7-d144-49a7-b421-c79da442ac4a"}
2026-03-25 16:53:12 | INFO     | [QUESTION_SENT] {"question_idx": 2433, "uid": "2ece73ea-0e93-41bd-a6e5-41006f9c856f"}
2026-03-25 16:53:49 | INFO     | [QUESTION_ATTEMPT] {"attempt": 166, "max_questions": 250, "question_idx": 2433, "uid": "2ece73ea-0e93-41bd-a6e5-41006f9c856f"}
2026-03-25 16:54:20 | INFO     | [QUESTION_SENT] {"question_idx": 2434, "uid": "1b7e8dbb-ff93-4d77-ace3-99eb6c3dfb38"}
2026-03-25 16:54:56 | INFO     | [QUESTION_ATTEMPT] {"attempt": 167, "max_questions": 250, "question_idx": 2434, "uid": "1b7e8dbb-ff93-4d77-ace3-99eb6c3dfb38"}
2026-03-25 16:55:27 | INFO     | [QUESTION_SENT] {"question_idx": 2435, "uid": "a94dc1e4-c5a2-4c26-ad0b-6ee6d63053a4"}
2026-03-25 16:56:00 | INFO     | [QUESTION_ATTEMPT] {"attempt": 168, "max_questions": 250, "question_idx": 2435, "uid": "a94dc1e4-c5a2-4c26-ad0b-6ee6d63053a4"}
2026-03-25 16:56:45 | INFO     | [QUESTION_SENT] {"question_idx": 2436, "uid": "c0fba03d-23cc-46ac-9cf6-f8ca4106a492"}
2026-03-25 16:57:14 | INFO     | [QUESTION_ATTEMPT] {"attempt": 169, "max_questions": 250, "question_idx": 2436, "uid": "c0fba03d-23cc-46ac-9cf6-f8ca4106a492"}
2026-03-25 16:58:03 | INFO     | [QUESTION_SENT] {"question_idx": 2437, "uid": "67498e71-0d49-4764-bce7-9ebd2838126c"}
2026-03-25 16:58:26 | INFO     | [QUESTION_ATTEMPT] {"attempt": 170, "max_questions": 250, "question_idx": 2437, "uid": "67498e71-0d49-4764-bce7-9ebd2838126c"}
2026-03-25 16:59:21 | INFO     | [QUESTION_SENT] {"question_idx": 2438, "uid": "2cd1d55c-756c-4366-9c1c-d14d89c20a19"}
2026-03-25 16:59:54 | INFO     | [QUESTION_ATTEMPT] {"attempt": 171, "max_questions": 250, "question_idx": 2438, "uid": "2cd1d55c-756c-4366-9c1c-d14d89c20a19"}
2026-03-25 17:00:40 | INFO     | [QUESTION_SENT] {"question_idx": 2439, "uid": "a610c2a2-984a-4e71-b574-6b02d7b04bfd"}
2026-03-25 17:01:11 | INFO     | [QUESTION_ATTEMPT] {"attempt": 172, "max_questions": 250, "question_idx": 2439, "uid": "a610c2a2-984a-4e71-b574-6b02d7b04bfd"}
2026-03-25 17:01:58 | INFO     | [QUESTION_SENT] {"question_idx": 2440, "uid": "0ffc3265-6aaf-45a4-87d3-4289bb7bb92b"}
2026-03-25 17:02:28 | INFO     | [QUESTION_ATTEMPT] {"attempt": 173, "max_questions": 250, "question_idx": 2440, "uid": "0ffc3265-6aaf-45a4-87d3-4289bb7bb92b"}
2026-03-25 17:03:16 | INFO     | [QUESTION_SENT] {"question_idx": 2441, "uid": "2ba6249d-79d7-4fa7-ab91-8dc8d18e64c4"}
2026-03-25 17:03:53 | INFO     | [QUESTION_ATTEMPT] {"attempt": 174, "max_questions": 250, "question_idx": 2441, "uid": "2ba6249d-79d7-4fa7-ab91-8dc8d18e64c4"}
2026-03-25 17:04:24 | INFO     | [QUESTION_SENT] {"question_idx": 2442, "uid": "9f495442-2411-4496-988f-6d75ceea30c3"}
2026-03-25 17:05:42 | INFO     | [QUESTION_SENT] {"question_idx": 2442, "uid": "9f495442-2411-4496-988f-6d75ceea30c3"}
2026-03-25 17:06:06 | INFO     | [QUESTION_ATTEMPT] {"attempt": 175, "max_questions": 250, "question_idx": 2442, "uid": "9f495442-2411-4496-988f-6d75ceea30c3"}
2026-03-25 17:07:00 | INFO     | [QUESTION_SENT] {"question_idx": 2442, "uid": "9f495442-2411-4496-988f-6d75ceea30c3"}
2026-03-25 17:08:18 | INFO     | [QUESTION_SENT] {"question_idx": 2442, "uid": "9f495442-2411-4496-988f-6d75ceea30c3"}
2026-03-25 17:08:41 | INFO     | [QUESTION_ATTEMPT] {"attempt": 176, "max_questions": 250, "question_idx": 2442, "uid": "9f495442-2411-4496-988f-6d75ceea30c3"}
2026-03-25 17:08:54 | INFO     | [QUESTION_SENT] {"question_idx": 2442, "uid": "9f495442-2411-4496-988f-6d75ceea30c3"}
2026-03-25 17:09:21 | INFO     | [QUESTION_ATTEMPT] {"attempt": 177, "max_questions": 250, "question_idx": 2442, "uid": "9f495442-2411-4496-988f-6d75ceea30c3"}
2026-03-25 17:10:14 | INFO     | [QUESTION_SENT] {"question_idx": 2443, "uid": "0360f0f6-41a8-4d42-b116-7a861c99ce68"}
2026-03-25 17:10:43 | INFO     | [QUESTION_ATTEMPT] {"attempt": 178, "max_questions": 250, "question_idx": 2443, "uid": "0360f0f6-41a8-4d42-b116-7a861c99ce68"}
2026-03-25 17:11:32 | INFO     | [QUESTION_SENT] {"question_idx": 2444, "uid": "95b3e499-3e29-4a2d-99dc-379ee04ed02d"}
2026-03-25 17:12:03 | INFO     | [QUESTION_ATTEMPT] {"attempt": 179, "max_questions": 250, "question_idx": 2444, "uid": "95b3e499-3e29-4a2d-99dc-379ee04ed02d"}
2026-03-25 17:12:50 | INFO     | [QUESTION_SENT] {"question_idx": 2445, "uid": "0fcdd180-357d-4288-a512-31986b7e6e50"}
2026-03-25 17:13:20 | INFO     | [QUESTION_ATTEMPT] {"attempt": 180, "max_questions": 250, "question_idx": 2445, "uid": "0fcdd180-357d-4288-a512-31986b7e6e50"}
2026-03-25 17:14:08 | INFO     | [QUESTION_SENT] {"question_idx": 2446, "uid": "3cedf909-cfd2-4dd6-9577-5dd7fb424b7f"}
2026-03-25 17:15:26 | INFO     | [QUESTION_SENT] {"question_idx": 2446, "uid": "3cedf909-cfd2-4dd6-9577-5dd7fb424b7f"}
2026-03-25 17:15:52 | INFO     | [QUESTION_ATTEMPT] {"attempt": 181, "max_questions": 250, "question_idx": 2446, "uid": "3cedf909-cfd2-4dd6-9577-5dd7fb424b7f"}
2026-03-25 17:16:44 | INFO     | [QUESTION_SENT] {"question_idx": 2447, "uid": "c2ba7256-46e5-4b67-932a-26692a3e97bf"}
2026-03-25 17:17:20 | INFO     | [QUESTION_ATTEMPT] {"attempt": 182, "max_questions": 250, "question_idx": 2447, "uid": "c2ba7256-46e5-4b67-932a-26692a3e97bf"}
2026-03-25 17:17:51 | INFO     | [QUESTION_SENT] {"question_idx": 2448, "uid": "d5c26acf-9ea8-47d9-b350-fe2dd79cf522"}
2026-03-25 17:18:19 | INFO     | [QUESTION_ATTEMPT] {"attempt": 183, "max_questions": 250, "question_idx": 2448, "uid": "d5c26acf-9ea8-47d9-b350-fe2dd79cf522"}
2026-03-25 17:19:08 | INFO     | [QUESTION_SENT] {"question_idx": 2449, "uid": "11138928-130f-4aaf-8481-2ac2e15cd546"}
2026-03-25 17:19:40 | INFO     | [QUESTION_ATTEMPT] {"attempt": 184, "max_questions": 250, "question_idx": 2449, "uid": "11138928-130f-4aaf-8481-2ac2e15cd546"}
2026-03-25 17:20:26 | INFO     | [QUESTION_SENT] {"question_idx": 2450, "uid": "f0c19e7b-2cda-4c8a-8c6b-d39bfd372fe3"}
2026-03-25 17:21:01 | INFO     | [QUESTION_ATTEMPT] {"attempt": 185, "max_questions": 250, "question_idx": 2450, "uid": "f0c19e7b-2cda-4c8a-8c6b-d39bfd372fe3"}
2026-03-25 17:21:44 | INFO     | [QUESTION_SENT] {"question_idx": 2451, "uid": "be24e0d2-bd25-4ca1-8ecf-cd1c17973f19"}
2026-03-25 17:22:07 | INFO     | [QUESTION_ATTEMPT] {"attempt": 186, "max_questions": 250, "question_idx": 2451, "uid": "be24e0d2-bd25-4ca1-8ecf-cd1c17973f19"}
2026-03-25 17:22:20 | INFO     | [QUESTION_SENT] {"question_idx": 2451, "uid": "be24e0d2-bd25-4ca1-8ecf-cd1c17973f19"}
2026-03-25 17:22:58 | INFO     | [QUESTION_ATTEMPT] {"attempt": 187, "max_questions": 250, "question_idx": 2451, "uid": "be24e0d2-bd25-4ca1-8ecf-cd1c17973f19"}
2026-03-25 17:23:30 | INFO     | [QUESTION_SENT] {"question_idx": 2452, "uid": "5a80e93c-a678-473e-a0ac-ebcb408beefc"}
2026-03-25 17:23:58 | INFO     | [QUESTION_ATTEMPT] {"attempt": 188, "max_questions": 250, "question_idx": 2452, "uid": "5a80e93c-a678-473e-a0ac-ebcb408beefc"}
2026-03-25 17:24:47 | INFO     | [QUESTION_SENT] {"question_idx": 2453, "uid": "47c5f04e-299d-4fd7-9069-b74ae67c0525"}
2026-03-25 17:25:16 | INFO     | [QUESTION_ATTEMPT] {"attempt": 189, "max_questions": 250, "question_idx": 2453, "uid": "47c5f04e-299d-4fd7-9069-b74ae67c0525"}
2026-03-25 17:26:05 | INFO     | [QUESTION_SENT] {"question_idx": 2454, "uid": "b04f3f78-6f94-4150-a27b-bb5e32a7a8a3"}
2026-03-25 17:26:43 | INFO     | [QUESTION_ATTEMPT] {"attempt": 190, "max_questions": 250, "question_idx": 2454, "uid": "b04f3f78-6f94-4150-a27b-bb5e32a7a8a3"}
2026-03-25 17:27:14 | INFO     | [QUESTION_SENT] {"question_idx": 2455, "uid": "970d4d87-7f0c-4f3c-a8f1-6aa3eeade1a6"}
2026-03-25 17:27:36 | INFO     | [QUESTION_ATTEMPT] {"attempt": 191, "max_questions": 250, "question_idx": 2455, "uid": "970d4d87-7f0c-4f3c-a8f1-6aa3eeade1a6"}
2026-03-25 17:27:48 | INFO     | [QUESTION_SENT] {"question_idx": 2455, "uid": "970d4d87-7f0c-4f3c-a8f1-6aa3eeade1a6"}
2026-03-25 17:28:10 | INFO     | [QUESTION_ATTEMPT] {"attempt": 192, "max_questions": 250, "question_idx": 2455, "uid": "970d4d87-7f0c-4f3c-a8f1-6aa3eeade1a6"}
2026-03-25 17:29:09 | INFO     | [QUESTION_SENT] {"question_idx": 2456, "uid": "47eabc0c-8dfb-4883-baa8-dacdcde75b94"}
2026-03-25 17:29:39 | INFO     | [QUESTION_ATTEMPT] {"attempt": 193, "max_questions": 250, "question_idx": 2456, "uid": "47eabc0c-8dfb-4883-baa8-dacdcde75b94"}
2026-03-25 17:29:51 | INFO     | [QUESTION_SENT] {"question_idx": 2456, "uid": "47eabc0c-8dfb-4883-baa8-dacdcde75b94"}
2026-03-25 17:30:15 | INFO     | [QUESTION_ATTEMPT] {"attempt": 194, "max_questions": 250, "question_idx": 2456, "uid": "47eabc0c-8dfb-4883-baa8-dacdcde75b94"}
2026-03-25 17:31:12 | INFO     | [QUESTION_SENT] {"question_idx": 2457, "uid": "044b436b-857a-4aa2-a360-bde98c8fd7b0"}
2026-03-25 17:31:45 | INFO     | [QUESTION_ATTEMPT] {"attempt": 195, "max_questions": 250, "question_idx": 2457, "uid": "044b436b-857a-4aa2-a360-bde98c8fd7b0"}
2026-03-25 17:32:30 | INFO     | [QUESTION_SENT] {"question_idx": 2458, "uid": "8fcc1ed7-5254-44fe-9f98-ae0869fc702f"}
2026-03-25 17:33:06 | INFO     | [QUESTION_ATTEMPT] {"attempt": 196, "max_questions": 250, "question_idx": 2458, "uid": "8fcc1ed7-5254-44fe-9f98-ae0869fc702f"}
2026-03-25 17:33:37 | INFO     | [QUESTION_SENT] {"question_idx": 2459, "uid": "c3e73543-4264-4e34-bec4-ee2b10c30606"}
2026-03-25 17:34:09 | INFO     | [QUESTION_ATTEMPT] {"attempt": 197, "max_questions": 250, "question_idx": 2459, "uid": "c3e73543-4264-4e34-bec4-ee2b10c30606"}
2026-03-25 17:34:55 | INFO     | [QUESTION_SENT] {"question_idx": 2460, "uid": "400edb64-f8cd-45da-8dbd-9d7440fb563d"}
2026-03-25 17:35:27 | INFO     | [QUESTION_ATTEMPT] {"attempt": 198, "max_questions": 250, "question_idx": 2460, "uid": "400edb64-f8cd-45da-8dbd-9d7440fb563d"}
2026-03-25 17:36:13 | INFO     | [QUESTION_SENT] {"question_idx": 2461, "uid": "2297a525-527b-4f79-ba15-088c3cad1040"}
2026-03-25 17:36:43 | INFO     | [QUESTION_ATTEMPT] {"attempt": 199, "max_questions": 250, "question_idx": 2461, "uid": "2297a525-527b-4f79-ba15-088c3cad1040"}
2026-03-25 17:37:31 | INFO     | [QUESTION_SENT] {"question_idx": 2462, "uid": "5f1d348f-8cc1-46ee-897f-0d9ea20f8cb9"}
2026-03-25 17:38:01 | INFO     | [QUESTION_ATTEMPT] {"attempt": 200, "max_questions": 250, "question_idx": 2462, "uid": "5f1d348f-8cc1-46ee-897f-0d9ea20f8cb9"}
2026-03-25 17:38:49 | INFO     | [QUESTION_SENT] {"question_idx": 2463, "uid": "2cb82c43-77c9-4f78-a929-d0c55ae57a3b"}
2026-03-25 17:39:19 | INFO     | [QUESTION_ATTEMPT] {"attempt": 201, "max_questions": 250, "question_idx": 2463, "uid": "2cb82c43-77c9-4f78-a929-d0c55ae57a3b"}
2026-03-25 17:40:06 | INFO     | [QUESTION_SENT] {"question_idx": 2464, "uid": "f50bb14f-697f-4c55-a16d-4c3ae1e661a5"}
2026-03-25 17:40:38 | INFO     | [QUESTION_ATTEMPT] {"attempt": 202, "max_questions": 250, "question_idx": 2464, "uid": "f50bb14f-697f-4c55-a16d-4c3ae1e661a5"}
2026-03-25 17:41:25 | INFO     | [QUESTION_SENT] {"question_idx": 2465, "uid": "ec4b50ce-8d6d-4a42-ad8a-31ecae7a9d40"}
2026-03-25 17:41:56 | INFO     | [QUESTION_ATTEMPT] {"attempt": 203, "max_questions": 250, "question_idx": 2465, "uid": "ec4b50ce-8d6d-4a42-ad8a-31ecae7a9d40"}
2026-03-25 17:42:43 | INFO     | [QUESTION_SENT] {"question_idx": 2466, "uid": "82e12104-97fd-4fac-ab70-6d98a2c8b7e2"}
2026-03-25 17:43:23 | INFO     | [QUESTION_ATTEMPT] {"attempt": 204, "max_questions": 250, "question_idx": 2466, "uid": "82e12104-97fd-4fac-ab70-6d98a2c8b7e2"}
2026-03-25 17:43:54 | INFO     | [QUESTION_SENT] {"question_idx": 2467, "uid": "124feb3d-c769-4457-b894-16946cafe1ec"}
2026-03-25 17:45:12 | INFO     | [QUESTION_SENT] {"question_idx": 2467, "uid": "124feb3d-c769-4457-b894-16946cafe1ec"}
2026-03-25 17:45:42 | INFO     | [QUESTION_ATTEMPT] {"attempt": 205, "max_questions": 250, "question_idx": 2467, "uid": "124feb3d-c769-4457-b894-16946cafe1ec"}
2026-03-25 17:46:30 | INFO     | [QUESTION_SENT] {"question_idx": 2468, "uid": "ea878536-0df2-47bd-be4e-cb23e5966c54"}
2026-03-25 17:46:57 | INFO     | [QUESTION_ATTEMPT] {"attempt": 206, "max_questions": 250, "question_idx": 2468, "uid": "ea878536-0df2-47bd-be4e-cb23e5966c54"}
2026-03-25 17:47:48 | INFO     | [QUESTION_SENT] {"question_idx": 2469, "uid": "bda0079b-0f76-4b0c-9009-a2b088fa1f05"}
2026-03-25 17:49:06 | INFO     | [QUESTION_SENT] {"question_idx": 2469, "uid": "bda0079b-0f76-4b0c-9009-a2b088fa1f05"}
2026-03-25 17:49:24 | INFO     | [QUESTION_ATTEMPT] {"attempt": 207, "max_questions": 250, "question_idx": 2469, "uid": "bda0079b-0f76-4b0c-9009-a2b088fa1f05"}
2026-03-25 17:49:36 | INFO     | [QUESTION_SENT] {"question_idx": 2469, "uid": "bda0079b-0f76-4b0c-9009-a2b088fa1f05"}
2026-03-25 17:49:55 | INFO     | [QUESTION_ATTEMPT] {"attempt": 208, "max_questions": 250, "question_idx": 2469, "uid": "bda0079b-0f76-4b0c-9009-a2b088fa1f05"}
2026-03-25 17:50:56 | INFO     | [QUESTION_SENT] {"question_idx": 2470, "uid": "a11434eb-2125-4e60-8035-4096bc8d8f0a"}
2026-03-25 17:51:34 | INFO     | [QUESTION_ATTEMPT] {"attempt": 209, "max_questions": 250, "question_idx": 2470, "uid": "a11434eb-2125-4e60-8035-4096bc8d8f0a"}
2026-03-25 17:52:05 | INFO     | [QUESTION_SENT] {"question_idx": 2471, "uid": "ae61a484-b816-4294-8b7d-f2c52ad4cede"}
2026-03-25 17:52:43 | INFO     | [QUESTION_ATTEMPT] {"attempt": 210, "max_questions": 250, "question_idx": 2471, "uid": "ae61a484-b816-4294-8b7d-f2c52ad4cede"}
2026-03-25 17:53:15 | INFO     | [QUESTION_SENT] {"question_idx": 2472, "uid": "6b5722fb-577d-47d6-bc8d-eb76e36d0e22"}
2026-03-25 17:53:46 | INFO     | [QUESTION_ATTEMPT] {"attempt": 211, "max_questions": 250, "question_idx": 2472, "uid": "6b5722fb-577d-47d6-bc8d-eb76e36d0e22"}
2026-03-25 17:53:59 | INFO     | [QUESTION_SENT] {"question_idx": 2472, "uid": "6b5722fb-577d-47d6-bc8d-eb76e36d0e22"}
2026-03-25 17:54:19 | INFO     | [QUESTION_ATTEMPT] {"attempt": 212, "max_questions": 250, "question_idx": 2472, "uid": "6b5722fb-577d-47d6-bc8d-eb76e36d0e22"}
2026-03-25 17:55:19 | INFO     | [QUESTION_SENT] {"question_idx": 2473, "uid": "ed194c51-2418-41ab-8396-6d97144895cd"}
2026-03-25 17:55:48 | INFO     | [QUESTION_ATTEMPT] {"attempt": 213, "max_questions": 250, "question_idx": 2473, "uid": "ed194c51-2418-41ab-8396-6d97144895cd"}
2026-03-25 17:56:37 | INFO     | [QUESTION_SENT] {"question_idx": 2474, "uid": "b8f8ca82-5433-4001-80c6-16a87f0c4129"}
2026-03-25 17:57:07 | INFO     | [QUESTION_ATTEMPT] {"attempt": 214, "max_questions": 250, "question_idx": 2474, "uid": "b8f8ca82-5433-4001-80c6-16a87f0c4129"}
2026-03-25 17:57:55 | INFO     | [QUESTION_SENT] {"question_idx": 2474, "uid": "b8f8ca82-5433-4001-80c6-16a87f0c4129"}
2026-03-25 17:58:28 | INFO     | [QUESTION_ATTEMPT] {"attempt": 215, "max_questions": 250, "question_idx": 2474, "uid": "b8f8ca82-5433-4001-80c6-16a87f0c4129"}
2026-03-25 17:59:13 | INFO     | [QUESTION_SENT] {"question_idx": 2475, "uid": "97fb0bc5-ff1c-4029-b353-5e9c2cf762c4"}
2026-03-25 17:59:40 | INFO     | [QUESTION_ATTEMPT] {"attempt": 216, "max_questions": 250, "question_idx": 2475, "uid": "97fb0bc5-ff1c-4029-b353-5e9c2cf762c4"}
2026-03-25 18:00:31 | INFO     | [QUESTION_SENT] {"question_idx": 2476, "uid": "01ef2f3d-a051-4079-95f1-276be62a433e"}
2026-03-25 18:01:48 | INFO     | [QUESTION_SENT] {"question_idx": 2476, "uid": "01ef2f3d-a051-4079-95f1-276be62a433e"}
2026-03-25 18:02:20 | INFO     | [QUESTION_ATTEMPT] {"attempt": 217, "max_questions": 250, "question_idx": 2476, "uid": "01ef2f3d-a051-4079-95f1-276be62a433e"}
2026-03-25 18:03:06 | INFO     | [QUESTION_SENT] {"question_idx": 2477, "uid": "dac86c18-7edc-4cf0-a1e0-6ed8fe75af75"}
2026-03-25 18:03:36 | INFO     | [QUESTION_ATTEMPT] {"attempt": 218, "max_questions": 250, "question_idx": 2477, "uid": "dac86c18-7edc-4cf0-a1e0-6ed8fe75af75"}
2026-03-25 18:04:24 | INFO     | [QUESTION_SENT] {"question_idx": 2478, "uid": "d79b2edf-72b1-4399-a501-632e5fd57fad"}
2026-03-25 18:04:56 | INFO     | [QUESTION_ATTEMPT] {"attempt": 219, "max_questions": 250, "question_idx": 2478, "uid": "d79b2edf-72b1-4399-a501-632e5fd57fad"}
2026-03-25 18:05:42 | INFO     | [QUESTION_SENT] {"question_idx": 2479, "uid": "1011bdea-b5c3-4c4d-9d74-ddee8459bb5a"}
2026-03-25 18:06:10 | INFO     | [QUESTION_ATTEMPT] {"attempt": 220, "max_questions": 250, "question_idx": 2479, "uid": "1011bdea-b5c3-4c4d-9d74-ddee8459bb5a"}
2026-03-25 18:07:00 | INFO     | [QUESTION_SENT] {"question_idx": 2480, "uid": "587ab3e3-311e-4af7-91b5-662838608b34"}
2026-03-25 18:07:32 | INFO     | [QUESTION_ATTEMPT] {"attempt": 221, "max_questions": 250, "question_idx": 2480, "uid": "587ab3e3-311e-4af7-91b5-662838608b34"}
2026-03-25 18:08:18 | INFO     | [QUESTION_SENT] {"question_idx": 2481, "uid": "9d5dee1b-d8d9-4538-bbee-e4b151abe3b4"}
2026-03-25 18:08:35 | INFO     | [QUESTION_ATTEMPT] {"attempt": 222, "max_questions": 250, "question_idx": 2481, "uid": "9d5dee1b-d8d9-4538-bbee-e4b151abe3b4"}
2026-03-25 18:08:47 | INFO     | [QUESTION_SENT] {"question_idx": 2481, "uid": "9d5dee1b-d8d9-4538-bbee-e4b151abe3b4"}
2026-03-25 18:09:07 | INFO     | [QUESTION_ATTEMPT] {"attempt": 223, "max_questions": 250, "question_idx": 2481, "uid": "9d5dee1b-d8d9-4538-bbee-e4b151abe3b4"}
2026-03-25 18:10:07 | INFO     | [QUESTION_SENT] {"question_idx": 2482, "uid": "8ac7a5ff-1acb-40e6-9111-4036fcc46d73"}
2026-03-25 18:10:39 | INFO     | [QUESTION_ATTEMPT] {"attempt": 224, "max_questions": 250, "question_idx": 2482, "uid": "8ac7a5ff-1acb-40e6-9111-4036fcc46d73"}
2026-03-25 18:11:26 | INFO     | [QUESTION_SENT] {"question_idx": 2483, "uid": "fb1f671a-932b-4dae-9395-dfa88c775e24"}
2026-03-25 18:11:56 | INFO     | [QUESTION_ATTEMPT] {"attempt": 225, "max_questions": 250, "question_idx": 2483, "uid": "fb1f671a-932b-4dae-9395-dfa88c775e24"}
2026-03-25 18:12:43 | INFO     | [QUESTION_SENT] {"question_idx": 2484, "uid": "2ffd5703-88c6-4bf7-94f3-8f7e7ceacfc2"}
2026-03-25 18:13:15 | INFO     | [QUESTION_ATTEMPT] {"attempt": 226, "max_questions": 250, "question_idx": 2484, "uid": "2ffd5703-88c6-4bf7-94f3-8f7e7ceacfc2"}
2026-03-25 18:14:02 | INFO     | [QUESTION_SENT] {"question_idx": 2485, "uid": "d1ec746f-25f2-4f10-bc29-937cc9053c94"}
2026-03-25 18:14:32 | INFO     | [QUESTION_ATTEMPT] {"attempt": 227, "max_questions": 250, "question_idx": 2485, "uid": "d1ec746f-25f2-4f10-bc29-937cc9053c94"}
2026-03-25 18:15:19 | INFO     | [QUESTION_SENT] {"question_idx": 2486, "uid": "8ffb44a8-d9e6-4177-ad97-155a5a022757"}
2026-03-25 18:15:50 | INFO     | [QUESTION_ATTEMPT] {"attempt": 228, "max_questions": 250, "question_idx": 2486, "uid": "8ffb44a8-d9e6-4177-ad97-155a5a022757"}
2026-03-25 18:16:37 | INFO     | [QUESTION_SENT] {"question_idx": 2487, "uid": "cf7200a1-df21-4726-8b18-63bd6ff87466"}
2026-03-25 18:17:04 | INFO     | [QUESTION_ATTEMPT] {"attempt": 229, "max_questions": 250, "question_idx": 2487, "uid": "cf7200a1-df21-4726-8b18-63bd6ff87466"}
2026-03-25 18:17:17 | INFO     | [QUESTION_SENT] {"question_idx": 2487, "uid": "cf7200a1-df21-4726-8b18-63bd6ff87466"}
2026-03-25 18:17:37 | INFO     | [QUESTION_ATTEMPT] {"attempt": 230, "max_questions": 250, "question_idx": 2487, "uid": "cf7200a1-df21-4726-8b18-63bd6ff87466"}
2026-03-25 18:27:03 | INFO     | [QUESTION_SENT] {"question_idx": 2488, "uid": "8329a689-a280-48c3-9772-1d8f3904f259"}
2026-03-25 18:27:33 | INFO     | [QUESTION_ATTEMPT] {"attempt": 231, "max_questions": 250, "question_idx": 2488, "uid": "8329a689-a280-48c3-9772-1d8f3904f259"}
2026-03-25 18:28:21 | INFO     | [QUESTION_SENT] {"question_idx": 2489, "uid": "060cad8f-c9fd-4b8d-a48e-d4fbee3d2f4a"}
2026-03-25 18:28:48 | INFO     | [QUESTION_ATTEMPT] {"attempt": 232, "max_questions": 250, "question_idx": 2489, "uid": "060cad8f-c9fd-4b8d-a48e-d4fbee3d2f4a"}
2026-03-25 18:29:39 | INFO     | [QUESTION_SENT] {"question_idx": 2490, "uid": "fc55382c-6bd3-48f7-9e71-9dc41d778c10"}
2026-03-25 18:30:08 | INFO     | [QUESTION_ATTEMPT] {"attempt": 233, "max_questions": 250, "question_idx": 2490, "uid": "fc55382c-6bd3-48f7-9e71-9dc41d778c10"}
2026-03-25 18:30:57 | INFO     | [QUESTION_SENT] {"question_idx": 2491, "uid": "e4946bbc-742a-46bf-874a-c3be16bd6012"}
2026-03-25 18:31:38 | INFO     | [QUESTION_ATTEMPT] {"attempt": 234, "max_questions": 250, "question_idx": 2491, "uid": "e4946bbc-742a-46bf-874a-c3be16bd6012"}
2026-03-25 18:32:09 | INFO     | [QUESTION_SENT] {"question_idx": 2492, "uid": "759437e6-34bf-42f3-8ad1-893b6448ad76"}
2026-03-25 18:33:27 | INFO     | [QUESTION_SENT] {"question_idx": 2492, "uid": "759437e6-34bf-42f3-8ad1-893b6448ad76"}
2026-03-25 18:33:59 | INFO     | [QUESTION_ATTEMPT] {"attempt": 235, "max_questions": 250, "question_idx": 2492, "uid": "759437e6-34bf-42f3-8ad1-893b6448ad76"}
2026-03-25 18:34:45 | INFO     | [QUESTION_SENT] {"question_idx": 2493, "uid": "fc74b814-15b7-4beb-abd4-eb456937d9c5"}
2026-03-25 18:35:15 | INFO     | [QUESTION_ATTEMPT] {"attempt": 236, "max_questions": 250, "question_idx": 2493, "uid": "fc74b814-15b7-4beb-abd4-eb456937d9c5"}
2026-03-25 18:36:03 | INFO     | [QUESTION_SENT] {"question_idx": 2494, "uid": "71a61bed-5ea3-4dae-8ce2-b830f93fee67"}
2026-03-25 18:36:31 | INFO     | [QUESTION_ATTEMPT] {"attempt": 237, "max_questions": 250, "question_idx": 2494, "uid": "71a61bed-5ea3-4dae-8ce2-b830f93fee67"}
2026-03-25 18:37:20 | INFO     | [QUESTION_SENT] {"question_idx": 2495, "uid": "5b029c67-989f-47fa-800b-a1bd047398f1"}
2026-03-25 18:37:52 | INFO     | [QUESTION_ATTEMPT] {"attempt": 238, "max_questions": 250, "question_idx": 2495, "uid": "5b029c67-989f-47fa-800b-a1bd047398f1"}
2026-03-25 18:38:39 | INFO     | [QUESTION_SENT] {"question_idx": 2496, "uid": "aa36a990-4ad5-4078-96dd-831d201036a1"}
2026-03-25 18:39:19 | INFO     | [QUESTION_ATTEMPT] {"attempt": 239, "max_questions": 250, "question_idx": 2496, "uid": "aa36a990-4ad5-4078-96dd-831d201036a1"}
2026-03-25 18:39:50 | INFO     | [QUESTION_SENT] {"question_idx": 2497, "uid": "9b3b2522-9b06-485c-a57a-1496790fd1ca"}
2026-03-25 18:40:20 | INFO     | [QUESTION_ATTEMPT] {"attempt": 240, "max_questions": 250, "question_idx": 2497, "uid": "9b3b2522-9b06-485c-a57a-1496790fd1ca"}
2026-03-25 18:41:08 | INFO     | [QUESTION_SENT] {"question_idx": 2498, "uid": "706bb263-7711-46e6-89eb-1a4cd902b44f"}
2026-03-25 18:41:36 | INFO     | [QUESTION_ATTEMPT] {"attempt": 241, "max_questions": 250, "question_idx": 2498, "uid": "706bb263-7711-46e6-89eb-1a4cd902b44f"}
2026-03-25 18:42:25 | INFO     | [QUESTION_SENT] {"question_idx": 2499, "uid": "92353202-f14f-4375-9197-570fd84de213"}
2026-03-25 18:42:51 | INFO     | [QUESTION_ATTEMPT] {"attempt": 242, "max_questions": 250, "question_idx": 2499, "uid": "92353202-f14f-4375-9197-570fd84de213"}
2026-03-25 18:43:04 | INFO     | [QUESTION_SENT] {"question_idx": 2499, "uid": "92353202-f14f-4375-9197-570fd84de213"}
2026-03-25 18:43:27 | INFO     | [QUESTION_ATTEMPT] {"attempt": 243, "max_questions": 250, "question_idx": 2499, "uid": "92353202-f14f-4375-9197-570fd84de213"}
2026-03-25 18:44:24 | INFO     | [QUESTION_SENT] {"question_idx": 2500, "uid": "d63c0466-56f2-4d28-b5ba-b37f11c6cd4b"}
2026-03-25 18:44:55 | INFO     | [QUESTION_ATTEMPT] {"attempt": 244, "max_questions": 250, "question_idx": 2500, "uid": "d63c0466-56f2-4d28-b5ba-b37f11c6cd4b"}
2026-03-25 18:44:56 | INFO     | [BOT_STOP] {"bot_id": 11, "total_questions": 244}
