2026-03-31 10:05:23 | INFO     | [BOT_START] {"bot_id": 11, "project": "hypos_norm", "timestamp": "2026-03-31T10:05:23.543443", "log_dir": "/home/dmitrii/Documents/projects/clicker_3.0/logs/bot_11"}
2026-03-31 10:05:29 | INFO     | [RESTART] {"bot_id": 11, "note": "first_start"}
2026-03-31 10:05:29 | INFO     | [FSM_INITIALIZED] {"site": "gpt", "scenario": "web_search", "start_state": "start_question"}
2026-03-31 10:08:51 | INFO     | [QUESTION_SENT] {"question_idx": 1601, "uid": "298856ff-0d18-49e1-8814-a09ed07b9440"}
2026-03-31 10:09:19 | INFO     | [QUESTION_ATTEMPT] {"attempt": 1, "max_questions": 300, "question_idx": 1601, "uid": "298856ff-0d18-49e1-8814-a09ed07b9440"}
2026-03-31 10:09:31 | INFO     | [QUESTION_SENT] {"question_idx": 1601, "uid": "298856ff-0d18-49e1-8814-a09ed07b9440"}
2026-03-31 10:09:51 | INFO     | [QUESTION_ATTEMPT] {"attempt": 2, "max_questions": 300, "question_idx": 1601, "uid": "298856ff-0d18-49e1-8814-a09ed07b9440"}
2026-03-31 10:13:11 | INFO     | [QUESTION_SENT] {"question_idx": 1602, "uid": "ad89a217-e4d2-4887-81ad-5c4066318ed8"}
2026-03-31 10:13:37 | INFO     | [QUESTION_ATTEMPT] {"attempt": 3, "max_questions": 300, "question_idx": 1602, "uid": "ad89a217-e4d2-4887-81ad-5c4066318ed8"}
2026-03-31 10:13:50 | INFO     | [QUESTION_SENT] {"question_idx": 1602, "uid": "ad89a217-e4d2-4887-81ad-5c4066318ed8"}
2026-03-31 10:14:09 | INFO     | [QUESTION_ATTEMPT] {"attempt": 4, "max_questions": 300, "question_idx": 1602, "uid": "ad89a217-e4d2-4887-81ad-5c4066318ed8"}
2026-03-31 10:17:29 | INFO     | [QUESTION_SENT] {"question_idx": 1602, "uid": "ad89a217-e4d2-4887-81ad-5c4066318ed8"}
2026-03-31 10:17:57 | INFO     | [QUESTION_ATTEMPT] {"attempt": 5, "max_questions": 300, "question_idx": 1602, "uid": "ad89a217-e4d2-4887-81ad-5c4066318ed8"}
2026-03-31 10:21:07 | INFO     | [QUESTION_SENT] {"question_idx": 1603, "uid": "f337d363-67f8-4b64-bbbc-c1cf5b564a8b"}
2026-03-31 10:21:37 | INFO     | [QUESTION_ATTEMPT] {"attempt": 6, "max_questions": 300, "question_idx": 1603, "uid": "f337d363-67f8-4b64-bbbc-c1cf5b564a8b"}
2026-03-31 10:24:43 | INFO     | [QUESTION_SENT] {"question_idx": 1604, "uid": "c4796f12-af15-4bc2-90cc-d7adc264c78f"}
2026-03-31 10:25:14 | INFO     | [QUESTION_ATTEMPT] {"attempt": 7, "max_questions": 300, "question_idx": 1604, "uid": "c4796f12-af15-4bc2-90cc-d7adc264c78f"}
2026-03-31 10:28:20 | INFO     | [QUESTION_SENT] {"question_idx": 1605, "uid": "a183b65f-1513-44d3-bf3c-8ec97cddd91a"}
2026-03-31 10:28:52 | INFO     | [QUESTION_ATTEMPT] {"attempt": 8, "max_questions": 300, "question_idx": 1605, "uid": "a183b65f-1513-44d3-bf3c-8ec97cddd91a"}
2026-03-31 10:31:57 | INFO     | [QUESTION_SENT] {"question_idx": 1606, "uid": "b7b8f8c7-bb01-431b-b2df-e017ad0c22c3"}
2026-03-31 10:32:31 | INFO     | [QUESTION_ATTEMPT] {"attempt": 9, "max_questions": 300, "question_idx": 1606, "uid": "b7b8f8c7-bb01-431b-b2df-e017ad0c22c3"}
2026-03-31 10:35:34 | INFO     | [QUESTION_SENT] {"question_idx": 1607, "uid": "498fbf9e-d16b-47ab-8907-a12e4f760b45"}
2026-03-31 10:36:07 | INFO     | [QUESTION_ATTEMPT] {"attempt": 10, "max_questions": 300, "question_idx": 1607, "uid": "498fbf9e-d16b-47ab-8907-a12e4f760b45"}
2026-03-31 10:39:11 | INFO     | [QUESTION_SENT] {"question_idx": 1608, "uid": "6a801eae-9314-4635-b5ac-504a85b8bc96"}
2026-03-31 10:39:41 | INFO     | [QUESTION_ATTEMPT] {"attempt": 11, "max_questions": 300, "question_idx": 1608, "uid": "6a801eae-9314-4635-b5ac-504a85b8bc96"}
2026-03-31 10:42:48 | INFO     | [QUESTION_SENT] {"question_idx": 1609, "uid": "16d9dab8-fd7a-4d9a-9e07-43d748762b17"}
2026-03-31 10:43:21 | INFO     | [QUESTION_ATTEMPT] {"attempt": 12, "max_questions": 300, "question_idx": 1609, "uid": "16d9dab8-fd7a-4d9a-9e07-43d748762b17"}
2026-03-31 10:46:26 | INFO     | [QUESTION_SENT] {"question_idx": 1610, "uid": "ff5577ae-5de1-40c9-b337-c3815db98cfe"}
2026-03-31 10:46:55 | INFO     | [QUESTION_ATTEMPT] {"attempt": 13, "max_questions": 300, "question_idx": 1610, "uid": "ff5577ae-5de1-40c9-b337-c3815db98cfe"}
2026-03-31 10:50:03 | INFO     | [QUESTION_SENT] {"question_idx": 1611, "uid": "75120260-d87a-42a8-b69e-358fdc64d695"}
2026-03-31 10:50:20 | INFO     | [QUESTION_ATTEMPT] {"attempt": 14, "max_questions": 300, "question_idx": 1611, "uid": "75120260-d87a-42a8-b69e-358fdc64d695"}
2026-03-31 10:53:40 | INFO     | [QUESTION_SENT] {"question_idx": 1611, "uid": "75120260-d87a-42a8-b69e-358fdc64d695"}
2026-03-31 10:54:10 | INFO     | [QUESTION_ATTEMPT] {"attempt": 15, "max_questions": 300, "question_idx": 1611, "uid": "75120260-d87a-42a8-b69e-358fdc64d695"}
2026-03-31 10:57:17 | INFO     | [QUESTION_SENT] {"question_idx": 1612, "uid": "2f85a2e9-b36c-4544-85d0-c1c0d9baedd5"}
2026-03-31 10:57:47 | INFO     | [QUESTION_ATTEMPT] {"attempt": 16, "max_questions": 300, "question_idx": 1612, "uid": "2f85a2e9-b36c-4544-85d0-c1c0d9baedd5"}
2026-03-31 11:00:54 | INFO     | [QUESTION_SENT] {"question_idx": 1613, "uid": "be30f8f7-8f8c-4bd1-9080-4861f6ba9f6f"}
2026-03-31 11:07:46 | INFO     | [QUESTION_SENT] {"question_idx": 1613, "uid": "be30f8f7-8f8c-4bd1-9080-4861f6ba9f6f"}
2026-03-31 11:08:27 | INFO     | [QUESTION_ATTEMPT] {"attempt": 17, "max_questions": 300, "question_idx": 1613, "uid": "be30f8f7-8f8c-4bd1-9080-4861f6ba9f6f"}
2026-03-31 11:11:23 | INFO     | [QUESTION_SENT] {"question_idx": 1614, "uid": "da8a46ce-3ec6-408b-a83d-76923bf78399"}
2026-03-31 11:12:07 | INFO     | [QUESTION_ATTEMPT] {"attempt": 18, "max_questions": 300, "question_idx": 1614, "uid": "da8a46ce-3ec6-408b-a83d-76923bf78399"}
2026-03-31 11:15:00 | INFO     | [QUESTION_SENT] {"question_idx": 1615, "uid": "92366eab-ed6e-4922-be27-68347066981a"}
2026-03-31 11:15:34 | INFO     | [QUESTION_ATTEMPT] {"attempt": 19, "max_questions": 300, "question_idx": 1615, "uid": "92366eab-ed6e-4922-be27-68347066981a"}
2026-03-31 11:18:38 | INFO     | [QUESTION_SENT] {"question_idx": 1616, "uid": "b3adcef4-cc14-4ce1-8257-0d28f4f8185c"}
2026-03-31 11:19:07 | INFO     | [QUESTION_ATTEMPT] {"attempt": 20, "max_questions": 300, "question_idx": 1616, "uid": "b3adcef4-cc14-4ce1-8257-0d28f4f8185c"}
2026-03-31 11:22:15 | INFO     | [QUESTION_SENT] {"question_idx": 1617, "uid": "02627d91-c756-419e-88e7-666be8a78320"}
2026-03-31 11:22:46 | INFO     | [QUESTION_ATTEMPT] {"attempt": 21, "max_questions": 300, "question_idx": 1617, "uid": "02627d91-c756-419e-88e7-666be8a78320"}
2026-03-31 11:25:52 | INFO     | [QUESTION_SENT] {"question_idx": 1618, "uid": "ec5d3648-d21a-4649-80de-8b9fedf76a8d"}
2026-03-31 11:26:22 | INFO     | [QUESTION_ATTEMPT] {"attempt": 22, "max_questions": 300, "question_idx": 1618, "uid": "ec5d3648-d21a-4649-80de-8b9fedf76a8d"}
2026-03-31 11:29:29 | INFO     | [QUESTION_SENT] {"question_idx": 1619, "uid": "f243d378-919b-450d-a18a-9e10fe79b24c"}
2026-03-31 11:29:59 | INFO     | [QUESTION_ATTEMPT] {"attempt": 23, "max_questions": 300, "question_idx": 1619, "uid": "f243d378-919b-450d-a18a-9e10fe79b24c"}
2026-03-31 11:33:06 | INFO     | [QUESTION_SENT] {"question_idx": 1620, "uid": "0574f0d7-e1b3-4b28-806c-6acb8eccc840"}
2026-03-31 11:33:39 | INFO     | [QUESTION_ATTEMPT] {"attempt": 24, "max_questions": 300, "question_idx": 1620, "uid": "0574f0d7-e1b3-4b28-806c-6acb8eccc840"}
2026-03-31 11:36:43 | INFO     | [QUESTION_SENT] {"question_idx": 1621, "uid": "49faf71a-50ea-428a-b34d-ba2b5a1dc6e1"}
2026-03-31 11:37:14 | INFO     | [QUESTION_ATTEMPT] {"attempt": 25, "max_questions": 300, "question_idx": 1621, "uid": "49faf71a-50ea-428a-b34d-ba2b5a1dc6e1"}
2026-03-31 11:40:20 | INFO     | [QUESTION_SENT] {"question_idx": 1622, "uid": "e0284f49-3faa-42c9-86ae-32f302118010"}
2026-03-31 11:40:50 | INFO     | [QUESTION_ATTEMPT] {"attempt": 26, "max_questions": 300, "question_idx": 1622, "uid": "e0284f49-3faa-42c9-86ae-32f302118010"}
2026-03-31 11:43:57 | INFO     | [QUESTION_SENT] {"question_idx": 1623, "uid": "065b9908-c1ad-4a57-9065-131fec74360d"}
2026-03-31 11:44:29 | INFO     | [QUESTION_ATTEMPT] {"attempt": 27, "max_questions": 300, "question_idx": 1623, "uid": "065b9908-c1ad-4a57-9065-131fec74360d"}
2026-03-31 11:47:34 | INFO     | [QUESTION_SENT] {"question_idx": 1624, "uid": "5d3a6534-6ff5-4043-9c3c-e2ec76bdea8c"}
2026-03-31 11:48:06 | INFO     | [QUESTION_ATTEMPT] {"attempt": 28, "max_questions": 300, "question_idx": 1624, "uid": "5d3a6534-6ff5-4043-9c3c-e2ec76bdea8c"}
2026-03-31 11:51:11 | INFO     | [QUESTION_SENT] {"question_idx": 1625, "uid": "05c76e28-a0b6-4ad1-9268-13b0dc4c936e"}
2026-03-31 11:51:43 | INFO     | [QUESTION_ATTEMPT] {"attempt": 29, "max_questions": 300, "question_idx": 1625, "uid": "05c76e28-a0b6-4ad1-9268-13b0dc4c936e"}
2026-03-31 11:54:48 | INFO     | [QUESTION_SENT] {"question_idx": 1626, "uid": "535f3421-a6a0-42de-a3ea-a4affba40f11"}
2026-03-31 11:55:21 | INFO     | [QUESTION_ATTEMPT] {"attempt": 30, "max_questions": 300, "question_idx": 1626, "uid": "535f3421-a6a0-42de-a3ea-a4affba40f11"}
2026-03-31 11:58:25 | INFO     | [QUESTION_SENT] {"question_idx": 1627, "uid": "f4ad64a0-d014-435a-98db-5e3625af71c0"}
2026-03-31 11:58:57 | INFO     | [QUESTION_ATTEMPT] {"attempt": 31, "max_questions": 300, "question_idx": 1627, "uid": "f4ad64a0-d014-435a-98db-5e3625af71c0"}
2026-03-31 12:02:02 | INFO     | [QUESTION_SENT] {"question_idx": 1628, "uid": "09fffffe-8a76-4c40-907e-116ad75b2738"}
2026-03-31 12:02:37 | INFO     | [QUESTION_ATTEMPT] {"attempt": 32, "max_questions": 300, "question_idx": 1628, "uid": "09fffffe-8a76-4c40-907e-116ad75b2738"}
2026-03-31 12:05:39 | INFO     | [QUESTION_SENT] {"question_idx": 1629, "uid": "f3532bb2-8d66-4cf0-81bb-d8d06c7e6bbf"}
2026-03-31 12:09:17 | INFO     | [QUESTION_SENT] {"question_idx": 1629, "uid": "f3532bb2-8d66-4cf0-81bb-d8d06c7e6bbf"}
2026-03-31 12:12:54 | INFO     | [QUESTION_SENT] {"question_idx": 1629, "uid": "f3532bb2-8d66-4cf0-81bb-d8d06c7e6bbf"}
2026-03-31 12:13:29 | INFO     | [QUESTION_ATTEMPT] {"attempt": 33, "max_questions": 300, "question_idx": 1629, "uid": "f3532bb2-8d66-4cf0-81bb-d8d06c7e6bbf"}
2026-03-31 12:16:31 | INFO     | [QUESTION_SENT] {"question_idx": 1630, "uid": "56b0fbe8-a9e4-465b-b6ac-0f8ca32114eb"}
2026-03-31 12:16:56 | INFO     | [QUESTION_ATTEMPT] {"attempt": 34, "max_questions": 300, "question_idx": 1630, "uid": "56b0fbe8-a9e4-465b-b6ac-0f8ca32114eb"}
2026-03-31 12:17:08 | INFO     | [QUESTION_SENT] {"question_idx": 1630, "uid": "56b0fbe8-a9e4-465b-b6ac-0f8ca32114eb"}
2026-03-31 12:17:27 | INFO     | [QUESTION_ATTEMPT] {"attempt": 35, "max_questions": 300, "question_idx": 1630, "uid": "56b0fbe8-a9e4-465b-b6ac-0f8ca32114eb"}
2026-03-31 12:20:48 | INFO     | [QUESTION_SENT] {"question_idx": 1631, "uid": "b026d6ea-669f-4448-8dd5-ee1a5089eea2"}
2026-03-31 12:21:30 | INFO     | [QUESTION_ATTEMPT] {"attempt": 36, "max_questions": 300, "question_idx": 1631, "uid": "b026d6ea-669f-4448-8dd5-ee1a5089eea2"}
2026-03-31 12:24:25 | INFO     | [QUESTION_SENT] {"question_idx": 1632, "uid": "ce16f184-337c-495c-86e4-e7b22bf4993c"}
2026-03-31 12:24:57 | INFO     | [QUESTION_ATTEMPT] {"attempt": 37, "max_questions": 300, "question_idx": 1632, "uid": "ce16f184-337c-495c-86e4-e7b22bf4993c"}
2026-03-31 12:28:02 | INFO     | [QUESTION_SENT] {"question_idx": 1633, "uid": "60a723ac-795c-4f39-bf91-5cba24470530"}
2026-03-31 12:28:39 | INFO     | [QUESTION_ATTEMPT] {"attempt": 38, "max_questions": 300, "question_idx": 1633, "uid": "60a723ac-795c-4f39-bf91-5cba24470530"}
2026-03-31 12:31:40 | INFO     | [QUESTION_SENT] {"question_idx": 1634, "uid": "22c75811-20a4-4732-b0bc-d0dd321c5dd9"}
2026-03-31 12:32:11 | INFO     | [QUESTION_ATTEMPT] {"attempt": 39, "max_questions": 300, "question_idx": 1634, "uid": "22c75811-20a4-4732-b0bc-d0dd321c5dd9"}
2026-03-31 12:35:17 | INFO     | [QUESTION_SENT] {"question_idx": 1635, "uid": "c9a231f1-fef4-4ac3-8740-7718b07f009f"}
2026-03-31 12:38:54 | INFO     | [QUESTION_SENT] {"question_idx": 1635, "uid": "c9a231f1-fef4-4ac3-8740-7718b07f009f"}
2026-03-31 12:39:28 | INFO     | [QUESTION_ATTEMPT] {"attempt": 40, "max_questions": 300, "question_idx": 1635, "uid": "c9a231f1-fef4-4ac3-8740-7718b07f009f"}
2026-03-31 12:42:31 | INFO     | [QUESTION_SENT] {"question_idx": 1636, "uid": "96ec1b39-341a-4c9e-ba6f-394b17a209f0"}
2026-03-31 12:43:05 | INFO     | [QUESTION_ATTEMPT] {"attempt": 41, "max_questions": 300, "question_idx": 1636, "uid": "96ec1b39-341a-4c9e-ba6f-394b17a209f0"}
2026-03-31 12:46:08 | INFO     | [QUESTION_SENT] {"question_idx": 1637, "uid": "f587ff03-9400-4998-bf7a-844acb563cc8"}
2026-03-31 12:46:36 | INFO     | [QUESTION_ATTEMPT] {"attempt": 42, "max_questions": 300, "question_idx": 1637, "uid": "f587ff03-9400-4998-bf7a-844acb563cc8"}
2026-03-31 12:46:48 | INFO     | [QUESTION_SENT] {"question_idx": 1637, "uid": "f587ff03-9400-4998-bf7a-844acb563cc8"}
2026-03-31 12:47:09 | INFO     | [QUESTION_ATTEMPT] {"attempt": 43, "max_questions": 300, "question_idx": 1637, "uid": "f587ff03-9400-4998-bf7a-844acb563cc8"}
2026-03-31 12:50:28 | INFO     | [QUESTION_SENT] {"question_idx": 1638, "uid": "8ce55f6e-21f6-4604-bd36-fa2926b2d044"}
2026-03-31 12:51:03 | INFO     | [QUESTION_ATTEMPT] {"attempt": 44, "max_questions": 300, "question_idx": 1638, "uid": "8ce55f6e-21f6-4604-bd36-fa2926b2d044"}
2026-03-31 12:54:05 | INFO     | [QUESTION_SENT] {"question_idx": 1639, "uid": "38e2e4b8-6157-4201-a521-8b1402356c05"}
2026-03-31 12:54:42 | INFO     | [QUESTION_ATTEMPT] {"attempt": 45, "max_questions": 300, "question_idx": 1639, "uid": "38e2e4b8-6157-4201-a521-8b1402356c05"}
2026-03-31 12:57:43 | INFO     | [QUESTION_SENT] {"question_idx": 1640, "uid": "13bc9224-39b7-4df1-8f03-13ffe185a818"}
2026-03-31 12:58:14 | INFO     | [QUESTION_ATTEMPT] {"attempt": 46, "max_questions": 300, "question_idx": 1640, "uid": "13bc9224-39b7-4df1-8f03-13ffe185a818"}
2026-03-31 13:01:20 | INFO     | [QUESTION_SENT] {"question_idx": 1641, "uid": "e6f5afc5-92bf-4068-bcc4-bfc106a5de40"}
2026-03-31 13:04:57 | INFO     | [QUESTION_SENT] {"question_idx": 1641, "uid": "e6f5afc5-92bf-4068-bcc4-bfc106a5de40"}
2026-03-31 13:08:34 | INFO     | [QUESTION_SENT] {"question_idx": 1641, "uid": "e6f5afc5-92bf-4068-bcc4-bfc106a5de40"}
2026-03-31 13:09:05 | INFO     | [QUESTION_ATTEMPT] {"attempt": 47, "max_questions": 300, "question_idx": 1641, "uid": "e6f5afc5-92bf-4068-bcc4-bfc106a5de40"}
2026-03-31 13:12:11 | INFO     | [QUESTION_SENT] {"question_idx": 1642, "uid": "3d5bc449-98b4-4142-8362-a7938757a02a"}
2026-03-31 13:12:45 | INFO     | [QUESTION_ATTEMPT] {"attempt": 48, "max_questions": 300, "question_idx": 1642, "uid": "3d5bc449-98b4-4142-8362-a7938757a02a"}
2026-03-31 13:15:48 | INFO     | [QUESTION_SENT] {"question_idx": 1643, "uid": "96a1004f-9836-4b52-9641-578afa7055bc"}
2026-03-31 13:16:16 | INFO     | [QUESTION_ATTEMPT] {"attempt": 49, "max_questions": 300, "question_idx": 1643, "uid": "96a1004f-9836-4b52-9641-578afa7055bc"}
2026-03-31 13:19:26 | INFO     | [QUESTION_SENT] {"question_idx": 1644, "uid": "a23e3e60-de97-4d37-81bb-7fab199c5adf"}
2026-03-31 13:20:05 | INFO     | [QUESTION_ATTEMPT] {"attempt": 50, "max_questions": 300, "question_idx": 1644, "uid": "a23e3e60-de97-4d37-81bb-7fab199c5adf"}
2026-03-31 13:23:03 | INFO     | [QUESTION_SENT] {"question_idx": 1645, "uid": "88ce6737-2b24-40c6-8972-f1547301c932"}
2026-03-31 13:23:39 | INFO     | [QUESTION_ATTEMPT] {"attempt": 51, "max_questions": 300, "question_idx": 1645, "uid": "88ce6737-2b24-40c6-8972-f1547301c932"}
2026-03-31 13:26:40 | INFO     | [QUESTION_SENT] {"question_idx": 1646, "uid": "4046daaa-0e04-4361-9c0e-0a8241fa5b82"}
2026-03-31 13:30:17 | INFO     | [QUESTION_SENT] {"question_idx": 1646, "uid": "4046daaa-0e04-4361-9c0e-0a8241fa5b82"}
2026-03-31 13:30:36 | INFO     | [QUESTION_ATTEMPT] {"attempt": 52, "max_questions": 300, "question_idx": 1646, "uid": "4046daaa-0e04-4361-9c0e-0a8241fa5b82"}
2026-03-31 13:33:54 | INFO     | [QUESTION_SENT] {"question_idx": 1647, "uid": "2350349d-164a-49b7-94c3-6ce1fc9ab490"}
2026-03-31 13:34:23 | INFO     | [QUESTION_ATTEMPT] {"attempt": 53, "max_questions": 300, "question_idx": 1647, "uid": "2350349d-164a-49b7-94c3-6ce1fc9ab490"}
2026-03-31 13:48:00 | INFO     | [QUESTION_SENT] {"question_idx": 1648, "uid": "b9b5ce81-f11b-4a20-9e2b-8ac6aab197fa"}
2026-03-31 13:48:31 | INFO     | [QUESTION_ATTEMPT] {"attempt": 54, "max_questions": 300, "question_idx": 1648, "uid": "b9b5ce81-f11b-4a20-9e2b-8ac6aab197fa"}
2026-03-31 13:51:38 | INFO     | [QUESTION_SENT] {"question_idx": 1649, "uid": "2d0b6595-9c26-44ca-8302-977cb93a0384"}
2026-03-31 13:52:11 | INFO     | [QUESTION_ATTEMPT] {"attempt": 55, "max_questions": 300, "question_idx": 1649, "uid": "2d0b6595-9c26-44ca-8302-977cb93a0384"}
2026-03-31 13:55:15 | INFO     | [QUESTION_SENT] {"question_idx": 1650, "uid": "caab1324-a8b8-42df-8588-dfdd78fc4867"}
2026-03-31 13:55:51 | INFO     | [QUESTION_ATTEMPT] {"attempt": 56, "max_questions": 300, "question_idx": 1650, "uid": "caab1324-a8b8-42df-8588-dfdd78fc4867"}
2026-03-31 13:58:52 | INFO     | [QUESTION_SENT] {"question_idx": 1651, "uid": "62082215-81d9-4723-bfef-db4089317134"}
2026-03-31 13:59:23 | INFO     | [QUESTION_ATTEMPT] {"attempt": 57, "max_questions": 300, "question_idx": 1651, "uid": "62082215-81d9-4723-bfef-db4089317134"}
2026-03-31 14:02:29 | INFO     | [QUESTION_SENT] {"question_idx": 1652, "uid": "6b3fa5ff-e695-440e-b6d4-38565f2bfd86"}
2026-03-31 14:03:02 | INFO     | [QUESTION_ATTEMPT] {"attempt": 58, "max_questions": 300, "question_idx": 1652, "uid": "6b3fa5ff-e695-440e-b6d4-38565f2bfd86"}
2026-03-31 14:06:06 | INFO     | [QUESTION_SENT] {"question_idx": 1653, "uid": "d626bfc0-e249-4748-aa1a-ccb8dd69dfb5"}
2026-03-31 14:06:40 | INFO     | [QUESTION_ATTEMPT] {"attempt": 59, "max_questions": 300, "question_idx": 1653, "uid": "d626bfc0-e249-4748-aa1a-ccb8dd69dfb5"}
2026-03-31 14:09:43 | INFO     | [QUESTION_SENT] {"question_idx": 1654, "uid": "2c58c22d-7bbe-43cb-b56a-184b645fae93"}
2026-03-31 14:10:15 | INFO     | [QUESTION_ATTEMPT] {"attempt": 60, "max_questions": 300, "question_idx": 1654, "uid": "2c58c22d-7bbe-43cb-b56a-184b645fae93"}
2026-03-31 14:13:20 | INFO     | [QUESTION_SENT] {"question_idx": 1655, "uid": "cf32e9fb-3dc1-4235-9c34-12893f1c8281"}
2026-03-31 14:13:51 | INFO     | [QUESTION_ATTEMPT] {"attempt": 61, "max_questions": 300, "question_idx": 1655, "uid": "cf32e9fb-3dc1-4235-9c34-12893f1c8281"}
2026-03-31 14:16:57 | INFO     | [QUESTION_SENT] {"question_idx": 1656, "uid": "8ef88062-8353-4de8-962b-82f3cda59d35"}
2026-03-31 14:17:33 | INFO     | [QUESTION_ATTEMPT] {"attempt": 62, "max_questions": 300, "question_idx": 1656, "uid": "8ef88062-8353-4de8-962b-82f3cda59d35"}
2026-03-31 14:20:34 | INFO     | [QUESTION_SENT] {"question_idx": 1657, "uid": "b41d73b3-bc12-4b3d-aae0-3b34db50ef3c"}
2026-03-31 14:21:00 | INFO     | [QUESTION_ATTEMPT] {"attempt": 63, "max_questions": 300, "question_idx": 1657, "uid": "b41d73b3-bc12-4b3d-aae0-3b34db50ef3c"}
2026-03-31 14:21:13 | INFO     | [QUESTION_SENT] {"question_idx": 1657, "uid": "b41d73b3-bc12-4b3d-aae0-3b34db50ef3c"}
2026-03-31 14:21:32 | INFO     | [QUESTION_ATTEMPT] {"attempt": 64, "max_questions": 300, "question_idx": 1657, "uid": "b41d73b3-bc12-4b3d-aae0-3b34db50ef3c"}
2026-03-31 14:24:52 | INFO     | [QUESTION_SENT] {"question_idx": 1658, "uid": "69500f64-bf8f-459c-a4ad-42eba076bbbe"}
2026-03-31 14:25:25 | INFO     | [QUESTION_ATTEMPT] {"attempt": 65, "max_questions": 300, "question_idx": 1658, "uid": "69500f64-bf8f-459c-a4ad-42eba076bbbe"}
2026-03-31 14:28:29 | INFO     | [QUESTION_SENT] {"question_idx": 1659, "uid": "2948ca22-8fc6-4a61-b4d7-f4245af382d4"}
2026-03-31 14:29:00 | INFO     | [QUESTION_ATTEMPT] {"attempt": 66, "max_questions": 300, "question_idx": 1659, "uid": "2948ca22-8fc6-4a61-b4d7-f4245af382d4"}
2026-03-31 14:32:07 | INFO     | [QUESTION_SENT] {"question_idx": 1660, "uid": "3e9c0ed0-36c1-43e2-9029-00c4385490e7"}
2026-03-31 14:32:37 | INFO     | [QUESTION_ATTEMPT] {"attempt": 67, "max_questions": 300, "question_idx": 1660, "uid": "3e9c0ed0-36c1-43e2-9029-00c4385490e7"}
2026-03-31 14:35:44 | INFO     | [QUESTION_SENT] {"question_idx": 1661, "uid": "595483a9-f990-4c9d-ae20-fd8e37d25e35"}
2026-03-31 14:36:13 | INFO     | [QUESTION_ATTEMPT] {"attempt": 68, "max_questions": 300, "question_idx": 1661, "uid": "595483a9-f990-4c9d-ae20-fd8e37d25e35"}
2026-03-31 14:39:21 | INFO     | [QUESTION_SENT] {"question_idx": 1662, "uid": "64a0f4cf-4829-4c28-8771-bb2b6dde6d16"}
2026-03-31 14:39:53 | INFO     | [QUESTION_ATTEMPT] {"attempt": 69, "max_questions": 300, "question_idx": 1662, "uid": "64a0f4cf-4829-4c28-8771-bb2b6dde6d16"}
2026-03-31 14:42:58 | INFO     | [QUESTION_SENT] {"question_idx": 1663, "uid": "dc96019a-1a1f-4a8e-a025-d6ef91724fb1"}
2026-03-31 14:43:28 | INFO     | [QUESTION_ATTEMPT] {"attempt": 70, "max_questions": 300, "question_idx": 1663, "uid": "dc96019a-1a1f-4a8e-a025-d6ef91724fb1"}
2026-03-31 14:43:41 | INFO     | [QUESTION_SENT] {"question_idx": 1663, "uid": "dc96019a-1a1f-4a8e-a025-d6ef91724fb1"}
2026-03-31 14:44:03 | INFO     | [QUESTION_ATTEMPT] {"attempt": 71, "max_questions": 300, "question_idx": 1663, "uid": "dc96019a-1a1f-4a8e-a025-d6ef91724fb1"}
2026-03-31 14:47:20 | INFO     | [QUESTION_SENT] {"question_idx": 1664, "uid": "1371c2ee-d4b3-4657-9d0b-42852aba2696"}
2026-03-31 14:47:49 | INFO     | [QUESTION_ATTEMPT] {"attempt": 72, "max_questions": 300, "question_idx": 1664, "uid": "1371c2ee-d4b3-4657-9d0b-42852aba2696"}
2026-03-31 14:50:57 | INFO     | [QUESTION_SENT] {"question_idx": 1665, "uid": "89f2d20e-82d7-4e57-ae7b-ceecb65931e1"}
2026-03-31 14:51:28 | INFO     | [QUESTION_ATTEMPT] {"attempt": 73, "max_questions": 300, "question_idx": 1665, "uid": "89f2d20e-82d7-4e57-ae7b-ceecb65931e1"}
2026-03-31 14:51:40 | INFO     | [QUESTION_SENT] {"question_idx": 1665, "uid": "89f2d20e-82d7-4e57-ae7b-ceecb65931e1"}
2026-03-31 14:52:02 | INFO     | [QUESTION_ATTEMPT] {"attempt": 74, "max_questions": 300, "question_idx": 1665, "uid": "89f2d20e-82d7-4e57-ae7b-ceecb65931e1"}
2026-03-31 14:55:20 | INFO     | [QUESTION_SENT] {"question_idx": 1666, "uid": "37530acf-2c5f-4b06-bf79-a9755c188662"}
2026-03-31 14:55:49 | INFO     | [QUESTION_ATTEMPT] {"attempt": 75, "max_questions": 300, "question_idx": 1666, "uid": "37530acf-2c5f-4b06-bf79-a9755c188662"}
2026-03-31 14:58:57 | INFO     | [QUESTION_SENT] {"question_idx": 1667, "uid": "08eed6f0-7b9f-4a26-94d7-0d6d3a3266ff"}
2026-03-31 14:59:34 | INFO     | [QUESTION_ATTEMPT] {"attempt": 76, "max_questions": 300, "question_idx": 1667, "uid": "08eed6f0-7b9f-4a26-94d7-0d6d3a3266ff"}
2026-03-31 15:02:34 | INFO     | [QUESTION_SENT] {"question_idx": 1668, "uid": "fd965bd8-cdc7-4b30-aeba-29232944e17b"}
2026-03-31 15:03:03 | INFO     | [QUESTION_ATTEMPT] {"attempt": 77, "max_questions": 300, "question_idx": 1668, "uid": "fd965bd8-cdc7-4b30-aeba-29232944e17b"}
2026-03-31 15:06:11 | INFO     | [QUESTION_SENT] {"question_idx": 1669, "uid": "d3c02f26-455d-473b-9a63-b60a71c740c2"}
2026-03-31 15:06:43 | INFO     | [QUESTION_ATTEMPT] {"attempt": 78, "max_questions": 300, "question_idx": 1669, "uid": "d3c02f26-455d-473b-9a63-b60a71c740c2"}
2026-03-31 15:09:48 | INFO     | [QUESTION_SENT] {"question_idx": 1670, "uid": "131c5a10-f540-4a55-baad-b69f8a2543d1"}
2026-03-31 15:10:20 | INFO     | [QUESTION_ATTEMPT] {"attempt": 79, "max_questions": 300, "question_idx": 1670, "uid": "131c5a10-f540-4a55-baad-b69f8a2543d1"}
2026-03-31 15:13:25 | INFO     | [QUESTION_SENT] {"question_idx": 1671, "uid": "ee70d998-8471-4df6-a9ee-caee8410fa74"}
2026-03-31 15:13:54 | INFO     | [QUESTION_ATTEMPT] {"attempt": 80, "max_questions": 300, "question_idx": 1671, "uid": "ee70d998-8471-4df6-a9ee-caee8410fa74"}
2026-03-31 15:17:02 | INFO     | [QUESTION_SENT] {"question_idx": 1672, "uid": "257b2591-fcdc-4b38-b6c6-49c8d58183c0"}
2026-03-31 15:17:38 | INFO     | [QUESTION_ATTEMPT] {"attempt": 81, "max_questions": 300, "question_idx": 1672, "uid": "257b2591-fcdc-4b38-b6c6-49c8d58183c0"}
2026-03-31 15:20:40 | INFO     | [QUESTION_SENT] {"question_idx": 1673, "uid": "1f74edda-67c5-438a-8331-be4b894fff7b"}
2026-03-31 15:21:12 | INFO     | [QUESTION_ATTEMPT] {"attempt": 82, "max_questions": 300, "question_idx": 1673, "uid": "1f74edda-67c5-438a-8331-be4b894fff7b"}
2026-03-31 15:24:17 | INFO     | [QUESTION_SENT] {"question_idx": 1674, "uid": "0687903d-0d72-4181-9a0b-4b1d89be8d60"}
2026-03-31 15:24:56 | INFO     | [QUESTION_ATTEMPT] {"attempt": 83, "max_questions": 300, "question_idx": 1674, "uid": "0687903d-0d72-4181-9a0b-4b1d89be8d60"}
2026-03-31 15:27:54 | INFO     | [QUESTION_SENT] {"question_idx": 1675, "uid": "fbc806c9-ac7b-45cf-acc0-82d583972067"}
2026-03-31 15:31:31 | INFO     | [QUESTION_SENT] {"question_idx": 1675, "uid": "fbc806c9-ac7b-45cf-acc0-82d583972067"}
2026-03-31 15:32:01 | INFO     | [QUESTION_ATTEMPT] {"attempt": 84, "max_questions": 300, "question_idx": 1675, "uid": "fbc806c9-ac7b-45cf-acc0-82d583972067"}
2026-03-31 15:35:08 | INFO     | [QUESTION_SENT] {"question_idx": 1676, "uid": "bb552561-13c5-4ab2-bf4e-d86e82132ff4"}
2026-03-31 15:35:40 | INFO     | [QUESTION_ATTEMPT] {"attempt": 85, "max_questions": 300, "question_idx": 1676, "uid": "bb552561-13c5-4ab2-bf4e-d86e82132ff4"}
2026-03-31 15:38:45 | INFO     | [QUESTION_SENT] {"question_idx": 1677, "uid": "e32e4bb4-f3b3-4102-b8e0-e97cb0e3ace6"}
2026-03-31 15:42:22 | INFO     | [QUESTION_SENT] {"question_idx": 1677, "uid": "e32e4bb4-f3b3-4102-b8e0-e97cb0e3ace6"}
2026-03-31 15:42:51 | INFO     | [QUESTION_ATTEMPT] {"attempt": 86, "max_questions": 300, "question_idx": 1677, "uid": "e32e4bb4-f3b3-4102-b8e0-e97cb0e3ace6"}
2026-03-31 15:45:59 | INFO     | [QUESTION_SENT] {"question_idx": 1678, "uid": "e677b43f-27cc-4cc2-903f-2c887c03f38c"}
2026-03-31 15:46:38 | INFO     | [QUESTION_ATTEMPT] {"attempt": 87, "max_questions": 300, "question_idx": 1678, "uid": "e677b43f-27cc-4cc2-903f-2c887c03f38c"}
2026-03-31 15:49:36 | INFO     | [QUESTION_SENT] {"question_idx": 1679, "uid": "4bd7361d-ac61-4bb9-9360-8a021f0bfbc8"}
2026-03-31 15:50:09 | INFO     | [QUESTION_ATTEMPT] {"attempt": 88, "max_questions": 300, "question_idx": 1679, "uid": "4bd7361d-ac61-4bb9-9360-8a021f0bfbc8"}
2026-03-31 15:53:13 | INFO     | [QUESTION_SENT] {"question_idx": 1680, "uid": "1c126705-b6d3-49bc-9c35-3b265618f103"}
2026-03-31 15:53:45 | INFO     | [QUESTION_ATTEMPT] {"attempt": 89, "max_questions": 300, "question_idx": 1680, "uid": "1c126705-b6d3-49bc-9c35-3b265618f103"}
2026-03-31 15:56:51 | INFO     | [QUESTION_SENT] {"question_idx": 1681, "uid": "043ce11f-aac4-41c5-bec5-dbecfa7339d4"}
2026-03-31 15:57:22 | INFO     | [QUESTION_ATTEMPT] {"attempt": 90, "max_questions": 300, "question_idx": 1681, "uid": "043ce11f-aac4-41c5-bec5-dbecfa7339d4"}
2026-03-31 16:00:28 | INFO     | [QUESTION_SENT] {"question_idx": 1682, "uid": "8e1fe635-0427-442a-9280-b346253003ac"}
2026-03-31 16:01:00 | INFO     | [QUESTION_ATTEMPT] {"attempt": 91, "max_questions": 300, "question_idx": 1682, "uid": "8e1fe635-0427-442a-9280-b346253003ac"}
2026-03-31 16:04:05 | INFO     | [QUESTION_SENT] {"question_idx": 1683, "uid": "adfab21b-f893-4427-a5e1-92893d0c1510"}
2026-03-31 16:04:36 | INFO     | [QUESTION_ATTEMPT] {"attempt": 92, "max_questions": 300, "question_idx": 1683, "uid": "adfab21b-f893-4427-a5e1-92893d0c1510"}
2026-03-31 16:07:42 | INFO     | [QUESTION_SENT] {"question_idx": 1684, "uid": "64502813-887c-426a-809a-e06b68b73487"}
2026-03-31 16:08:17 | INFO     | [QUESTION_ATTEMPT] {"attempt": 93, "max_questions": 300, "question_idx": 1684, "uid": "64502813-887c-426a-809a-e06b68b73487"}
2026-03-31 16:11:19 | INFO     | [QUESTION_SENT] {"question_idx": 1685, "uid": "e0ac2964-7957-4f7a-a4bd-1e1a1963f4a3"}
2026-03-31 16:11:50 | INFO     | [QUESTION_ATTEMPT] {"attempt": 94, "max_questions": 300, "question_idx": 1685, "uid": "e0ac2964-7957-4f7a-a4bd-1e1a1963f4a3"}
2026-03-31 16:14:57 | INFO     | [QUESTION_SENT] {"question_idx": 1686, "uid": "9f067917-f779-457e-8d84-12a609d653d2"}
2026-03-31 16:15:27 | INFO     | [QUESTION_ATTEMPT] {"attempt": 95, "max_questions": 300, "question_idx": 1686, "uid": "9f067917-f779-457e-8d84-12a609d653d2"}
2026-03-31 16:15:40 | INFO     | [QUESTION_SENT] {"question_idx": 1686, "uid": "9f067917-f779-457e-8d84-12a609d653d2"}
2026-03-31 16:15:59 | INFO     | [QUESTION_ATTEMPT] {"attempt": 96, "max_questions": 300, "question_idx": 1686, "uid": "9f067917-f779-457e-8d84-12a609d653d2"}
2026-03-31 16:19:19 | INFO     | [QUESTION_SENT] {"question_idx": 1686, "uid": "9f067917-f779-457e-8d84-12a609d653d2"}
2026-03-31 16:19:48 | INFO     | [QUESTION_ATTEMPT] {"attempt": 97, "max_questions": 300, "question_idx": 1686, "uid": "9f067917-f779-457e-8d84-12a609d653d2"}
2026-03-31 16:22:56 | INFO     | [QUESTION_SENT] {"question_idx": 1687, "uid": "66f4deba-bded-46f7-a4e1-c74b72bafa00"}
2026-03-31 16:23:27 | INFO     | [QUESTION_ATTEMPT] {"attempt": 98, "max_questions": 300, "question_idx": 1687, "uid": "66f4deba-bded-46f7-a4e1-c74b72bafa00"}
2026-03-31 16:26:33 | INFO     | [QUESTION_SENT] {"question_idx": 1688, "uid": "7b7a8677-e3fe-4874-8afd-9cebe3a45bd3"}
2026-03-31 16:27:05 | INFO     | [QUESTION_ATTEMPT] {"attempt": 99, "max_questions": 300, "question_idx": 1688, "uid": "7b7a8677-e3fe-4874-8afd-9cebe3a45bd3"}
2026-03-31 16:30:10 | INFO     | [QUESTION_SENT] {"question_idx": 1689, "uid": "89ee5150-db50-447e-babd-c158cd5bdb3f"}
2026-03-31 16:30:41 | INFO     | [QUESTION_ATTEMPT] {"attempt": 100, "max_questions": 300, "question_idx": 1689, "uid": "89ee5150-db50-447e-babd-c158cd5bdb3f"}
2026-03-31 16:33:47 | INFO     | [QUESTION_SENT] {"question_idx": 1690, "uid": "b17895ec-dc01-45c3-9582-188ef4daa216"}
2026-03-31 16:34:16 | INFO     | [QUESTION_ATTEMPT] {"attempt": 101, "max_questions": 300, "question_idx": 1690, "uid": "b17895ec-dc01-45c3-9582-188ef4daa216"}
2026-03-31 16:37:24 | INFO     | [QUESTION_SENT] {"question_idx": 1691, "uid": "8b1a2b73-3f2a-4124-a20c-0be770ce1f62"}
2026-03-31 16:37:55 | INFO     | [QUESTION_ATTEMPT] {"attempt": 102, "max_questions": 300, "question_idx": 1691, "uid": "8b1a2b73-3f2a-4124-a20c-0be770ce1f62"}
2026-03-31 16:41:01 | INFO     | [QUESTION_SENT] {"question_idx": 1692, "uid": "c2dd52be-1033-4672-81d8-633b1b7cd6ba"}
2026-03-31 16:41:32 | INFO     | [QUESTION_ATTEMPT] {"attempt": 103, "max_questions": 300, "question_idx": 1692, "uid": "c2dd52be-1033-4672-81d8-633b1b7cd6ba"}
2026-03-31 16:44:39 | INFO     | [QUESTION_SENT] {"question_idx": 1693, "uid": "e5a9c4bf-cae9-4353-903e-c64c8b977ba3"}
2026-03-31 16:45:11 | INFO     | [QUESTION_ATTEMPT] {"attempt": 104, "max_questions": 300, "question_idx": 1693, "uid": "e5a9c4bf-cae9-4353-903e-c64c8b977ba3"}
2026-03-31 16:48:16 | INFO     | [QUESTION_SENT] {"question_idx": 1694, "uid": "4af4fc0d-e6b0-47d5-b80e-9ecf7eff6357"}
2026-03-31 16:48:46 | INFO     | [QUESTION_ATTEMPT] {"attempt": 105, "max_questions": 300, "question_idx": 1694, "uid": "4af4fc0d-e6b0-47d5-b80e-9ecf7eff6357"}
2026-03-31 16:51:53 | INFO     | [QUESTION_SENT] {"question_idx": 1695, "uid": "db690cfa-0019-43f9-b528-0f954754b9fb"}
2026-03-31 16:52:31 | INFO     | [QUESTION_ATTEMPT] {"attempt": 106, "max_questions": 300, "question_idx": 1695, "uid": "db690cfa-0019-43f9-b528-0f954754b9fb"}
2026-03-31 16:52:43 | INFO     | [QUESTION_SENT] {"question_idx": 1695, "uid": "db690cfa-0019-43f9-b528-0f954754b9fb"}
2026-03-31 16:53:07 | INFO     | [QUESTION_ATTEMPT] {"attempt": 107, "max_questions": 300, "question_idx": 1695, "uid": "db690cfa-0019-43f9-b528-0f954754b9fb"}
2026-03-31 16:56:23 | INFO     | [QUESTION_SENT] {"question_idx": 1696, "uid": "082b9aa5-7334-4ee6-8a56-26edc332a1bd"}
2026-03-31 16:56:55 | INFO     | [QUESTION_ATTEMPT] {"attempt": 108, "max_questions": 300, "question_idx": 1696, "uid": "082b9aa5-7334-4ee6-8a56-26edc332a1bd"}
2026-03-31 17:00:00 | INFO     | [QUESTION_SENT] {"question_idx": 1697, "uid": "acc07af8-bb04-41b3-b51d-77249ed14532"}
2026-03-31 17:00:37 | INFO     | [QUESTION_ATTEMPT] {"attempt": 109, "max_questions": 300, "question_idx": 1697, "uid": "acc07af8-bb04-41b3-b51d-77249ed14532"}
2026-03-31 17:03:37 | INFO     | [QUESTION_SENT] {"question_idx": 1698, "uid": "03c7ada7-4f6d-4d4a-84c1-aaa412ed98c9"}
2026-03-31 17:04:06 | INFO     | [QUESTION_ATTEMPT] {"attempt": 110, "max_questions": 300, "question_idx": 1698, "uid": "03c7ada7-4f6d-4d4a-84c1-aaa412ed98c9"}
2026-03-31 17:04:19 | INFO     | [QUESTION_SENT] {"question_idx": 1698, "uid": "03c7ada7-4f6d-4d4a-84c1-aaa412ed98c9"}
2026-03-31 17:04:39 | INFO     | [QUESTION_ATTEMPT] {"attempt": 111, "max_questions": 300, "question_idx": 1698, "uid": "03c7ada7-4f6d-4d4a-84c1-aaa412ed98c9"}
2026-03-31 17:07:58 | INFO     | [QUESTION_SENT] {"question_idx": 1699, "uid": "07bd8d48-468f-4c12-960a-f2105daf91e9"}
2026-03-31 17:08:29 | INFO     | [QUESTION_ATTEMPT] {"attempt": 112, "max_questions": 300, "question_idx": 1699, "uid": "07bd8d48-468f-4c12-960a-f2105daf91e9"}
2026-03-31 17:11:35 | INFO     | [QUESTION_SENT] {"question_idx": 1700, "uid": "5a549086-afc0-4aba-bc75-a1a66e9a6bc0"}
2026-03-31 17:15:12 | INFO     | [QUESTION_SENT] {"question_idx": 1700, "uid": "5a549086-afc0-4aba-bc75-a1a66e9a6bc0"}
2026-03-31 17:15:43 | INFO     | [QUESTION_ATTEMPT] {"attempt": 113, "max_questions": 300, "question_idx": 1700, "uid": "5a549086-afc0-4aba-bc75-a1a66e9a6bc0"}
2026-03-31 17:18:49 | INFO     | [QUESTION_SENT] {"question_idx": 1701, "uid": "0ed0dd81-e2a5-4a79-bd44-54e6c36b3e40"}
2026-03-31 17:19:20 | INFO     | [QUESTION_ATTEMPT] {"attempt": 114, "max_questions": 300, "question_idx": 1701, "uid": "0ed0dd81-e2a5-4a79-bd44-54e6c36b3e40"}
2026-03-31 17:22:26 | INFO     | [QUESTION_SENT] {"question_idx": 1702, "uid": "d4fcab70-be34-4412-b8af-d8c31aa5cb7f"}
2026-03-31 17:22:57 | INFO     | [QUESTION_ATTEMPT] {"attempt": 115, "max_questions": 300, "question_idx": 1702, "uid": "d4fcab70-be34-4412-b8af-d8c31aa5cb7f"}
2026-03-31 17:26:03 | INFO     | [QUESTION_SENT] {"question_idx": 1703, "uid": "d1594222-8bd4-42eb-b35c-31aa44407777"}
2026-03-31 17:26:34 | INFO     | [QUESTION_ATTEMPT] {"attempt": 116, "max_questions": 300, "question_idx": 1703, "uid": "d1594222-8bd4-42eb-b35c-31aa44407777"}
2026-03-31 17:29:40 | INFO     | [QUESTION_SENT] {"question_idx": 1704, "uid": "3e261551-3dd1-4974-a3ea-087c8b0bca43"}
2026-03-31 17:30:12 | INFO     | [QUESTION_ATTEMPT] {"attempt": 117, "max_questions": 300, "question_idx": 1704, "uid": "3e261551-3dd1-4974-a3ea-087c8b0bca43"}
2026-03-31 17:33:18 | INFO     | [QUESTION_SENT] {"question_idx": 1705, "uid": "436196d2-78ef-4633-9356-76068d02a4c5"}
2026-03-31 17:33:48 | INFO     | [QUESTION_ATTEMPT] {"attempt": 118, "max_questions": 300, "question_idx": 1705, "uid": "436196d2-78ef-4633-9356-76068d02a4c5"}
2026-03-31 17:36:55 | INFO     | [QUESTION_SENT] {"question_idx": 1706, "uid": "80bd3c42-001f-4cec-b7b3-7033e6ce81d2"}
2026-03-31 17:38:20 | INFO     | [BOT_STOP] {"bot_id": 11, "total_questions": 118}
