2026-03-24 09:57:41 | INFO     | [BOT_START] {"bot_id": 12, "project": "hypos_norm", "timestamp": "2026-03-24T09:57:41.222504", "log_dir": "/home/dmitrii/Documents/projects/clicker_3.0/logs/bot_12"}
2026-03-24 09:57:47 | INFO     | [RESTART] {"bot_id": 12, "note": "first_start"}
2026-03-24 09:57:47 | INFO     | [FSM_INITIALIZED] {"site": "gpt", "scenario": "web_search", "start_state": "start_question"}
2026-03-24 09:58:39 | INFO     | [QUESTION_SENT] {"question_idx": 2051, "uid": "cce63e12-046b-4ad8-abda-1633a8adcfc3"}
2026-03-24 09:59:23 | INFO     | [QUESTION_ATTEMPT] {"attempt": 1, "max_questions": 50, "question_idx": 2051, "uid": "cce63e12-046b-4ad8-abda-1633a8adcfc3"}
2026-03-24 09:59:52 | INFO     | [QUESTION_SENT] {"question_idx": 2052, "uid": "d2f35006-7c64-4cd8-afb1-08e2e9e97796"}
2026-03-24 10:01:00 | INFO     | [QUESTION_SENT] {"question_idx": 2052, "uid": "d2f35006-7c64-4cd8-afb1-08e2e9e97796"}
2026-03-24 10:01:45 | INFO     | [QUESTION_ATTEMPT] {"attempt": 2, "max_questions": 50, "question_idx": 2052, "uid": "d2f35006-7c64-4cd8-afb1-08e2e9e97796"}
2026-03-24 10:02:13 | INFO     | [QUESTION_SENT] {"question_idx": 2053, "uid": "d760a952-0bfe-48d3-9872-e4933c57b115"}
2026-03-24 10:02:58 | INFO     | [QUESTION_ATTEMPT] {"attempt": 3, "max_questions": 50, "question_idx": 2053, "uid": "d760a952-0bfe-48d3-9872-e4933c57b115"}
2026-03-24 10:03:27 | INFO     | [QUESTION_SENT] {"question_idx": 2054, "uid": "f11926bf-6458-4b6a-84e8-e5c4997f39ae"}
2026-03-24 10:04:11 | INFO     | [QUESTION_ATTEMPT] {"attempt": 4, "max_questions": 50, "question_idx": 2054, "uid": "f11926bf-6458-4b6a-84e8-e5c4997f39ae"}
2026-03-24 10:04:40 | INFO     | [QUESTION_SENT] {"question_idx": 2055, "uid": "15b81811-59e8-43a7-9da3-346a45030b68"}
2026-03-24 10:05:22 | INFO     | [QUESTION_ATTEMPT] {"attempt": 5, "max_questions": 50, "question_idx": 2055, "uid": "15b81811-59e8-43a7-9da3-346a45030b68"}
2026-03-24 10:05:51 | INFO     | [QUESTION_SENT] {"question_idx": 2056, "uid": "54c6a01f-4e69-48ed-8047-10471ac11f41"}
2026-03-24 10:06:39 | INFO     | [QUESTION_ATTEMPT] {"attempt": 6, "max_questions": 50, "question_idx": 2056, "uid": "54c6a01f-4e69-48ed-8047-10471ac11f41"}
2026-03-24 10:07:07 | INFO     | [QUESTION_SENT] {"question_idx": 2057, "uid": "5d6d6a94-3d9e-4838-8940-c51e2dc14f37"}
2026-03-24 10:07:49 | INFO     | [QUESTION_ATTEMPT] {"attempt": 7, "max_questions": 50, "question_idx": 2057, "uid": "5d6d6a94-3d9e-4838-8940-c51e2dc14f37"}
2026-03-24 10:08:18 | INFO     | [QUESTION_SENT] {"question_idx": 2058, "uid": "c36d3c0d-a4ea-48b0-a610-14b5cfca3e85"}
2026-03-24 10:09:00 | INFO     | [QUESTION_ATTEMPT] {"attempt": 8, "max_questions": 50, "question_idx": 2058, "uid": "c36d3c0d-a4ea-48b0-a610-14b5cfca3e85"}
2026-03-24 10:09:28 | INFO     | [QUESTION_SENT] {"question_idx": 2059, "uid": "812399e9-e4b3-4268-bdde-da83331731eb"}
2026-03-24 10:10:06 | INFO     | [QUESTION_ATTEMPT] {"attempt": 9, "max_questions": 50, "question_idx": 2059, "uid": "812399e9-e4b3-4268-bdde-da83331731eb"}
2026-03-24 10:10:47 | INFO     | [QUESTION_SENT] {"question_idx": 2060, "uid": "9b647d96-2615-4dbb-a02d-419f5235f126"}
2026-03-24 10:11:32 | INFO     | [QUESTION_ATTEMPT] {"attempt": 10, "max_questions": 50, "question_idx": 2060, "uid": "9b647d96-2615-4dbb-a02d-419f5235f126"}
2026-03-24 10:12:00 | INFO     | [QUESTION_SENT] {"question_idx": 2061, "uid": "0caa4138-0f95-42bd-82de-74c66252bfd7"}
2026-03-24 10:12:42 | INFO     | [QUESTION_ATTEMPT] {"attempt": 11, "max_questions": 50, "question_idx": 2061, "uid": "0caa4138-0f95-42bd-82de-74c66252bfd7"}
2026-03-24 10:13:11 | INFO     | [QUESTION_SENT] {"question_idx": 2062, "uid": "3b9318dd-c6b0-44e0-b600-616abf394850"}
2026-03-24 10:13:54 | INFO     | [QUESTION_ATTEMPT] {"attempt": 12, "max_questions": 50, "question_idx": 2062, "uid": "3b9318dd-c6b0-44e0-b600-616abf394850"}
2026-03-24 10:16:27 | INFO     | [QUESTION_SENT] {"question_idx": 2063, "uid": "66ec87a7-1de3-4c02-8bb1-820f85247c7e"}
2026-03-24 10:17:11 | INFO     | [QUESTION_ATTEMPT] {"attempt": 13, "max_questions": 50, "question_idx": 2063, "uid": "66ec87a7-1de3-4c02-8bb1-820f85247c7e"}
2026-03-24 10:17:40 | INFO     | [QUESTION_SENT] {"question_idx": 2064, "uid": "201a55e6-9d87-4395-92d4-a1c1ed196dab"}
2026-03-24 10:18:22 | INFO     | [QUESTION_ATTEMPT] {"attempt": 14, "max_questions": 50, "question_idx": 2064, "uid": "201a55e6-9d87-4395-92d4-a1c1ed196dab"}
2026-03-24 10:18:51 | INFO     | [QUESTION_SENT] {"question_idx": 2065, "uid": "8e9d56ee-9ba6-46ca-be31-c3c44b67be69"}
2026-03-24 10:19:31 | INFO     | [QUESTION_ATTEMPT] {"attempt": 15, "max_questions": 50, "question_idx": 2065, "uid": "8e9d56ee-9ba6-46ca-be31-c3c44b67be69"}
2026-03-24 10:20:00 | INFO     | [QUESTION_SENT] {"question_idx": 2066, "uid": "dcaf3fe2-1550-4a87-8724-f296c861e14c"}
2026-03-24 10:20:44 | INFO     | [QUESTION_ATTEMPT] {"attempt": 16, "max_questions": 50, "question_idx": 2066, "uid": "dcaf3fe2-1550-4a87-8724-f296c861e14c"}
2026-03-24 10:21:12 | INFO     | [QUESTION_SENT] {"question_idx": 2067, "uid": "71f8b4c2-9614-4da6-b9a7-28291f7ed9fb"}
2026-03-24 10:21:53 | INFO     | [QUESTION_ATTEMPT] {"attempt": 17, "max_questions": 50, "question_idx": 2067, "uid": "71f8b4c2-9614-4da6-b9a7-28291f7ed9fb"}
2026-03-24 10:22:22 | INFO     | [QUESTION_SENT] {"question_idx": 2068, "uid": "9834cc2d-78c6-4f58-8c74-88e7faf36b61"}
2026-03-24 10:23:02 | INFO     | [QUESTION_ATTEMPT] {"attempt": 18, "max_questions": 50, "question_idx": 2068, "uid": "9834cc2d-78c6-4f58-8c74-88e7faf36b61"}
2026-03-24 10:23:31 | INFO     | [QUESTION_SENT] {"question_idx": 2069, "uid": "ce241d89-90e9-45c2-844e-70251dc300d6"}
2026-03-24 10:24:19 | INFO     | [QUESTION_ATTEMPT] {"attempt": 19, "max_questions": 50, "question_idx": 2069, "uid": "ce241d89-90e9-45c2-844e-70251dc300d6"}
2026-03-24 10:24:48 | INFO     | [QUESTION_SENT] {"question_idx": 2070, "uid": "03975246-851e-4074-bd01-abf90172898f"}
2026-03-24 10:25:32 | INFO     | [QUESTION_ATTEMPT] {"attempt": 20, "max_questions": 50, "question_idx": 2070, "uid": "03975246-851e-4074-bd01-abf90172898f"}
2026-03-24 10:26:01 | INFO     | [QUESTION_SENT] {"question_idx": 2071, "uid": "0ed3a71b-e58b-459a-966c-6653e9e6b749"}
2026-03-24 10:26:47 | INFO     | [QUESTION_ATTEMPT] {"attempt": 21, "max_questions": 50, "question_idx": 2071, "uid": "0ed3a71b-e58b-459a-966c-6653e9e6b749"}
2026-03-24 10:27:16 | INFO     | [QUESTION_SENT] {"question_idx": 2072, "uid": "d8c7380b-0123-448e-b196-304b3fb50d4a"}
2026-03-24 10:28:34 | INFO     | [QUESTION_SENT] {"question_idx": 2072, "uid": "d8c7380b-0123-448e-b196-304b3fb50d4a"}
2026-03-24 10:29:21 | INFO     | [QUESTION_ATTEMPT] {"attempt": 22, "max_questions": 50, "question_idx": 2072, "uid": "d8c7380b-0123-448e-b196-304b3fb50d4a"}
2026-03-24 10:29:49 | INFO     | [QUESTION_SENT] {"question_idx": 2073, "uid": "f15ac741-6342-4da7-b333-94aac1543880"}
2026-03-24 10:30:30 | INFO     | [QUESTION_ATTEMPT] {"attempt": 23, "max_questions": 50, "question_idx": 2073, "uid": "f15ac741-6342-4da7-b333-94aac1543880"}
2026-03-24 10:30:59 | INFO     | [QUESTION_SENT] {"question_idx": 2074, "uid": "a443b570-c74a-487d-ae29-18cd060ad9fd"}
2026-03-24 10:31:45 | INFO     | [QUESTION_ATTEMPT] {"attempt": 24, "max_questions": 50, "question_idx": 2074, "uid": "a443b570-c74a-487d-ae29-18cd060ad9fd"}
2026-03-24 10:32:14 | INFO     | [QUESTION_SENT] {"question_idx": 2075, "uid": "4bff0875-9bd1-4438-88b8-0480bada4787"}
2026-03-24 10:32:57 | INFO     | [QUESTION_ATTEMPT] {"attempt": 25, "max_questions": 50, "question_idx": 2075, "uid": "4bff0875-9bd1-4438-88b8-0480bada4787"}
2026-03-24 10:33:26 | INFO     | [QUESTION_SENT] {"question_idx": 2076, "uid": "c75e11a6-46eb-4d5c-a1fe-4fd43ae5f381"}
2026-03-24 10:34:07 | INFO     | [QUESTION_ATTEMPT] {"attempt": 26, "max_questions": 50, "question_idx": 2076, "uid": "c75e11a6-46eb-4d5c-a1fe-4fd43ae5f381"}
2026-03-24 10:34:36 | INFO     | [QUESTION_SENT] {"question_idx": 2077, "uid": "268cdf09-3477-40a1-bb54-768754b3e293"}
2026-03-24 10:35:15 | INFO     | [QUESTION_ATTEMPT] {"attempt": 27, "max_questions": 50, "question_idx": 2077, "uid": "268cdf09-3477-40a1-bb54-768754b3e293"}
2026-03-24 10:35:44 | INFO     | [QUESTION_SENT] {"question_idx": 2078, "uid": "53705bfd-2274-49a1-b8f4-88bb98f5d82d"}
2026-03-24 10:36:30 | INFO     | [QUESTION_ATTEMPT] {"attempt": 28, "max_questions": 50, "question_idx": 2078, "uid": "53705bfd-2274-49a1-b8f4-88bb98f5d82d"}
2026-03-24 10:36:59 | INFO     | [QUESTION_SENT] {"question_idx": 2079, "uid": "4a3ced34-2936-495e-8e89-ed43b10438c3"}
2026-03-24 10:37:43 | INFO     | [QUESTION_ATTEMPT] {"attempt": 29, "max_questions": 50, "question_idx": 2079, "uid": "4a3ced34-2936-495e-8e89-ed43b10438c3"}
2026-03-24 10:38:12 | INFO     | [QUESTION_SENT] {"question_idx": 2080, "uid": "8b1fa84b-dc11-434d-a78b-41c1734fd421"}
2026-03-24 10:38:52 | INFO     | [QUESTION_ATTEMPT] {"attempt": 30, "max_questions": 50, "question_idx": 2080, "uid": "8b1fa84b-dc11-434d-a78b-41c1734fd421"}
2026-03-24 10:38:53 | INFO     | [BOT_STOP] {"bot_id": 12, "total_questions": 30}
