2026-03-25 13:15:50 | INFO     | [BOT_START] {"bot_id": 12, "project": "hypos_norm", "timestamp": "2026-03-25T13:15:50.743417", "log_dir": "/home/dmitrii/Documents/projects/clicker_3.0/logs/bot_12"}
2026-03-25 13:15:56 | INFO     | [RESTART] {"bot_id": 12, "note": "first_start"}
2026-03-25 13:15:56 | INFO     | [FSM_INITIALIZED] {"site": "gpt", "scenario": "web_search", "start_state": "start_question"}
2026-03-25 13:16:31 | INFO     | [QUESTION_SENT] {"question_idx": 1731, "uid": "bddf2845-2a4f-40de-b635-bbdc0c844e7e"}
2026-03-25 13:17:17 | INFO     | [QUESTION_ATTEMPT] {"attempt": 1, "max_questions": 50, "question_idx": 1731, "uid": "bddf2845-2a4f-40de-b635-bbdc0c844e7e"}
2026-03-25 13:17:48 | INFO     | [QUESTION_SENT] {"question_idx": 1732, "uid": "af63be0d-d522-49da-a598-62a8ac3384d1"}
2026-03-25 13:18:31 | INFO     | [QUESTION_ATTEMPT] {"attempt": 2, "max_questions": 50, "question_idx": 1732, "uid": "af63be0d-d522-49da-a598-62a8ac3384d1"}
2026-03-25 13:19:02 | INFO     | [QUESTION_SENT] {"question_idx": 1733, "uid": "8e23ebe4-dee3-48d7-972a-1211d2498674"}
2026-03-25 13:19:48 | INFO     | [QUESTION_ATTEMPT] {"attempt": 3, "max_questions": 50, "question_idx": 1733, "uid": "8e23ebe4-dee3-48d7-972a-1211d2498674"}
2026-03-25 13:20:19 | INFO     | [QUESTION_SENT] {"question_idx": 1734, "uid": "2f7bc768-9a61-49bf-96b1-610d83872e31"}
2026-03-25 13:21:00 | INFO     | [QUESTION_ATTEMPT] {"attempt": 4, "max_questions": 50, "question_idx": 1734, "uid": "2f7bc768-9a61-49bf-96b1-610d83872e31"}
2026-03-25 13:21:44 | INFO     | [QUESTION_SENT] {"question_idx": 1735, "uid": "244c7719-36fb-490e-bb4b-30b3ebe25af1"}
2026-03-25 13:22:30 | INFO     | [QUESTION_ATTEMPT] {"attempt": 5, "max_questions": 50, "question_idx": 1735, "uid": "244c7719-36fb-490e-bb4b-30b3ebe25af1"}
2026-03-25 13:23:01 | INFO     | [QUESTION_SENT] {"question_idx": 1736, "uid": "5d0d9bea-149e-476f-898e-07894db6c4df"}
2026-03-25 13:23:46 | INFO     | [QUESTION_ATTEMPT] {"attempt": 6, "max_questions": 50, "question_idx": 1736, "uid": "5d0d9bea-149e-476f-898e-07894db6c4df"}
2026-03-25 13:24:17 | INFO     | [QUESTION_SENT] {"question_idx": 1737, "uid": "091a18e5-8b27-4dce-b53c-fec7998440c5"}
2026-03-25 13:25:42 | INFO     | [QUESTION_SENT] {"question_idx": 1737, "uid": "091a18e5-8b27-4dce-b53c-fec7998440c5"}
2026-03-25 13:26:28 | INFO     | [QUESTION_ATTEMPT] {"attempt": 7, "max_questions": 50, "question_idx": 1737, "uid": "091a18e5-8b27-4dce-b53c-fec7998440c5"}
2026-03-25 13:26:41 | INFO     | [QUESTION_SENT] {"question_idx": 1737, "uid": "091a18e5-8b27-4dce-b53c-fec7998440c5"}
2026-03-25 13:27:14 | INFO     | [QUESTION_ATTEMPT] {"attempt": 8, "max_questions": 50, "question_idx": 1737, "uid": "091a18e5-8b27-4dce-b53c-fec7998440c5"}
2026-03-25 13:28:08 | INFO     | [QUESTION_SENT] {"question_idx": 1738, "uid": "6ac387a9-8eb9-4f51-9b35-93029b23a967"}
2026-03-25 13:28:53 | INFO     | [QUESTION_ATTEMPT] {"attempt": 9, "max_questions": 50, "question_idx": 1738, "uid": "6ac387a9-8eb9-4f51-9b35-93029b23a967"}
2026-03-25 13:29:05 | INFO     | [QUESTION_SENT] {"question_idx": 1738, "uid": "6ac387a9-8eb9-4f51-9b35-93029b23a967"}
2026-03-25 13:29:37 | INFO     | [QUESTION_ATTEMPT] {"attempt": 10, "max_questions": 50, "question_idx": 1738, "uid": "6ac387a9-8eb9-4f51-9b35-93029b23a967"}
2026-03-25 13:57:28 | INFO     | [QUESTION_SENT] {"question_idx": 1739, "uid": "95a24cdc-d056-44ca-9d03-b45872cc6dcf"}
2026-03-25 13:58:01 | INFO     | [QUESTION_ATTEMPT] {"attempt": 11, "max_questions": 50, "question_idx": 1739, "uid": "95a24cdc-d056-44ca-9d03-b45872cc6dcf"}
2026-03-25 13:58:14 | INFO     | [QUESTION_SENT] {"question_idx": 1739, "uid": "95a24cdc-d056-44ca-9d03-b45872cc6dcf"}
2026-03-25 13:58:48 | INFO     | [QUESTION_ATTEMPT] {"attempt": 12, "max_questions": 50, "question_idx": 1739, "uid": "95a24cdc-d056-44ca-9d03-b45872cc6dcf"}
2026-03-25 13:59:00 | INFO     | [QUESTION_SENT] {"question_idx": 1739, "uid": "95a24cdc-d056-44ca-9d03-b45872cc6dcf"}
2026-03-25 13:59:31 | INFO     | [QUESTION_ATTEMPT] {"attempt": 13, "max_questions": 50, "question_idx": 1739, "uid": "95a24cdc-d056-44ca-9d03-b45872cc6dcf"}
2026-03-25 14:00:28 | INFO     | [QUESTION_SENT] {"question_idx": 1740, "uid": "ca8f5f28-8724-4a56-a728-4dd99123e5a2"}
2026-03-25 14:01:16 | INFO     | [QUESTION_ATTEMPT] {"attempt": 14, "max_questions": 50, "question_idx": 1740, "uid": "ca8f5f28-8724-4a56-a728-4dd99123e5a2"}
2026-03-25 14:01:47 | INFO     | [QUESTION_SENT] {"question_idx": 1741, "uid": "269d2860-ba5d-419f-8ffa-2ffb0fb04f6c"}
2026-03-25 14:02:34 | INFO     | [QUESTION_ATTEMPT] {"attempt": 15, "max_questions": 50, "question_idx": 1741, "uid": "269d2860-ba5d-419f-8ffa-2ffb0fb04f6c"}
2026-03-25 14:03:06 | INFO     | [QUESTION_SENT] {"question_idx": 1742, "uid": "695e19c5-6c02-429e-affa-987dfee70557"}
2026-03-25 14:03:53 | INFO     | [QUESTION_ATTEMPT] {"attempt": 16, "max_questions": 50, "question_idx": 1742, "uid": "695e19c5-6c02-429e-affa-987dfee70557"}
2026-03-25 14:04:24 | INFO     | [QUESTION_SENT] {"question_idx": 1742, "uid": "695e19c5-6c02-429e-affa-987dfee70557"}
2026-03-25 14:05:12 | INFO     | [QUESTION_ATTEMPT] {"attempt": 17, "max_questions": 50, "question_idx": 1742, "uid": "695e19c5-6c02-429e-affa-987dfee70557"}
2026-03-25 14:05:43 | INFO     | [QUESTION_SENT] {"question_idx": 1743, "uid": "238dc360-81c7-495d-97ae-8ae91770d453"}
2026-03-25 14:06:29 | INFO     | [QUESTION_ATTEMPT] {"attempt": 18, "max_questions": 50, "question_idx": 1743, "uid": "238dc360-81c7-495d-97ae-8ae91770d453"}
2026-03-25 14:07:00 | INFO     | [QUESTION_SENT] {"question_idx": 1744, "uid": "3c45c17e-df6b-48e2-8060-d9d76b6c3005"}
2026-03-25 14:07:42 | INFO     | [QUESTION_ATTEMPT] {"attempt": 19, "max_questions": 50, "question_idx": 1744, "uid": "3c45c17e-df6b-48e2-8060-d9d76b6c3005"}
2026-03-25 14:08:25 | INFO     | [QUESTION_SENT] {"question_idx": 1745, "uid": "1dec7525-752b-4dc9-a3ff-2f8562c7e018"}
2026-03-25 14:09:11 | INFO     | [QUESTION_ATTEMPT] {"attempt": 20, "max_questions": 50, "question_idx": 1745, "uid": "1dec7525-752b-4dc9-a3ff-2f8562c7e018"}
2026-03-25 14:09:42 | INFO     | [QUESTION_SENT] {"question_idx": 1746, "uid": "ba0f05d4-c531-4e55-bc20-d77691ca4742"}
2026-03-25 14:10:21 | INFO     | [QUESTION_ATTEMPT] {"attempt": 21, "max_questions": 50, "question_idx": 1746, "uid": "ba0f05d4-c531-4e55-bc20-d77691ca4742"}
2026-03-25 14:10:33 | INFO     | [QUESTION_SENT] {"question_idx": 1746, "uid": "ba0f05d4-c531-4e55-bc20-d77691ca4742"}
2026-03-25 14:11:11 | INFO     | [QUESTION_ATTEMPT] {"attempt": 22, "max_questions": 50, "question_idx": 1746, "uid": "ba0f05d4-c531-4e55-bc20-d77691ca4742"}
2026-03-25 14:12:01 | INFO     | [QUESTION_SENT] {"question_idx": 1747, "uid": "1979e3db-001a-49e4-a3ea-131b4f2e6360"}
2026-03-25 14:12:49 | INFO     | [QUESTION_ATTEMPT] {"attempt": 23, "max_questions": 50, "question_idx": 1747, "uid": "1979e3db-001a-49e4-a3ea-131b4f2e6360"}
2026-03-25 14:13:20 | INFO     | [QUESTION_SENT] {"question_idx": 1748, "uid": "3fc760b1-8cd7-486d-8d64-30a159747496"}
2026-03-25 14:14:03 | INFO     | [QUESTION_ATTEMPT] {"attempt": 24, "max_questions": 50, "question_idx": 1748, "uid": "3fc760b1-8cd7-486d-8d64-30a159747496"}
2026-03-25 14:14:34 | INFO     | [QUESTION_SENT] {"question_idx": 1749, "uid": "f0a52824-7f36-402d-8140-5f8d10c96d5e"}
2026-03-25 14:15:15 | INFO     | [QUESTION_ATTEMPT] {"attempt": 25, "max_questions": 50, "question_idx": 1749, "uid": "f0a52824-7f36-402d-8140-5f8d10c96d5e"}
2026-03-25 14:16:00 | INFO     | [QUESTION_SENT] {"question_idx": 1750, "uid": "9b388570-fbd8-4578-af5e-e512b410053d"}
2026-03-25 14:16:43 | INFO     | [QUESTION_ATTEMPT] {"attempt": 26, "max_questions": 50, "question_idx": 1750, "uid": "9b388570-fbd8-4578-af5e-e512b410053d"}
2026-03-25 14:16:44 | INFO     | [BOT_STOP] {"bot_id": 12, "total_questions": 26}
