2026-04-04 09:17:59 | INFO     | [BOT_START] {"bot_id": 12, "project": "hypos_norm", "timestamp": "2026-04-04T09:17:59.825508", "log_dir": "/home/dmitrii/Documents/projects/clicker_3.0/logs/bot_12"}
2026-04-04 09:18:06 | INFO     | [RESTART] {"bot_id": 12, "note": "first_start"}
2026-04-04 09:18:06 | INFO     | [FSM_INITIALIZED] {"site": "gpt", "scenario": "web_search", "start_state": "start_question"}
2026-04-04 09:18:54 | INFO     | [QUESTION_SENT] {"question_idx": 3401, "uid": "1680b6b9-75c9-433c-8f26-7b63b62b796c"}
2026-04-04 09:22:47 | INFO     | [QUESTION_SENT] {"question_idx": 3401, "uid": "1680b6b9-75c9-433c-8f26-7b63b62b796c"}
2026-04-04 09:23:17 | INFO     | [QUESTION_ATTEMPT] {"attempt": 1, "max_questions": 100, "question_idx": 3401, "uid": "1680b6b9-75c9-433c-8f26-7b63b62b796c"}
2026-04-04 09:26:40 | INFO     | [QUESTION_SENT] {"question_idx": 3402, "uid": "0a090004-f0ee-4c9a-b7e4-875be632e353"}
2026-04-04 09:27:10 | INFO     | [QUESTION_ATTEMPT] {"attempt": 2, "max_questions": 100, "question_idx": 3402, "uid": "0a090004-f0ee-4c9a-b7e4-875be632e353"}
2026-04-04 09:30:33 | INFO     | [QUESTION_SENT] {"question_idx": 3403, "uid": "6e189850-a6fc-441a-995b-97e01a3f685f"}
2026-04-04 09:31:03 | INFO     | [QUESTION_ATTEMPT] {"attempt": 3, "max_questions": 100, "question_idx": 3403, "uid": "6e189850-a6fc-441a-995b-97e01a3f685f"}
2026-04-04 09:34:26 | INFO     | [QUESTION_SENT] {"question_idx": 3404, "uid": "398fe9f2-5f8a-4e60-8198-c5ef7520ce49"}
2026-04-04 09:34:56 | INFO     | [QUESTION_ATTEMPT] {"attempt": 4, "max_questions": 100, "question_idx": 3404, "uid": "398fe9f2-5f8a-4e60-8198-c5ef7520ce49"}
2026-04-04 09:38:19 | INFO     | [QUESTION_SENT] {"question_idx": 3405, "uid": "60ee8ebe-aaf5-4780-888e-6a313b80712f"}
2026-04-04 09:38:48 | INFO     | [QUESTION_ATTEMPT] {"attempt": 5, "max_questions": 100, "question_idx": 3405, "uid": "60ee8ebe-aaf5-4780-888e-6a313b80712f"}
2026-04-04 09:42:12 | INFO     | [QUESTION_SENT] {"question_idx": 3406, "uid": "820b7a54-64e4-442c-9f44-622257e25fd2"}
2026-04-04 09:42:44 | INFO     | [QUESTION_ATTEMPT] {"attempt": 6, "max_questions": 100, "question_idx": 3406, "uid": "820b7a54-64e4-442c-9f44-622257e25fd2"}
2026-04-04 09:46:05 | INFO     | [QUESTION_SENT] {"question_idx": 3407, "uid": "f9cd6b46-e27e-46a1-a789-d0ede3abbf41"}
2026-04-04 09:46:35 | INFO     | [QUESTION_ATTEMPT] {"attempt": 7, "max_questions": 100, "question_idx": 3407, "uid": "f9cd6b46-e27e-46a1-a789-d0ede3abbf41"}
2026-04-04 09:49:58 | INFO     | [QUESTION_SENT] {"question_idx": 3408, "uid": "d037cd83-6708-4dbd-a924-502efc34aa08"}
2026-04-04 09:50:27 | INFO     | [QUESTION_ATTEMPT] {"attempt": 8, "max_questions": 100, "question_idx": 3408, "uid": "d037cd83-6708-4dbd-a924-502efc34aa08"}
2026-04-04 09:53:51 | INFO     | [QUESTION_SENT] {"question_idx": 3409, "uid": "2a80cd49-65cd-4ae4-a996-a744477b1666"}
2026-04-04 09:54:20 | INFO     | [QUESTION_ATTEMPT] {"attempt": 9, "max_questions": 100, "question_idx": 3409, "uid": "2a80cd49-65cd-4ae4-a996-a744477b1666"}
2026-04-04 09:57:44 | INFO     | [QUESTION_SENT] {"question_idx": 3410, "uid": "155ed05e-b7a5-43b8-89f8-669dfc56ddbf"}
2026-04-04 09:58:15 | INFO     | [QUESTION_ATTEMPT] {"attempt": 10, "max_questions": 100, "question_idx": 3410, "uid": "155ed05e-b7a5-43b8-89f8-669dfc56ddbf"}
2026-04-04 10:01:37 | INFO     | [QUESTION_SENT] {"question_idx": 3411, "uid": "89c37cca-7d9f-4dc3-917d-3a18ffafe34f"}
2026-04-04 10:02:08 | INFO     | [QUESTION_ATTEMPT] {"attempt": 11, "max_questions": 100, "question_idx": 3411, "uid": "89c37cca-7d9f-4dc3-917d-3a18ffafe34f"}
2026-04-04 10:05:30 | INFO     | [QUESTION_SENT] {"question_idx": 3412, "uid": "029fbca2-9b6f-45c4-ac9d-f9920c570796"}
2026-04-04 10:05:58 | INFO     | [QUESTION_ATTEMPT] {"attempt": 12, "max_questions": 100, "question_idx": 3412, "uid": "029fbca2-9b6f-45c4-ac9d-f9920c570796"}
2026-04-04 10:09:23 | INFO     | [QUESTION_SENT] {"question_idx": 3413, "uid": "62aaa978-38ed-4bba-a096-fef67d8a6149"}
2026-04-04 10:09:53 | INFO     | [QUESTION_ATTEMPT] {"attempt": 13, "max_questions": 100, "question_idx": 3413, "uid": "62aaa978-38ed-4bba-a096-fef67d8a6149"}
2026-04-04 10:13:16 | INFO     | [QUESTION_SENT] {"question_idx": 3414, "uid": "7a11756e-cc6e-40ba-9c0e-33a7ce55d059"}
2026-04-04 10:13:47 | INFO     | [QUESTION_ATTEMPT] {"attempt": 14, "max_questions": 100, "question_idx": 3414, "uid": "7a11756e-cc6e-40ba-9c0e-33a7ce55d059"}
2026-04-04 10:17:08 | INFO     | [QUESTION_SENT] {"question_idx": 3415, "uid": "06dec0fc-05e4-43e6-8655-b9172705abcd"}
2026-04-04 10:17:40 | INFO     | [QUESTION_ATTEMPT] {"attempt": 15, "max_questions": 100, "question_idx": 3415, "uid": "06dec0fc-05e4-43e6-8655-b9172705abcd"}
2026-04-04 10:21:01 | INFO     | [QUESTION_SENT] {"question_idx": 3416, "uid": "67b536dc-a67f-474f-a4ec-7068c47473be"}
2026-04-04 10:21:31 | INFO     | [QUESTION_ATTEMPT] {"attempt": 16, "max_questions": 100, "question_idx": 3416, "uid": "67b536dc-a67f-474f-a4ec-7068c47473be"}
2026-04-04 10:24:54 | INFO     | [QUESTION_SENT] {"question_idx": 3416, "uid": "67b536dc-a67f-474f-a4ec-7068c47473be"}
2026-04-04 10:25:20 | INFO     | [QUESTION_ATTEMPT] {"attempt": 17, "max_questions": 100, "question_idx": 3416, "uid": "67b536dc-a67f-474f-a4ec-7068c47473be"}
2026-04-04 10:28:47 | INFO     | [QUESTION_SENT] {"question_idx": 3416, "uid": "67b536dc-a67f-474f-a4ec-7068c47473be"}
2026-04-04 10:29:20 | INFO     | [QUESTION_ATTEMPT] {"attempt": 18, "max_questions": 100, "question_idx": 3416, "uid": "67b536dc-a67f-474f-a4ec-7068c47473be"}
2026-04-04 10:32:40 | INFO     | [QUESTION_SENT] {"question_idx": 3417, "uid": "be65f8ef-dfe2-4361-8617-57c2fc9fc80c"}
2026-04-04 10:33:10 | INFO     | [QUESTION_ATTEMPT] {"attempt": 19, "max_questions": 100, "question_idx": 3417, "uid": "be65f8ef-dfe2-4361-8617-57c2fc9fc80c"}
2026-04-04 10:36:33 | INFO     | [QUESTION_SENT] {"question_idx": 3418, "uid": "f3f896b1-072e-44af-8138-7941c95e8610"}
2026-04-04 10:37:05 | INFO     | [QUESTION_ATTEMPT] {"attempt": 20, "max_questions": 100, "question_idx": 3418, "uid": "f3f896b1-072e-44af-8138-7941c95e8610"}
2026-04-04 10:40:26 | INFO     | [QUESTION_SENT] {"question_idx": 3419, "uid": "17eda86c-8722-4a9e-824a-1d28cc6693c5"}
2026-04-04 10:40:59 | INFO     | [QUESTION_ATTEMPT] {"attempt": 21, "max_questions": 100, "question_idx": 3419, "uid": "17eda86c-8722-4a9e-824a-1d28cc6693c5"}
2026-04-04 10:44:19 | INFO     | [QUESTION_SENT] {"question_idx": 3420, "uid": "7ae6e7c0-e0a0-41df-ae11-85e3b7b9d3ba"}
2026-04-04 10:44:49 | INFO     | [QUESTION_ATTEMPT] {"attempt": 22, "max_questions": 100, "question_idx": 3420, "uid": "7ae6e7c0-e0a0-41df-ae11-85e3b7b9d3ba"}
2026-04-04 10:48:11 | INFO     | [QUESTION_SENT] {"question_idx": 3421, "uid": "fcd9e36d-b87f-479b-8c3b-20c5dfcf8864"}
2026-04-04 10:48:44 | INFO     | [QUESTION_ATTEMPT] {"attempt": 23, "max_questions": 100, "question_idx": 3421, "uid": "fcd9e36d-b87f-479b-8c3b-20c5dfcf8864"}
2026-04-04 10:52:04 | INFO     | [QUESTION_SENT] {"question_idx": 3422, "uid": "b0f522e6-9fae-43af-af18-ccb701cc14de"}
2026-04-04 10:52:34 | INFO     | [QUESTION_ATTEMPT] {"attempt": 24, "max_questions": 100, "question_idx": 3422, "uid": "b0f522e6-9fae-43af-af18-ccb701cc14de"}
2026-04-04 10:55:57 | INFO     | [QUESTION_SENT] {"question_idx": 3423, "uid": "c7fecebd-29c6-4d27-9cdc-df6ab0334586"}
2026-04-04 10:56:29 | INFO     | [QUESTION_ATTEMPT] {"attempt": 25, "max_questions": 100, "question_idx": 3423, "uid": "c7fecebd-29c6-4d27-9cdc-df6ab0334586"}
2026-04-04 10:59:50 | INFO     | [QUESTION_SENT] {"question_idx": 3424, "uid": "293715f7-286e-409e-8619-e1f647809360"}
2026-04-04 11:00:20 | INFO     | [QUESTION_ATTEMPT] {"attempt": 26, "max_questions": 100, "question_idx": 3424, "uid": "293715f7-286e-409e-8619-e1f647809360"}
2026-04-04 11:03:43 | INFO     | [QUESTION_SENT] {"question_idx": 3425, "uid": "7f02b38b-15c0-4058-ba8e-d86bf582d634"}
2026-04-04 11:04:13 | INFO     | [QUESTION_ATTEMPT] {"attempt": 27, "max_questions": 100, "question_idx": 3425, "uid": "7f02b38b-15c0-4058-ba8e-d86bf582d634"}
2026-04-04 11:07:36 | INFO     | [QUESTION_SENT] {"question_idx": 3426, "uid": "15372f70-58de-4e5a-a96b-7388c251c9cd"}
2026-04-04 11:08:06 | INFO     | [QUESTION_ATTEMPT] {"attempt": 28, "max_questions": 100, "question_idx": 3426, "uid": "15372f70-58de-4e5a-a96b-7388c251c9cd"}
2026-04-04 11:11:29 | INFO     | [QUESTION_SENT] {"question_idx": 3427, "uid": "2905b4fc-8f05-4337-b434-5b7a42c59db1"}
2026-04-04 11:11:59 | INFO     | [QUESTION_ATTEMPT] {"attempt": 29, "max_questions": 100, "question_idx": 3427, "uid": "2905b4fc-8f05-4337-b434-5b7a42c59db1"}
2026-04-04 11:15:22 | INFO     | [QUESTION_SENT] {"question_idx": 3427, "uid": "2905b4fc-8f05-4337-b434-5b7a42c59db1"}
2026-04-04 11:15:53 | INFO     | [QUESTION_ATTEMPT] {"attempt": 30, "max_questions": 100, "question_idx": 3427, "uid": "2905b4fc-8f05-4337-b434-5b7a42c59db1"}
2026-04-04 11:19:14 | INFO     | [QUESTION_SENT] {"question_idx": 3428, "uid": "bee0badc-55bb-40cd-b0e8-d4235c9427ec"}
2026-04-04 11:19:47 | INFO     | [QUESTION_ATTEMPT] {"attempt": 31, "max_questions": 100, "question_idx": 3428, "uid": "bee0badc-55bb-40cd-b0e8-d4235c9427ec"}
2026-04-04 11:23:07 | INFO     | [QUESTION_SENT] {"question_idx": 3429, "uid": "723d1444-a19a-44aa-ba25-dfabdcddad0f"}
2026-04-04 11:23:39 | INFO     | [QUESTION_ATTEMPT] {"attempt": 32, "max_questions": 100, "question_idx": 3429, "uid": "723d1444-a19a-44aa-ba25-dfabdcddad0f"}
2026-04-04 11:23:51 | INFO     | [QUESTION_SENT] {"question_idx": 3429, "uid": "723d1444-a19a-44aa-ba25-dfabdcddad0f"}
2026-04-04 11:24:12 | INFO     | [QUESTION_ATTEMPT] {"attempt": 33, "max_questions": 100, "question_idx": 3429, "uid": "723d1444-a19a-44aa-ba25-dfabdcddad0f"}
2026-04-04 11:26:44 | INFO     | [QUESTION_SENT] {"question_idx": 3429, "uid": "723d1444-a19a-44aa-ba25-dfabdcddad0f"}
2026-04-04 11:27:15 | INFO     | [QUESTION_ATTEMPT] {"attempt": 34, "max_questions": 100, "question_idx": 3429, "uid": "723d1444-a19a-44aa-ba25-dfabdcddad0f"}
2026-04-04 11:27:27 | INFO     | [QUESTION_SENT] {"question_idx": 3429, "uid": "723d1444-a19a-44aa-ba25-dfabdcddad0f"}
2026-04-04 11:27:49 | INFO     | [QUESTION_ATTEMPT] {"attempt": 35, "max_questions": 100, "question_idx": 3429, "uid": "723d1444-a19a-44aa-ba25-dfabdcddad0f"}
2026-04-04 11:31:23 | INFO     | [QUESTION_SENT] {"question_idx": 3430, "uid": "b03b6af3-8867-4981-80d0-b7b2f4402f66"}
2026-04-04 11:31:53 | INFO     | [QUESTION_ATTEMPT] {"attempt": 36, "max_questions": 100, "question_idx": 3430, "uid": "b03b6af3-8867-4981-80d0-b7b2f4402f66"}
2026-04-04 11:31:54 | INFO     | [BOT_STOP] {"bot_id": 12, "total_questions": 36}
2026-04-04 17:29:11 | INFO     | [BOT_START] {"bot_id": 12, "project": "hypos_norm", "timestamp": "2026-04-04T17:29:11.520187", "log_dir": "/home/dmitrii/Documents/projects/clicker_3.0/logs/bot_12"}
2026-04-04 17:29:17 | INFO     | [RESTART] {"bot_id": 12, "note": "first_start"}
2026-04-04 17:29:17 | INFO     | [FSM_INITIALIZED] {"site": "gpt", "scenario": "web_search", "start_state": "start_question"}
2026-04-04 17:29:47 | INFO     | [BOT_STOP] {"bot_id": 12, "total_questions": 0}
2026-04-04 17:29:53 | INFO     | [BOT_START] {"bot_id": 12, "project": "hypos_norm", "timestamp": "2026-04-04T17:29:53.267675", "log_dir": "/home/dmitrii/Documents/projects/clicker_3.0/logs/bot_12"}
2026-04-04 17:29:59 | INFO     | [RESTART] {"bot_id": 12, "note": "first_start"}
2026-04-04 17:29:59 | INFO     | [FSM_INITIALIZED] {"site": "gpt", "scenario": "web_search", "start_state": "start_question"}
2026-04-04 17:30:42 | INFO     | [QUESTION_SENT] {"question_idx": 3250, "uid": "32debbf1-3f88-4f9d-81b4-bc94e01c65f1"}
2026-04-04 17:31:13 | INFO     | [QUESTION_ATTEMPT] {"attempt": 1, "max_questions": 100, "question_idx": 3250, "uid": "32debbf1-3f88-4f9d-81b4-bc94e01c65f1"}
2026-04-04 17:31:14 | INFO     | [BOT_STOP] {"bot_id": 12, "total_questions": 1}
2026-04-04 19:47:14 | INFO     | [BOT_START] {"bot_id": 12, "project": "hypos_norm", "timestamp": "2026-04-04T19:47:14.218604", "log_dir": "/home/dmitrii/Documents/projects/clicker_3.0/logs/bot_12"}
