2026-04-06 08:43:35 | INFO     | [BOT_START] {"bot_id": 12, "project": "hypos_norm", "timestamp": "2026-04-06T08:43:35.416975", "log_dir": "/home/dmitrii/Documents/projects/clicker_3.0/logs/bot_12"}
2026-04-06 08:43:45 | INFO     | [RESTART] {"bot_id": 12, "note": "first_start"}
2026-04-06 08:43:45 | INFO     | [FSM_INITIALIZED] {"site": "gpt", "scenario": "web_search", "start_state": "start_question"}
2026-04-06 08:44:44 | INFO     | [QUESTION_SENT] {"question_idx": 1601, "uid": "298856ff-0d18-49e1-8814-a09ed07b9440"}
2026-04-06 08:45:16 | INFO     | [QUESTION_ATTEMPT] {"attempt": 1, "max_questions": 50, "question_idx": 1601, "uid": "298856ff-0d18-49e1-8814-a09ed07b9440"}
2026-04-06 08:48:37 | INFO     | [QUESTION_SENT] {"question_idx": 1602, "uid": "ad89a217-e4d2-4887-81ad-5c4066318ed8"}
2026-04-06 08:49:07 | INFO     | [QUESTION_ATTEMPT] {"attempt": 2, "max_questions": 50, "question_idx": 1602, "uid": "ad89a217-e4d2-4887-81ad-5c4066318ed8"}
2026-04-06 08:52:30 | INFO     | [QUESTION_SENT] {"question_idx": 1603, "uid": "f337d363-67f8-4b64-bbbc-c1cf5b564a8b"}
2026-04-06 08:53:02 | INFO     | [QUESTION_ATTEMPT] {"attempt": 3, "max_questions": 50, "question_idx": 1603, "uid": "f337d363-67f8-4b64-bbbc-c1cf5b564a8b"}
2026-04-06 08:56:23 | INFO     | [QUESTION_SENT] {"question_idx": 1604, "uid": "c4796f12-af15-4bc2-90cc-d7adc264c78f"}
2026-04-06 08:56:55 | INFO     | [QUESTION_ATTEMPT] {"attempt": 4, "max_questions": 50, "question_idx": 1604, "uid": "c4796f12-af15-4bc2-90cc-d7adc264c78f"}
2026-04-06 09:00:16 | INFO     | [QUESTION_SENT] {"question_idx": 1605, "uid": "a183b65f-1513-44d3-bf3c-8ec97cddd91a"}
2026-04-06 09:00:48 | INFO     | [QUESTION_ATTEMPT] {"attempt": 5, "max_questions": 50, "question_idx": 1605, "uid": "a183b65f-1513-44d3-bf3c-8ec97cddd91a"}
2026-04-06 09:04:09 | INFO     | [QUESTION_SENT] {"question_idx": 1606, "uid": "b7b8f8c7-bb01-431b-b2df-e017ad0c22c3"}
2026-04-06 09:08:02 | INFO     | [QUESTION_SENT] {"question_idx": 1606, "uid": "b7b8f8c7-bb01-431b-b2df-e017ad0c22c3"}
2026-04-06 09:08:40 | INFO     | [QUESTION_ATTEMPT] {"attempt": 6, "max_questions": 50, "question_idx": 1606, "uid": "b7b8f8c7-bb01-431b-b2df-e017ad0c22c3"}
2026-04-06 09:08:52 | INFO     | [QUESTION_SENT] {"question_idx": 1606, "uid": "b7b8f8c7-bb01-431b-b2df-e017ad0c22c3"}
2026-04-06 09:12:48 | INFO     | [QUESTION_SENT] {"question_idx": 1606, "uid": "b7b8f8c7-bb01-431b-b2df-e017ad0c22c3"}
2026-04-06 09:13:22 | INFO     | [QUESTION_ATTEMPT] {"attempt": 7, "max_questions": 50, "question_idx": 1606, "uid": "b7b8f8c7-bb01-431b-b2df-e017ad0c22c3"}
2026-04-06 09:16:42 | INFO     | [QUESTION_SENT] {"question_idx": 1607, "uid": "498fbf9e-d16b-47ab-8907-a12e4f760b45"}
2026-04-06 09:17:12 | INFO     | [QUESTION_ATTEMPT] {"attempt": 8, "max_questions": 50, "question_idx": 1607, "uid": "498fbf9e-d16b-47ab-8907-a12e4f760b45"}
2026-04-06 09:20:35 | INFO     | [QUESTION_SENT] {"question_idx": 1608, "uid": "6a801eae-9314-4635-b5ac-504a85b8bc96"}
2026-04-06 09:21:10 | INFO     | [QUESTION_ATTEMPT] {"attempt": 9, "max_questions": 50, "question_idx": 1608, "uid": "6a801eae-9314-4635-b5ac-504a85b8bc96"}
2026-04-06 09:24:28 | INFO     | [QUESTION_SENT] {"question_idx": 1609, "uid": "16d9dab8-fd7a-4d9a-9e07-43d748762b17"}
2026-04-06 09:24:59 | INFO     | [QUESTION_ATTEMPT] {"attempt": 10, "max_questions": 50, "question_idx": 1609, "uid": "16d9dab8-fd7a-4d9a-9e07-43d748762b17"}
2026-04-06 09:25:11 | INFO     | [QUESTION_SENT] {"question_idx": 1609, "uid": "16d9dab8-fd7a-4d9a-9e07-43d748762b17"}
2026-04-06 09:25:28 | INFO     | [QUESTION_ATTEMPT] {"attempt": 11, "max_questions": 50, "question_idx": 1609, "uid": "16d9dab8-fd7a-4d9a-9e07-43d748762b17"}
2026-04-06 09:28:03 | INFO     | [QUESTION_SENT] {"question_idx": 1609, "uid": "16d9dab8-fd7a-4d9a-9e07-43d748762b17"}
2026-04-06 09:28:39 | INFO     | [QUESTION_ATTEMPT] {"attempt": 12, "max_questions": 50, "question_idx": 1609, "uid": "16d9dab8-fd7a-4d9a-9e07-43d748762b17"}
2026-04-06 09:28:53 | INFO     | [QUESTION_SENT] {"question_idx": 1609, "uid": "16d9dab8-fd7a-4d9a-9e07-43d748762b17"}
2026-04-06 09:32:49 | INFO     | [QUESTION_SENT] {"question_idx": 1609, "uid": "16d9dab8-fd7a-4d9a-9e07-43d748762b17"}
2026-04-06 09:36:44 | INFO     | [QUESTION_SENT] {"question_idx": 1609, "uid": "16d9dab8-fd7a-4d9a-9e07-43d748762b17"}
2026-04-06 09:37:20 | INFO     | [QUESTION_ATTEMPT] {"attempt": 13, "max_questions": 50, "question_idx": 1609, "uid": "16d9dab8-fd7a-4d9a-9e07-43d748762b17"}
2026-04-06 09:40:39 | INFO     | [QUESTION_SENT] {"question_idx": 1610, "uid": "ff5577ae-5de1-40c9-b337-c3815db98cfe"}
2026-04-06 09:41:20 | INFO     | [QUESTION_ATTEMPT] {"attempt": 14, "max_questions": 50, "question_idx": 1610, "uid": "ff5577ae-5de1-40c9-b337-c3815db98cfe"}
2026-04-06 09:44:33 | INFO     | [QUESTION_SENT] {"question_idx": 1611, "uid": "75120260-d87a-42a8-b69e-358fdc64d695"}
2026-04-06 09:45:07 | INFO     | [QUESTION_ATTEMPT] {"attempt": 15, "max_questions": 50, "question_idx": 1611, "uid": "75120260-d87a-42a8-b69e-358fdc64d695"}
2026-04-06 09:48:28 | INFO     | [QUESTION_SENT] {"question_idx": 1612, "uid": "2f85a2e9-b36c-4544-85d0-c1c0d9baedd5"}
2026-04-06 09:49:05 | INFO     | [QUESTION_ATTEMPT] {"attempt": 16, "max_questions": 50, "question_idx": 1612, "uid": "2f85a2e9-b36c-4544-85d0-c1c0d9baedd5"}
2026-04-06 09:53:00 | INFO     | [QUESTION_SENT] {"question_idx": 1613, "uid": "be30f8f7-8f8c-4bd1-9080-4861f6ba9f6f"}
2026-04-06 09:53:34 | INFO     | [QUESTION_ATTEMPT] {"attempt": 17, "max_questions": 50, "question_idx": 1613, "uid": "be30f8f7-8f8c-4bd1-9080-4861f6ba9f6f"}
2026-04-06 09:56:55 | INFO     | [QUESTION_SENT] {"question_idx": 1614, "uid": "da8a46ce-3ec6-408b-a83d-76923bf78399"}
2026-04-06 09:57:37 | INFO     | [QUESTION_ATTEMPT] {"attempt": 18, "max_questions": 50, "question_idx": 1614, "uid": "da8a46ce-3ec6-408b-a83d-76923bf78399"}
2026-04-06 10:02:04 | INFO     | [QUESTION_SENT] {"question_idx": 1615, "uid": "92366eab-ed6e-4922-be27-68347066981a"}
2026-04-06 10:02:45 | INFO     | [QUESTION_ATTEMPT] {"attempt": 19, "max_questions": 50, "question_idx": 1615, "uid": "92366eab-ed6e-4922-be27-68347066981a"}
2026-04-06 10:06:00 | INFO     | [QUESTION_SENT] {"question_idx": 1616, "uid": "b3adcef4-cc14-4ce1-8257-0d28f4f8185c"}
2026-04-06 10:06:36 | INFO     | [QUESTION_ATTEMPT] {"attempt": 20, "max_questions": 50, "question_idx": 1616, "uid": "b3adcef4-cc14-4ce1-8257-0d28f4f8185c"}
2026-04-06 10:09:55 | INFO     | [QUESTION_SENT] {"question_idx": 1617, "uid": "02627d91-c756-419e-88e7-666be8a78320"}
2026-04-06 10:10:31 | INFO     | [QUESTION_ATTEMPT] {"attempt": 21, "max_questions": 50, "question_idx": 1617, "uid": "02627d91-c756-419e-88e7-666be8a78320"}
2026-04-06 10:13:49 | INFO     | [QUESTION_SENT] {"question_idx": 1617, "uid": "02627d91-c756-419e-88e7-666be8a78320"}
2026-04-06 10:14:30 | INFO     | [QUESTION_ATTEMPT] {"attempt": 22, "max_questions": 50, "question_idx": 1617, "uid": "02627d91-c756-419e-88e7-666be8a78320"}
2026-04-06 10:17:44 | INFO     | [QUESTION_SENT] {"question_idx": 1618, "uid": "ec5d3648-d21a-4649-80de-8b9fedf76a8d"}
2026-04-06 10:18:25 | INFO     | [QUESTION_ATTEMPT] {"attempt": 23, "max_questions": 50, "question_idx": 1618, "uid": "ec5d3648-d21a-4649-80de-8b9fedf76a8d"}
2026-04-06 10:21:40 | INFO     | [QUESTION_SENT] {"question_idx": 1619, "uid": "f243d378-919b-450d-a18a-9e10fe79b24c"}
2026-04-06 10:22:15 | INFO     | [QUESTION_ATTEMPT] {"attempt": 24, "max_questions": 50, "question_idx": 1619, "uid": "f243d378-919b-450d-a18a-9e10fe79b24c"}
2026-04-06 10:25:48 | INFO     | [QUESTION_SENT] {"question_idx": 1620, "uid": "0574f0d7-e1b3-4b28-806c-6acb8eccc840"}
2026-04-06 10:26:21 | INFO     | [QUESTION_ATTEMPT] {"attempt": 25, "max_questions": 50, "question_idx": 1620, "uid": "0574f0d7-e1b3-4b28-806c-6acb8eccc840"}
2026-04-06 10:26:34 | INFO     | [QUESTION_SENT] {"question_idx": 1620, "uid": "0574f0d7-e1b3-4b28-806c-6acb8eccc840"}
2026-04-06 10:27:10 | INFO     | [QUESTION_ATTEMPT] {"attempt": 26, "max_questions": 50, "question_idx": 1620, "uid": "0574f0d7-e1b3-4b28-806c-6acb8eccc840"}
2026-04-06 10:30:31 | INFO     | [QUESTION_SENT] {"question_idx": 1621, "uid": "49faf71a-50ea-428a-b34d-ba2b5a1dc6e1"}
2026-04-06 10:31:05 | INFO     | [QUESTION_ATTEMPT] {"attempt": 27, "max_questions": 50, "question_idx": 1621, "uid": "49faf71a-50ea-428a-b34d-ba2b5a1dc6e1"}
2026-04-06 10:34:26 | INFO     | [QUESTION_SENT] {"question_idx": 1622, "uid": "e0284f49-3faa-42c9-86ae-32f302118010"}
2026-04-06 10:34:49 | INFO     | [QUESTION_ATTEMPT] {"attempt": 28, "max_questions": 50, "question_idx": 1622, "uid": "e0284f49-3faa-42c9-86ae-32f302118010"}
2026-04-06 10:35:03 | INFO     | [QUESTION_SENT] {"question_idx": 1622, "uid": "e0284f49-3faa-42c9-86ae-32f302118010"}
2026-04-06 10:37:33 | INFO     | [QUESTION_SENT] {"question_idx": 1622, "uid": "e0284f49-3faa-42c9-86ae-32f302118010"}
2026-04-06 10:38:11 | INFO     | [QUESTION_ATTEMPT] {"attempt": 29, "max_questions": 50, "question_idx": 1622, "uid": "e0284f49-3faa-42c9-86ae-32f302118010"}
2026-04-06 10:41:29 | INFO     | [QUESTION_SENT] {"question_idx": 1623, "uid": "065b9908-c1ad-4a57-9065-131fec74360d"}
2026-04-06 10:42:11 | INFO     | [QUESTION_ATTEMPT] {"attempt": 30, "max_questions": 50, "question_idx": 1623, "uid": "065b9908-c1ad-4a57-9065-131fec74360d"}
2026-04-06 10:42:25 | INFO     | [QUESTION_SENT] {"question_idx": 1623, "uid": "065b9908-c1ad-4a57-9065-131fec74360d"}
2026-04-06 10:44:55 | INFO     | [QUESTION_SENT] {"question_idx": 1623, "uid": "065b9908-c1ad-4a57-9065-131fec74360d"}
2026-04-06 10:45:26 | INFO     | [QUESTION_ATTEMPT] {"attempt": 31, "max_questions": 50, "question_idx": 1623, "uid": "065b9908-c1ad-4a57-9065-131fec74360d"}
2026-04-06 10:45:39 | INFO     | [QUESTION_SENT] {"question_idx": 1623, "uid": "065b9908-c1ad-4a57-9065-131fec74360d"}
2026-04-06 10:45:59 | INFO     | [QUESTION_ATTEMPT] {"attempt": 32, "max_questions": 50, "question_idx": 1623, "uid": "065b9908-c1ad-4a57-9065-131fec74360d"}
2026-04-06 10:49:37 | INFO     | [QUESTION_SENT] {"question_idx": 1624, "uid": "5d3a6534-6ff5-4043-9c3c-e2ec76bdea8c"}
2026-04-06 10:50:06 | INFO     | [QUESTION_ATTEMPT] {"attempt": 33, "max_questions": 50, "question_idx": 1624, "uid": "5d3a6534-6ff5-4043-9c3c-e2ec76bdea8c"}
2026-04-06 10:50:19 | INFO     | [QUESTION_SENT] {"question_idx": 1624, "uid": "5d3a6534-6ff5-4043-9c3c-e2ec76bdea8c"}
2026-04-06 10:50:44 | INFO     | [QUESTION_ATTEMPT] {"attempt": 34, "max_questions": 50, "question_idx": 1624, "uid": "5d3a6534-6ff5-4043-9c3c-e2ec76bdea8c"}
2026-04-06 10:54:17 | INFO     | [QUESTION_SENT] {"question_idx": 1624, "uid": "5d3a6534-6ff5-4043-9c3c-e2ec76bdea8c"}
2026-04-06 10:54:55 | INFO     | [QUESTION_ATTEMPT] {"attempt": 35, "max_questions": 50, "question_idx": 1624, "uid": "5d3a6534-6ff5-4043-9c3c-e2ec76bdea8c"}
2026-04-06 10:58:12 | INFO     | [QUESTION_SENT] {"question_idx": 1625, "uid": "05c76e28-a0b6-4ad1-9268-13b0dc4c936e"}
2026-04-06 10:58:47 | INFO     | [QUESTION_ATTEMPT] {"attempt": 36, "max_questions": 50, "question_idx": 1625, "uid": "05c76e28-a0b6-4ad1-9268-13b0dc4c936e"}
2026-04-06 11:02:07 | INFO     | [QUESTION_SENT] {"question_idx": 1626, "uid": "535f3421-a6a0-42de-a3ea-a4affba40f11"}
2026-04-06 11:02:44 | INFO     | [QUESTION_ATTEMPT] {"attempt": 37, "max_questions": 50, "question_idx": 1626, "uid": "535f3421-a6a0-42de-a3ea-a4affba40f11"}
2026-04-06 11:06:02 | INFO     | [QUESTION_SENT] {"question_idx": 1627, "uid": "f4ad64a0-d014-435a-98db-5e3625af71c0"}
2026-04-06 11:06:38 | INFO     | [QUESTION_ATTEMPT] {"attempt": 38, "max_questions": 50, "question_idx": 1627, "uid": "f4ad64a0-d014-435a-98db-5e3625af71c0"}
2026-04-06 11:09:56 | INFO     | [QUESTION_SENT] {"question_idx": 1628, "uid": "09fffffe-8a76-4c40-907e-116ad75b2738"}
2026-04-06 11:10:31 | INFO     | [QUESTION_ATTEMPT] {"attempt": 39, "max_questions": 50, "question_idx": 1628, "uid": "09fffffe-8a76-4c40-907e-116ad75b2738"}
2026-04-06 11:13:51 | INFO     | [QUESTION_SENT] {"question_idx": 1629, "uid": "f3532bb2-8d66-4cf0-81bb-d8d06c7e6bbf"}
2026-04-06 11:14:26 | INFO     | [QUESTION_ATTEMPT] {"attempt": 40, "max_questions": 50, "question_idx": 1629, "uid": "f3532bb2-8d66-4cf0-81bb-d8d06c7e6bbf"}
2026-04-06 11:17:45 | INFO     | [QUESTION_SENT] {"question_idx": 1630, "uid": "56b0fbe8-a9e4-465b-b6ac-0f8ca32114eb"}
2026-04-06 11:18:20 | INFO     | [QUESTION_ATTEMPT] {"attempt": 41, "max_questions": 50, "question_idx": 1630, "uid": "56b0fbe8-a9e4-465b-b6ac-0f8ca32114eb"}
2026-04-06 11:18:33 | INFO     | [QUESTION_SENT] {"question_idx": 1630, "uid": "56b0fbe8-a9e4-465b-b6ac-0f8ca32114eb"}
2026-04-06 11:21:03 | INFO     | [QUESTION_SENT] {"question_idx": 1630, "uid": "56b0fbe8-a9e4-465b-b6ac-0f8ca32114eb"}
2026-04-06 11:21:33 | INFO     | [QUESTION_ATTEMPT] {"attempt": 42, "max_questions": 50, "question_idx": 1630, "uid": "56b0fbe8-a9e4-465b-b6ac-0f8ca32114eb"}
2026-04-06 11:21:34 | INFO     | [BOT_STOP] {"bot_id": 12, "total_questions": 42}
