2026-04-05 09:41:50 | INFO     | [BOT_START] {"bot_id": 12, "project": "hypos_norm", "timestamp": "2026-04-05T09:41:50.530262", "log_dir": "/home/dmitrii/Documents/projects/clicker_3.0/logs/bot_12"}
2026-04-05 09:41:56 | INFO     | [RESTART] {"bot_id": 12, "note": "first_start"}
2026-04-05 09:41:56 | INFO     | [FSM_INITIALIZED] {"site": "gpt", "scenario": "web_search", "start_state": "start_question"}
2026-04-05 09:42:38 | INFO     | [QUESTION_SENT] {"question_idx": 3851, "uid": "779007ea-5a6f-429f-acf5-f100664fd124"}
2026-04-05 09:43:08 | INFO     | [QUESTION_ATTEMPT] {"attempt": 1, "max_questions": 50, "question_idx": 3851, "uid": "779007ea-5a6f-429f-acf5-f100664fd124"}
2026-04-05 09:46:31 | INFO     | [QUESTION_SENT] {"question_idx": 3852, "uid": "fdf3c37a-5a75-4163-92b4-6e32890ffdea"}
2026-04-05 09:46:58 | INFO     | [QUESTION_ATTEMPT] {"attempt": 2, "max_questions": 50, "question_idx": 3852, "uid": "fdf3c37a-5a75-4163-92b4-6e32890ffdea"}
2026-04-05 09:47:10 | INFO     | [QUESTION_SENT] {"question_idx": 3852, "uid": "fdf3c37a-5a75-4163-92b4-6e32890ffdea"}
2026-04-05 09:47:28 | INFO     | [QUESTION_ATTEMPT] {"attempt": 3, "max_questions": 50, "question_idx": 3852, "uid": "fdf3c37a-5a75-4163-92b4-6e32890ffdea"}
2026-04-05 09:50:01 | INFO     | [QUESTION_SENT] {"question_idx": 3852, "uid": "fdf3c37a-5a75-4163-92b4-6e32890ffdea"}
2026-04-05 09:50:25 | INFO     | [QUESTION_ATTEMPT] {"attempt": 4, "max_questions": 50, "question_idx": 3852, "uid": "fdf3c37a-5a75-4163-92b4-6e32890ffdea"}
2026-04-05 09:53:53 | INFO     | [QUESTION_SENT] {"question_idx": 3852, "uid": "fdf3c37a-5a75-4163-92b4-6e32890ffdea"}
2026-04-05 09:54:17 | INFO     | [QUESTION_ATTEMPT] {"attempt": 5, "max_questions": 50, "question_idx": 3852, "uid": "fdf3c37a-5a75-4163-92b4-6e32890ffdea"}
2026-04-05 09:54:29 | INFO     | [QUESTION_SENT] {"question_idx": 3852, "uid": "fdf3c37a-5a75-4163-92b4-6e32890ffdea"}
2026-04-05 09:55:03 | INFO     | [QUESTION_ATTEMPT] {"attempt": 6, "max_questions": 50, "question_idx": 3852, "uid": "fdf3c37a-5a75-4163-92b4-6e32890ffdea"}
2026-04-05 09:58:25 | INFO     | [QUESTION_SENT] {"question_idx": 3853, "uid": "0ba57f5e-3503-41cf-9175-3e12e10f8dc0"}
2026-04-05 09:58:55 | INFO     | [QUESTION_ATTEMPT] {"attempt": 7, "max_questions": 50, "question_idx": 3853, "uid": "0ba57f5e-3503-41cf-9175-3e12e10f8dc0"}
2026-04-05 10:02:17 | INFO     | [QUESTION_SENT] {"question_idx": 3854, "uid": "0d060bd5-c555-4c2e-8ca0-d6815c2af1b7"}
2026-04-05 10:06:11 | INFO     | [QUESTION_SENT] {"question_idx": 3854, "uid": "0d060bd5-c555-4c2e-8ca0-d6815c2af1b7"}
2026-04-05 10:06:38 | INFO     | [QUESTION_ATTEMPT] {"attempt": 8, "max_questions": 50, "question_idx": 3854, "uid": "0d060bd5-c555-4c2e-8ca0-d6815c2af1b7"}
2026-04-05 10:10:04 | INFO     | [QUESTION_SENT] {"question_idx": 3855, "uid": "fa841b1f-2f39-40ac-a25d-462f88e14269"}
2026-04-05 10:10:38 | INFO     | [QUESTION_ATTEMPT] {"attempt": 9, "max_questions": 50, "question_idx": 3855, "uid": "fa841b1f-2f39-40ac-a25d-462f88e14269"}
2026-04-05 10:13:57 | INFO     | [QUESTION_SENT] {"question_idx": 3856, "uid": "5bb97724-ac6f-493c-8145-9261fd30f09c"}
2026-04-05 10:14:30 | INFO     | [QUESTION_ATTEMPT] {"attempt": 10, "max_questions": 50, "question_idx": 3856, "uid": "5bb97724-ac6f-493c-8145-9261fd30f09c"}
2026-04-05 10:17:50 | INFO     | [QUESTION_SENT] {"question_idx": 3857, "uid": "529b453c-a86e-4d71-8555-d24c694c5580"}
2026-04-05 10:18:20 | INFO     | [QUESTION_ATTEMPT] {"attempt": 11, "max_questions": 50, "question_idx": 3857, "uid": "529b453c-a86e-4d71-8555-d24c694c5580"}
2026-04-05 10:21:43 | INFO     | [QUESTION_SENT] {"question_idx": 3858, "uid": "6ee4baf5-0d31-44d0-b65e-1822aa93ec12"}
2026-04-05 10:22:13 | INFO     | [QUESTION_ATTEMPT] {"attempt": 12, "max_questions": 50, "question_idx": 3858, "uid": "6ee4baf5-0d31-44d0-b65e-1822aa93ec12"}
2026-04-05 10:25:35 | INFO     | [QUESTION_SENT] {"question_idx": 3859, "uid": "bb027b38-8c03-4a05-beae-44c0870b1ca7"}
2026-04-05 10:26:11 | INFO     | [QUESTION_ATTEMPT] {"attempt": 13, "max_questions": 50, "question_idx": 3859, "uid": "bb027b38-8c03-4a05-beae-44c0870b1ca7"}
2026-04-05 10:29:29 | INFO     | [QUESTION_SENT] {"question_idx": 3860, "uid": "8bfa4666-5359-4786-abcf-ed312dbbdb96"}
2026-04-05 10:29:46 | INFO     | [QUESTION_ATTEMPT] {"attempt": 14, "max_questions": 50, "question_idx": 3860, "uid": "8bfa4666-5359-4786-abcf-ed312dbbdb96"}
2026-04-05 10:29:59 | INFO     | [QUESTION_SENT] {"question_idx": 3860, "uid": "8bfa4666-5359-4786-abcf-ed312dbbdb96"}
2026-04-05 10:33:54 | INFO     | [QUESTION_SENT] {"question_idx": 3860, "uid": "8bfa4666-5359-4786-abcf-ed312dbbdb96"}
2026-04-05 10:37:47 | INFO     | [QUESTION_SENT] {"question_idx": 3860, "uid": "8bfa4666-5359-4786-abcf-ed312dbbdb96"}
2026-04-05 10:38:18 | INFO     | [QUESTION_ATTEMPT] {"attempt": 15, "max_questions": 50, "question_idx": 3860, "uid": "8bfa4666-5359-4786-abcf-ed312dbbdb96"}
2026-04-05 10:41:40 | INFO     | [QUESTION_SENT] {"question_idx": 3861, "uid": "028c4bd2-c999-4301-a383-9e6c0ac3109c"}
2026-04-05 10:42:10 | INFO     | [QUESTION_ATTEMPT] {"attempt": 16, "max_questions": 50, "question_idx": 3861, "uid": "028c4bd2-c999-4301-a383-9e6c0ac3109c"}
2026-04-05 10:45:33 | INFO     | [QUESTION_SENT] {"question_idx": 3862, "uid": "2ad8a980-ac1a-40a9-96a2-6484c343aa2e"}
2026-04-05 10:46:03 | INFO     | [QUESTION_ATTEMPT] {"attempt": 17, "max_questions": 50, "question_idx": 3862, "uid": "2ad8a980-ac1a-40a9-96a2-6484c343aa2e"}
2026-04-05 10:49:26 | INFO     | [QUESTION_SENT] {"question_idx": 3863, "uid": "e7179c4d-6ed0-4448-a646-2956293257c6"}
2026-04-05 10:49:56 | INFO     | [QUESTION_ATTEMPT] {"attempt": 18, "max_questions": 50, "question_idx": 3863, "uid": "e7179c4d-6ed0-4448-a646-2956293257c6"}
2026-04-05 10:53:19 | INFO     | [QUESTION_SENT] {"question_idx": 3864, "uid": "b42a7020-884e-4231-ad44-ef8a28c92ae4"}
2026-04-05 10:53:52 | INFO     | [QUESTION_ATTEMPT] {"attempt": 19, "max_questions": 50, "question_idx": 3864, "uid": "b42a7020-884e-4231-ad44-ef8a28c92ae4"}
2026-04-05 10:57:12 | INFO     | [QUESTION_SENT] {"question_idx": 3865, "uid": "408a9e48-0cd7-4a63-88c1-e10cd97122f2"}
2026-04-05 10:57:42 | INFO     | [QUESTION_ATTEMPT] {"attempt": 20, "max_questions": 50, "question_idx": 3865, "uid": "408a9e48-0cd7-4a63-88c1-e10cd97122f2"}
2026-04-05 11:01:05 | INFO     | [QUESTION_SENT] {"question_idx": 3866, "uid": "e4e7f01f-a3aa-417b-a15b-196a31dbfc23"}
2026-04-05 11:01:32 | INFO     | [QUESTION_ATTEMPT] {"attempt": 21, "max_questions": 50, "question_idx": 3866, "uid": "e4e7f01f-a3aa-417b-a15b-196a31dbfc23"}
2026-04-05 11:01:44 | INFO     | [QUESTION_SENT] {"question_idx": 3866, "uid": "e4e7f01f-a3aa-417b-a15b-196a31dbfc23"}
2026-04-05 11:05:40 | INFO     | [QUESTION_SENT] {"question_idx": 3866, "uid": "e4e7f01f-a3aa-417b-a15b-196a31dbfc23"}
2026-04-05 11:06:10 | INFO     | [QUESTION_ATTEMPT] {"attempt": 22, "max_questions": 50, "question_idx": 3866, "uid": "e4e7f01f-a3aa-417b-a15b-196a31dbfc23"}
2026-04-05 11:09:33 | INFO     | [QUESTION_SENT] {"question_idx": 3867, "uid": "ddbcbc15-36f4-49ce-827c-8ca497dd6091"}
2026-04-05 11:10:05 | INFO     | [QUESTION_ATTEMPT] {"attempt": 23, "max_questions": 50, "question_idx": 3867, "uid": "ddbcbc15-36f4-49ce-827c-8ca497dd6091"}
2026-04-05 11:13:26 | INFO     | [QUESTION_SENT] {"question_idx": 3868, "uid": "15d79a18-40fe-40ad-80ed-1df20a73f75e"}
2026-04-05 11:13:55 | INFO     | [QUESTION_ATTEMPT] {"attempt": 24, "max_questions": 50, "question_idx": 3868, "uid": "15d79a18-40fe-40ad-80ed-1df20a73f75e"}
2026-04-05 11:14:07 | INFO     | [QUESTION_SENT] {"question_idx": 3868, "uid": "15d79a18-40fe-40ad-80ed-1df20a73f75e"}
2026-04-05 11:18:03 | INFO     | [QUESTION_SENT] {"question_idx": 3868, "uid": "15d79a18-40fe-40ad-80ed-1df20a73f75e"}
2026-04-05 11:18:31 | INFO     | [QUESTION_ATTEMPT] {"attempt": 25, "max_questions": 50, "question_idx": 3868, "uid": "15d79a18-40fe-40ad-80ed-1df20a73f75e"}
2026-04-05 11:18:44 | INFO     | [QUESTION_SENT] {"question_idx": 3868, "uid": "15d79a18-40fe-40ad-80ed-1df20a73f75e"}
2026-04-05 11:19:08 | INFO     | [QUESTION_ATTEMPT] {"attempt": 26, "max_questions": 50, "question_idx": 3868, "uid": "15d79a18-40fe-40ad-80ed-1df20a73f75e"}
2026-04-05 11:22:39 | INFO     | [QUESTION_SENT] {"question_idx": 3869, "uid": "102823f8-b628-4822-ac8a-1841bf67ecc3"}
2026-04-05 11:23:12 | INFO     | [QUESTION_ATTEMPT] {"attempt": 27, "max_questions": 50, "question_idx": 3869, "uid": "102823f8-b628-4822-ac8a-1841bf67ecc3"}
2026-04-05 11:26:32 | INFO     | [QUESTION_SENT] {"question_idx": 3870, "uid": "50e2b9c1-33e7-44ca-8cb9-7295914d499c"}
2026-04-05 11:30:25 | INFO     | [QUESTION_SENT] {"question_idx": 3870, "uid": "50e2b9c1-33e7-44ca-8cb9-7295914d499c"}
2026-04-05 11:34:18 | INFO     | [QUESTION_SENT] {"question_idx": 3870, "uid": "50e2b9c1-33e7-44ca-8cb9-7295914d499c"}
2026-04-05 11:34:50 | INFO     | [QUESTION_ATTEMPT] {"attempt": 28, "max_questions": 50, "question_idx": 3870, "uid": "50e2b9c1-33e7-44ca-8cb9-7295914d499c"}
2026-04-05 11:38:11 | INFO     | [QUESTION_SENT] {"question_idx": 3871, "uid": "e2529e30-9528-4ae3-8db5-fec30af1e3a3"}
2026-04-05 11:38:41 | INFO     | [QUESTION_ATTEMPT] {"attempt": 29, "max_questions": 50, "question_idx": 3871, "uid": "e2529e30-9528-4ae3-8db5-fec30af1e3a3"}
2026-04-05 11:42:04 | INFO     | [QUESTION_SENT] {"question_idx": 3872, "uid": "83d5940d-da87-4d64-84b7-306abfb7a506"}
2026-04-05 11:42:37 | INFO     | [QUESTION_ATTEMPT] {"attempt": 30, "max_questions": 50, "question_idx": 3872, "uid": "83d5940d-da87-4d64-84b7-306abfb7a506"}
2026-04-05 11:45:57 | INFO     | [QUESTION_SENT] {"question_idx": 3873, "uid": "53448899-6a41-4ec5-8f18-6a1223ceabeb"}
2026-04-05 11:46:26 | INFO     | [QUESTION_ATTEMPT] {"attempt": 31, "max_questions": 50, "question_idx": 3873, "uid": "53448899-6a41-4ec5-8f18-6a1223ceabeb"}
2026-04-05 11:49:50 | INFO     | [QUESTION_SENT] {"question_idx": 3873, "uid": "53448899-6a41-4ec5-8f18-6a1223ceabeb"}
2026-04-05 11:50:20 | INFO     | [QUESTION_ATTEMPT] {"attempt": 32, "max_questions": 50, "question_idx": 3873, "uid": "53448899-6a41-4ec5-8f18-6a1223ceabeb"}
2026-04-05 11:53:43 | INFO     | [QUESTION_SENT] {"question_idx": 3874, "uid": "3decb4c5-8bcf-4b9c-94ad-12f33cb12cab"}
2026-04-05 11:54:16 | INFO     | [QUESTION_ATTEMPT] {"attempt": 33, "max_questions": 50, "question_idx": 3874, "uid": "3decb4c5-8bcf-4b9c-94ad-12f33cb12cab"}
2026-04-05 11:57:36 | INFO     | [QUESTION_SENT] {"question_idx": 3875, "uid": "1fa73136-6dea-4128-bdff-82d5e85438c9"}
2026-04-05 11:58:07 | INFO     | [QUESTION_ATTEMPT] {"attempt": 34, "max_questions": 50, "question_idx": 3875, "uid": "1fa73136-6dea-4128-bdff-82d5e85438c9"}
2026-04-05 12:01:28 | INFO     | [QUESTION_SENT] {"question_idx": 3876, "uid": "84c2707b-cad4-408b-b957-dc6c4d96e20c"}
2026-04-05 12:02:00 | INFO     | [QUESTION_ATTEMPT] {"attempt": 35, "max_questions": 50, "question_idx": 3876, "uid": "84c2707b-cad4-408b-b957-dc6c4d96e20c"}
2026-04-05 12:05:21 | INFO     | [QUESTION_SENT] {"question_idx": 3877, "uid": "58084b8e-f438-446e-b1df-e4dc05a89bc3"}
2026-04-05 12:05:53 | INFO     | [QUESTION_ATTEMPT] {"attempt": 36, "max_questions": 50, "question_idx": 3877, "uid": "58084b8e-f438-446e-b1df-e4dc05a89bc3"}
2026-04-05 12:09:14 | INFO     | [QUESTION_SENT] {"question_idx": 3878, "uid": "3a2e9e49-b195-4aef-a06c-26cfe4ad258e"}
2026-04-05 12:13:07 | INFO     | [QUESTION_SENT] {"question_idx": 3878, "uid": "3a2e9e49-b195-4aef-a06c-26cfe4ad258e"}
2026-04-05 12:13:39 | INFO     | [QUESTION_ATTEMPT] {"attempt": 37, "max_questions": 50, "question_idx": 3878, "uid": "3a2e9e49-b195-4aef-a06c-26cfe4ad258e"}
2026-04-05 12:17:00 | INFO     | [QUESTION_SENT] {"question_idx": 3879, "uid": "ca39e837-9e30-421e-98fa-7dcf2bab4a79"}
2026-04-05 12:17:36 | INFO     | [QUESTION_ATTEMPT] {"attempt": 38, "max_questions": 50, "question_idx": 3879, "uid": "ca39e837-9e30-421e-98fa-7dcf2bab4a79"}
2026-04-05 12:20:53 | INFO     | [QUESTION_SENT] {"question_idx": 3880, "uid": "50dadf8b-c9de-4116-82ee-115ebf08565c"}
2026-04-05 12:21:23 | INFO     | [QUESTION_ATTEMPT] {"attempt": 39, "max_questions": 50, "question_idx": 3880, "uid": "50dadf8b-c9de-4116-82ee-115ebf08565c"}
2026-04-05 12:21:24 | INFO     | [BOT_STOP] {"bot_id": 12, "total_questions": 39}
2026-04-05 15:22:38 | INFO     | [BOT_START] {"bot_id": 12, "project": "hypos_norm", "timestamp": "2026-04-05T15:22:38.987957", "log_dir": "/home/dmitrii/Documents/projects/clicker_3.0/logs/bot_12"}
2026-04-05 15:22:45 | INFO     | [RESTART] {"bot_id": 12, "note": "first_start"}
2026-04-05 15:22:45 | INFO     | [FSM_INITIALIZED] {"site": "gpt", "scenario": "web_search", "start_state": "start_question"}
2026-04-05 15:24:06 | INFO     | [QUESTION_SENT] {"question_idx": 3881, "uid": "767167aa-d3fb-4416-821a-89a8268410c0"}
2026-04-05 15:24:39 | INFO     | [QUESTION_ATTEMPT] {"attempt": 1, "max_questions": 50, "question_idx": 3881, "uid": "767167aa-d3fb-4416-821a-89a8268410c0"}
2026-04-05 15:27:59 | INFO     | [QUESTION_SENT] {"question_idx": 3882, "uid": "9160402e-757a-48bf-b3e1-e93961d2f246"}
2026-04-05 15:28:34 | INFO     | [QUESTION_ATTEMPT] {"attempt": 2, "max_questions": 50, "question_idx": 3882, "uid": "9160402e-757a-48bf-b3e1-e93961d2f246"}
2026-04-05 15:31:52 | INFO     | [QUESTION_SENT] {"question_idx": 3883, "uid": "8a57ab6f-bde3-4e78-a879-6d5978ca7700"}
2026-04-05 15:32:24 | INFO     | [QUESTION_ATTEMPT] {"attempt": 3, "max_questions": 50, "question_idx": 3883, "uid": "8a57ab6f-bde3-4e78-a879-6d5978ca7700"}
2026-04-05 15:35:45 | INFO     | [QUESTION_SENT] {"question_idx": 3884, "uid": "6319d6e6-bdfd-42cd-8947-60f6e8744065"}
2026-04-05 15:36:18 | INFO     | [QUESTION_ATTEMPT] {"attempt": 4, "max_questions": 50, "question_idx": 3884, "uid": "6319d6e6-bdfd-42cd-8947-60f6e8744065"}
2026-04-05 15:39:38 | INFO     | [QUESTION_SENT] {"question_idx": 3885, "uid": "2d2083fc-2abe-4c62-be6b-d5c87c902279"}
2026-04-05 15:40:10 | INFO     | [QUESTION_ATTEMPT] {"attempt": 5, "max_questions": 50, "question_idx": 3885, "uid": "2d2083fc-2abe-4c62-be6b-d5c87c902279"}
2026-04-05 15:43:31 | INFO     | [QUESTION_SENT] {"question_idx": 3886, "uid": "0802f59b-47b9-47f3-98b1-5caf86f78d97"}
2026-04-05 15:44:02 | INFO     | [QUESTION_ATTEMPT] {"attempt": 6, "max_questions": 50, "question_idx": 3886, "uid": "0802f59b-47b9-47f3-98b1-5caf86f78d97"}
2026-04-05 15:47:24 | INFO     | [QUESTION_SENT] {"question_idx": 3887, "uid": "ad739375-300f-4928-8e86-1bf3d7c3240e"}
2026-04-05 15:47:55 | INFO     | [QUESTION_ATTEMPT] {"attempt": 7, "max_questions": 50, "question_idx": 3887, "uid": "ad739375-300f-4928-8e86-1bf3d7c3240e"}
2026-04-05 15:51:16 | INFO     | [QUESTION_SENT] {"question_idx": 3888, "uid": "de2e422f-4ed1-4ba4-827e-c64628c23873"}
2026-04-05 15:51:49 | INFO     | [QUESTION_ATTEMPT] {"attempt": 8, "max_questions": 50, "question_idx": 3888, "uid": "de2e422f-4ed1-4ba4-827e-c64628c23873"}
2026-04-05 15:52:02 | INFO     | [QUESTION_SENT] {"question_idx": 3888, "uid": "de2e422f-4ed1-4ba4-827e-c64628c23873"}
2026-04-05 15:52:22 | INFO     | [QUESTION_ATTEMPT] {"attempt": 9, "max_questions": 50, "question_idx": 3888, "uid": "de2e422f-4ed1-4ba4-827e-c64628c23873"}
2026-04-05 15:55:57 | INFO     | [QUESTION_SENT] {"question_idx": 3889, "uid": "6ca924eb-1194-4e90-9370-3f10f83a2212"}
2026-04-05 15:56:27 | INFO     | [QUESTION_ATTEMPT] {"attempt": 10, "max_questions": 50, "question_idx": 3889, "uid": "6ca924eb-1194-4e90-9370-3f10f83a2212"}
2026-04-05 15:59:50 | INFO     | [QUESTION_SENT] {"question_idx": 3890, "uid": "4cf9c56d-6e1d-47b5-9ce3-e355cc72538d"}
2026-04-05 16:00:22 | INFO     | [QUESTION_ATTEMPT] {"attempt": 11, "max_questions": 50, "question_idx": 3890, "uid": "4cf9c56d-6e1d-47b5-9ce3-e355cc72538d"}
2026-04-05 16:00:34 | INFO     | [QUESTION_SENT] {"question_idx": 3890, "uid": "4cf9c56d-6e1d-47b5-9ce3-e355cc72538d"}
2026-04-05 16:00:54 | INFO     | [QUESTION_ATTEMPT] {"attempt": 12, "max_questions": 50, "question_idx": 3890, "uid": "4cf9c56d-6e1d-47b5-9ce3-e355cc72538d"}
2026-04-05 16:04:30 | INFO     | [QUESTION_SENT] {"question_idx": 3891, "uid": "6f9ce280-6d34-4182-af4a-00f4ab59ead9"}
2026-04-05 16:05:00 | INFO     | [QUESTION_ATTEMPT] {"attempt": 13, "max_questions": 50, "question_idx": 3891, "uid": "6f9ce280-6d34-4182-af4a-00f4ab59ead9"}
2026-04-05 16:08:23 | INFO     | [QUESTION_SENT] {"question_idx": 3892, "uid": "96be349c-53aa-4ed2-be5b-c5cd58eb181c"}
2026-04-05 16:08:59 | INFO     | [QUESTION_ATTEMPT] {"attempt": 14, "max_questions": 50, "question_idx": 3892, "uid": "96be349c-53aa-4ed2-be5b-c5cd58eb181c"}
2026-04-05 16:12:16 | INFO     | [QUESTION_SENT] {"question_idx": 3892, "uid": "96be349c-53aa-4ed2-be5b-c5cd58eb181c"}
2026-04-05 16:12:49 | INFO     | [QUESTION_ATTEMPT] {"attempt": 15, "max_questions": 50, "question_idx": 3892, "uid": "96be349c-53aa-4ed2-be5b-c5cd58eb181c"}
2026-04-05 16:16:08 | INFO     | [QUESTION_SENT] {"question_idx": 3893, "uid": "dbdf55be-78f8-4a27-9b78-86641684de45"}
2026-04-05 16:16:43 | INFO     | [QUESTION_ATTEMPT] {"attempt": 16, "max_questions": 50, "question_idx": 3893, "uid": "dbdf55be-78f8-4a27-9b78-86641684de45"}
2026-04-05 16:20:02 | INFO     | [QUESTION_SENT] {"question_idx": 3894, "uid": "25c28337-fa9a-434d-bb6a-cb992f37838d"}
2026-04-05 16:20:33 | INFO     | [QUESTION_ATTEMPT] {"attempt": 17, "max_questions": 50, "question_idx": 3894, "uid": "25c28337-fa9a-434d-bb6a-cb992f37838d"}
2026-04-05 16:23:55 | INFO     | [QUESTION_SENT] {"question_idx": 3895, "uid": "741c9b8e-2e3f-406e-95f0-371ac5e7d6ff"}
2026-04-05 16:24:29 | INFO     | [QUESTION_ATTEMPT] {"attempt": 18, "max_questions": 50, "question_idx": 3895, "uid": "741c9b8e-2e3f-406e-95f0-371ac5e7d6ff"}
2026-04-05 16:27:48 | INFO     | [QUESTION_SENT] {"question_idx": 3896, "uid": "820d6d0c-cb32-4411-9d5f-2fff90723f69"}
2026-04-05 16:28:21 | INFO     | [QUESTION_ATTEMPT] {"attempt": 19, "max_questions": 50, "question_idx": 3896, "uid": "820d6d0c-cb32-4411-9d5f-2fff90723f69"}
2026-04-05 16:31:40 | INFO     | [QUESTION_SENT] {"question_idx": 3897, "uid": "06d6048c-b590-4fd6-8f91-b55ba0920def"}
2026-04-05 16:32:15 | INFO     | [QUESTION_ATTEMPT] {"attempt": 20, "max_questions": 50, "question_idx": 3897, "uid": "06d6048c-b590-4fd6-8f91-b55ba0920def"}
2026-04-05 16:35:34 | INFO     | [QUESTION_SENT] {"question_idx": 3898, "uid": "ed0c2f60-aad0-4c11-81e7-6b8f1a3ccfbe"}
2026-04-05 16:36:08 | INFO     | [QUESTION_ATTEMPT] {"attempt": 21, "max_questions": 50, "question_idx": 3898, "uid": "ed0c2f60-aad0-4c11-81e7-6b8f1a3ccfbe"}
2026-04-05 16:39:27 | INFO     | [QUESTION_SENT] {"question_idx": 3899, "uid": "8f17f3e9-7491-49a6-8041-e82f452d1665"}
2026-04-05 16:40:07 | INFO     | [QUESTION_ATTEMPT] {"attempt": 22, "max_questions": 50, "question_idx": 3899, "uid": "8f17f3e9-7491-49a6-8041-e82f452d1665"}
2026-04-05 16:43:20 | INFO     | [QUESTION_SENT] {"question_idx": 3900, "uid": "34d30b59-b35d-4ac6-a3fa-2ccaa45727d2"}
2026-04-05 16:43:37 | INFO     | [QUESTION_ATTEMPT] {"attempt": 23, "max_questions": 50, "question_idx": 3900, "uid": "34d30b59-b35d-4ac6-a3fa-2ccaa45727d2"}
2026-04-05 16:43:50 | INFO     | [QUESTION_SENT] {"question_idx": 3900, "uid": "34d30b59-b35d-4ac6-a3fa-2ccaa45727d2"}
2026-04-05 16:44:14 | INFO     | [QUESTION_ATTEMPT] {"attempt": 24, "max_questions": 50, "question_idx": 3900, "uid": "34d30b59-b35d-4ac6-a3fa-2ccaa45727d2"}
2026-04-05 16:46:47 | INFO     | [QUESTION_SENT] {"question_idx": 3900, "uid": "34d30b59-b35d-4ac6-a3fa-2ccaa45727d2"}
2026-04-05 16:47:26 | INFO     | [QUESTION_ATTEMPT] {"attempt": 25, "max_questions": 50, "question_idx": 3900, "uid": "34d30b59-b35d-4ac6-a3fa-2ccaa45727d2"}
2026-04-05 16:47:27 | INFO     | [BOT_STOP] {"bot_id": 12, "total_questions": 25}
2026-04-05 21:26:01 | INFO     | [BOT_START] {"bot_id": 12, "project": "hypos_norm", "timestamp": "2026-04-05T21:26:01.526788", "log_dir": "/home/dmitrii/Documents/projects/clicker_3.0/logs/bot_12"}
2026-04-05 21:26:07 | INFO     | [RESTART] {"bot_id": 12, "note": "first_start"}
2026-04-05 21:26:07 | INFO     | [FSM_INITIALIZED] {"site": "gpt", "scenario": "web_search", "start_state": "start_question"}
2026-04-05 21:30:43 | INFO     | [QUESTION_SENT] {"question_idx": 3689, "uid": "db3efeb2-011a-432b-a218-3e8ab5c75bd1"}
2026-04-05 21:31:35 | INFO     | [QUESTION_ATTEMPT] {"attempt": 1, "max_questions": 50, "question_idx": 3689, "uid": "db3efeb2-011a-432b-a218-3e8ab5c75bd1"}
2026-04-05 21:34:35 | INFO     | [QUESTION_SENT] {"question_idx": 3690, "uid": "2205cc3b-50cd-4de0-864f-1853386b9aca"}
2026-04-05 21:35:04 | INFO     | [QUESTION_ATTEMPT] {"attempt": 2, "max_questions": 50, "question_idx": 3690, "uid": "2205cc3b-50cd-4de0-864f-1853386b9aca"}
2026-04-05 21:38:28 | INFO     | [QUESTION_SENT] {"question_idx": 3691, "uid": "70fa0cde-ec2d-4dff-88d0-05b88f1ebfd8"}
2026-04-05 21:39:00 | INFO     | [QUESTION_ATTEMPT] {"attempt": 3, "max_questions": 50, "question_idx": 3691, "uid": "70fa0cde-ec2d-4dff-88d0-05b88f1ebfd8"}
2026-04-05 21:42:21 | INFO     | [QUESTION_SENT] {"question_idx": 3692, "uid": "0151317a-5220-4150-b814-b29c2481d45d"}
2026-04-05 21:42:59 | INFO     | [QUESTION_ATTEMPT] {"attempt": 4, "max_questions": 50, "question_idx": 3692, "uid": "0151317a-5220-4150-b814-b29c2481d45d"}
2026-04-05 21:46:14 | INFO     | [QUESTION_SENT] {"question_idx": 3693, "uid": "58b9c643-a092-4ec8-bc83-53ce5639c533"}
2026-04-05 21:46:47 | INFO     | [QUESTION_ATTEMPT] {"attempt": 5, "max_questions": 50, "question_idx": 3693, "uid": "58b9c643-a092-4ec8-bc83-53ce5639c533"}
2026-04-05 21:50:07 | INFO     | [QUESTION_SENT] {"question_idx": 3694, "uid": "930dba26-f1b5-4871-99e5-7b81671d0802"}
2026-04-05 21:50:43 | INFO     | [QUESTION_ATTEMPT] {"attempt": 6, "max_questions": 50, "question_idx": 3694, "uid": "930dba26-f1b5-4871-99e5-7b81671d0802"}
2026-04-05 21:50:55 | INFO     | [QUESTION_SENT] {"question_idx": 3694, "uid": "930dba26-f1b5-4871-99e5-7b81671d0802"}
2026-04-05 21:51:17 | INFO     | [QUESTION_ATTEMPT] {"attempt": 7, "max_questions": 50, "question_idx": 3694, "uid": "930dba26-f1b5-4871-99e5-7b81671d0802"}
2026-04-05 21:54:51 | INFO     | [QUESTION_SENT] {"question_idx": 3695, "uid": "72453c68-0011-436d-af19-fdc965ac8a05"}
2026-04-05 21:55:21 | INFO     | [QUESTION_ATTEMPT] {"attempt": 8, "max_questions": 50, "question_idx": 3695, "uid": "72453c68-0011-436d-af19-fdc965ac8a05"}
2026-04-05 21:55:33 | INFO     | [QUESTION_SENT] {"question_idx": 3695, "uid": "72453c68-0011-436d-af19-fdc965ac8a05"}
2026-04-05 21:55:58 | INFO     | [QUESTION_ATTEMPT] {"attempt": 9, "max_questions": 50, "question_idx": 3695, "uid": "72453c68-0011-436d-af19-fdc965ac8a05"}
2026-04-05 21:59:29 | INFO     | [QUESTION_SENT] {"question_idx": 3696, "uid": "86b4d38b-712f-4177-8a2a-4735a198acb9"}
2026-04-05 22:00:04 | INFO     | [QUESTION_ATTEMPT] {"attempt": 10, "max_questions": 50, "question_idx": 3696, "uid": "86b4d38b-712f-4177-8a2a-4735a198acb9"}
2026-04-05 22:03:22 | INFO     | [QUESTION_SENT] {"question_idx": 3697, "uid": "a21a98ba-f7a1-4cd1-b969-90e8b6e907a5"}
2026-04-05 22:03:53 | INFO     | [QUESTION_ATTEMPT] {"attempt": 11, "max_questions": 50, "question_idx": 3697, "uid": "a21a98ba-f7a1-4cd1-b969-90e8b6e907a5"}
2026-04-05 22:04:05 | INFO     | [QUESTION_SENT] {"question_idx": 3697, "uid": "a21a98ba-f7a1-4cd1-b969-90e8b6e907a5"}
2026-04-05 22:04:28 | INFO     | [QUESTION_ATTEMPT] {"attempt": 12, "max_questions": 50, "question_idx": 3697, "uid": "a21a98ba-f7a1-4cd1-b969-90e8b6e907a5"}
2026-04-05 22:07:01 | INFO     | [QUESTION_SENT] {"question_idx": 3697, "uid": "a21a98ba-f7a1-4cd1-b969-90e8b6e907a5"}
2026-04-05 22:07:28 | INFO     | [QUESTION_ATTEMPT] {"attempt": 13, "max_questions": 50, "question_idx": 3697, "uid": "a21a98ba-f7a1-4cd1-b969-90e8b6e907a5"}
2026-04-05 22:07:41 | INFO     | [QUESTION_SENT] {"question_idx": 3697, "uid": "a21a98ba-f7a1-4cd1-b969-90e8b6e907a5"}
2026-04-05 22:08:05 | INFO     | [QUESTION_ATTEMPT] {"attempt": 14, "max_questions": 50, "question_idx": 3697, "uid": "a21a98ba-f7a1-4cd1-b969-90e8b6e907a5"}
2026-04-05 22:11:36 | INFO     | [QUESTION_SENT] {"question_idx": 3698, "uid": "96edd2e5-a9b3-4fcd-af07-a65b03e90fa5"}
2026-04-05 22:12:04 | INFO     | [QUESTION_ATTEMPT] {"attempt": 15, "max_questions": 50, "question_idx": 3698, "uid": "96edd2e5-a9b3-4fcd-af07-a65b03e90fa5"}
2026-04-05 22:12:16 | INFO     | [QUESTION_SENT] {"question_idx": 3698, "uid": "96edd2e5-a9b3-4fcd-af07-a65b03e90fa5"}
2026-04-05 22:12:39 | INFO     | [QUESTION_ATTEMPT] {"attempt": 16, "max_questions": 50, "question_idx": 3698, "uid": "96edd2e5-a9b3-4fcd-af07-a65b03e90fa5"}
2026-04-05 22:16:12 | INFO     | [QUESTION_SENT] {"question_idx": 3699, "uid": "4701dc2a-b556-4fcb-baca-5323cdc1fc49"}
2026-04-05 22:20:05 | INFO     | [QUESTION_SENT] {"question_idx": 3699, "uid": "4701dc2a-b556-4fcb-baca-5323cdc1fc49"}
2026-04-05 22:20:35 | INFO     | [QUESTION_ATTEMPT] {"attempt": 17, "max_questions": 50, "question_idx": 3699, "uid": "4701dc2a-b556-4fcb-baca-5323cdc1fc49"}
2026-04-05 22:23:58 | INFO     | [QUESTION_SENT] {"question_idx": 3700, "uid": "bf46bdd2-bf60-464f-a106-15ef5f97e971"}
2026-04-05 22:24:29 | INFO     | [QUESTION_ATTEMPT] {"attempt": 18, "max_questions": 50, "question_idx": 3700, "uid": "bf46bdd2-bf60-464f-a106-15ef5f97e971"}
2026-04-05 22:24:30 | INFO     | [BOT_STOP] {"bot_id": 12, "total_questions": 18}
