2026-03-22 21:38:59 | INFO     | [BOT_START] {"bot_id": 12, "project": "hypos_norm", "timestamp": "2026-03-22T21:38:59.938956", "log_dir": "/home/dmitrii/Documents/projects/clicker_3.0/logs/bot_12"}
2026-03-22 21:39:05 | INFO     | [RESTART] {"bot_id": 12, "note": "first_start"}
2026-03-22 21:39:05 | INFO     | [FSM_INITIALIZED] {"site": "gpt", "scenario": "web_search", "start_state": "start_question"}
2026-03-22 21:39:47 | INFO     | [QUESTION_SENT] {"question_idx": 1288, "uid": "482bd3d2-6c2f-4200-89e0-463b68b86b79"}
2026-03-22 21:40:30 | INFO     | [QUESTION_ATTEMPT] {"attempt": 1, "max_questions": 200, "question_idx": 1288, "uid": "482bd3d2-6c2f-4200-89e0-463b68b86b79"}
2026-03-22 21:40:43 | INFO     | [QUESTION_SENT] {"question_idx": 1288, "uid": "482bd3d2-6c2f-4200-89e0-463b68b86b79"}
2026-03-22 21:41:18 | INFO     | [QUESTION_ATTEMPT] {"attempt": 2, "max_questions": 200, "question_idx": 1288, "uid": "482bd3d2-6c2f-4200-89e0-463b68b86b79"}
2026-03-22 21:41:49 | INFO     | [QUESTION_SENT] {"question_idx": 1289, "uid": "b7345ba8-841e-43b8-ad72-35c2794ae917"}
2026-03-22 21:42:34 | INFO     | [QUESTION_ATTEMPT] {"attempt": 3, "max_questions": 200, "question_idx": 1289, "uid": "b7345ba8-841e-43b8-ad72-35c2794ae917"}
2026-03-22 21:43:03 | INFO     | [QUESTION_SENT] {"question_idx": 1290, "uid": "4cbdbf4c-6e28-42d9-bf0a-c4fdcc0acd6e"}
2026-03-22 21:43:49 | INFO     | [QUESTION_ATTEMPT] {"attempt": 4, "max_questions": 200, "question_idx": 1290, "uid": "4cbdbf4c-6e28-42d9-bf0a-c4fdcc0acd6e"}
2026-03-22 21:44:17 | INFO     | [QUESTION_SENT] {"question_idx": 1291, "uid": "c4b27397-59e3-4d21-b2a9-e638fff3103b"}
2026-03-22 21:45:06 | INFO     | [QUESTION_ATTEMPT] {"attempt": 5, "max_questions": 200, "question_idx": 1291, "uid": "c4b27397-59e3-4d21-b2a9-e638fff3103b"}
2026-03-22 21:45:35 | INFO     | [QUESTION_SENT] {"question_idx": 1292, "uid": "ddc2ae5b-c04e-4d6b-a259-bdfa383bd73c"}
2026-03-22 21:46:23 | INFO     | [QUESTION_ATTEMPT] {"attempt": 6, "max_questions": 200, "question_idx": 1292, "uid": "ddc2ae5b-c04e-4d6b-a259-bdfa383bd73c"}
2026-03-22 21:46:52 | INFO     | [QUESTION_SENT] {"question_idx": 1293, "uid": "dda94635-37ed-48b2-9b3b-82270f148ab0"}
2026-03-22 21:47:59 | INFO     | [QUESTION_SENT] {"question_idx": 1293, "uid": "dda94635-37ed-48b2-9b3b-82270f148ab0"}
2026-03-22 21:48:41 | INFO     | [QUESTION_ATTEMPT] {"attempt": 7, "max_questions": 200, "question_idx": 1293, "uid": "dda94635-37ed-48b2-9b3b-82270f148ab0"}
2026-03-22 21:49:09 | INFO     | [QUESTION_SENT] {"question_idx": 1294, "uid": "9182ae64-41b2-40d8-bf4f-a42b4eaf7e63"}
2026-03-22 21:49:56 | INFO     | [QUESTION_ATTEMPT] {"attempt": 8, "max_questions": 200, "question_idx": 1294, "uid": "9182ae64-41b2-40d8-bf4f-a42b4eaf7e63"}
2026-03-22 21:50:25 | INFO     | [QUESTION_SENT] {"question_idx": 1295, "uid": "d2f13c73-1001-4eae-a5a5-0a30582bb157"}
2026-03-22 21:51:02 | INFO     | [QUESTION_ATTEMPT] {"attempt": 9, "max_questions": 200, "question_idx": 1295, "uid": "d2f13c73-1001-4eae-a5a5-0a30582bb157"}
2026-03-22 21:51:15 | INFO     | [QUESTION_SENT] {"question_idx": 1295, "uid": "d2f13c73-1001-4eae-a5a5-0a30582bb157"}
2026-03-22 21:51:58 | INFO     | [QUESTION_ATTEMPT] {"attempt": 10, "max_questions": 200, "question_idx": 1295, "uid": "d2f13c73-1001-4eae-a5a5-0a30582bb157"}
2026-03-22 21:52:26 | INFO     | [QUESTION_SENT] {"question_idx": 1296, "uid": "faed18c3-2946-416e-88b7-42a256e9d09c"}
2026-03-22 21:53:13 | INFO     | [QUESTION_ATTEMPT] {"attempt": 11, "max_questions": 200, "question_idx": 1296, "uid": "faed18c3-2946-416e-88b7-42a256e9d09c"}
2026-03-22 21:53:26 | INFO     | [QUESTION_SENT] {"question_idx": 1296, "uid": "faed18c3-2946-416e-88b7-42a256e9d09c"}
2026-03-22 21:54:06 | INFO     | [QUESTION_ATTEMPT] {"attempt": 12, "max_questions": 200, "question_idx": 1296, "uid": "faed18c3-2946-416e-88b7-42a256e9d09c"}
2026-03-22 21:54:34 | INFO     | [QUESTION_SENT] {"question_idx": 1297, "uid": "95ebb033-c699-4fa0-9d16-60c4927c5317"}
2026-03-22 21:55:17 | INFO     | [QUESTION_ATTEMPT] {"attempt": 13, "max_questions": 200, "question_idx": 1297, "uid": "95ebb033-c699-4fa0-9d16-60c4927c5317"}
2026-03-22 21:55:46 | INFO     | [QUESTION_SENT] {"question_idx": 1298, "uid": "4c258cc4-80ab-409a-9675-c27d1b9f269b"}
2026-03-22 21:56:32 | INFO     | [QUESTION_ATTEMPT] {"attempt": 14, "max_questions": 200, "question_idx": 1298, "uid": "4c258cc4-80ab-409a-9675-c27d1b9f269b"}
2026-03-22 21:57:00 | INFO     | [QUESTION_SENT] {"question_idx": 1299, "uid": "f2d7eb58-af9b-4e91-9872-95fb2594c785"}
2026-03-22 21:57:45 | INFO     | [QUESTION_ATTEMPT] {"attempt": 15, "max_questions": 200, "question_idx": 1299, "uid": "f2d7eb58-af9b-4e91-9872-95fb2594c785"}
2026-03-22 21:58:13 | INFO     | [QUESTION_SENT] {"question_idx": 1300, "uid": "d92ab15f-6827-482c-9a32-fe148085fc19"}
2026-03-22 21:58:59 | INFO     | [QUESTION_ATTEMPT] {"attempt": 16, "max_questions": 200, "question_idx": 1300, "uid": "d92ab15f-6827-482c-9a32-fe148085fc19"}
2026-03-22 21:59:28 | INFO     | [QUESTION_SENT] {"question_idx": 1301, "uid": "57caa898-21a1-43af-9746-cb2402385ed7"}
2026-03-22 22:00:08 | INFO     | [QUESTION_ATTEMPT] {"attempt": 17, "max_questions": 200, "question_idx": 1301, "uid": "57caa898-21a1-43af-9746-cb2402385ed7"}
2026-03-22 22:00:36 | INFO     | [QUESTION_SENT] {"question_idx": 1302, "uid": "b0f73a66-1088-487a-9463-a259a3bf6b93"}
2026-03-22 22:01:22 | INFO     | [QUESTION_ATTEMPT] {"attempt": 18, "max_questions": 200, "question_idx": 1302, "uid": "b0f73a66-1088-487a-9463-a259a3bf6b93"}
2026-03-22 22:01:51 | INFO     | [QUESTION_SENT] {"question_idx": 1303, "uid": "b37abd15-a99b-4c2f-b9fd-7c3c966377d7"}
2026-03-22 22:02:42 | INFO     | [QUESTION_ATTEMPT] {"attempt": 19, "max_questions": 200, "question_idx": 1303, "uid": "b37abd15-a99b-4c2f-b9fd-7c3c966377d7"}
2026-03-22 22:03:11 | INFO     | [QUESTION_SENT] {"question_idx": 1304, "uid": "173ce4ed-b659-4429-9ab2-0f3f4df06037"}
2026-03-22 22:03:44 | INFO     | [QUESTION_ATTEMPT] {"attempt": 20, "max_questions": 200, "question_idx": 1304, "uid": "173ce4ed-b659-4429-9ab2-0f3f4df06037"}
2026-03-22 22:03:56 | INFO     | [QUESTION_SENT] {"question_idx": 1304, "uid": "173ce4ed-b659-4429-9ab2-0f3f4df06037"}
2026-03-22 22:04:32 | INFO     | [QUESTION_ATTEMPT] {"attempt": 21, "max_questions": 200, "question_idx": 1304, "uid": "173ce4ed-b659-4429-9ab2-0f3f4df06037"}
2026-03-22 22:05:02 | INFO     | [QUESTION_SENT] {"question_idx": 1305, "uid": "6d25d78a-d764-4de4-8969-f09d558f16c1"}
2026-03-22 22:05:49 | INFO     | [QUESTION_ATTEMPT] {"attempt": 22, "max_questions": 200, "question_idx": 1305, "uid": "6d25d78a-d764-4de4-8969-f09d558f16c1"}
2026-03-22 22:06:18 | INFO     | [QUESTION_SENT] {"question_idx": 1306, "uid": "60c37f97-29a9-4813-9fb6-ce841e4b392b"}
2026-03-22 22:07:12 | INFO     | [QUESTION_ATTEMPT] {"attempt": 23, "max_questions": 200, "question_idx": 1306, "uid": "60c37f97-29a9-4813-9fb6-ce841e4b392b"}
2026-03-22 22:07:41 | INFO     | [QUESTION_SENT] {"question_idx": 1307, "uid": "57b4758e-6767-4d5e-aa12-0b57b57e8ef2"}
2026-03-22 22:08:28 | INFO     | [QUESTION_ATTEMPT] {"attempt": 24, "max_questions": 200, "question_idx": 1307, "uid": "57b4758e-6767-4d5e-aa12-0b57b57e8ef2"}
2026-03-22 22:08:57 | INFO     | [QUESTION_SENT] {"question_idx": 1308, "uid": "e6b36b60-d8d5-4e10-be57-9e5f3370578e"}
2026-03-22 22:09:38 | INFO     | [QUESTION_ATTEMPT] {"attempt": 25, "max_questions": 200, "question_idx": 1308, "uid": "e6b36b60-d8d5-4e10-be57-9e5f3370578e"}
2026-03-22 22:10:07 | INFO     | [QUESTION_SENT] {"question_idx": 1309, "uid": "5132e5d6-bfcb-4aa9-a8f0-dfbf591627d4"}
2026-03-22 22:10:57 | INFO     | [QUESTION_SENT] {"question_idx": 1309, "uid": "5132e5d6-bfcb-4aa9-a8f0-dfbf591627d4"}
2026-03-22 22:11:41 | INFO     | [QUESTION_ATTEMPT] {"attempt": 26, "max_questions": 200, "question_idx": 1309, "uid": "5132e5d6-bfcb-4aa9-a8f0-dfbf591627d4"}
2026-03-22 22:12:10 | INFO     | [QUESTION_SENT] {"question_idx": 1310, "uid": "9a5a6548-dfd3-4d6e-9929-a11e60f8f5a4"}
2026-03-22 22:12:54 | INFO     | [QUESTION_ATTEMPT] {"attempt": 27, "max_questions": 200, "question_idx": 1310, "uid": "9a5a6548-dfd3-4d6e-9929-a11e60f8f5a4"}
2026-03-22 22:13:23 | INFO     | [QUESTION_SENT] {"question_idx": 1311, "uid": "5b92e0f0-7b57-4c3e-89d8-c04b82ea1c9d"}
2026-03-22 22:14:13 | INFO     | [QUESTION_ATTEMPT] {"attempt": 28, "max_questions": 200, "question_idx": 1311, "uid": "5b92e0f0-7b57-4c3e-89d8-c04b82ea1c9d"}
2026-03-22 22:14:42 | INFO     | [QUESTION_SENT] {"question_idx": 1312, "uid": "538bb008-6dd8-415b-9919-e04f613b6cc3"}
2026-03-22 22:15:29 | INFO     | [QUESTION_ATTEMPT] {"attempt": 29, "max_questions": 200, "question_idx": 1312, "uid": "538bb008-6dd8-415b-9919-e04f613b6cc3"}
2026-03-22 22:15:57 | INFO     | [QUESTION_SENT] {"question_idx": 1313, "uid": "f23560cc-bfc0-4445-9188-37e4b68756f8"}
2026-03-22 22:16:43 | INFO     | [QUESTION_ATTEMPT] {"attempt": 30, "max_questions": 200, "question_idx": 1313, "uid": "f23560cc-bfc0-4445-9188-37e4b68756f8"}
2026-03-22 22:16:56 | INFO     | [QUESTION_SENT] {"question_idx": 1313, "uid": "f23560cc-bfc0-4445-9188-37e4b68756f8"}
2026-03-22 22:17:32 | INFO     | [QUESTION_ATTEMPT] {"attempt": 31, "max_questions": 200, "question_idx": 1313, "uid": "f23560cc-bfc0-4445-9188-37e4b68756f8"}
2026-03-22 22:18:02 | INFO     | [QUESTION_SENT] {"question_idx": 1314, "uid": "183f9078-37c9-4059-bcd2-661150bdb159"}
2026-03-22 22:18:43 | INFO     | [QUESTION_ATTEMPT] {"attempt": 32, "max_questions": 200, "question_idx": 1314, "uid": "183f9078-37c9-4059-bcd2-661150bdb159"}
2026-03-22 22:19:12 | INFO     | [QUESTION_SENT] {"question_idx": 1315, "uid": "6882cabc-33d5-4113-b6ca-d2089944c0ac"}
2026-03-22 22:19:58 | INFO     | [QUESTION_ATTEMPT] {"attempt": 33, "max_questions": 200, "question_idx": 1315, "uid": "6882cabc-33d5-4113-b6ca-d2089944c0ac"}
2026-03-22 22:20:26 | INFO     | [QUESTION_SENT] {"question_idx": 1316, "uid": "53ded36f-113b-47b6-9e73-14c315f6648b"}
2026-03-22 22:21:14 | INFO     | [QUESTION_ATTEMPT] {"attempt": 34, "max_questions": 200, "question_idx": 1316, "uid": "53ded36f-113b-47b6-9e73-14c315f6648b"}
2026-03-22 22:21:42 | INFO     | [QUESTION_SENT] {"question_idx": 1317, "uid": "087e03a3-f4e3-4c23-8c5d-c9cb5f2d773f"}
2026-03-22 22:22:31 | INFO     | [QUESTION_ATTEMPT] {"attempt": 35, "max_questions": 200, "question_idx": 1317, "uid": "087e03a3-f4e3-4c23-8c5d-c9cb5f2d773f"}
2026-03-22 22:22:59 | INFO     | [QUESTION_SENT] {"question_idx": 1318, "uid": "a40b6504-f80e-4c0d-a838-4670ac8140ee"}
2026-03-22 22:23:51 | INFO     | [QUESTION_ATTEMPT] {"attempt": 36, "max_questions": 200, "question_idx": 1318, "uid": "a40b6504-f80e-4c0d-a838-4670ac8140ee"}
2026-03-22 22:24:19 | INFO     | [QUESTION_SENT] {"question_idx": 1319, "uid": "b3f46058-c38c-41ea-b01c-b0be875c47da"}
2026-03-22 22:25:04 | INFO     | [QUESTION_ATTEMPT] {"attempt": 37, "max_questions": 200, "question_idx": 1319, "uid": "b3f46058-c38c-41ea-b01c-b0be875c47da"}
2026-03-22 22:25:32 | INFO     | [QUESTION_SENT] {"question_idx": 1320, "uid": "d6b55744-04b4-4b1e-980b-dd38f0a8f4f9"}
2026-03-22 22:26:24 | INFO     | [QUESTION_ATTEMPT] {"attempt": 38, "max_questions": 200, "question_idx": 1320, "uid": "d6b55744-04b4-4b1e-980b-dd38f0a8f4f9"}
2026-03-22 22:26:25 | INFO     | [BOT_STOP] {"bot_id": 12, "total_questions": 38}
