2026-04-03 11:51:02 | INFO     | [BOT_START] {"bot_id": 12, "project": "hypos_norm", "timestamp": "2026-04-03T11:51:02.485360", "log_dir": "/home/dmitrii/Documents/projects/clicker_3.0/logs/bot_12"}
2026-04-03 11:51:08 | INFO     | [RESTART] {"bot_id": 12, "note": "first_start"}
2026-04-03 11:51:08 | INFO     | [FSM_INITIALIZED] {"site": "gpt", "scenario": "web_search", "start_state": "start_question"}
2026-04-03 11:52:39 | INFO     | [QUESTION_SENT] {"question_idx": 2901, "uid": "6d3d9955-e291-4d2c-841c-00b2e8eca937"}
2026-04-03 11:53:22 | INFO     | [QUESTION_ATTEMPT] {"attempt": 1, "max_questions": 100, "question_idx": 2901, "uid": "6d3d9955-e291-4d2c-841c-00b2e8eca937"}
2026-04-03 11:56:32 | INFO     | [QUESTION_SENT] {"question_idx": 2902, "uid": "19357ca3-daa0-48d2-b740-f61504bff5df"}
2026-04-03 11:57:15 | INFO     | [QUESTION_ATTEMPT] {"attempt": 2, "max_questions": 100, "question_idx": 2902, "uid": "19357ca3-daa0-48d2-b740-f61504bff5df"}
2026-04-03 12:00:25 | INFO     | [QUESTION_SENT] {"question_idx": 2903, "uid": "1345b870-5fd3-4316-9ec8-91f5760d21b3"}
2026-04-03 12:01:07 | INFO     | [QUESTION_ATTEMPT] {"attempt": 3, "max_questions": 100, "question_idx": 2903, "uid": "1345b870-5fd3-4316-9ec8-91f5760d21b3"}
2026-04-03 12:04:18 | INFO     | [QUESTION_SENT] {"question_idx": 2904, "uid": "df7d98ee-5efb-41ee-bffc-947124802ce1"}
2026-04-03 12:04:59 | INFO     | [QUESTION_ATTEMPT] {"attempt": 4, "max_questions": 100, "question_idx": 2904, "uid": "df7d98ee-5efb-41ee-bffc-947124802ce1"}
2026-04-03 12:08:11 | INFO     | [QUESTION_SENT] {"question_idx": 2905, "uid": "7648009b-e4a4-47d6-a42a-28732f209230"}
2026-04-03 12:08:56 | INFO     | [QUESTION_ATTEMPT] {"attempt": 5, "max_questions": 100, "question_idx": 2905, "uid": "7648009b-e4a4-47d6-a42a-28732f209230"}
2026-04-03 12:12:05 | INFO     | [QUESTION_SENT] {"question_idx": 2906, "uid": "de2a4774-6792-4681-9ba9-805630a3003b"}
2026-04-03 12:12:49 | INFO     | [QUESTION_ATTEMPT] {"attempt": 6, "max_questions": 100, "question_idx": 2906, "uid": "de2a4774-6792-4681-9ba9-805630a3003b"}
2026-04-03 12:15:58 | INFO     | [QUESTION_SENT] {"question_idx": 2907, "uid": "7d148dff-a2ac-405d-8f07-8d7e1f94ae47"}
2026-04-03 12:16:38 | INFO     | [QUESTION_ATTEMPT] {"attempt": 7, "max_questions": 100, "question_idx": 2907, "uid": "7d148dff-a2ac-405d-8f07-8d7e1f94ae47"}
2026-04-03 12:19:51 | INFO     | [QUESTION_SENT] {"question_idx": 2908, "uid": "0c9313b7-7762-4126-8a60-73e548a5bfd3"}
2026-04-03 12:20:31 | INFO     | [QUESTION_ATTEMPT] {"attempt": 8, "max_questions": 100, "question_idx": 2908, "uid": "0c9313b7-7762-4126-8a60-73e548a5bfd3"}
2026-04-03 12:23:44 | INFO     | [QUESTION_SENT] {"question_idx": 2909, "uid": "9eac6322-89c5-4a03-b611-56182a8c4519"}
2026-04-03 12:24:27 | INFO     | [QUESTION_ATTEMPT] {"attempt": 9, "max_questions": 100, "question_idx": 2909, "uid": "9eac6322-89c5-4a03-b611-56182a8c4519"}
2026-04-03 12:27:37 | INFO     | [QUESTION_SENT] {"question_idx": 2910, "uid": "25650f5a-5077-43cf-afe6-74b376340b57"}
2026-04-03 12:28:22 | INFO     | [QUESTION_ATTEMPT] {"attempt": 10, "max_questions": 100, "question_idx": 2910, "uid": "25650f5a-5077-43cf-afe6-74b376340b57"}
2026-04-03 12:31:30 | INFO     | [QUESTION_SENT] {"question_idx": 2911, "uid": "4f9bbef4-546c-4d4a-83a0-fa7a42efbda0"}
2026-04-03 12:32:13 | INFO     | [QUESTION_ATTEMPT] {"attempt": 11, "max_questions": 100, "question_idx": 2911, "uid": "4f9bbef4-546c-4d4a-83a0-fa7a42efbda0"}
2026-04-03 12:35:23 | INFO     | [QUESTION_SENT] {"question_idx": 2912, "uid": "208ef8c5-33d6-4437-b631-b294d8109f29"}
2026-04-03 12:36:05 | INFO     | [QUESTION_ATTEMPT] {"attempt": 12, "max_questions": 100, "question_idx": 2912, "uid": "208ef8c5-33d6-4437-b631-b294d8109f29"}
2026-04-03 12:39:17 | INFO     | [QUESTION_SENT] {"question_idx": 2913, "uid": "0587edc7-2af6-456b-b2fe-b07901cd1d6e"}
2026-04-03 12:40:00 | INFO     | [QUESTION_ATTEMPT] {"attempt": 13, "max_questions": 100, "question_idx": 2913, "uid": "0587edc7-2af6-456b-b2fe-b07901cd1d6e"}
2026-04-03 12:43:10 | INFO     | [QUESTION_SENT] {"question_idx": 2914, "uid": "54cf3e40-418d-4f17-a49c-7d4c546b0f42"}
2026-04-03 12:43:54 | INFO     | [QUESTION_ATTEMPT] {"attempt": 14, "max_questions": 100, "question_idx": 2914, "uid": "54cf3e40-418d-4f17-a49c-7d4c546b0f42"}
2026-04-03 12:47:03 | INFO     | [QUESTION_SENT] {"question_idx": 2915, "uid": "3d29cfe3-9232-4e2d-bf1f-9842095c5c68"}
2026-04-03 12:47:43 | INFO     | [QUESTION_ATTEMPT] {"attempt": 15, "max_questions": 100, "question_idx": 2915, "uid": "3d29cfe3-9232-4e2d-bf1f-9842095c5c68"}
2026-04-03 12:50:56 | INFO     | [QUESTION_SENT] {"question_idx": 2916, "uid": "970d8b24-8701-4c31-b5ff-b63e7ea6634b"}
2026-04-03 12:51:44 | INFO     | [QUESTION_ATTEMPT] {"attempt": 16, "max_questions": 100, "question_idx": 2916, "uid": "970d8b24-8701-4c31-b5ff-b63e7ea6634b"}
2026-04-03 12:54:49 | INFO     | [QUESTION_SENT] {"question_idx": 2917, "uid": "27d6c7d2-ed77-4a8b-856a-712ea52b85ee"}
2026-04-03 12:55:32 | INFO     | [QUESTION_ATTEMPT] {"attempt": 17, "max_questions": 100, "question_idx": 2917, "uid": "27d6c7d2-ed77-4a8b-856a-712ea52b85ee"}
2026-04-03 12:58:42 | INFO     | [QUESTION_SENT] {"question_idx": 2918, "uid": "f8be60e2-7f8a-4090-9a38-265bd498f71d"}
2026-04-03 12:59:26 | INFO     | [QUESTION_ATTEMPT] {"attempt": 18, "max_questions": 100, "question_idx": 2918, "uid": "f8be60e2-7f8a-4090-9a38-265bd498f71d"}
2026-04-03 13:02:36 | INFO     | [QUESTION_SENT] {"question_idx": 2919, "uid": "19e6ba09-347e-4570-a3ba-7422699616c8"}
2026-04-03 13:03:20 | INFO     | [QUESTION_ATTEMPT] {"attempt": 19, "max_questions": 100, "question_idx": 2919, "uid": "19e6ba09-347e-4570-a3ba-7422699616c8"}
2026-04-03 13:06:29 | INFO     | [QUESTION_SENT] {"question_idx": 2920, "uid": "31b5de40-0185-4f18-9774-cd6eb26b988f"}
2026-04-03 13:07:18 | INFO     | [QUESTION_ATTEMPT] {"attempt": 20, "max_questions": 100, "question_idx": 2920, "uid": "31b5de40-0185-4f18-9774-cd6eb26b988f"}
2026-04-03 13:10:22 | INFO     | [QUESTION_SENT] {"question_idx": 2921, "uid": "dbaaccfe-3a09-47a6-aade-339c041b2e51"}
2026-04-03 13:11:07 | INFO     | [QUESTION_ATTEMPT] {"attempt": 21, "max_questions": 100, "question_idx": 2921, "uid": "dbaaccfe-3a09-47a6-aade-339c041b2e51"}
2026-04-03 13:14:15 | INFO     | [QUESTION_SENT] {"question_idx": 2922, "uid": "7e4a0261-0a4b-4217-87f5-8f7646826f87"}
2026-04-03 13:14:59 | INFO     | [QUESTION_ATTEMPT] {"attempt": 22, "max_questions": 100, "question_idx": 2922, "uid": "7e4a0261-0a4b-4217-87f5-8f7646826f87"}
2026-04-03 13:18:08 | INFO     | [QUESTION_SENT] {"question_idx": 2923, "uid": "0ce309b9-a809-403e-a131-46c372780543"}
2026-04-03 13:18:42 | INFO     | [QUESTION_ATTEMPT] {"attempt": 23, "max_questions": 100, "question_idx": 2923, "uid": "0ce309b9-a809-403e-a131-46c372780543"}
2026-04-03 13:22:01 | INFO     | [QUESTION_SENT] {"question_idx": 2924, "uid": "0d7970e1-4426-461b-b8ab-d0d4111a0b8d"}
2026-04-03 13:22:42 | INFO     | [QUESTION_ATTEMPT] {"attempt": 24, "max_questions": 100, "question_idx": 2924, "uid": "0d7970e1-4426-461b-b8ab-d0d4111a0b8d"}
2026-04-03 13:25:55 | INFO     | [QUESTION_SENT] {"question_idx": 2925, "uid": "1c722264-f942-4562-84bc-e9f7769525c7"}
2026-04-03 13:26:39 | INFO     | [QUESTION_ATTEMPT] {"attempt": 25, "max_questions": 100, "question_idx": 2925, "uid": "1c722264-f942-4562-84bc-e9f7769525c7"}
2026-04-03 13:29:48 | INFO     | [QUESTION_SENT] {"question_idx": 2926, "uid": "5e3611ca-7a6d-477c-b9ae-529ed31024e9"}
2026-04-03 13:30:30 | INFO     | [QUESTION_ATTEMPT] {"attempt": 26, "max_questions": 100, "question_idx": 2926, "uid": "5e3611ca-7a6d-477c-b9ae-529ed31024e9"}
2026-04-03 13:33:41 | INFO     | [QUESTION_SENT] {"question_idx": 2927, "uid": "d1c9523d-9023-4ba2-ae6a-421964da83a7"}
2026-04-03 13:34:23 | INFO     | [QUESTION_ATTEMPT] {"attempt": 27, "max_questions": 100, "question_idx": 2927, "uid": "d1c9523d-9023-4ba2-ae6a-421964da83a7"}
2026-04-03 13:37:34 | INFO     | [QUESTION_SENT] {"question_idx": 2928, "uid": "908e55f5-d171-466a-b250-30d6dbda7dd6"}
2026-04-03 13:38:17 | INFO     | [QUESTION_ATTEMPT] {"attempt": 28, "max_questions": 100, "question_idx": 2928, "uid": "908e55f5-d171-466a-b250-30d6dbda7dd6"}
2026-04-03 13:41:28 | INFO     | [QUESTION_SENT] {"question_idx": 2929, "uid": "42b22fdc-31d7-45ae-b30e-7c89c21b2980"}
2026-04-03 13:42:17 | INFO     | [QUESTION_ATTEMPT] {"attempt": 29, "max_questions": 100, "question_idx": 2929, "uid": "42b22fdc-31d7-45ae-b30e-7c89c21b2980"}
2026-04-03 13:45:21 | INFO     | [QUESTION_SENT] {"question_idx": 2930, "uid": "36af0c0b-7e18-4a47-b4e8-8abfea8bbb1a"}
2026-04-03 13:46:04 | INFO     | [QUESTION_ATTEMPT] {"attempt": 30, "max_questions": 100, "question_idx": 2930, "uid": "36af0c0b-7e18-4a47-b4e8-8abfea8bbb1a"}
2026-04-03 13:46:05 | INFO     | [BOT_STOP] {"bot_id": 12, "total_questions": 30}
