2026-04-10 11:23:51 | INFO     | [BOT_START] {"bot_id": 12, "project": "hypos_norm", "timestamp": "2026-04-10T11:23:51.305879", "log_dir": "/home/dmitrii/Documents/projects/clicker_3.0/logs/bot_12"}
2026-04-10 11:23:58 | INFO     | [RESTART] {"bot_id": 12, "note": "first_start"}
2026-04-10 11:23:58 | INFO     | [FSM_INITIALIZED] {"site": "gpt", "scenario": "web_search", "start_state": "start_question"}
2026-04-10 11:25:07 | INFO     | [QUESTION_ATTEMPT] {"attempt": 1, "max_questions": 50, "question_idx": 1821, "uid": "10659d8a-2b0a-44f7-b764-0620782497a0"}
2026-04-10 11:25:07 | INFO     | [QUESTION_SENT] {"question_idx": 1821, "uid": "10659d8a-2b0a-44f7-b764-0620782497a0"}
2026-04-10 11:29:01 | INFO     | [QUESTION_ATTEMPT] {"attempt": 2, "max_questions": 50, "question_idx": 1821, "uid": "10659d8a-2b0a-44f7-b764-0620782497a0"}
2026-04-10 11:29:01 | INFO     | [QUESTION_SENT] {"question_idx": 1821, "uid": "10659d8a-2b0a-44f7-b764-0620782497a0"}
2026-04-10 11:32:55 | INFO     | [QUESTION_ATTEMPT] {"attempt": 3, "max_questions": 50, "question_idx": 1822, "uid": "61b6c745-03fc-4b45-a37e-a95ce5ddc838"}
2026-04-10 11:32:55 | INFO     | [QUESTION_SENT] {"question_idx": 1822, "uid": "61b6c745-03fc-4b45-a37e-a95ce5ddc838"}
2026-04-10 11:36:49 | INFO     | [QUESTION_ATTEMPT] {"attempt": 4, "max_questions": 50, "question_idx": 1823, "uid": "a00995f2-874d-4fb4-b418-01b9a953d6ac"}
2026-04-10 11:36:49 | INFO     | [QUESTION_SENT] {"question_idx": 1823, "uid": "a00995f2-874d-4fb4-b418-01b9a953d6ac"}
2026-04-10 11:40:44 | INFO     | [QUESTION_ATTEMPT] {"attempt": 5, "max_questions": 50, "question_idx": 1824, "uid": "9dd4142f-33e0-4a6b-8507-b9a2637f44b9"}
2026-04-10 11:40:44 | INFO     | [QUESTION_SENT] {"question_idx": 1824, "uid": "9dd4142f-33e0-4a6b-8507-b9a2637f44b9"}
2026-04-10 11:44:38 | INFO     | [QUESTION_ATTEMPT] {"attempt": 6, "max_questions": 50, "question_idx": 1825, "uid": "a420ffca-b611-4109-95fc-9a0db06d5560"}
2026-04-10 11:44:38 | INFO     | [QUESTION_SENT] {"question_idx": 1825, "uid": "a420ffca-b611-4109-95fc-9a0db06d5560"}
2026-04-10 11:48:32 | INFO     | [QUESTION_ATTEMPT] {"attempt": 7, "max_questions": 50, "question_idx": 1826, "uid": "653eed43-22ec-4833-8fa7-2e8bcbc04a7e"}
2026-04-10 11:48:32 | INFO     | [QUESTION_SENT] {"question_idx": 1826, "uid": "653eed43-22ec-4833-8fa7-2e8bcbc04a7e"}
2026-04-10 11:52:27 | INFO     | [QUESTION_ATTEMPT] {"attempt": 8, "max_questions": 50, "question_idx": 1827, "uid": "d8671c41-1a76-46c4-af5a-4766534bbfeb"}
2026-04-10 11:52:27 | INFO     | [QUESTION_SENT] {"question_idx": 1827, "uid": "d8671c41-1a76-46c4-af5a-4766534bbfeb"}
2026-04-10 11:56:22 | INFO     | [QUESTION_ATTEMPT] {"attempt": 9, "max_questions": 50, "question_idx": 1828, "uid": "5914ffa3-0341-4350-930d-53276d3e68da"}
2026-04-10 11:56:22 | INFO     | [QUESTION_SENT] {"question_idx": 1828, "uid": "5914ffa3-0341-4350-930d-53276d3e68da"}
2026-04-10 12:00:17 | INFO     | [QUESTION_ATTEMPT] {"attempt": 10, "max_questions": 50, "question_idx": 1829, "uid": "5dffef46-6944-4e07-bec0-7b678a09dc10"}
2026-04-10 12:00:17 | INFO     | [QUESTION_SENT] {"question_idx": 1829, "uid": "5dffef46-6944-4e07-bec0-7b678a09dc10"}
2026-04-10 12:04:10 | INFO     | [QUESTION_ATTEMPT] {"attempt": 11, "max_questions": 50, "question_idx": 1830, "uid": "8ef4bfbf-12e4-4084-9caf-d23555111603"}
2026-04-10 12:04:10 | INFO     | [QUESTION_SENT] {"question_idx": 1830, "uid": "8ef4bfbf-12e4-4084-9caf-d23555111603"}
2026-04-10 12:08:06 | INFO     | [QUESTION_ATTEMPT] {"attempt": 12, "max_questions": 50, "question_idx": 1831, "uid": "264ccbaf-834a-4cc3-af0c-06ba956fcd05"}
2026-04-10 12:08:06 | INFO     | [QUESTION_SENT] {"question_idx": 1831, "uid": "264ccbaf-834a-4cc3-af0c-06ba956fcd05"}
2026-04-10 12:12:00 | INFO     | [QUESTION_ATTEMPT] {"attempt": 13, "max_questions": 50, "question_idx": 1832, "uid": "8c1773e6-98f1-49e3-9e3a-bc6ae5fdb066"}
2026-04-10 12:12:00 | INFO     | [QUESTION_SENT] {"question_idx": 1832, "uid": "8c1773e6-98f1-49e3-9e3a-bc6ae5fdb066"}
2026-04-10 12:15:54 | INFO     | [QUESTION_ATTEMPT] {"attempt": 14, "max_questions": 50, "question_idx": 1833, "uid": "f55928bc-a416-4209-b056-4e230457ffc4"}
2026-04-10 12:15:54 | INFO     | [QUESTION_SENT] {"question_idx": 1833, "uid": "f55928bc-a416-4209-b056-4e230457ffc4"}
2026-04-10 12:19:48 | INFO     | [QUESTION_ATTEMPT] {"attempt": 15, "max_questions": 50, "question_idx": 1834, "uid": "7e30d70b-74cd-49e4-be36-28d5dd1f846f"}
2026-04-10 12:19:48 | INFO     | [QUESTION_SENT] {"question_idx": 1834, "uid": "7e30d70b-74cd-49e4-be36-28d5dd1f846f"}
2026-04-10 12:23:43 | INFO     | [QUESTION_ATTEMPT] {"attempt": 16, "max_questions": 50, "question_idx": 1835, "uid": "541afc61-6390-4e62-977d-be7df294d451"}
2026-04-10 12:23:43 | INFO     | [QUESTION_SENT] {"question_idx": 1835, "uid": "541afc61-6390-4e62-977d-be7df294d451"}
2026-04-10 12:27:37 | INFO     | [QUESTION_ATTEMPT] {"attempt": 17, "max_questions": 50, "question_idx": 1836, "uid": "b092f7a6-6d26-4d63-9081-9faa7e985fe9"}
2026-04-10 12:27:37 | INFO     | [QUESTION_SENT] {"question_idx": 1836, "uid": "b092f7a6-6d26-4d63-9081-9faa7e985fe9"}
2026-04-10 12:31:44 | INFO     | [QUESTION_ATTEMPT] {"attempt": 18, "max_questions": 50, "question_idx": 1837, "uid": "07b7e6b8-8a70-4c28-b30c-79418655f3cd"}
2026-04-10 12:31:44 | INFO     | [QUESTION_SENT] {"question_idx": 1837, "uid": "07b7e6b8-8a70-4c28-b30c-79418655f3cd"}
2026-04-10 12:35:39 | INFO     | [QUESTION_ATTEMPT] {"attempt": 19, "max_questions": 50, "question_idx": 1838, "uid": "094421db-45e0-47ce-aa04-db4a41c145a9"}
2026-04-10 12:35:39 | INFO     | [QUESTION_SENT] {"question_idx": 1838, "uid": "094421db-45e0-47ce-aa04-db4a41c145a9"}
2026-04-10 12:39:33 | INFO     | [QUESTION_ATTEMPT] {"attempt": 20, "max_questions": 50, "question_idx": 1839, "uid": "48d9e1b8-c930-4680-a3c4-5b6b517707cd"}
2026-04-10 12:39:33 | INFO     | [QUESTION_SENT] {"question_idx": 1839, "uid": "48d9e1b8-c930-4680-a3c4-5b6b517707cd"}
2026-04-10 12:43:27 | INFO     | [QUESTION_ATTEMPT] {"attempt": 21, "max_questions": 50, "question_idx": 1840, "uid": "40b30f08-c959-4dee-bf65-f9e9b2757c02"}
2026-04-10 12:43:27 | INFO     | [QUESTION_SENT] {"question_idx": 1840, "uid": "40b30f08-c959-4dee-bf65-f9e9b2757c02"}
2026-04-10 12:47:21 | INFO     | [QUESTION_ATTEMPT] {"attempt": 22, "max_questions": 50, "question_idx": 1841, "uid": "a52422fe-b547-4532-b8d0-2994971a15c7"}
2026-04-10 12:47:21 | INFO     | [QUESTION_SENT] {"question_idx": 1841, "uid": "a52422fe-b547-4532-b8d0-2994971a15c7"}
2026-04-10 12:51:14 | INFO     | [QUESTION_ATTEMPT] {"attempt": 23, "max_questions": 50, "question_idx": 1842, "uid": "8a847330-c166-4d65-acdf-049fe3ee465f"}
2026-04-10 12:51:14 | INFO     | [QUESTION_SENT] {"question_idx": 1842, "uid": "8a847330-c166-4d65-acdf-049fe3ee465f"}
2026-04-10 12:55:08 | INFO     | [QUESTION_ATTEMPT] {"attempt": 24, "max_questions": 50, "question_idx": 1843, "uid": "2ec48e54-b13c-4296-8a99-18cfcce14540"}
2026-04-10 12:55:08 | INFO     | [QUESTION_SENT] {"question_idx": 1843, "uid": "2ec48e54-b13c-4296-8a99-18cfcce14540"}
2026-04-10 12:59:02 | INFO     | [QUESTION_ATTEMPT] {"attempt": 25, "max_questions": 50, "question_idx": 1844, "uid": "0726c370-a80c-4976-b11e-4a69057493f2"}
2026-04-10 12:59:02 | INFO     | [QUESTION_SENT] {"question_idx": 1844, "uid": "0726c370-a80c-4976-b11e-4a69057493f2"}
2026-04-10 13:02:56 | INFO     | [QUESTION_ATTEMPT] {"attempt": 26, "max_questions": 50, "question_idx": 1845, "uid": "cf398933-0fcf-4773-93a3-6e762bfd7a1c"}
2026-04-10 13:02:56 | INFO     | [QUESTION_SENT] {"question_idx": 1845, "uid": "cf398933-0fcf-4773-93a3-6e762bfd7a1c"}
2026-04-10 13:04:00 | INFO     | [QUESTION_ATTEMPT] {"attempt": 27, "max_questions": 50, "question_idx": 1845, "uid": "cf398933-0fcf-4773-93a3-6e762bfd7a1c"}
2026-04-10 13:04:00 | INFO     | [QUESTION_SENT] {"question_idx": 1845, "uid": "cf398933-0fcf-4773-93a3-6e762bfd7a1c"}
2026-04-10 13:06:30 | INFO     | [QUESTION_ATTEMPT] {"attempt": 28, "max_questions": 50, "question_idx": 1845, "uid": "cf398933-0fcf-4773-93a3-6e762bfd7a1c"}
2026-04-10 13:06:30 | INFO     | [QUESTION_SENT] {"question_idx": 1845, "uid": "cf398933-0fcf-4773-93a3-6e762bfd7a1c"}
2026-04-10 13:10:24 | INFO     | [QUESTION_ATTEMPT] {"attempt": 29, "max_questions": 50, "question_idx": 1846, "uid": "8cc6e812-4ef4-4657-bbca-69799f366418"}
2026-04-10 13:10:24 | INFO     | [QUESTION_SENT] {"question_idx": 1846, "uid": "8cc6e812-4ef4-4657-bbca-69799f366418"}
2026-04-10 13:14:18 | INFO     | [QUESTION_ATTEMPT] {"attempt": 30, "max_questions": 50, "question_idx": 1847, "uid": "75af7fdd-c9cd-4efa-a48a-b18640267c33"}
2026-04-10 13:14:18 | INFO     | [QUESTION_SENT] {"question_idx": 1847, "uid": "75af7fdd-c9cd-4efa-a48a-b18640267c33"}
2026-04-10 13:18:12 | INFO     | [QUESTION_ATTEMPT] {"attempt": 31, "max_questions": 50, "question_idx": 1848, "uid": "337cbdcd-0d29-41a3-a341-7a466b067c3a"}
2026-04-10 13:18:12 | INFO     | [QUESTION_SENT] {"question_idx": 1848, "uid": "337cbdcd-0d29-41a3-a341-7a466b067c3a"}
2026-04-10 13:22:06 | INFO     | [QUESTION_ATTEMPT] {"attempt": 32, "max_questions": 50, "question_idx": 1849, "uid": "7b192363-ace6-4868-a5d0-dc3550a87f36"}
2026-04-10 13:22:06 | INFO     | [QUESTION_SENT] {"question_idx": 1849, "uid": "7b192363-ace6-4868-a5d0-dc3550a87f36"}
2026-04-10 13:25:59 | INFO     | [QUESTION_ATTEMPT] {"attempt": 33, "max_questions": 50, "question_idx": 1850, "uid": "07899f23-d909-44cb-a04d-6c9ed2d421e6"}
2026-04-10 13:25:59 | INFO     | [QUESTION_SENT] {"question_idx": 1850, "uid": "07899f23-d909-44cb-a04d-6c9ed2d421e6"}
2026-04-10 13:29:53 | INFO     | [QUESTION_ATTEMPT] {"attempt": 34, "max_questions": 50, "question_idx": 1850, "uid": "07899f23-d909-44cb-a04d-6c9ed2d421e6"}
2026-04-10 13:29:53 | INFO     | [QUESTION_SENT] {"question_idx": 1850, "uid": "07899f23-d909-44cb-a04d-6c9ed2d421e6"}
2026-04-10 13:30:37 | INFO     | [BOT_STOP] {"bot_id": 12, "total_questions": 34}
2026-04-10 16:45:21 | INFO     | [BOT_START] {"bot_id": 12, "project": "hypos_norm", "timestamp": "2026-04-10T16:45:21.298425", "log_dir": "/home/dmitrii/Documents/projects/clicker_3.0/logs/bot_12"}
2026-04-10 16:45:26 | INFO     | [RESTART] {"bot_id": 12, "note": "first_start"}
2026-04-10 16:45:26 | INFO     | [FSM_INITIALIZED] {"site": "gpt", "scenario": "web_search", "start_state": "start_question"}
2026-04-10 16:46:41 | INFO     | [QUESTION_ATTEMPT] {"attempt": 1, "max_questions": 50, "question_idx": 1347, "uid": "7fb86bba-d22c-4e79-a7c1-399f5ca9a32d"}
2026-04-10 16:46:41 | INFO     | [QUESTION_SENT] {"question_idx": 1347, "uid": "7fb86bba-d22c-4e79-a7c1-399f5ca9a32d"}
2026-04-10 16:47:29 | INFO     | [BOT_STOP] {"bot_id": 12, "total_questions": 1}
2026-04-10 16:49:25 | INFO     | [BOT_START] {"bot_id": 12, "project": "hypos_norm", "timestamp": "2026-04-10T16:49:25.083643", "log_dir": "/home/dmitrii/Documents/projects/clicker_3.0/logs/bot_12"}
2026-04-10 16:49:30 | INFO     | [RESTART] {"bot_id": 12, "note": "first_start"}
2026-04-10 16:49:30 | INFO     | [FSM_INITIALIZED] {"site": "gpt", "scenario": "web_search", "start_state": "start_question"}
2026-04-10 16:50:22 | INFO     | [QUESTION_ATTEMPT] {"attempt": 1, "max_questions": 50, "question_idx": 1347, "uid": "7fb86bba-d22c-4e79-a7c1-399f5ca9a32d"}
2026-04-10 16:50:22 | INFO     | [QUESTION_SENT] {"question_idx": 1347, "uid": "7fb86bba-d22c-4e79-a7c1-399f5ca9a32d"}
2026-04-10 16:51:09 | INFO     | [BOT_STOP] {"bot_id": 12, "total_questions": 1}
