2026-04-07 10:19:46 | INFO     | [BOT_START] {"bot_id": 12, "project": "hypos_norm", "timestamp": "2026-04-07T10:19:46.292149", "log_dir": "/home/dmitrii/Documents/projects/clicker_3.0/logs/bot_12"}
2026-04-07 10:19:52 | INFO     | [RESTART] {"bot_id": 12, "note": "first_start"}
2026-04-07 10:19:52 | INFO     | [FSM_INITIALIZED] {"site": "gpt", "scenario": "web_search", "start_state": "start_question"}
2026-04-07 10:20:48 | INFO     | [QUESTION_ATTEMPT] {"attempt": 1, "max_questions": 50, "question_idx": 1631, "uid": "b026d6ea-669f-4448-8dd5-ee1a5089eea2"}
2026-04-07 10:20:48 | INFO     | [QUESTION_SENT] {"question_idx": 1631, "uid": "b026d6ea-669f-4448-8dd5-ee1a5089eea2"}
2026-04-07 10:24:41 | INFO     | [QUESTION_ATTEMPT] {"attempt": 2, "max_questions": 50, "question_idx": 1632, "uid": "ce16f184-337c-495c-86e4-e7b22bf4993c"}
2026-04-07 10:24:41 | INFO     | [QUESTION_SENT] {"question_idx": 1632, "uid": "ce16f184-337c-495c-86e4-e7b22bf4993c"}
2026-04-07 10:28:34 | INFO     | [QUESTION_ATTEMPT] {"attempt": 3, "max_questions": 50, "question_idx": 1633, "uid": "60a723ac-795c-4f39-bf91-5cba24470530"}
2026-04-07 10:28:34 | INFO     | [QUESTION_SENT] {"question_idx": 1633, "uid": "60a723ac-795c-4f39-bf91-5cba24470530"}
2026-04-07 10:32:27 | INFO     | [QUESTION_ATTEMPT] {"attempt": 4, "max_questions": 50, "question_idx": 1634, "uid": "22c75811-20a4-4732-b0bc-d0dd321c5dd9"}
2026-04-07 10:32:27 | INFO     | [QUESTION_SENT] {"question_idx": 1634, "uid": "22c75811-20a4-4732-b0bc-d0dd321c5dd9"}
2026-04-07 10:36:20 | INFO     | [QUESTION_ATTEMPT] {"attempt": 5, "max_questions": 50, "question_idx": 1635, "uid": "c9a231f1-fef4-4ac3-8740-7718b07f009f"}
2026-04-07 10:36:20 | INFO     | [QUESTION_SENT] {"question_idx": 1635, "uid": "c9a231f1-fef4-4ac3-8740-7718b07f009f"}
2026-04-07 10:40:13 | INFO     | [QUESTION_ATTEMPT] {"attempt": 6, "max_questions": 50, "question_idx": 1636, "uid": "96ec1b39-341a-4c9e-ba6f-394b17a209f0"}
2026-04-07 10:40:13 | INFO     | [QUESTION_SENT] {"question_idx": 1636, "uid": "96ec1b39-341a-4c9e-ba6f-394b17a209f0"}
2026-04-07 10:44:07 | INFO     | [QUESTION_ATTEMPT] {"attempt": 7, "max_questions": 50, "question_idx": 1637, "uid": "f587ff03-9400-4998-bf7a-844acb563cc8"}
2026-04-07 10:44:07 | INFO     | [QUESTION_SENT] {"question_idx": 1637, "uid": "f587ff03-9400-4998-bf7a-844acb563cc8"}
2026-04-07 10:47:59 | INFO     | [QUESTION_ATTEMPT] {"attempt": 8, "max_questions": 50, "question_idx": 1638, "uid": "8ce55f6e-21f6-4604-bd36-fa2926b2d044"}
2026-04-07 10:47:59 | INFO     | [QUESTION_SENT] {"question_idx": 1638, "uid": "8ce55f6e-21f6-4604-bd36-fa2926b2d044"}
2026-04-07 10:51:53 | INFO     | [QUESTION_ATTEMPT] {"attempt": 9, "max_questions": 50, "question_idx": 1638, "uid": "8ce55f6e-21f6-4604-bd36-fa2926b2d044"}
2026-04-07 10:51:53 | INFO     | [QUESTION_SENT] {"question_idx": 1638, "uid": "8ce55f6e-21f6-4604-bd36-fa2926b2d044"}
2026-04-07 10:55:46 | INFO     | [QUESTION_ATTEMPT] {"attempt": 10, "max_questions": 50, "question_idx": 1639, "uid": "38e2e4b8-6157-4201-a521-8b1402356c05"}
2026-04-07 10:55:46 | INFO     | [QUESTION_SENT] {"question_idx": 1639, "uid": "38e2e4b8-6157-4201-a521-8b1402356c05"}
2026-04-07 10:59:39 | INFO     | [QUESTION_ATTEMPT] {"attempt": 11, "max_questions": 50, "question_idx": 1640, "uid": "13bc9224-39b7-4df1-8f03-13ffe185a818"}
2026-04-07 10:59:39 | INFO     | [QUESTION_SENT] {"question_idx": 1640, "uid": "13bc9224-39b7-4df1-8f03-13ffe185a818"}
2026-04-07 11:03:32 | INFO     | [QUESTION_ATTEMPT] {"attempt": 12, "max_questions": 50, "question_idx": 1641, "uid": "e6f5afc5-92bf-4068-bcc4-bfc106a5de40"}
2026-04-07 11:03:32 | INFO     | [QUESTION_SENT] {"question_idx": 1641, "uid": "e6f5afc5-92bf-4068-bcc4-bfc106a5de40"}
2026-04-07 11:07:25 | INFO     | [QUESTION_ATTEMPT] {"attempt": 13, "max_questions": 50, "question_idx": 1642, "uid": "3d5bc449-98b4-4142-8362-a7938757a02a"}
2026-04-07 11:07:25 | INFO     | [QUESTION_SENT] {"question_idx": 1642, "uid": "3d5bc449-98b4-4142-8362-a7938757a02a"}
2026-04-07 11:11:18 | INFO     | [QUESTION_ATTEMPT] {"attempt": 14, "max_questions": 50, "question_idx": 1643, "uid": "96a1004f-9836-4b52-9641-578afa7055bc"}
2026-04-07 11:11:18 | INFO     | [QUESTION_SENT] {"question_idx": 1643, "uid": "96a1004f-9836-4b52-9641-578afa7055bc"}
2026-04-07 11:15:12 | INFO     | [QUESTION_ATTEMPT] {"attempt": 15, "max_questions": 50, "question_idx": 1643, "uid": "96a1004f-9836-4b52-9641-578afa7055bc"}
2026-04-07 11:15:12 | INFO     | [QUESTION_SENT] {"question_idx": 1643, "uid": "96a1004f-9836-4b52-9641-578afa7055bc"}
2026-04-07 11:19:05 | INFO     | [QUESTION_ATTEMPT] {"attempt": 16, "max_questions": 50, "question_idx": 1644, "uid": "a23e3e60-de97-4d37-81bb-7fab199c5adf"}
2026-04-07 11:19:05 | INFO     | [QUESTION_SENT] {"question_idx": 1644, "uid": "a23e3e60-de97-4d37-81bb-7fab199c5adf"}
2026-04-07 11:20:00 | INFO     | [QUESTION_ATTEMPT] {"attempt": 17, "max_questions": 50, "question_idx": 1644, "uid": "a23e3e60-de97-4d37-81bb-7fab199c5adf"}
2026-04-07 11:20:00 | INFO     | [QUESTION_SENT] {"question_idx": 1644, "uid": "a23e3e60-de97-4d37-81bb-7fab199c5adf"}
2026-04-07 11:23:56 | INFO     | [QUESTION_ATTEMPT] {"attempt": 18, "max_questions": 50, "question_idx": 1645, "uid": "88ce6737-2b24-40c6-8972-f1547301c932"}
2026-04-07 11:23:56 | INFO     | [QUESTION_SENT] {"question_idx": 1645, "uid": "88ce6737-2b24-40c6-8972-f1547301c932"}
2026-04-07 11:27:49 | INFO     | [QUESTION_ATTEMPT] {"attempt": 19, "max_questions": 50, "question_idx": 1646, "uid": "4046daaa-0e04-4361-9c0e-0a8241fa5b82"}
2026-04-07 11:27:49 | INFO     | [QUESTION_SENT] {"question_idx": 1646, "uid": "4046daaa-0e04-4361-9c0e-0a8241fa5b82"}
2026-04-07 11:31:42 | INFO     | [QUESTION_ATTEMPT] {"attempt": 20, "max_questions": 50, "question_idx": 1647, "uid": "2350349d-164a-49b7-94c3-6ce1fc9ab490"}
2026-04-07 11:31:42 | INFO     | [QUESTION_SENT] {"question_idx": 1647, "uid": "2350349d-164a-49b7-94c3-6ce1fc9ab490"}
2026-04-07 11:35:36 | INFO     | [QUESTION_ATTEMPT] {"attempt": 21, "max_questions": 50, "question_idx": 1648, "uid": "b9b5ce81-f11b-4a20-9e2b-8ac6aab197fa"}
2026-04-07 11:35:36 | INFO     | [QUESTION_SENT] {"question_idx": 1648, "uid": "b9b5ce81-f11b-4a20-9e2b-8ac6aab197fa"}
2026-04-07 11:39:29 | INFO     | [QUESTION_ATTEMPT] {"attempt": 22, "max_questions": 50, "question_idx": 1649, "uid": "2d0b6595-9c26-44ca-8302-977cb93a0384"}
2026-04-07 11:39:29 | INFO     | [QUESTION_SENT] {"question_idx": 1649, "uid": "2d0b6595-9c26-44ca-8302-977cb93a0384"}
2026-04-07 11:43:22 | INFO     | [QUESTION_ATTEMPT] {"attempt": 23, "max_questions": 50, "question_idx": 1650, "uid": "caab1324-a8b8-42df-8588-dfdd78fc4867"}
2026-04-07 11:43:22 | INFO     | [QUESTION_SENT] {"question_idx": 1650, "uid": "caab1324-a8b8-42df-8588-dfdd78fc4867"}
2026-04-07 11:47:15 | INFO     | [QUESTION_ATTEMPT] {"attempt": 24, "max_questions": 50, "question_idx": 1651, "uid": "62082215-81d9-4723-bfef-db4089317134"}
2026-04-07 11:47:15 | INFO     | [QUESTION_SENT] {"question_idx": 1651, "uid": "62082215-81d9-4723-bfef-db4089317134"}
2026-04-07 11:51:08 | INFO     | [QUESTION_ATTEMPT] {"attempt": 25, "max_questions": 50, "question_idx": 1652, "uid": "6b3fa5ff-e695-440e-b6d4-38565f2bfd86"}
2026-04-07 11:51:08 | INFO     | [QUESTION_SENT] {"question_idx": 1652, "uid": "6b3fa5ff-e695-440e-b6d4-38565f2bfd86"}
2026-04-07 11:55:01 | INFO     | [QUESTION_ATTEMPT] {"attempt": 26, "max_questions": 50, "question_idx": 1652, "uid": "6b3fa5ff-e695-440e-b6d4-38565f2bfd86"}
2026-04-07 11:55:01 | INFO     | [QUESTION_SENT] {"question_idx": 1652, "uid": "6b3fa5ff-e695-440e-b6d4-38565f2bfd86"}
2026-04-07 11:58:54 | INFO     | [QUESTION_ATTEMPT] {"attempt": 27, "max_questions": 50, "question_idx": 1653, "uid": "d626bfc0-e249-4748-aa1a-ccb8dd69dfb5"}
2026-04-07 11:58:54 | INFO     | [QUESTION_SENT] {"question_idx": 1653, "uid": "d626bfc0-e249-4748-aa1a-ccb8dd69dfb5"}
2026-04-07 12:02:47 | INFO     | [QUESTION_ATTEMPT] {"attempt": 28, "max_questions": 50, "question_idx": 1654, "uid": "2c58c22d-7bbe-43cb-b56a-184b645fae93"}
2026-04-07 12:02:47 | INFO     | [QUESTION_SENT] {"question_idx": 1654, "uid": "2c58c22d-7bbe-43cb-b56a-184b645fae93"}
2026-04-07 12:06:40 | INFO     | [QUESTION_ATTEMPT] {"attempt": 29, "max_questions": 50, "question_idx": 1655, "uid": "cf32e9fb-3dc1-4235-9c34-12893f1c8281"}
2026-04-07 12:06:40 | INFO     | [QUESTION_SENT] {"question_idx": 1655, "uid": "cf32e9fb-3dc1-4235-9c34-12893f1c8281"}
2026-04-07 12:10:34 | INFO     | [QUESTION_ATTEMPT] {"attempt": 30, "max_questions": 50, "question_idx": 1656, "uid": "8ef88062-8353-4de8-962b-82f3cda59d35"}
2026-04-07 12:10:34 | INFO     | [QUESTION_SENT] {"question_idx": 1656, "uid": "8ef88062-8353-4de8-962b-82f3cda59d35"}
2026-04-07 12:14:27 | INFO     | [QUESTION_ATTEMPT] {"attempt": 31, "max_questions": 50, "question_idx": 1657, "uid": "b41d73b3-bc12-4b3d-aae0-3b34db50ef3c"}
2026-04-07 12:14:27 | INFO     | [QUESTION_SENT] {"question_idx": 1657, "uid": "b41d73b3-bc12-4b3d-aae0-3b34db50ef3c"}
2026-04-07 12:18:20 | INFO     | [QUESTION_ATTEMPT] {"attempt": 32, "max_questions": 50, "question_idx": 1658, "uid": "69500f64-bf8f-459c-a4ad-42eba076bbbe"}
2026-04-07 12:18:20 | INFO     | [QUESTION_SENT] {"question_idx": 1658, "uid": "69500f64-bf8f-459c-a4ad-42eba076bbbe"}
2026-04-07 12:22:14 | INFO     | [QUESTION_ATTEMPT] {"attempt": 33, "max_questions": 50, "question_idx": 1659, "uid": "2948ca22-8fc6-4a61-b4d7-f4245af382d4"}
2026-04-07 12:22:14 | INFO     | [QUESTION_SENT] {"question_idx": 1659, "uid": "2948ca22-8fc6-4a61-b4d7-f4245af382d4"}
2026-04-07 12:26:07 | INFO     | [QUESTION_ATTEMPT] {"attempt": 34, "max_questions": 50, "question_idx": 1660, "uid": "3e9c0ed0-36c1-43e2-9029-00c4385490e7"}
2026-04-07 12:26:07 | INFO     | [QUESTION_SENT] {"question_idx": 1660, "uid": "3e9c0ed0-36c1-43e2-9029-00c4385490e7"}
2026-04-07 12:30:00 | INFO     | [QUESTION_ATTEMPT] {"attempt": 35, "max_questions": 50, "question_idx": 1661, "uid": "595483a9-f990-4c9d-ae20-fd8e37d25e35"}
2026-04-07 12:30:00 | INFO     | [QUESTION_SENT] {"question_idx": 1661, "uid": "595483a9-f990-4c9d-ae20-fd8e37d25e35"}
2026-04-07 12:33:53 | INFO     | [QUESTION_ATTEMPT] {"attempt": 36, "max_questions": 50, "question_idx": 1662, "uid": "64a0f4cf-4829-4c28-8771-bb2b6dde6d16"}
2026-04-07 12:33:53 | INFO     | [QUESTION_SENT] {"question_idx": 1662, "uid": "64a0f4cf-4829-4c28-8771-bb2b6dde6d16"}
2026-04-07 12:37:47 | INFO     | [QUESTION_ATTEMPT] {"attempt": 37, "max_questions": 50, "question_idx": 1663, "uid": "dc96019a-1a1f-4a8e-a025-d6ef91724fb1"}
2026-04-07 12:37:47 | INFO     | [QUESTION_SENT] {"question_idx": 1663, "uid": "dc96019a-1a1f-4a8e-a025-d6ef91724fb1"}
2026-04-07 12:41:40 | INFO     | [QUESTION_ATTEMPT] {"attempt": 38, "max_questions": 50, "question_idx": 1664, "uid": "1371c2ee-d4b3-4657-9d0b-42852aba2696"}
2026-04-07 12:41:40 | INFO     | [QUESTION_SENT] {"question_idx": 1664, "uid": "1371c2ee-d4b3-4657-9d0b-42852aba2696"}
2026-04-07 12:45:33 | INFO     | [QUESTION_ATTEMPT] {"attempt": 39, "max_questions": 50, "question_idx": 1665, "uid": "89f2d20e-82d7-4e57-ae7b-ceecb65931e1"}
2026-04-07 12:45:33 | INFO     | [QUESTION_SENT] {"question_idx": 1665, "uid": "89f2d20e-82d7-4e57-ae7b-ceecb65931e1"}
2026-04-07 12:49:26 | INFO     | [QUESTION_ATTEMPT] {"attempt": 40, "max_questions": 50, "question_idx": 1666, "uid": "37530acf-2c5f-4b06-bf79-a9755c188662"}
2026-04-07 12:49:26 | INFO     | [QUESTION_SENT] {"question_idx": 1666, "uid": "37530acf-2c5f-4b06-bf79-a9755c188662"}
2026-04-07 12:53:19 | INFO     | [QUESTION_ATTEMPT] {"attempt": 41, "max_questions": 50, "question_idx": 1667, "uid": "08eed6f0-7b9f-4a26-94d7-0d6d3a3266ff"}
2026-04-07 12:53:19 | INFO     | [QUESTION_SENT] {"question_idx": 1667, "uid": "08eed6f0-7b9f-4a26-94d7-0d6d3a3266ff"}
2026-04-07 12:57:12 | INFO     | [QUESTION_ATTEMPT] {"attempt": 42, "max_questions": 50, "question_idx": 1668, "uid": "fd965bd8-cdc7-4b30-aeba-29232944e17b"}
2026-04-07 12:57:12 | INFO     | [QUESTION_SENT] {"question_idx": 1668, "uid": "fd965bd8-cdc7-4b30-aeba-29232944e17b"}
2026-04-07 13:01:06 | INFO     | [QUESTION_ATTEMPT] {"attempt": 43, "max_questions": 50, "question_idx": 1669, "uid": "d3c02f26-455d-473b-9a63-b60a71c740c2"}
2026-04-07 13:01:06 | INFO     | [QUESTION_SENT] {"question_idx": 1669, "uid": "d3c02f26-455d-473b-9a63-b60a71c740c2"}
2026-04-07 13:04:59 | INFO     | [QUESTION_ATTEMPT] {"attempt": 44, "max_questions": 50, "question_idx": 1670, "uid": "131c5a10-f540-4a55-baad-b69f8a2543d1"}
2026-04-07 13:04:59 | INFO     | [QUESTION_SENT] {"question_idx": 1670, "uid": "131c5a10-f540-4a55-baad-b69f8a2543d1"}
2026-04-07 13:05:40 | INFO     | [BOT_STOP] {"bot_id": 12, "total_questions": 44}
