2026-03-28 15:57:54 | INFO     | [BOT_START] {"bot_id": 12, "project": "hypos_norm", "timestamp": "2026-03-28T15:57:54.270673", "log_dir": "/home/dmitrii/Documents/projects/clicker_3.0/logs/bot_12"}
2026-03-28 15:58:00 | INFO     | [RESTART] {"bot_id": 12, "note": "first_start"}
2026-03-28 15:58:00 | INFO     | [FSM_INITIALIZED] {"site": "gpt", "scenario": "web_search", "start_state": "start_question"}
2026-03-28 15:58:52 | INFO     | [QUESTION_SENT] {"question_idx": 1076, "uid": "86d0f234-5093-4e44-ae85-cc078441c4d6"}
2026-03-28 15:59:35 | INFO     | [QUESTION_ATTEMPT] {"attempt": 1, "max_questions": 50, "question_idx": 1076, "uid": "86d0f234-5093-4e44-ae85-cc078441c4d6"}
2026-03-28 16:00:06 | INFO     | [QUESTION_SENT] {"question_idx": 1077, "uid": "88196b13-3e93-4b5a-b986-65e9f002d2bc"}
2026-03-28 16:00:52 | INFO     | [QUESTION_ATTEMPT] {"attempt": 2, "max_questions": 50, "question_idx": 1077, "uid": "88196b13-3e93-4b5a-b986-65e9f002d2bc"}
2026-03-28 16:01:23 | INFO     | [QUESTION_SENT] {"question_idx": 1078, "uid": "14cff159-3da8-43e2-84ea-30d35a4450b1"}
2026-03-28 16:02:48 | INFO     | [QUESTION_SENT] {"question_idx": 1078, "uid": "14cff159-3da8-43e2-84ea-30d35a4450b1"}
2026-03-28 16:04:13 | INFO     | [QUESTION_SENT] {"question_idx": 1078, "uid": "14cff159-3da8-43e2-84ea-30d35a4450b1"}
2026-03-28 16:04:54 | INFO     | [QUESTION_ATTEMPT] {"attempt": 3, "max_questions": 50, "question_idx": 1078, "uid": "14cff159-3da8-43e2-84ea-30d35a4450b1"}
2026-03-28 16:05:38 | INFO     | [QUESTION_SENT] {"question_idx": 1079, "uid": "8f91296f-0bcc-4cdf-87bf-a33a95d01010"}
2026-03-28 16:06:21 | INFO     | [QUESTION_ATTEMPT] {"attempt": 4, "max_questions": 50, "question_idx": 1079, "uid": "8f91296f-0bcc-4cdf-87bf-a33a95d01010"}
2026-03-28 16:06:52 | INFO     | [QUESTION_SENT] {"question_idx": 1080, "uid": "3a1c366a-57ab-4065-aa76-0dd03903c490"}
2026-03-28 16:07:38 | INFO     | [QUESTION_ATTEMPT] {"attempt": 5, "max_questions": 50, "question_idx": 1080, "uid": "3a1c366a-57ab-4065-aa76-0dd03903c490"}
2026-03-28 16:08:09 | INFO     | [QUESTION_SENT] {"question_idx": 1081, "uid": "8c05c31f-17ed-4989-9139-ad590d006a56"}
2026-03-28 16:08:52 | INFO     | [QUESTION_ATTEMPT] {"attempt": 6, "max_questions": 50, "question_idx": 1081, "uid": "8c05c31f-17ed-4989-9139-ad590d006a56"}
2026-03-28 16:09:23 | INFO     | [QUESTION_SENT] {"question_idx": 1082, "uid": "e4cdea2b-8105-442a-914c-3693df321ea9"}
2026-03-28 16:10:09 | INFO     | [QUESTION_ATTEMPT] {"attempt": 7, "max_questions": 50, "question_idx": 1082, "uid": "e4cdea2b-8105-442a-914c-3693df321ea9"}
2026-03-28 16:10:40 | INFO     | [QUESTION_SENT] {"question_idx": 1083, "uid": "8b00fb01-f7ed-4b4b-a3b3-a9ea865090a4"}
2026-03-28 16:11:23 | INFO     | [QUESTION_ATTEMPT] {"attempt": 8, "max_questions": 50, "question_idx": 1083, "uid": "8b00fb01-f7ed-4b4b-a3b3-a9ea865090a4"}
2026-03-28 16:11:35 | INFO     | [QUESTION_SENT] {"question_idx": 1083, "uid": "8b00fb01-f7ed-4b4b-a3b3-a9ea865090a4"}
2026-03-28 16:12:09 | INFO     | [QUESTION_ATTEMPT] {"attempt": 9, "max_questions": 50, "question_idx": 1083, "uid": "8b00fb01-f7ed-4b4b-a3b3-a9ea865090a4"}
2026-03-28 16:13:02 | INFO     | [QUESTION_SENT] {"question_idx": 1084, "uid": "c472e345-1f6a-4ddf-8d90-14ad6cedc35c"}
2026-03-28 16:14:27 | INFO     | [QUESTION_SENT] {"question_idx": 1084, "uid": "c472e345-1f6a-4ddf-8d90-14ad6cedc35c"}
2026-03-28 16:15:24 | INFO     | [QUESTION_ATTEMPT] {"attempt": 10, "max_questions": 50, "question_idx": 1084, "uid": "c472e345-1f6a-4ddf-8d90-14ad6cedc35c"}
2026-03-28 16:15:55 | INFO     | [QUESTION_SENT] {"question_idx": 1085, "uid": "d68b1b78-2ee7-4849-a823-d082b72b7ab8"}
2026-03-28 16:16:40 | INFO     | [QUESTION_ATTEMPT] {"attempt": 11, "max_questions": 50, "question_idx": 1085, "uid": "d68b1b78-2ee7-4849-a823-d082b72b7ab8"}
2026-03-28 16:17:11 | INFO     | [QUESTION_SENT] {"question_idx": 1086, "uid": "f328ffc8-07b0-4fe6-8fee-f71c99788eef"}
2026-03-28 16:18:36 | INFO     | [QUESTION_SENT] {"question_idx": 1086, "uid": "f328ffc8-07b0-4fe6-8fee-f71c99788eef"}
2026-03-28 16:19:19 | INFO     | [QUESTION_ATTEMPT] {"attempt": 12, "max_questions": 50, "question_idx": 1086, "uid": "f328ffc8-07b0-4fe6-8fee-f71c99788eef"}
2026-03-28 16:19:50 | INFO     | [QUESTION_SENT] {"question_idx": 1087, "uid": "b1588f58-1d1d-4cf3-980e-2ebca0721a17"}
2026-03-28 16:20:41 | INFO     | [QUESTION_ATTEMPT] {"attempt": 13, "max_questions": 50, "question_idx": 1087, "uid": "b1588f58-1d1d-4cf3-980e-2ebca0721a17"}
2026-03-28 16:21:12 | INFO     | [QUESTION_SENT] {"question_idx": 1088, "uid": "558bd5c7-315b-4693-9b47-8c2ee74c6cf2"}
2026-03-28 16:21:56 | INFO     | [QUESTION_ATTEMPT] {"attempt": 14, "max_questions": 50, "question_idx": 1088, "uid": "558bd5c7-315b-4693-9b47-8c2ee74c6cf2"}
2026-03-28 16:22:28 | INFO     | [QUESTION_SENT] {"question_idx": 1089, "uid": "d93ff6b8-2238-45c5-b1b7-a9fa3447f979"}
2026-03-28 16:23:12 | INFO     | [QUESTION_ATTEMPT] {"attempt": 15, "max_questions": 50, "question_idx": 1089, "uid": "d93ff6b8-2238-45c5-b1b7-a9fa3447f979"}
2026-03-28 16:23:43 | INFO     | [QUESTION_SENT] {"question_idx": 1090, "uid": "9c324c95-31d0-40dc-abff-544ba27b4871"}
2026-03-28 16:24:29 | INFO     | [QUESTION_ATTEMPT] {"attempt": 16, "max_questions": 50, "question_idx": 1090, "uid": "9c324c95-31d0-40dc-abff-544ba27b4871"}
2026-03-28 16:25:00 | INFO     | [QUESTION_SENT] {"question_idx": 1091, "uid": "716c4c96-f577-4b53-8c04-a45aabeadf5f"}
2026-03-28 16:25:47 | INFO     | [QUESTION_ATTEMPT] {"attempt": 17, "max_questions": 50, "question_idx": 1091, "uid": "716c4c96-f577-4b53-8c04-a45aabeadf5f"}
2026-03-28 16:26:18 | INFO     | [QUESTION_SENT] {"question_idx": 1092, "uid": "8d394a4c-cdc1-4976-9f0f-01911e593202"}
2026-03-28 16:26:57 | INFO     | [QUESTION_ATTEMPT] {"attempt": 18, "max_questions": 50, "question_idx": 1092, "uid": "8d394a4c-cdc1-4976-9f0f-01911e593202"}
2026-03-28 16:27:43 | INFO     | [QUESTION_SENT] {"question_idx": 1093, "uid": "1e8ccacb-5261-4d0f-88e5-56b5bf406c3f"}
2026-03-28 16:28:27 | INFO     | [QUESTION_ATTEMPT] {"attempt": 19, "max_questions": 50, "question_idx": 1093, "uid": "1e8ccacb-5261-4d0f-88e5-56b5bf406c3f"}
2026-03-28 16:28:58 | INFO     | [QUESTION_SENT] {"question_idx": 1094, "uid": "c8b67086-8f4a-44fb-935e-e900835174f3"}
2026-03-28 16:29:47 | INFO     | [QUESTION_ATTEMPT] {"attempt": 20, "max_questions": 50, "question_idx": 1094, "uid": "c8b67086-8f4a-44fb-935e-e900835174f3"}
2026-03-28 16:30:18 | INFO     | [QUESTION_SENT] {"question_idx": 1095, "uid": "b4d554a2-575c-42e7-9392-5772005b661d"}
2026-03-28 16:31:01 | INFO     | [QUESTION_ATTEMPT] {"attempt": 21, "max_questions": 50, "question_idx": 1095, "uid": "b4d554a2-575c-42e7-9392-5772005b661d"}
2026-03-28 16:31:32 | INFO     | [QUESTION_SENT] {"question_idx": 1096, "uid": "3cabbfc7-6171-4d28-9453-3f0d692f1b3d"}
2026-03-28 16:32:42 | INFO     | [QUESTION_ATTEMPT] {"attempt": 22, "max_questions": 50, "question_idx": 1096, "uid": "3cabbfc7-6171-4d28-9453-3f0d692f1b3d"}
2026-03-28 16:33:13 | INFO     | [QUESTION_SENT] {"question_idx": 1097, "uid": "ef8dabd9-23f3-4f40-887a-977bbbba31b3"}
2026-03-28 16:34:00 | INFO     | [QUESTION_ATTEMPT] {"attempt": 23, "max_questions": 50, "question_idx": 1097, "uid": "ef8dabd9-23f3-4f40-887a-977bbbba31b3"}
2026-03-28 16:34:31 | INFO     | [QUESTION_SENT] {"question_idx": 1098, "uid": "c8a9ac72-ab61-4110-a4b9-fdd6e8ae3da0"}
2026-03-28 16:34:56 | INFO     | [QUESTION_ATTEMPT] {"attempt": 24, "max_questions": 50, "question_idx": 1098, "uid": "c8a9ac72-ab61-4110-a4b9-fdd6e8ae3da0"}
2026-03-28 16:35:08 | INFO     | [QUESTION_SENT] {"question_idx": 1098, "uid": "c8a9ac72-ab61-4110-a4b9-fdd6e8ae3da0"}
2026-03-28 16:35:38 | INFO     | [QUESTION_ATTEMPT] {"attempt": 25, "max_questions": 50, "question_idx": 1098, "uid": "c8a9ac72-ab61-4110-a4b9-fdd6e8ae3da0"}
2026-03-28 16:36:36 | INFO     | [QUESTION_SENT] {"question_idx": 1099, "uid": "2c63f855-20af-48e4-824e-c3cc580e9b04"}
2026-03-28 16:37:22 | INFO     | [QUESTION_ATTEMPT] {"attempt": 26, "max_questions": 50, "question_idx": 1099, "uid": "2c63f855-20af-48e4-824e-c3cc580e9b04"}
2026-03-28 16:37:53 | INFO     | [QUESTION_SENT] {"question_idx": 1100, "uid": "12e97dd9-635c-406d-84c8-28b056d68b56"}
2026-03-28 16:38:37 | INFO     | [QUESTION_ATTEMPT] {"attempt": 27, "max_questions": 50, "question_idx": 1100, "uid": "12e97dd9-635c-406d-84c8-28b056d68b56"}
2026-03-28 16:38:38 | INFO     | [BOT_STOP] {"bot_id": 12, "total_questions": 27}
2026-03-28 18:32:49 | INFO     | [BOT_START] {"bot_id": 12, "project": "hypos_norm", "timestamp": "2026-03-28T18:32:49.068715", "log_dir": "/home/dmitrii/Documents/projects/clicker_3.0/logs/bot_12"}
2026-03-28 18:32:55 | INFO     | [RESTART] {"bot_id": 12, "note": "first_start"}
2026-03-28 18:32:55 | INFO     | [FSM_INITIALIZED] {"site": "gpt", "scenario": "web_search", "start_state": "start_question"}
2026-03-28 18:33:57 | INFO     | [QUESTION_SENT] {"question_idx": 851, "uid": "3d169d90-6653-4ac4-b26e-117b33b7aa66"}
2026-03-28 18:34:26 | INFO     | [QUESTION_ATTEMPT] {"attempt": 1, "max_questions": 100, "question_idx": 851, "uid": "3d169d90-6653-4ac4-b26e-117b33b7aa66"}
2026-03-28 18:36:32 | INFO     | [QUESTION_SENT] {"question_idx": 852, "uid": "0d147e4c-a490-4cf8-a929-965538cdd051"}
2026-03-28 18:37:10 | INFO     | [QUESTION_ATTEMPT] {"attempt": 2, "max_questions": 100, "question_idx": 852, "uid": "0d147e4c-a490-4cf8-a929-965538cdd051"}
2026-03-28 18:37:22 | INFO     | [QUESTION_SENT] {"question_idx": 852, "uid": "0d147e4c-a490-4cf8-a929-965538cdd051"}
2026-03-28 18:37:44 | INFO     | [QUESTION_ATTEMPT] {"attempt": 3, "max_questions": 100, "question_idx": 852, "uid": "0d147e4c-a490-4cf8-a929-965538cdd051"}
2026-03-28 18:39:59 | INFO     | [QUESTION_SENT] {"question_idx": 853, "uid": "60df8953-fef0-41b4-af2c-2315670245d7"}
2026-03-28 18:40:34 | INFO     | [QUESTION_ATTEMPT] {"attempt": 4, "max_questions": 100, "question_idx": 853, "uid": "60df8953-fef0-41b4-af2c-2315670245d7"}
2026-03-28 18:42:34 | INFO     | [QUESTION_SENT] {"question_idx": 854, "uid": "c88f857b-4bb9-4cf2-8bb1-cb2478e471fe"}
2026-03-28 18:43:06 | INFO     | [QUESTION_ATTEMPT] {"attempt": 5, "max_questions": 100, "question_idx": 854, "uid": "c88f857b-4bb9-4cf2-8bb1-cb2478e471fe"}
2026-03-28 18:45:09 | INFO     | [QUESTION_SENT] {"question_idx": 855, "uid": "db2c73a5-4d9b-441c-915a-7e74dbfab671"}
2026-03-28 18:45:42 | INFO     | [QUESTION_ATTEMPT] {"attempt": 6, "max_questions": 100, "question_idx": 855, "uid": "db2c73a5-4d9b-441c-915a-7e74dbfab671"}
2026-03-28 18:47:44 | INFO     | [QUESTION_SENT] {"question_idx": 856, "uid": "47d1bbde-1278-40fc-b2b3-15392e52c54b"}
2026-03-28 18:48:22 | INFO     | [QUESTION_ATTEMPT] {"attempt": 7, "max_questions": 100, "question_idx": 856, "uid": "47d1bbde-1278-40fc-b2b3-15392e52c54b"}
2026-03-28 18:50:19 | INFO     | [QUESTION_SENT] {"question_idx": 857, "uid": "5c8e8d8b-5e6e-470e-b2af-79fa0dabf04b"}
2026-03-28 18:50:52 | INFO     | [QUESTION_ATTEMPT] {"attempt": 8, "max_questions": 100, "question_idx": 857, "uid": "5c8e8d8b-5e6e-470e-b2af-79fa0dabf04b"}
2026-03-28 18:52:54 | INFO     | [QUESTION_SENT] {"question_idx": 858, "uid": "1ea26423-aa34-48bd-9ad3-dbd55609dd5a"}
2026-03-28 18:53:37 | INFO     | [QUESTION_ATTEMPT] {"attempt": 9, "max_questions": 100, "question_idx": 858, "uid": "1ea26423-aa34-48bd-9ad3-dbd55609dd5a"}
2026-03-28 18:55:30 | INFO     | [QUESTION_SENT] {"question_idx": 859, "uid": "e5a67b6d-c12a-4ca4-aa11-6d6ad5ad7f44"}
2026-03-28 18:55:57 | INFO     | [QUESTION_ATTEMPT] {"attempt": 10, "max_questions": 100, "question_idx": 859, "uid": "e5a67b6d-c12a-4ca4-aa11-6d6ad5ad7f44"}
2026-03-28 18:56:09 | INFO     | [QUESTION_SENT] {"question_idx": 859, "uid": "e5a67b6d-c12a-4ca4-aa11-6d6ad5ad7f44"}
2026-03-28 18:56:32 | INFO     | [QUESTION_ATTEMPT] {"attempt": 11, "max_questions": 100, "question_idx": 859, "uid": "e5a67b6d-c12a-4ca4-aa11-6d6ad5ad7f44"}
2026-03-28 18:58:47 | INFO     | [QUESTION_SENT] {"question_idx": 860, "uid": "9419c5d2-6776-4a4b-ae79-f194d3ee297c"}
2026-03-28 18:59:21 | INFO     | [QUESTION_ATTEMPT] {"attempt": 12, "max_questions": 100, "question_idx": 860, "uid": "9419c5d2-6776-4a4b-ae79-f194d3ee297c"}
2026-03-28 19:01:22 | INFO     | [QUESTION_SENT] {"question_idx": 861, "uid": "dcd4268d-0c56-4c51-9a06-84ef5d4f4942"}
2026-03-28 19:01:55 | INFO     | [QUESTION_ATTEMPT] {"attempt": 13, "max_questions": 100, "question_idx": 861, "uid": "dcd4268d-0c56-4c51-9a06-84ef5d4f4942"}
2026-03-28 19:03:57 | INFO     | [QUESTION_SENT] {"question_idx": 862, "uid": "fa89b90c-ab40-4eeb-bfc4-d22a99cd13f4"}
2026-03-28 19:04:29 | INFO     | [QUESTION_ATTEMPT] {"attempt": 14, "max_questions": 100, "question_idx": 862, "uid": "fa89b90c-ab40-4eeb-bfc4-d22a99cd13f4"}
2026-03-28 19:04:41 | INFO     | [QUESTION_SENT] {"question_idx": 862, "uid": "fa89b90c-ab40-4eeb-bfc4-d22a99cd13f4"}
2026-03-28 19:05:04 | INFO     | [QUESTION_ATTEMPT] {"attempt": 15, "max_questions": 100, "question_idx": 862, "uid": "fa89b90c-ab40-4eeb-bfc4-d22a99cd13f4"}
2026-03-28 19:07:19 | INFO     | [QUESTION_SENT] {"question_idx": 863, "uid": "d8504b64-4988-426d-888d-2c86e85914d8"}
2026-03-28 19:08:23 | INFO     | [QUESTION_ATTEMPT] {"attempt": 16, "max_questions": 100, "question_idx": 863, "uid": "d8504b64-4988-426d-888d-2c86e85914d8"}
2026-03-28 19:08:36 | INFO     | [QUESTION_SENT] {"question_idx": 863, "uid": "d8504b64-4988-426d-888d-2c86e85914d8"}
2026-03-28 19:11:13 | INFO     | [QUESTION_SENT] {"question_idx": 863, "uid": "d8504b64-4988-426d-888d-2c86e85914d8"}
2026-03-28 19:12:53 | INFO     | [QUESTION_ATTEMPT] {"attempt": 17, "max_questions": 100, "question_idx": 863, "uid": "d8504b64-4988-426d-888d-2c86e85914d8"}
2026-03-28 19:13:48 | INFO     | [QUESTION_SENT] {"question_idx": 864, "uid": "8fe2f108-3ba6-4137-83d7-55d15fcc7918"}
2026-03-28 19:14:30 | INFO     | [QUESTION_ATTEMPT] {"attempt": 18, "max_questions": 100, "question_idx": 864, "uid": "8fe2f108-3ba6-4137-83d7-55d15fcc7918"}
2026-03-28 19:16:23 | INFO     | [QUESTION_SENT] {"question_idx": 865, "uid": "e8099a35-af65-4393-a2d4-c0963cdd1532"}
2026-03-28 19:16:53 | INFO     | [QUESTION_ATTEMPT] {"attempt": 19, "max_questions": 100, "question_idx": 865, "uid": "e8099a35-af65-4393-a2d4-c0963cdd1532"}
2026-03-28 19:18:58 | INFO     | [QUESTION_SENT] {"question_idx": 866, "uid": "68aa8984-1a73-419e-94e6-73bfce7f2153"}
2026-03-28 19:21:33 | INFO     | [QUESTION_SENT] {"question_idx": 866, "uid": "68aa8984-1a73-419e-94e6-73bfce7f2153"}
2026-03-28 19:22:03 | INFO     | [QUESTION_ATTEMPT] {"attempt": 20, "max_questions": 100, "question_idx": 866, "uid": "68aa8984-1a73-419e-94e6-73bfce7f2153"}
2026-03-28 19:22:16 | INFO     | [QUESTION_SENT] {"question_idx": 866, "uid": "68aa8984-1a73-419e-94e6-73bfce7f2153"}
2026-03-28 19:22:36 | INFO     | [QUESTION_ATTEMPT] {"attempt": 21, "max_questions": 100, "question_idx": 866, "uid": "68aa8984-1a73-419e-94e6-73bfce7f2153"}
2026-03-28 19:24:53 | INFO     | [QUESTION_SENT] {"question_idx": 867, "uid": "1192f417-d7db-47a9-a053-519e4d875dca"}
2026-03-28 19:27:28 | INFO     | [QUESTION_SENT] {"question_idx": 867, "uid": "1192f417-d7db-47a9-a053-519e4d875dca"}
2026-03-28 19:28:02 | INFO     | [QUESTION_ATTEMPT] {"attempt": 22, "max_questions": 100, "question_idx": 867, "uid": "1192f417-d7db-47a9-a053-519e4d875dca"}
2026-03-28 19:30:03 | INFO     | [QUESTION_SENT] {"question_idx": 868, "uid": "23193410-5506-460d-9099-e87f19f6b500"}
2026-03-28 19:30:40 | INFO     | [QUESTION_ATTEMPT] {"attempt": 23, "max_questions": 100, "question_idx": 868, "uid": "23193410-5506-460d-9099-e87f19f6b500"}
2026-03-28 19:32:38 | INFO     | [QUESTION_SENT] {"question_idx": 869, "uid": "d5370101-b074-4160-bce1-40163e0d3e34"}
2026-03-28 19:33:09 | INFO     | [QUESTION_ATTEMPT] {"attempt": 24, "max_questions": 100, "question_idx": 869, "uid": "d5370101-b074-4160-bce1-40163e0d3e34"}
2026-03-28 19:35:12 | INFO     | [QUESTION_SENT] {"question_idx": 870, "uid": "1f299217-a1b3-454f-8f70-b0f97a5a06ae"}
2026-03-28 19:35:43 | INFO     | [QUESTION_ATTEMPT] {"attempt": 25, "max_questions": 100, "question_idx": 870, "uid": "1f299217-a1b3-454f-8f70-b0f97a5a06ae"}
2026-03-28 19:35:55 | INFO     | [QUESTION_SENT] {"question_idx": 870, "uid": "1f299217-a1b3-454f-8f70-b0f97a5a06ae"}
2026-03-28 19:38:32 | INFO     | [QUESTION_SENT] {"question_idx": 870, "uid": "1f299217-a1b3-454f-8f70-b0f97a5a06ae"}
2026-03-28 19:39:04 | INFO     | [QUESTION_ATTEMPT] {"attempt": 26, "max_questions": 100, "question_idx": 870, "uid": "1f299217-a1b3-454f-8f70-b0f97a5a06ae"}
2026-03-28 19:41:07 | INFO     | [QUESTION_SENT] {"question_idx": 871, "uid": "b24dba19-8275-477c-8969-2af9c621880c"}
2026-03-28 19:41:37 | INFO     | [QUESTION_ATTEMPT] {"attempt": 27, "max_questions": 100, "question_idx": 871, "uid": "b24dba19-8275-477c-8969-2af9c621880c"}
2026-03-28 19:41:50 | INFO     | [QUESTION_SENT] {"question_idx": 871, "uid": "b24dba19-8275-477c-8969-2af9c621880c"}
2026-03-28 19:42:07 | INFO     | [QUESTION_ATTEMPT] {"attempt": 28, "max_questions": 100, "question_idx": 871, "uid": "b24dba19-8275-477c-8969-2af9c621880c"}
2026-03-28 19:42:20 | INFO     | [QUESTION_SENT] {"question_idx": 871, "uid": "b24dba19-8275-477c-8969-2af9c621880c"}
2026-03-28 19:44:57 | INFO     | [QUESTION_SENT] {"question_idx": 871, "uid": "b24dba19-8275-477c-8969-2af9c621880c"}
2026-03-28 19:45:27 | INFO     | [QUESTION_ATTEMPT] {"attempt": 29, "max_questions": 100, "question_idx": 871, "uid": "b24dba19-8275-477c-8969-2af9c621880c"}
2026-03-28 19:47:32 | INFO     | [QUESTION_SENT] {"question_idx": 872, "uid": "81209f52-04f0-4cce-a5d3-641eada07314"}
2026-03-28 19:48:04 | INFO     | [QUESTION_ATTEMPT] {"attempt": 30, "max_questions": 100, "question_idx": 872, "uid": "81209f52-04f0-4cce-a5d3-641eada07314"}
2026-03-28 19:50:07 | INFO     | [QUESTION_SENT] {"question_idx": 873, "uid": "987d5328-c9a1-40a4-998d-15a96bb6f77e"}
2026-03-28 19:52:42 | INFO     | [QUESTION_SENT] {"question_idx": 873, "uid": "987d5328-c9a1-40a4-998d-15a96bb6f77e"}
2026-03-28 19:53:09 | INFO     | [QUESTION_ATTEMPT] {"attempt": 31, "max_questions": 100, "question_idx": 873, "uid": "987d5328-c9a1-40a4-998d-15a96bb6f77e"}
2026-03-28 19:53:21 | INFO     | [QUESTION_SENT] {"question_idx": 873, "uid": "987d5328-c9a1-40a4-998d-15a96bb6f77e"}
2026-03-28 19:53:46 | INFO     | [QUESTION_ATTEMPT] {"attempt": 32, "max_questions": 100, "question_idx": 873, "uid": "987d5328-c9a1-40a4-998d-15a96bb6f77e"}
2026-03-28 19:55:59 | INFO     | [QUESTION_SENT] {"question_idx": 874, "uid": "de612990-e8b8-4b98-9c10-17eb6089f526"}
2026-03-28 19:56:32 | INFO     | [QUESTION_ATTEMPT] {"attempt": 33, "max_questions": 100, "question_idx": 874, "uid": "de612990-e8b8-4b98-9c10-17eb6089f526"}
2026-03-28 19:58:34 | INFO     | [QUESTION_SENT] {"question_idx": 875, "uid": "09d796f9-cba0-4c30-a443-a9d29de93854"}
2026-03-28 19:59:07 | INFO     | [QUESTION_ATTEMPT] {"attempt": 34, "max_questions": 100, "question_idx": 875, "uid": "09d796f9-cba0-4c30-a443-a9d29de93854"}
2026-03-28 20:01:10 | INFO     | [QUESTION_SENT] {"question_idx": 876, "uid": "bbba9f4d-57a7-473a-9a98-33597cbd2b26"}
2026-03-28 20:01:44 | INFO     | [QUESTION_ATTEMPT] {"attempt": 35, "max_questions": 100, "question_idx": 876, "uid": "bbba9f4d-57a7-473a-9a98-33597cbd2b26"}
2026-03-28 20:01:56 | INFO     | [QUESTION_SENT] {"question_idx": 876, "uid": "bbba9f4d-57a7-473a-9a98-33597cbd2b26"}
2026-03-28 20:02:21 | INFO     | [QUESTION_ATTEMPT] {"attempt": 36, "max_questions": 100, "question_idx": 876, "uid": "bbba9f4d-57a7-473a-9a98-33597cbd2b26"}
2026-03-28 20:04:34 | INFO     | [QUESTION_SENT] {"question_idx": 877, "uid": "5338647c-ded8-4eed-b212-643f910bb8a1"}
2026-03-28 20:05:07 | INFO     | [QUESTION_ATTEMPT] {"attempt": 37, "max_questions": 100, "question_idx": 877, "uid": "5338647c-ded8-4eed-b212-643f910bb8a1"}
2026-03-28 20:05:20 | INFO     | [QUESTION_SENT] {"question_idx": 877, "uid": "5338647c-ded8-4eed-b212-643f910bb8a1"}
2026-03-28 20:05:43 | INFO     | [QUESTION_ATTEMPT] {"attempt": 38, "max_questions": 100, "question_idx": 877, "uid": "5338647c-ded8-4eed-b212-643f910bb8a1"}
2026-03-28 20:07:57 | INFO     | [QUESTION_SENT] {"question_idx": 878, "uid": "c6c2213c-4fa3-4fba-9a4d-964e65fa66a7"}
2026-03-28 20:08:15 | INFO     | [QUESTION_ATTEMPT] {"attempt": 39, "max_questions": 100, "question_idx": 878, "uid": "c6c2213c-4fa3-4fba-9a4d-964e65fa66a7"}
2026-03-28 20:08:27 | INFO     | [QUESTION_SENT] {"question_idx": 878, "uid": "c6c2213c-4fa3-4fba-9a4d-964e65fa66a7"}
2026-03-28 20:11:05 | INFO     | [QUESTION_SENT] {"question_idx": 878, "uid": "c6c2213c-4fa3-4fba-9a4d-964e65fa66a7"}
2026-03-28 20:11:39 | INFO     | [QUESTION_ATTEMPT] {"attempt": 40, "max_questions": 100, "question_idx": 878, "uid": "c6c2213c-4fa3-4fba-9a4d-964e65fa66a7"}
2026-03-28 20:13:40 | INFO     | [QUESTION_SENT] {"question_idx": 879, "uid": "6139109c-98d1-4f3e-ab49-6c99687bb340"}
2026-03-28 20:14:10 | INFO     | [QUESTION_ATTEMPT] {"attempt": 41, "max_questions": 100, "question_idx": 879, "uid": "6139109c-98d1-4f3e-ab49-6c99687bb340"}
2026-03-28 20:16:15 | INFO     | [QUESTION_SENT] {"question_idx": 880, "uid": "a718bf7d-9b32-4a76-aeb6-2af072639284"}
2026-03-28 20:16:47 | INFO     | [QUESTION_ATTEMPT] {"attempt": 42, "max_questions": 100, "question_idx": 880, "uid": "a718bf7d-9b32-4a76-aeb6-2af072639284"}
2026-03-28 20:16:48 | INFO     | [BOT_STOP] {"bot_id": 12, "total_questions": 42}
2026-03-28 21:58:12 | INFO     | [BOT_START] {"bot_id": 12, "project": "hypos_norm", "timestamp": "2026-03-28T21:58:12.189146", "log_dir": "/home/dmitrii/Documents/projects/clicker_3.0/logs/bot_12"}
2026-03-28 21:58:18 | INFO     | [RESTART] {"bot_id": 12, "note": "first_start"}
2026-03-28 21:58:18 | INFO     | [FSM_INITIALIZED] {"site": "gpt", "scenario": "web_search", "start_state": "start_question"}
2026-03-28 21:58:53 | INFO     | [QUESTION_SENT] {"question_idx": 831, "uid": "de244d9e-0beb-4cfc-ba5b-3c2ff6a993f6"}
2026-03-28 21:59:39 | INFO     | [QUESTION_ATTEMPT] {"attempt": 1, "max_questions": 100, "question_idx": 831, "uid": "de244d9e-0beb-4cfc-ba5b-3c2ff6a993f6"}
2026-03-28 22:02:26 | INFO     | [QUESTION_SENT] {"question_idx": 832, "uid": "dc7527cc-28bd-4533-a773-75f42991ea07"}
2026-03-28 22:03:11 | INFO     | [QUESTION_ATTEMPT] {"attempt": 2, "max_questions": 100, "question_idx": 832, "uid": "dc7527cc-28bd-4533-a773-75f42991ea07"}
2026-03-28 22:05:59 | INFO     | [QUESTION_SENT] {"question_idx": 833, "uid": "813a643c-b7d3-4c28-b719-d0d048086f29"}
2026-03-28 22:06:40 | INFO     | [QUESTION_ATTEMPT] {"attempt": 3, "max_questions": 100, "question_idx": 833, "uid": "813a643c-b7d3-4c28-b719-d0d048086f29"}
2026-03-28 22:09:32 | INFO     | [QUESTION_SENT] {"question_idx": 834, "uid": "a7386cd8-6986-4626-82f9-30de85b8ac88"}
2026-03-28 22:10:14 | INFO     | [QUESTION_ATTEMPT] {"attempt": 4, "max_questions": 100, "question_idx": 834, "uid": "a7386cd8-6986-4626-82f9-30de85b8ac88"}
2026-03-28 22:13:05 | INFO     | [QUESTION_SENT] {"question_idx": 835, "uid": "566ae06b-a997-41c4-b891-be33c96b8752"}
2026-03-28 22:13:48 | INFO     | [QUESTION_ATTEMPT] {"attempt": 5, "max_questions": 100, "question_idx": 835, "uid": "566ae06b-a997-41c4-b891-be33c96b8752"}
2026-03-28 22:16:38 | INFO     | [QUESTION_SENT] {"question_idx": 836, "uid": "7795bfd5-052a-4dcd-9be4-d6e0d5114112"}
2026-03-28 22:17:21 | INFO     | [QUESTION_ATTEMPT] {"attempt": 6, "max_questions": 100, "question_idx": 836, "uid": "7795bfd5-052a-4dcd-9be4-d6e0d5114112"}
2026-03-28 22:20:12 | INFO     | [QUESTION_SENT] {"question_idx": 837, "uid": "1e9837a0-bc42-4ac1-a5c7-fbbd230831b5"}
2026-03-28 22:20:53 | INFO     | [QUESTION_ATTEMPT] {"attempt": 7, "max_questions": 100, "question_idx": 837, "uid": "1e9837a0-bc42-4ac1-a5c7-fbbd230831b5"}
2026-03-28 22:23:44 | INFO     | [QUESTION_SENT] {"question_idx": 838, "uid": "65619c78-f8f4-4bbd-9aa4-0970d4b5df1c"}
2026-03-28 22:24:34 | INFO     | [QUESTION_ATTEMPT] {"attempt": 8, "max_questions": 100, "question_idx": 838, "uid": "65619c78-f8f4-4bbd-9aa4-0970d4b5df1c"}
2026-03-28 22:27:17 | INFO     | [QUESTION_SENT] {"question_idx": 839, "uid": "4c409826-90ef-4ad3-8dbc-c78364587dc2"}
2026-03-28 22:28:19 | INFO     | [QUESTION_ATTEMPT] {"attempt": 9, "max_questions": 100, "question_idx": 839, "uid": "4c409826-90ef-4ad3-8dbc-c78364587dc2"}
2026-03-28 22:30:50 | INFO     | [QUESTION_SENT] {"question_idx": 840, "uid": "712ec077-1862-4672-87d2-d0a9ebf08651"}
2026-03-28 22:31:35 | INFO     | [QUESTION_ATTEMPT] {"attempt": 10, "max_questions": 100, "question_idx": 840, "uid": "712ec077-1862-4672-87d2-d0a9ebf08651"}
2026-03-28 22:34:23 | INFO     | [QUESTION_SENT] {"question_idx": 841, "uid": "065f886d-1735-465e-95df-a411ace83e1a"}
2026-03-28 22:35:06 | INFO     | [QUESTION_ATTEMPT] {"attempt": 11, "max_questions": 100, "question_idx": 841, "uid": "065f886d-1735-465e-95df-a411ace83e1a"}
2026-03-28 22:37:57 | INFO     | [QUESTION_SENT] {"question_idx": 842, "uid": "821e0cee-4670-4c7f-844c-1a48355b9083"}
2026-03-28 22:38:41 | INFO     | [QUESTION_ATTEMPT] {"attempt": 12, "max_questions": 100, "question_idx": 842, "uid": "821e0cee-4670-4c7f-844c-1a48355b9083"}
2026-03-28 22:41:30 | INFO     | [QUESTION_SENT] {"question_idx": 843, "uid": "4ab06777-490e-4051-8fed-750da587681e"}
2026-03-28 22:42:13 | INFO     | [QUESTION_ATTEMPT] {"attempt": 13, "max_questions": 100, "question_idx": 843, "uid": "4ab06777-490e-4051-8fed-750da587681e"}
2026-03-28 22:45:03 | INFO     | [QUESTION_SENT] {"question_idx": 844, "uid": "ed674ce7-4f76-4017-a42d-81a662d1b1e5"}
2026-03-28 22:45:43 | INFO     | [QUESTION_ATTEMPT] {"attempt": 14, "max_questions": 100, "question_idx": 844, "uid": "ed674ce7-4f76-4017-a42d-81a662d1b1e5"}
2026-03-28 22:48:36 | INFO     | [QUESTION_SENT] {"question_idx": 845, "uid": "533801c8-7b09-4cc4-99da-ed87fc3108f7"}
2026-03-28 22:49:23 | INFO     | [QUESTION_ATTEMPT] {"attempt": 15, "max_questions": 100, "question_idx": 845, "uid": "533801c8-7b09-4cc4-99da-ed87fc3108f7"}
2026-03-28 22:52:09 | INFO     | [QUESTION_SENT] {"question_idx": 846, "uid": "6cc222f8-0271-426a-981b-a6ac6a990d53"}
2026-03-28 22:52:50 | INFO     | [QUESTION_ATTEMPT] {"attempt": 16, "max_questions": 100, "question_idx": 846, "uid": "6cc222f8-0271-426a-981b-a6ac6a990d53"}
2026-03-28 22:55:42 | INFO     | [QUESTION_SENT] {"question_idx": 847, "uid": "32c338c8-47ce-42c3-8ae0-32d6e37bc10a"}
2026-03-28 22:56:29 | INFO     | [QUESTION_ATTEMPT] {"attempt": 17, "max_questions": 100, "question_idx": 847, "uid": "32c338c8-47ce-42c3-8ae0-32d6e37bc10a"}
2026-03-28 22:59:14 | INFO     | [QUESTION_SENT] {"question_idx": 848, "uid": "6d45a9c5-c838-4b5f-b43b-78a8d23c5f7e"}
2026-03-28 23:00:12 | INFO     | [QUESTION_ATTEMPT] {"attempt": 18, "max_questions": 100, "question_idx": 848, "uid": "6d45a9c5-c838-4b5f-b43b-78a8d23c5f7e"}
2026-03-28 23:02:47 | INFO     | [QUESTION_SENT] {"question_idx": 849, "uid": "a4c179d5-6fd0-4985-b700-e5ee499a394b"}
2026-03-28 23:03:27 | INFO     | [QUESTION_ATTEMPT] {"attempt": 19, "max_questions": 100, "question_idx": 849, "uid": "a4c179d5-6fd0-4985-b700-e5ee499a394b"}
2026-03-28 23:06:20 | INFO     | [QUESTION_SENT] {"question_idx": 850, "uid": "c6fea6e0-7f5f-452b-b7cc-00195f39051f"}
2026-03-28 23:07:00 | INFO     | [QUESTION_ATTEMPT] {"attempt": 20, "max_questions": 100, "question_idx": 850, "uid": "c6fea6e0-7f5f-452b-b7cc-00195f39051f"}
2026-03-28 23:07:01 | INFO     | [BOT_STOP] {"bot_id": 12, "total_questions": 20}
