2026-03-31 10:07:54 | INFO     | [BOT_START] {"bot_id": 13, "project": "hypos_norm", "timestamp": "2026-03-31T10:07:54.893199", "log_dir": "/home/dmitrii/Documents/projects/clicker_3.0/logs/bot_13"}
2026-03-31 10:08:00 | INFO     | [RESTART] {"bot_id": 13, "note": "first_start"}
2026-03-31 10:08:00 | INFO     | [FSM_INITIALIZED] {"site": "gpt", "scenario": "web_search", "start_state": "start_question"}
2026-03-31 10:08:25 | INFO     | [QUESTION_SENT] {"question_idx": 1751, "uid": "804f929a-e007-4f8b-8b7d-c6ebae7e580d"}
2026-03-31 10:09:13 | INFO     | [QUESTION_ATTEMPT] {"attempt": 1, "max_questions": 300, "question_idx": 1751, "uid": "804f929a-e007-4f8b-8b7d-c6ebae7e580d"}
2026-03-31 10:09:26 | INFO     | [QUESTION_SENT] {"question_idx": 1751, "uid": "804f929a-e007-4f8b-8b7d-c6ebae7e580d"}
2026-03-31 10:09:59 | INFO     | [QUESTION_ATTEMPT] {"attempt": 2, "max_questions": 300, "question_idx": 1751, "uid": "804f929a-e007-4f8b-8b7d-c6ebae7e580d"}
2026-03-31 10:13:01 | INFO     | [QUESTION_SENT] {"question_idx": 1752, "uid": "bc6085ea-6582-45e2-9433-936d53c230b5"}
2026-03-31 10:16:34 | INFO     | [QUESTION_SENT] {"question_idx": 1752, "uid": "bc6085ea-6582-45e2-9433-936d53c230b5"}
2026-03-31 10:17:15 | INFO     | [QUESTION_ATTEMPT] {"attempt": 3, "max_questions": 300, "question_idx": 1752, "uid": "bc6085ea-6582-45e2-9433-936d53c230b5"}
2026-03-31 10:20:07 | INFO     | [QUESTION_SENT] {"question_idx": 1753, "uid": "17bc0e21-5e04-499d-b16b-b5ab0941a3ab"}
2026-03-31 10:20:47 | INFO     | [QUESTION_ATTEMPT] {"attempt": 4, "max_questions": 300, "question_idx": 1753, "uid": "17bc0e21-5e04-499d-b16b-b5ab0941a3ab"}
2026-03-31 10:23:40 | INFO     | [QUESTION_SENT] {"question_idx": 1754, "uid": "47702a5a-977a-4e6e-bfd4-3e1d22d95a85"}
2026-03-31 10:24:21 | INFO     | [QUESTION_ATTEMPT] {"attempt": 5, "max_questions": 300, "question_idx": 1754, "uid": "47702a5a-977a-4e6e-bfd4-3e1d22d95a85"}
2026-03-31 10:27:14 | INFO     | [QUESTION_SENT] {"question_idx": 1755, "uid": "5b2045d3-6825-4c59-ab65-0e52cc1863eb"}
2026-03-31 10:28:00 | INFO     | [QUESTION_ATTEMPT] {"attempt": 6, "max_questions": 300, "question_idx": 1755, "uid": "5b2045d3-6825-4c59-ab65-0e52cc1863eb"}
2026-03-31 10:30:47 | INFO     | [QUESTION_SENT] {"question_idx": 1756, "uid": "393c5910-312d-4744-b7e3-bfa3c26921c0"}
2026-03-31 10:31:24 | INFO     | [QUESTION_ATTEMPT] {"attempt": 7, "max_questions": 300, "question_idx": 1756, "uid": "393c5910-312d-4744-b7e3-bfa3c26921c0"}
2026-03-31 10:34:20 | INFO     | [QUESTION_SENT] {"question_idx": 1757, "uid": "85d24ff4-7d5d-4089-ade1-3900fac7bc8e"}
2026-03-31 10:35:00 | INFO     | [QUESTION_ATTEMPT] {"attempt": 8, "max_questions": 300, "question_idx": 1757, "uid": "85d24ff4-7d5d-4089-ade1-3900fac7bc8e"}
2026-03-31 10:37:53 | INFO     | [QUESTION_SENT] {"question_idx": 1758, "uid": "a1874370-a373-416b-9e97-d3779bc49c1d"}
2026-03-31 10:38:30 | INFO     | [QUESTION_ATTEMPT] {"attempt": 9, "max_questions": 300, "question_idx": 1758, "uid": "a1874370-a373-416b-9e97-d3779bc49c1d"}
2026-03-31 10:41:26 | INFO     | [QUESTION_SENT] {"question_idx": 1759, "uid": "5ae11534-4f20-4a3c-adc0-2e4fd9135270"}
2026-03-31 11:05:43 | INFO     | [QUESTION_SENT] {"question_idx": 1759, "uid": "5ae11534-4f20-4a3c-adc0-2e4fd9135270"}
2026-03-31 11:06:34 | INFO     | [QUESTION_ATTEMPT] {"attempt": 10, "max_questions": 300, "question_idx": 1759, "uid": "5ae11534-4f20-4a3c-adc0-2e4fd9135270"}
2026-03-31 11:09:16 | INFO     | [QUESTION_SENT] {"question_idx": 1760, "uid": "3bba75bd-b3da-4155-ac64-e10eff8c8fe2"}
2026-03-31 11:09:57 | INFO     | [QUESTION_ATTEMPT] {"attempt": 11, "max_questions": 300, "question_idx": 1760, "uid": "3bba75bd-b3da-4155-ac64-e10eff8c8fe2"}
2026-03-31 11:12:49 | INFO     | [QUESTION_SENT] {"question_idx": 1761, "uid": "026f41ad-dec1-4997-ad1c-6d097f866560"}
2026-03-31 11:13:30 | INFO     | [QUESTION_ATTEMPT] {"attempt": 12, "max_questions": 300, "question_idx": 1761, "uid": "026f41ad-dec1-4997-ad1c-6d097f866560"}
2026-03-31 11:16:22 | INFO     | [QUESTION_SENT] {"question_idx": 1762, "uid": "8fae323a-6e11-43ef-b344-9b975ac6d7a7"}
2026-03-31 11:16:58 | INFO     | [QUESTION_ATTEMPT] {"attempt": 13, "max_questions": 300, "question_idx": 1762, "uid": "8fae323a-6e11-43ef-b344-9b975ac6d7a7"}
2026-03-31 11:19:55 | INFO     | [QUESTION_SENT] {"question_idx": 1763, "uid": "e4409c60-4fbb-4b53-ad76-b557fd57d649"}
2026-03-31 11:20:37 | INFO     | [QUESTION_ATTEMPT] {"attempt": 14, "max_questions": 300, "question_idx": 1763, "uid": "e4409c60-4fbb-4b53-ad76-b557fd57d649"}
2026-03-31 11:23:28 | INFO     | [QUESTION_SENT] {"question_idx": 1764, "uid": "385d8ee3-7876-4551-99bb-c9e5e9d45fd4"}
2026-03-31 11:24:13 | INFO     | [QUESTION_ATTEMPT] {"attempt": 15, "max_questions": 300, "question_idx": 1764, "uid": "385d8ee3-7876-4551-99bb-c9e5e9d45fd4"}
2026-03-31 11:27:02 | INFO     | [QUESTION_SENT] {"question_idx": 1765, "uid": "a972024b-290b-4f96-9982-80203e5dc933"}
2026-03-31 11:27:45 | INFO     | [QUESTION_ATTEMPT] {"attempt": 16, "max_questions": 300, "question_idx": 1765, "uid": "a972024b-290b-4f96-9982-80203e5dc933"}
2026-03-31 11:30:35 | INFO     | [QUESTION_SENT] {"question_idx": 1766, "uid": "43f1020f-7fb0-484f-b28c-6a8cedcc56ef"}
2026-03-31 11:34:08 | INFO     | [QUESTION_SENT] {"question_idx": 1766, "uid": "43f1020f-7fb0-484f-b28c-6a8cedcc56ef"}
2026-03-31 11:34:53 | INFO     | [QUESTION_ATTEMPT] {"attempt": 17, "max_questions": 300, "question_idx": 1766, "uid": "43f1020f-7fb0-484f-b28c-6a8cedcc56ef"}
2026-03-31 11:37:41 | INFO     | [QUESTION_SENT] {"question_idx": 1767, "uid": "b2ee74b7-cf71-4ebf-ba6d-a11423578fe2"}
2026-03-31 11:38:25 | INFO     | [QUESTION_ATTEMPT] {"attempt": 18, "max_questions": 300, "question_idx": 1767, "uid": "b2ee74b7-cf71-4ebf-ba6d-a11423578fe2"}
2026-03-31 11:41:14 | INFO     | [QUESTION_SENT] {"question_idx": 1768, "uid": "ad00512d-6ac3-4674-b2d6-7dbaec53ebcd"}
2026-03-31 11:41:56 | INFO     | [QUESTION_ATTEMPT] {"attempt": 19, "max_questions": 300, "question_idx": 1768, "uid": "ad00512d-6ac3-4674-b2d6-7dbaec53ebcd"}
2026-03-31 11:44:48 | INFO     | [QUESTION_SENT] {"question_idx": 1769, "uid": "75d40d69-68e6-4136-9f65-525c2552e9d8"}
2026-03-31 11:45:25 | INFO     | [QUESTION_ATTEMPT] {"attempt": 20, "max_questions": 300, "question_idx": 1769, "uid": "75d40d69-68e6-4136-9f65-525c2552e9d8"}
2026-03-31 11:48:21 | INFO     | [QUESTION_SENT] {"question_idx": 1770, "uid": "d181acd6-5276-4612-97a9-f19c7ea539c9"}
2026-03-31 11:51:54 | INFO     | [QUESTION_SENT] {"question_idx": 1770, "uid": "d181acd6-5276-4612-97a9-f19c7ea539c9"}
2026-03-31 11:52:35 | INFO     | [QUESTION_ATTEMPT] {"attempt": 21, "max_questions": 300, "question_idx": 1770, "uid": "d181acd6-5276-4612-97a9-f19c7ea539c9"}
2026-03-31 11:55:27 | INFO     | [QUESTION_SENT] {"question_idx": 1771, "uid": "f6b360a2-0507-4e38-ab13-ff9550e13cf8"}
2026-03-31 11:56:04 | INFO     | [QUESTION_ATTEMPT] {"attempt": 22, "max_questions": 300, "question_idx": 1771, "uid": "f6b360a2-0507-4e38-ab13-ff9550e13cf8"}
2026-03-31 11:59:00 | INFO     | [QUESTION_SENT] {"question_idx": 1772, "uid": "1b5c66b1-fa7f-41fd-a1ef-6106e4f26a81"}
2026-03-31 12:02:33 | INFO     | [QUESTION_SENT] {"question_idx": 1772, "uid": "1b5c66b1-fa7f-41fd-a1ef-6106e4f26a81"}
2026-03-31 12:03:16 | INFO     | [QUESTION_ATTEMPT] {"attempt": 23, "max_questions": 300, "question_idx": 1772, "uid": "1b5c66b1-fa7f-41fd-a1ef-6106e4f26a81"}
2026-03-31 12:06:06 | INFO     | [QUESTION_SENT] {"question_idx": 1773, "uid": "019db2f5-7823-42e3-b35f-79abc817da1b"}
2026-03-31 12:06:44 | INFO     | [QUESTION_ATTEMPT] {"attempt": 24, "max_questions": 300, "question_idx": 1773, "uid": "019db2f5-7823-42e3-b35f-79abc817da1b"}
2026-03-31 12:06:57 | INFO     | [QUESTION_SENT] {"question_idx": 1773, "uid": "019db2f5-7823-42e3-b35f-79abc817da1b"}
2026-03-31 12:07:26 | INFO     | [QUESTION_ATTEMPT] {"attempt": 25, "max_questions": 300, "question_idx": 1773, "uid": "019db2f5-7823-42e3-b35f-79abc817da1b"}
2026-03-31 12:10:32 | INFO     | [QUESTION_SENT] {"question_idx": 1773, "uid": "019db2f5-7823-42e3-b35f-79abc817da1b"}
2026-03-31 12:11:20 | INFO     | [QUESTION_ATTEMPT] {"attempt": 26, "max_questions": 300, "question_idx": 1773, "uid": "019db2f5-7823-42e3-b35f-79abc817da1b"}
2026-03-31 12:14:06 | INFO     | [QUESTION_SENT] {"question_idx": 1774, "uid": "9a567bea-300a-42d4-81ea-ba0f4c5feb41"}
2026-03-31 12:14:47 | INFO     | [QUESTION_ATTEMPT] {"attempt": 27, "max_questions": 300, "question_idx": 1774, "uid": "9a567bea-300a-42d4-81ea-ba0f4c5feb41"}
2026-03-31 12:17:39 | INFO     | [QUESTION_SENT] {"question_idx": 1775, "uid": "fe91dae6-1782-4dfc-a055-23f7dc59ea2c"}
2026-03-31 12:18:24 | INFO     | [QUESTION_ATTEMPT] {"attempt": 28, "max_questions": 300, "question_idx": 1775, "uid": "fe91dae6-1782-4dfc-a055-23f7dc59ea2c"}
2026-03-31 12:21:12 | INFO     | [QUESTION_SENT] {"question_idx": 1776, "uid": "e528fa07-f6bc-4425-af67-e6edb48948f6"}
2026-03-31 12:21:55 | INFO     | [QUESTION_ATTEMPT] {"attempt": 29, "max_questions": 300, "question_idx": 1776, "uid": "e528fa07-f6bc-4425-af67-e6edb48948f6"}
2026-03-31 12:24:45 | INFO     | [QUESTION_SENT] {"question_idx": 1777, "uid": "ff38b2fb-78f6-499d-b0b0-f7f45479468b"}
2026-03-31 12:25:31 | INFO     | [QUESTION_ATTEMPT] {"attempt": 30, "max_questions": 300, "question_idx": 1777, "uid": "ff38b2fb-78f6-499d-b0b0-f7f45479468b"}
2026-03-31 12:28:20 | INFO     | [QUESTION_SENT] {"question_idx": 1778, "uid": "b425d649-bb8b-431f-ba71-0fa33dc48393"}
2026-03-31 12:29:02 | INFO     | [QUESTION_ATTEMPT] {"attempt": 31, "max_questions": 300, "question_idx": 1778, "uid": "b425d649-bb8b-431f-ba71-0fa33dc48393"}
2026-03-31 12:31:53 | INFO     | [QUESTION_SENT] {"question_idx": 1779, "uid": "d95070c0-c795-4a41-a9dc-c888645e53ea"}
2026-03-31 12:32:41 | INFO     | [QUESTION_ATTEMPT] {"attempt": 32, "max_questions": 300, "question_idx": 1779, "uid": "d95070c0-c795-4a41-a9dc-c888645e53ea"}
2026-03-31 12:35:26 | INFO     | [QUESTION_SENT] {"question_idx": 1780, "uid": "24eb5786-d9bd-4cee-814c-a6326912a29a"}
2026-03-31 12:36:20 | INFO     | [QUESTION_ATTEMPT] {"attempt": 33, "max_questions": 300, "question_idx": 1780, "uid": "24eb5786-d9bd-4cee-814c-a6326912a29a"}
2026-03-31 12:38:59 | INFO     | [QUESTION_SENT] {"question_idx": 1781, "uid": "efc54500-9f20-45d5-a277-99673f07c623"}
2026-03-31 12:39:40 | INFO     | [QUESTION_ATTEMPT] {"attempt": 34, "max_questions": 300, "question_idx": 1781, "uid": "efc54500-9f20-45d5-a277-99673f07c623"}
2026-03-31 12:42:32 | INFO     | [QUESTION_SENT] {"question_idx": 1782, "uid": "0df3c934-86b8-422a-859b-ff3de9d63baf"}
2026-03-31 12:43:16 | INFO     | [QUESTION_ATTEMPT] {"attempt": 35, "max_questions": 300, "question_idx": 1782, "uid": "0df3c934-86b8-422a-859b-ff3de9d63baf"}
2026-03-31 12:46:05 | INFO     | [QUESTION_SENT] {"question_idx": 1783, "uid": "119febd3-c3a6-4b93-812f-ea207845c7bd"}
2026-03-31 12:46:51 | INFO     | [QUESTION_ATTEMPT] {"attempt": 36, "max_questions": 300, "question_idx": 1783, "uid": "119febd3-c3a6-4b93-812f-ea207845c7bd"}
2026-03-31 12:49:38 | INFO     | [QUESTION_SENT] {"question_idx": 1784, "uid": "16102b54-e05e-4b70-957b-17d607bb2221"}
2026-03-31 12:50:29 | INFO     | [QUESTION_ATTEMPT] {"attempt": 37, "max_questions": 300, "question_idx": 1784, "uid": "16102b54-e05e-4b70-957b-17d607bb2221"}
2026-03-31 12:53:11 | INFO     | [QUESTION_SENT] {"question_idx": 1785, "uid": "e0d20129-9245-445e-8f16-0d2387a525d8"}
2026-03-31 12:54:01 | INFO     | [QUESTION_ATTEMPT] {"attempt": 38, "max_questions": 300, "question_idx": 1785, "uid": "e0d20129-9245-445e-8f16-0d2387a525d8"}
2026-03-31 12:54:13 | INFO     | [QUESTION_SENT] {"question_idx": 1785, "uid": "e0d20129-9245-445e-8f16-0d2387a525d8"}
2026-03-31 12:54:48 | INFO     | [QUESTION_ATTEMPT] {"attempt": 39, "max_questions": 300, "question_idx": 1785, "uid": "e0d20129-9245-445e-8f16-0d2387a525d8"}
2026-03-31 12:57:49 | INFO     | [QUESTION_SENT] {"question_idx": 1786, "uid": "73e1d518-98a2-4dbb-8719-82108a06d694"}
2026-03-31 12:58:37 | INFO     | [QUESTION_ATTEMPT] {"attempt": 40, "max_questions": 300, "question_idx": 1786, "uid": "73e1d518-98a2-4dbb-8719-82108a06d694"}
2026-03-31 13:01:22 | INFO     | [QUESTION_SENT] {"question_idx": 1787, "uid": "766f0137-2b51-429b-9fb9-40b86bd9b58d"}
2026-03-31 13:02:13 | INFO     | [QUESTION_ATTEMPT] {"attempt": 41, "max_questions": 300, "question_idx": 1787, "uid": "766f0137-2b51-429b-9fb9-40b86bd9b58d"}
2026-03-31 13:04:55 | INFO     | [QUESTION_SENT] {"question_idx": 1788, "uid": "732adbc8-e283-4856-8105-f39abeda5f16"}
2026-03-31 13:05:55 | INFO     | [QUESTION_ATTEMPT] {"attempt": 42, "max_questions": 300, "question_idx": 1788, "uid": "732adbc8-e283-4856-8105-f39abeda5f16"}
2026-03-31 13:08:28 | INFO     | [QUESTION_SENT] {"question_idx": 1789, "uid": "96a71a8a-6124-4ec7-b91c-7e0c46694f8f"}
2026-03-31 13:09:21 | INFO     | [QUESTION_ATTEMPT] {"attempt": 43, "max_questions": 300, "question_idx": 1789, "uid": "96a71a8a-6124-4ec7-b91c-7e0c46694f8f"}
2026-03-31 13:12:02 | INFO     | [QUESTION_SENT] {"question_idx": 1790, "uid": "306c91ac-4027-4287-b4a9-4538ca7f7d2a"}
2026-03-31 13:12:43 | INFO     | [QUESTION_ATTEMPT] {"attempt": 44, "max_questions": 300, "question_idx": 1790, "uid": "306c91ac-4027-4287-b4a9-4538ca7f7d2a"}
2026-03-31 13:15:35 | INFO     | [QUESTION_SENT] {"question_idx": 1791, "uid": "955d1280-c31f-4f5e-967b-8e8ae3c8597e"}
2026-03-31 13:16:22 | INFO     | [QUESTION_ATTEMPT] {"attempt": 45, "max_questions": 300, "question_idx": 1791, "uid": "955d1280-c31f-4f5e-967b-8e8ae3c8597e"}
2026-03-31 13:19:08 | INFO     | [QUESTION_SENT] {"question_idx": 1792, "uid": "0aa0d1ee-36a2-4197-a568-613e8d6d922d"}
2026-03-31 13:19:49 | INFO     | [QUESTION_ATTEMPT] {"attempt": 46, "max_questions": 300, "question_idx": 1792, "uid": "0aa0d1ee-36a2-4197-a568-613e8d6d922d"}
2026-03-31 13:22:41 | INFO     | [QUESTION_SENT] {"question_idx": 1793, "uid": "6c686727-e17a-4a33-8b80-7af7f69a09ca"}
2026-03-31 13:23:12 | INFO     | [QUESTION_ATTEMPT] {"attempt": 47, "max_questions": 300, "question_idx": 1793, "uid": "6c686727-e17a-4a33-8b80-7af7f69a09ca"}
2026-03-31 13:26:14 | INFO     | [QUESTION_SENT] {"question_idx": 1794, "uid": "bf6a7be9-9f6b-4e6f-ad8d-27ba47acdf72"}
2026-03-31 13:26:57 | INFO     | [QUESTION_ATTEMPT] {"attempt": 48, "max_questions": 300, "question_idx": 1794, "uid": "bf6a7be9-9f6b-4e6f-ad8d-27ba47acdf72"}
2026-03-31 13:29:48 | INFO     | [QUESTION_SENT] {"question_idx": 1795, "uid": "ea85b661-ca56-49a8-b5e8-d055e8e1972d"}
2026-03-31 13:30:34 | INFO     | [QUESTION_ATTEMPT] {"attempt": 49, "max_questions": 300, "question_idx": 1795, "uid": "ea85b661-ca56-49a8-b5e8-d055e8e1972d"}
2026-03-31 13:33:21 | INFO     | [QUESTION_SENT] {"question_idx": 1796, "uid": "adc9cd14-ed6a-4460-96e8-9f93b5405e70"}
2026-03-31 13:34:03 | INFO     | [QUESTION_ATTEMPT] {"attempt": 50, "max_questions": 300, "question_idx": 1796, "uid": "adc9cd14-ed6a-4460-96e8-9f93b5405e70"}
2026-03-31 13:36:54 | INFO     | [QUESTION_SENT] {"question_idx": 1797, "uid": "173254bb-9b4e-4c6f-93be-41a794d62665"}
2026-03-31 13:37:38 | INFO     | [QUESTION_ATTEMPT] {"attempt": 51, "max_questions": 300, "question_idx": 1797, "uid": "173254bb-9b4e-4c6f-93be-41a794d62665"}
2026-03-31 13:40:27 | INFO     | [QUESTION_SENT] {"question_idx": 1798, "uid": "b9807b65-ef86-46ab-ae9f-8b7b5f18fdd9"}
2026-03-31 13:41:06 | INFO     | [QUESTION_ATTEMPT] {"attempt": 52, "max_questions": 300, "question_idx": 1798, "uid": "b9807b65-ef86-46ab-ae9f-8b7b5f18fdd9"}
2026-03-31 13:44:00 | INFO     | [QUESTION_SENT] {"question_idx": 1799, "uid": "c41dc27f-cd10-4208-bc17-e9cecf10b082"}
2026-03-31 13:44:45 | INFO     | [QUESTION_ATTEMPT] {"attempt": 53, "max_questions": 300, "question_idx": 1799, "uid": "c41dc27f-cd10-4208-bc17-e9cecf10b082"}
2026-03-31 13:47:46 | INFO     | [QUESTION_SENT] {"question_idx": 1800, "uid": "7f8e88f8-61eb-4bf3-a008-2db49c0d7372"}
2026-03-31 13:48:38 | INFO     | [QUESTION_ATTEMPT] {"attempt": 54, "max_questions": 300, "question_idx": 1800, "uid": "7f8e88f8-61eb-4bf3-a008-2db49c0d7372"}
2026-03-31 13:51:19 | INFO     | [QUESTION_SENT] {"question_idx": 1801, "uid": "42885dd6-06c8-4ec8-bd30-43a479bc807e"}
2026-03-31 13:52:05 | INFO     | [QUESTION_ATTEMPT] {"attempt": 55, "max_questions": 300, "question_idx": 1801, "uid": "42885dd6-06c8-4ec8-bd30-43a479bc807e"}
2026-03-31 13:54:52 | INFO     | [QUESTION_SENT] {"question_idx": 1802, "uid": "e673f306-2e07-4cf0-81e7-daa32a84513a"}
2026-03-31 13:55:35 | INFO     | [QUESTION_ATTEMPT] {"attempt": 56, "max_questions": 300, "question_idx": 1802, "uid": "e673f306-2e07-4cf0-81e7-daa32a84513a"}
2026-03-31 13:58:25 | INFO     | [QUESTION_SENT] {"question_idx": 1803, "uid": "8a7dcc0c-76fa-4c01-a21d-e54c1489546e"}
2026-03-31 13:59:12 | INFO     | [QUESTION_ATTEMPT] {"attempt": 57, "max_questions": 300, "question_idx": 1803, "uid": "8a7dcc0c-76fa-4c01-a21d-e54c1489546e"}
2026-03-31 14:01:59 | INFO     | [QUESTION_SENT] {"question_idx": 1804, "uid": "799c4888-cb75-4a38-83f7-a1312070aaf6"}
2026-03-31 14:02:43 | INFO     | [QUESTION_ATTEMPT] {"attempt": 58, "max_questions": 300, "question_idx": 1804, "uid": "799c4888-cb75-4a38-83f7-a1312070aaf6"}
2026-03-31 14:05:32 | INFO     | [QUESTION_SENT] {"question_idx": 1805, "uid": "682f224b-ad60-4799-b6e5-66f05a8deda7"}
2026-03-31 14:06:15 | INFO     | [QUESTION_ATTEMPT] {"attempt": 59, "max_questions": 300, "question_idx": 1805, "uid": "682f224b-ad60-4799-b6e5-66f05a8deda7"}
2026-03-31 14:09:05 | INFO     | [QUESTION_SENT] {"question_idx": 1806, "uid": "a84a9545-a078-4d37-a759-22a960130fe8"}
2026-03-31 14:09:54 | INFO     | [QUESTION_ATTEMPT] {"attempt": 60, "max_questions": 300, "question_idx": 1806, "uid": "a84a9545-a078-4d37-a759-22a960130fe8"}
2026-03-31 14:12:38 | INFO     | [QUESTION_SENT] {"question_idx": 1807, "uid": "a573e627-353e-4b7f-bd34-cca4c47e1a9e"}
2026-03-31 14:13:19 | INFO     | [QUESTION_ATTEMPT] {"attempt": 61, "max_questions": 300, "question_idx": 1807, "uid": "a573e627-353e-4b7f-bd34-cca4c47e1a9e"}
2026-03-31 14:16:11 | INFO     | [QUESTION_SENT] {"question_idx": 1808, "uid": "22300d64-715d-4501-8b5b-a8cf2373293b"}
2026-03-31 14:17:00 | INFO     | [QUESTION_ATTEMPT] {"attempt": 62, "max_questions": 300, "question_idx": 1808, "uid": "22300d64-715d-4501-8b5b-a8cf2373293b"}
2026-03-31 14:19:44 | INFO     | [QUESTION_SENT] {"question_idx": 1809, "uid": "6fb7e347-e8b4-4f3e-b850-c5da5d08b632"}
2026-03-31 14:20:32 | INFO     | [QUESTION_ATTEMPT] {"attempt": 63, "max_questions": 300, "question_idx": 1809, "uid": "6fb7e347-e8b4-4f3e-b850-c5da5d08b632"}
2026-03-31 14:23:17 | INFO     | [QUESTION_SENT] {"question_idx": 1810, "uid": "d4797526-12b3-4523-8061-97c6a94ed9a4"}
2026-03-31 14:23:57 | INFO     | [QUESTION_ATTEMPT] {"attempt": 64, "max_questions": 300, "question_idx": 1810, "uid": "d4797526-12b3-4523-8061-97c6a94ed9a4"}
2026-03-31 14:26:50 | INFO     | [QUESTION_SENT] {"question_idx": 1811, "uid": "957e2f7d-083f-4345-8fca-465ffbc0acae"}
2026-03-31 14:27:38 | INFO     | [QUESTION_ATTEMPT] {"attempt": 65, "max_questions": 300, "question_idx": 1811, "uid": "957e2f7d-083f-4345-8fca-465ffbc0acae"}
2026-03-31 14:30:23 | INFO     | [QUESTION_SENT] {"question_idx": 1812, "uid": "a3f6131b-3204-4b72-be81-12fe8aea7222"}
2026-03-31 14:31:07 | INFO     | [QUESTION_ATTEMPT] {"attempt": 66, "max_questions": 300, "question_idx": 1812, "uid": "a3f6131b-3204-4b72-be81-12fe8aea7222"}
2026-03-31 14:33:57 | INFO     | [QUESTION_SENT] {"question_idx": 1813, "uid": "4a6bd2be-5d1b-45c5-b91e-afdc06a270fb"}
2026-03-31 14:34:43 | INFO     | [QUESTION_ATTEMPT] {"attempt": 67, "max_questions": 300, "question_idx": 1813, "uid": "4a6bd2be-5d1b-45c5-b91e-afdc06a270fb"}
2026-03-31 14:37:30 | INFO     | [QUESTION_SENT] {"question_idx": 1814, "uid": "8fd9b9b0-4bbe-401d-a8d5-ba5cb04aec52"}
2026-03-31 14:38:17 | INFO     | [QUESTION_ATTEMPT] {"attempt": 68, "max_questions": 300, "question_idx": 1814, "uid": "8fd9b9b0-4bbe-401d-a8d5-ba5cb04aec52"}
2026-03-31 14:41:03 | INFO     | [QUESTION_SENT] {"question_idx": 1815, "uid": "11d3553a-9fed-4be1-bbf0-a9860172eb7e"}
2026-03-31 14:41:43 | INFO     | [QUESTION_ATTEMPT] {"attempt": 69, "max_questions": 300, "question_idx": 1815, "uid": "11d3553a-9fed-4be1-bbf0-a9860172eb7e"}
2026-03-31 14:44:36 | INFO     | [QUESTION_SENT] {"question_idx": 1816, "uid": "f6205dea-0ad8-448c-bdca-d04e8bc48e22"}
2026-03-31 14:45:20 | INFO     | [QUESTION_ATTEMPT] {"attempt": 70, "max_questions": 300, "question_idx": 1816, "uid": "f6205dea-0ad8-448c-bdca-d04e8bc48e22"}
2026-03-31 14:48:09 | INFO     | [QUESTION_SENT] {"question_idx": 1817, "uid": "033a4c53-3d2b-4fa0-8c80-6e13bcf07942"}
2026-03-31 14:48:48 | INFO     | [QUESTION_ATTEMPT] {"attempt": 71, "max_questions": 300, "question_idx": 1817, "uid": "033a4c53-3d2b-4fa0-8c80-6e13bcf07942"}
2026-03-31 14:51:42 | INFO     | [QUESTION_SENT] {"question_idx": 1818, "uid": "7bba1cb8-7d11-43c8-9e26-6bd48a665f8e"}
2026-03-31 14:52:09 | INFO     | [QUESTION_ATTEMPT] {"attempt": 72, "max_questions": 300, "question_idx": 1818, "uid": "7bba1cb8-7d11-43c8-9e26-6bd48a665f8e"}
2026-03-31 14:55:15 | INFO     | [QUESTION_SENT] {"question_idx": 1819, "uid": "2d989901-6d25-4c1a-8215-2ba2887749de"}
2026-03-31 14:56:00 | INFO     | [QUESTION_ATTEMPT] {"attempt": 73, "max_questions": 300, "question_idx": 1819, "uid": "2d989901-6d25-4c1a-8215-2ba2887749de"}
2026-03-31 14:58:49 | INFO     | [QUESTION_SENT] {"question_idx": 1820, "uid": "b7f6cf55-07c2-4d3d-a282-b4f7ce53569b"}
2026-03-31 15:02:22 | INFO     | [QUESTION_SENT] {"question_idx": 1820, "uid": "b7f6cf55-07c2-4d3d-a282-b4f7ce53569b"}
2026-03-31 15:03:07 | INFO     | [QUESTION_ATTEMPT] {"attempt": 74, "max_questions": 300, "question_idx": 1820, "uid": "b7f6cf55-07c2-4d3d-a282-b4f7ce53569b"}
2026-03-31 15:05:55 | INFO     | [QUESTION_SENT] {"question_idx": 1821, "uid": "10659d8a-2b0a-44f7-b764-0620782497a0"}
2026-03-31 15:06:40 | INFO     | [QUESTION_ATTEMPT] {"attempt": 75, "max_questions": 300, "question_idx": 1821, "uid": "10659d8a-2b0a-44f7-b764-0620782497a0"}
2026-03-31 15:09:27 | INFO     | [QUESTION_SENT] {"question_idx": 1822, "uid": "61b6c745-03fc-4b45-a37e-a95ce5ddc838"}
2026-03-31 15:10:05 | INFO     | [QUESTION_ATTEMPT] {"attempt": 76, "max_questions": 300, "question_idx": 1822, "uid": "61b6c745-03fc-4b45-a37e-a95ce5ddc838"}
2026-03-31 15:13:00 | INFO     | [QUESTION_SENT] {"question_idx": 1823, "uid": "a00995f2-874d-4fb4-b418-01b9a953d6ac"}
2026-03-31 15:13:44 | INFO     | [QUESTION_ATTEMPT] {"attempt": 77, "max_questions": 300, "question_idx": 1823, "uid": "a00995f2-874d-4fb4-b418-01b9a953d6ac"}
2026-03-31 15:16:33 | INFO     | [QUESTION_SENT] {"question_idx": 1824, "uid": "9dd4142f-33e0-4a6b-8507-b9a2637f44b9"}
2026-03-31 15:17:20 | INFO     | [QUESTION_ATTEMPT] {"attempt": 78, "max_questions": 300, "question_idx": 1824, "uid": "9dd4142f-33e0-4a6b-8507-b9a2637f44b9"}
2026-03-31 15:20:07 | INFO     | [QUESTION_SENT] {"question_idx": 1825, "uid": "a420ffca-b611-4109-95fc-9a0db06d5560"}
2026-03-31 15:20:52 | INFO     | [QUESTION_ATTEMPT] {"attempt": 79, "max_questions": 300, "question_idx": 1825, "uid": "a420ffca-b611-4109-95fc-9a0db06d5560"}
2026-03-31 15:23:40 | INFO     | [QUESTION_SENT] {"question_idx": 1826, "uid": "653eed43-22ec-4833-8fa7-2e8bcbc04a7e"}
2026-03-31 15:24:20 | INFO     | [QUESTION_ATTEMPT] {"attempt": 80, "max_questions": 300, "question_idx": 1826, "uid": "653eed43-22ec-4833-8fa7-2e8bcbc04a7e"}
2026-03-31 15:27:13 | INFO     | [QUESTION_SENT] {"question_idx": 1827, "uid": "d8671c41-1a76-46c4-af5a-4766534bbfeb"}
2026-03-31 15:30:46 | INFO     | [QUESTION_SENT] {"question_idx": 1827, "uid": "d8671c41-1a76-46c4-af5a-4766534bbfeb"}
2026-03-31 15:31:29 | INFO     | [QUESTION_ATTEMPT] {"attempt": 81, "max_questions": 300, "question_idx": 1827, "uid": "d8671c41-1a76-46c4-af5a-4766534bbfeb"}
2026-03-31 15:34:19 | INFO     | [QUESTION_SENT] {"question_idx": 1828, "uid": "5914ffa3-0341-4350-930d-53276d3e68da"}
2026-03-31 15:35:06 | INFO     | [QUESTION_ATTEMPT] {"attempt": 82, "max_questions": 300, "question_idx": 1828, "uid": "5914ffa3-0341-4350-930d-53276d3e68da"}
2026-03-31 15:37:53 | INFO     | [QUESTION_SENT] {"question_idx": 1829, "uid": "5dffef46-6944-4e07-bec0-7b678a09dc10"}
2026-03-31 15:38:34 | INFO     | [QUESTION_ATTEMPT] {"attempt": 83, "max_questions": 300, "question_idx": 1829, "uid": "5dffef46-6944-4e07-bec0-7b678a09dc10"}
2026-03-31 15:41:26 | INFO     | [QUESTION_SENT] {"question_idx": 1830, "uid": "8ef4bfbf-12e4-4084-9caf-d23555111603"}
2026-03-31 15:42:09 | INFO     | [QUESTION_ATTEMPT] {"attempt": 84, "max_questions": 300, "question_idx": 1830, "uid": "8ef4bfbf-12e4-4084-9caf-d23555111603"}
2026-03-31 15:44:59 | INFO     | [QUESTION_SENT] {"question_idx": 1831, "uid": "264ccbaf-834a-4cc3-af0c-06ba956fcd05"}
2026-03-31 15:45:48 | INFO     | [QUESTION_ATTEMPT] {"attempt": 85, "max_questions": 300, "question_idx": 1831, "uid": "264ccbaf-834a-4cc3-af0c-06ba956fcd05"}
2026-03-31 15:48:32 | INFO     | [QUESTION_SENT] {"question_idx": 1832, "uid": "8c1773e6-98f1-49e3-9e3a-bc6ae5fdb066"}
2026-03-31 15:49:08 | INFO     | [QUESTION_ATTEMPT] {"attempt": 86, "max_questions": 300, "question_idx": 1832, "uid": "8c1773e6-98f1-49e3-9e3a-bc6ae5fdb066"}
2026-03-31 15:52:05 | INFO     | [QUESTION_SENT] {"question_idx": 1833, "uid": "f55928bc-a416-4209-b056-4e230457ffc4"}
2026-03-31 15:52:48 | INFO     | [QUESTION_ATTEMPT] {"attempt": 87, "max_questions": 300, "question_idx": 1833, "uid": "f55928bc-a416-4209-b056-4e230457ffc4"}
2026-03-31 15:55:38 | INFO     | [QUESTION_SENT] {"question_idx": 1834, "uid": "7e30d70b-74cd-49e4-be36-28d5dd1f846f"}
2026-03-31 15:56:28 | INFO     | [QUESTION_ATTEMPT] {"attempt": 88, "max_questions": 300, "question_idx": 1834, "uid": "7e30d70b-74cd-49e4-be36-28d5dd1f846f"}
2026-03-31 15:59:12 | INFO     | [QUESTION_SENT] {"question_idx": 1835, "uid": "541afc61-6390-4e62-977d-be7df294d451"}
2026-03-31 15:59:59 | INFO     | [QUESTION_ATTEMPT] {"attempt": 89, "max_questions": 300, "question_idx": 1835, "uid": "541afc61-6390-4e62-977d-be7df294d451"}
2026-03-31 16:02:45 | INFO     | [QUESTION_SENT] {"question_idx": 1836, "uid": "b092f7a6-6d26-4d63-9081-9faa7e985fe9"}
2026-03-31 16:03:29 | INFO     | [QUESTION_ATTEMPT] {"attempt": 90, "max_questions": 300, "question_idx": 1836, "uid": "b092f7a6-6d26-4d63-9081-9faa7e985fe9"}
2026-03-31 16:06:18 | INFO     | [QUESTION_SENT] {"question_idx": 1837, "uid": "07b7e6b8-8a70-4c28-b30c-79418655f3cd"}
2026-03-31 16:09:51 | INFO     | [QUESTION_SENT] {"question_idx": 1837, "uid": "07b7e6b8-8a70-4c28-b30c-79418655f3cd"}
2026-03-31 16:10:37 | INFO     | [QUESTION_ATTEMPT] {"attempt": 91, "max_questions": 300, "question_idx": 1837, "uid": "07b7e6b8-8a70-4c28-b30c-79418655f3cd"}
2026-03-31 16:13:24 | INFO     | [QUESTION_SENT] {"question_idx": 1838, "uid": "094421db-45e0-47ce-aa04-db4a41c145a9"}
2026-03-31 16:14:09 | INFO     | [QUESTION_ATTEMPT] {"attempt": 92, "max_questions": 300, "question_idx": 1838, "uid": "094421db-45e0-47ce-aa04-db4a41c145a9"}
2026-03-31 16:16:57 | INFO     | [QUESTION_SENT] {"question_idx": 1839, "uid": "48d9e1b8-c930-4680-a3c4-5b6b517707cd"}
2026-03-31 16:17:45 | INFO     | [QUESTION_ATTEMPT] {"attempt": 93, "max_questions": 300, "question_idx": 1839, "uid": "48d9e1b8-c930-4680-a3c4-5b6b517707cd"}
2026-03-31 16:20:30 | INFO     | [QUESTION_SENT] {"question_idx": 1839, "uid": "48d9e1b8-c930-4680-a3c4-5b6b517707cd"}
2026-03-31 16:21:19 | INFO     | [QUESTION_ATTEMPT] {"attempt": 94, "max_questions": 300, "question_idx": 1839, "uid": "48d9e1b8-c930-4680-a3c4-5b6b517707cd"}
2026-03-31 16:24:03 | INFO     | [QUESTION_SENT] {"question_idx": 1840, "uid": "40b30f08-c959-4dee-bf65-f9e9b2757c02"}
2026-03-31 16:27:37 | INFO     | [QUESTION_SENT] {"question_idx": 1840, "uid": "40b30f08-c959-4dee-bf65-f9e9b2757c02"}
2026-03-31 16:28:23 | INFO     | [QUESTION_ATTEMPT] {"attempt": 95, "max_questions": 300, "question_idx": 1840, "uid": "40b30f08-c959-4dee-bf65-f9e9b2757c02"}
2026-03-31 16:31:10 | INFO     | [QUESTION_SENT] {"question_idx": 1841, "uid": "a52422fe-b547-4532-b8d0-2994971a15c7"}
2026-03-31 16:32:12 | INFO     | [QUESTION_ATTEMPT] {"attempt": 96, "max_questions": 300, "question_idx": 1841, "uid": "a52422fe-b547-4532-b8d0-2994971a15c7"}
2026-03-31 16:34:43 | INFO     | [QUESTION_SENT] {"question_idx": 1842, "uid": "8a847330-c166-4d65-acdf-049fe3ee465f"}
2026-03-31 16:35:29 | INFO     | [QUESTION_ATTEMPT] {"attempt": 97, "max_questions": 300, "question_idx": 1842, "uid": "8a847330-c166-4d65-acdf-049fe3ee465f"}
2026-03-31 16:38:16 | INFO     | [QUESTION_SENT] {"question_idx": 1843, "uid": "2ec48e54-b13c-4296-8a99-18cfcce14540"}
2026-03-31 16:39:03 | INFO     | [QUESTION_ATTEMPT] {"attempt": 98, "max_questions": 300, "question_idx": 1843, "uid": "2ec48e54-b13c-4296-8a99-18cfcce14540"}
2026-03-31 16:41:49 | INFO     | [QUESTION_SENT] {"question_idx": 1844, "uid": "0726c370-a80c-4976-b11e-4a69057493f2"}
2026-03-31 16:42:41 | INFO     | [QUESTION_ATTEMPT] {"attempt": 99, "max_questions": 300, "question_idx": 1844, "uid": "0726c370-a80c-4976-b11e-4a69057493f2"}
2026-03-31 16:45:22 | INFO     | [QUESTION_SENT] {"question_idx": 1845, "uid": "cf398933-0fcf-4773-93a3-6e762bfd7a1c"}
2026-03-31 16:46:08 | INFO     | [QUESTION_ATTEMPT] {"attempt": 100, "max_questions": 300, "question_idx": 1845, "uid": "cf398933-0fcf-4773-93a3-6e762bfd7a1c"}
2026-03-31 16:48:55 | INFO     | [QUESTION_SENT] {"question_idx": 1846, "uid": "8cc6e812-4ef4-4657-bbca-69799f366418"}
2026-03-31 16:49:40 | INFO     | [QUESTION_ATTEMPT] {"attempt": 101, "max_questions": 300, "question_idx": 1846, "uid": "8cc6e812-4ef4-4657-bbca-69799f366418"}
2026-03-31 16:52:28 | INFO     | [QUESTION_SENT] {"question_idx": 1847, "uid": "75af7fdd-c9cd-4efa-a48a-b18640267c33"}
2026-03-31 16:53:13 | INFO     | [QUESTION_ATTEMPT] {"attempt": 102, "max_questions": 300, "question_idx": 1847, "uid": "75af7fdd-c9cd-4efa-a48a-b18640267c33"}
2026-03-31 16:56:02 | INFO     | [QUESTION_SENT] {"question_idx": 1848, "uid": "337cbdcd-0d29-41a3-a341-7a466b067c3a"}
2026-03-31 16:56:46 | INFO     | [QUESTION_ATTEMPT] {"attempt": 103, "max_questions": 300, "question_idx": 1848, "uid": "337cbdcd-0d29-41a3-a341-7a466b067c3a"}
2026-03-31 16:59:35 | INFO     | [QUESTION_SENT] {"question_idx": 1849, "uid": "7b192363-ace6-4868-a5d0-dc3550a87f36"}
2026-03-31 17:00:23 | INFO     | [QUESTION_ATTEMPT] {"attempt": 104, "max_questions": 300, "question_idx": 1849, "uid": "7b192363-ace6-4868-a5d0-dc3550a87f36"}
2026-03-31 17:03:08 | INFO     | [QUESTION_SENT] {"question_idx": 1850, "uid": "07899f23-d909-44cb-a04d-6c9ed2d421e6"}
2026-03-31 17:03:54 | INFO     | [QUESTION_ATTEMPT] {"attempt": 105, "max_questions": 300, "question_idx": 1850, "uid": "07899f23-d909-44cb-a04d-6c9ed2d421e6"}
2026-03-31 17:06:41 | INFO     | [QUESTION_SENT] {"question_idx": 1851, "uid": "c7b088ff-9ca5-4e7c-a5f1-94310ef993a8"}
2026-03-31 17:07:30 | INFO     | [QUESTION_ATTEMPT] {"attempt": 106, "max_questions": 300, "question_idx": 1851, "uid": "c7b088ff-9ca5-4e7c-a5f1-94310ef993a8"}
2026-03-31 17:10:14 | INFO     | [QUESTION_SENT] {"question_idx": 1852, "uid": "d0e380e6-fb71-4697-8322-0b0008c5a541"}
2026-03-31 17:11:09 | INFO     | [QUESTION_ATTEMPT] {"attempt": 107, "max_questions": 300, "question_idx": 1852, "uid": "d0e380e6-fb71-4697-8322-0b0008c5a541"}
2026-03-31 17:13:47 | INFO     | [QUESTION_SENT] {"question_idx": 1853, "uid": "4e246bf0-0926-4b9d-a959-0ed495d0cf0d"}
2026-03-31 17:14:38 | INFO     | [QUESTION_ATTEMPT] {"attempt": 108, "max_questions": 300, "question_idx": 1853, "uid": "4e246bf0-0926-4b9d-a959-0ed495d0cf0d"}
2026-03-31 17:17:20 | INFO     | [QUESTION_SENT] {"question_idx": 1854, "uid": "46e46dd0-38d9-4da5-846d-fee7e32b64df"}
2026-03-31 17:18:16 | INFO     | [QUESTION_ATTEMPT] {"attempt": 109, "max_questions": 300, "question_idx": 1854, "uid": "46e46dd0-38d9-4da5-846d-fee7e32b64df"}
2026-03-31 17:20:53 | INFO     | [QUESTION_SENT] {"question_idx": 1855, "uid": "310011b7-514e-4991-9ca8-624ab7a57db0"}
2026-03-31 17:21:35 | INFO     | [QUESTION_ATTEMPT] {"attempt": 110, "max_questions": 300, "question_idx": 1855, "uid": "310011b7-514e-4991-9ca8-624ab7a57db0"}
2026-03-31 17:24:27 | INFO     | [QUESTION_SENT] {"question_idx": 1856, "uid": "443e304d-c0d4-4936-9708-3c6c80bb8cf9"}
2026-03-31 17:25:16 | INFO     | [QUESTION_ATTEMPT] {"attempt": 111, "max_questions": 300, "question_idx": 1856, "uid": "443e304d-c0d4-4936-9708-3c6c80bb8cf9"}
2026-03-31 17:27:59 | INFO     | [QUESTION_SENT] {"question_idx": 1857, "uid": "0eec7727-0fc7-4d42-8f28-5d9e72d63d7c"}
2026-03-31 17:28:46 | INFO     | [QUESTION_ATTEMPT] {"attempt": 112, "max_questions": 300, "question_idx": 1857, "uid": "0eec7727-0fc7-4d42-8f28-5d9e72d63d7c"}
2026-03-31 17:28:58 | INFO     | [QUESTION_SENT] {"question_idx": 1857, "uid": "0eec7727-0fc7-4d42-8f28-5d9e72d63d7c"}
2026-03-31 17:29:36 | INFO     | [QUESTION_ATTEMPT] {"attempt": 113, "max_questions": 300, "question_idx": 1857, "uid": "0eec7727-0fc7-4d42-8f28-5d9e72d63d7c"}
2026-03-31 17:32:34 | INFO     | [QUESTION_SENT] {"question_idx": 1857, "uid": "0eec7727-0fc7-4d42-8f28-5d9e72d63d7c"}
2026-03-31 17:33:20 | INFO     | [QUESTION_ATTEMPT] {"attempt": 114, "max_questions": 300, "question_idx": 1857, "uid": "0eec7727-0fc7-4d42-8f28-5d9e72d63d7c"}
2026-03-31 17:36:07 | INFO     | [QUESTION_SENT] {"question_idx": 1858, "uid": "e016f0ce-c71d-4c06-ba99-837638b81045"}
2026-03-31 17:36:58 | INFO     | [QUESTION_ATTEMPT] {"attempt": 115, "max_questions": 300, "question_idx": 1858, "uid": "e016f0ce-c71d-4c06-ba99-837638b81045"}
2026-03-31 17:38:25 | INFO     | [BOT_STOP] {"bot_id": 13, "total_questions": 115}
2026-03-31 20:39:19 | INFO     | [BOT_START] {"bot_id": 13, "project": "hypos_norm", "timestamp": "2026-03-31T20:39:19.900290", "log_dir": "/home/dmitrii/Documents/projects/clicker_3.0/logs/bot_13"}
2026-03-31 20:39:25 | INFO     | [RESTART] {"bot_id": 13, "note": "first_start"}
2026-03-31 20:39:25 | INFO     | [FSM_INITIALIZED] {"site": "gpt", "scenario": "web_search", "start_state": "start_question"}
2026-03-31 20:40:15 | INFO     | [QUESTION_SENT] {"question_idx": 1859, "uid": "61c87540-3768-4f9f-896d-8c7e47d8f83f"}
2026-03-31 20:40:47 | INFO     | [QUESTION_ATTEMPT] {"attempt": 1, "max_questions": 300, "question_idx": 1859, "uid": "61c87540-3768-4f9f-896d-8c7e47d8f83f"}
2026-03-31 20:43:48 | INFO     | [QUESTION_SENT] {"question_idx": 1860, "uid": "d14b2995-7274-4822-bdf6-5cc98fe8aafa"}
2026-03-31 20:44:18 | INFO     | [QUESTION_ATTEMPT] {"attempt": 2, "max_questions": 300, "question_idx": 1860, "uid": "d14b2995-7274-4822-bdf6-5cc98fe8aafa"}
2026-03-31 20:47:21 | INFO     | [QUESTION_SENT] {"question_idx": 1861, "uid": "1cc52967-f2bb-479e-8748-e48e64854f6c"}
2026-03-31 20:47:51 | INFO     | [QUESTION_ATTEMPT] {"attempt": 3, "max_questions": 300, "question_idx": 1861, "uid": "1cc52967-f2bb-479e-8748-e48e64854f6c"}
2026-03-31 20:50:54 | INFO     | [QUESTION_SENT] {"question_idx": 1862, "uid": "c223ba17-831e-4a5c-be38-222839b1bc99"}
2026-03-31 20:51:30 | INFO     | [QUESTION_ATTEMPT] {"attempt": 4, "max_questions": 300, "question_idx": 1862, "uid": "c223ba17-831e-4a5c-be38-222839b1bc99"}
2026-03-31 20:54:27 | INFO     | [QUESTION_SENT] {"question_idx": 1863, "uid": "1c2fee89-35ef-4885-b0e9-cbb7defef5ec"}
2026-03-31 20:54:53 | INFO     | [QUESTION_ATTEMPT] {"attempt": 5, "max_questions": 300, "question_idx": 1863, "uid": "1c2fee89-35ef-4885-b0e9-cbb7defef5ec"}
2026-03-31 20:55:05 | INFO     | [QUESTION_SENT] {"question_idx": 1863, "uid": "1c2fee89-35ef-4885-b0e9-cbb7defef5ec"}
2026-03-31 20:55:23 | INFO     | [QUESTION_ATTEMPT] {"attempt": 6, "max_questions": 300, "question_idx": 1863, "uid": "1c2fee89-35ef-4885-b0e9-cbb7defef5ec"}
2026-03-31 20:58:41 | INFO     | [QUESTION_SENT] {"question_idx": 1864, "uid": "a0102893-120f-43e4-be12-597b5828c86f"}
2026-03-31 20:59:15 | INFO     | [QUESTION_ATTEMPT] {"attempt": 7, "max_questions": 300, "question_idx": 1864, "uid": "a0102893-120f-43e4-be12-597b5828c86f"}
2026-03-31 21:02:14 | INFO     | [QUESTION_SENT] {"question_idx": 1865, "uid": "c776f1de-e305-4000-9893-0960bcd51c87"}
2026-03-31 21:02:44 | INFO     | [QUESTION_ATTEMPT] {"attempt": 8, "max_questions": 300, "question_idx": 1865, "uid": "c776f1de-e305-4000-9893-0960bcd51c87"}
2026-03-31 21:05:47 | INFO     | [QUESTION_SENT] {"question_idx": 1866, "uid": "6c14bef4-a2d8-4c84-8c57-b1b311e6a76b"}
2026-03-31 21:06:13 | INFO     | [QUESTION_ATTEMPT] {"attempt": 9, "max_questions": 300, "question_idx": 1866, "uid": "6c14bef4-a2d8-4c84-8c57-b1b311e6a76b"}
2026-03-31 21:09:20 | INFO     | [QUESTION_SENT] {"question_idx": 1867, "uid": "075a2ca1-a2e5-43c3-a38e-7897bb2b9eed"}
2026-03-31 21:09:52 | INFO     | [QUESTION_ATTEMPT] {"attempt": 10, "max_questions": 300, "question_idx": 1867, "uid": "075a2ca1-a2e5-43c3-a38e-7897bb2b9eed"}
2026-03-31 21:12:53 | INFO     | [QUESTION_SENT] {"question_idx": 1868, "uid": "538e99af-a358-4b5e-9725-f6de7c4d6559"}
2026-03-31 21:13:23 | INFO     | [QUESTION_ATTEMPT] {"attempt": 11, "max_questions": 300, "question_idx": 1868, "uid": "538e99af-a358-4b5e-9725-f6de7c4d6559"}
2026-03-31 21:16:26 | INFO     | [QUESTION_SENT] {"question_idx": 1869, "uid": "31caf269-2bed-4f65-87d7-d5535e98b852"}
2026-03-31 21:16:58 | INFO     | [QUESTION_ATTEMPT] {"attempt": 12, "max_questions": 300, "question_idx": 1869, "uid": "31caf269-2bed-4f65-87d7-d5535e98b852"}
2026-03-31 21:19:59 | INFO     | [QUESTION_SENT] {"question_idx": 1870, "uid": "8c850a7c-8d14-4449-8f8a-3bb83a523eee"}
2026-03-31 21:20:29 | INFO     | [QUESTION_ATTEMPT] {"attempt": 13, "max_questions": 300, "question_idx": 1870, "uid": "8c850a7c-8d14-4449-8f8a-3bb83a523eee"}
2026-03-31 21:20:30 | INFO     | [BOT_STOP] {"bot_id": 13, "total_questions": 13}
