2026-03-25 13:16:10 | INFO     | [BOT_START] {"bot_id": 13, "project": "hypos_norm", "timestamp": "2026-03-25T13:16:10.586770", "log_dir": "/home/dmitrii/Documents/projects/clicker_3.0/logs/bot_13"}
2026-03-25 13:16:16 | INFO     | [RESTART] {"bot_id": 13, "note": "first_start"}
2026-03-25 13:16:16 | INFO     | [FSM_INITIALIZED] {"site": "gpt", "scenario": "web_search", "start_state": "start_question"}
2026-03-25 13:16:41 | INFO     | [QUESTION_SENT] {"question_idx": 2501, "uid": "46b4d8a5-eba6-4628-8f17-d43a8261093f"}
2026-03-25 13:17:09 | INFO     | [QUESTION_ATTEMPT] {"attempt": 1, "max_questions": 250, "question_idx": 2501, "uid": "46b4d8a5-eba6-4628-8f17-d43a8261093f"}
2026-03-25 13:18:02 | INFO     | [QUESTION_SENT] {"question_idx": 2502, "uid": "28ad6981-69cf-45ff-8e6e-fb76adb923f0"}
2026-03-25 13:18:15 | INFO     | [QUESTION_ATTEMPT] {"attempt": 2, "max_questions": 250, "question_idx": 2502, "uid": "28ad6981-69cf-45ff-8e6e-fb76adb923f0"}
2026-03-25 13:18:27 | INFO     | [QUESTION_SENT] {"question_idx": 2502, "uid": "28ad6981-69cf-45ff-8e6e-fb76adb923f0"}
2026-03-25 13:18:40 | INFO     | [QUESTION_ATTEMPT] {"attempt": 3, "max_questions": 250, "question_idx": 2502, "uid": "28ad6981-69cf-45ff-8e6e-fb76adb923f0"}
2026-03-25 13:18:53 | INFO     | [QUESTION_SENT] {"question_idx": 2502, "uid": "28ad6981-69cf-45ff-8e6e-fb76adb923f0"}
2026-03-25 13:19:10 | INFO     | [QUESTION_ATTEMPT] {"attempt": 4, "max_questions": 250, "question_idx": 2502, "uid": "28ad6981-69cf-45ff-8e6e-fb76adb923f0"}
2026-03-25 13:20:16 | INFO     | [QUESTION_SENT] {"question_idx": 2502, "uid": "28ad6981-69cf-45ff-8e6e-fb76adb923f0"}
2026-03-25 13:20:58 | INFO     | [QUESTION_ATTEMPT] {"attempt": 5, "max_questions": 250, "question_idx": 2502, "uid": "28ad6981-69cf-45ff-8e6e-fb76adb923f0"}
2026-03-25 13:21:29 | INFO     | [QUESTION_SENT] {"question_idx": 2503, "uid": "21c2d7ef-5424-40a9-a5a3-dc95271994c1"}
2026-03-25 13:22:15 | INFO     | [QUESTION_ATTEMPT] {"attempt": 6, "max_questions": 250, "question_idx": 2503, "uid": "21c2d7ef-5424-40a9-a5a3-dc95271994c1"}
2026-03-25 13:22:46 | INFO     | [QUESTION_SENT] {"question_idx": 2504, "uid": "3d05cef8-a8dd-4b6c-8c8d-27afde0bd7e5"}
2026-03-25 13:23:22 | INFO     | [QUESTION_ATTEMPT] {"attempt": 7, "max_questions": 250, "question_idx": 2504, "uid": "3d05cef8-a8dd-4b6c-8c8d-27afde0bd7e5"}
2026-03-25 13:23:34 | INFO     | [QUESTION_SENT] {"question_idx": 2504, "uid": "3d05cef8-a8dd-4b6c-8c8d-27afde0bd7e5"}
2026-03-25 13:24:58 | INFO     | [QUESTION_SENT] {"question_idx": 2504, "uid": "3d05cef8-a8dd-4b6c-8c8d-27afde0bd7e5"}
2026-03-25 13:25:45 | INFO     | [QUESTION_ATTEMPT] {"attempt": 8, "max_questions": 250, "question_idx": 2504, "uid": "3d05cef8-a8dd-4b6c-8c8d-27afde0bd7e5"}
2026-03-25 13:26:16 | INFO     | [QUESTION_SENT] {"question_idx": 2505, "uid": "57fd7f02-c4c6-4b76-8c39-41bf2f618496"}
2026-03-25 13:26:59 | INFO     | [QUESTION_ATTEMPT] {"attempt": 9, "max_questions": 250, "question_idx": 2505, "uid": "57fd7f02-c4c6-4b76-8c39-41bf2f618496"}
2026-03-25 13:27:30 | INFO     | [QUESTION_SENT] {"question_idx": 2506, "uid": "1d7fb42f-ba6b-4838-b799-bbf0c1f970b0"}
2026-03-25 13:28:10 | INFO     | [QUESTION_ATTEMPT] {"attempt": 10, "max_questions": 250, "question_idx": 2506, "uid": "1d7fb42f-ba6b-4838-b799-bbf0c1f970b0"}
2026-03-25 13:58:32 | INFO     | [QUESTION_SENT] {"question_idx": 2507, "uid": "5b2fc614-0c9d-4b23-b0d7-a3e1577710da"}
2026-03-25 13:59:03 | INFO     | [QUESTION_ATTEMPT] {"attempt": 11, "max_questions": 250, "question_idx": 2507, "uid": "5b2fc614-0c9d-4b23-b0d7-a3e1577710da"}
2026-03-25 13:59:53 | INFO     | [QUESTION_SENT] {"question_idx": 2508, "uid": "63d9e0b0-faec-4b61-996c-d16c959a5ae8"}
2026-03-25 14:00:22 | INFO     | [QUESTION_ATTEMPT] {"attempt": 12, "max_questions": 250, "question_idx": 2508, "uid": "63d9e0b0-faec-4b61-996c-d16c959a5ae8"}
2026-03-25 14:01:14 | INFO     | [QUESTION_SENT] {"question_idx": 2509, "uid": "4c43aff4-0f74-4f6a-b9c2-3054b0a41acf"}
2026-03-25 14:02:34 | INFO     | [QUESTION_SENT] {"question_idx": 2509, "uid": "4c43aff4-0f74-4f6a-b9c2-3054b0a41acf"}
2026-03-25 14:03:07 | INFO     | [QUESTION_ATTEMPT] {"attempt": 13, "max_questions": 250, "question_idx": 2509, "uid": "4c43aff4-0f74-4f6a-b9c2-3054b0a41acf"}
2026-03-25 14:03:56 | INFO     | [QUESTION_SENT] {"question_idx": 2510, "uid": "04754450-46c4-4c21-86f4-03853478bb75"}
2026-03-25 14:04:26 | INFO     | [QUESTION_ATTEMPT] {"attempt": 14, "max_questions": 250, "question_idx": 2510, "uid": "04754450-46c4-4c21-86f4-03853478bb75"}
2026-03-25 14:05:16 | INFO     | [QUESTION_SENT] {"question_idx": 2511, "uid": "9b7d1671-98e8-41b2-beaf-5ee25cc62cd1"}
2026-03-25 14:05:51 | INFO     | [QUESTION_ATTEMPT] {"attempt": 15, "max_questions": 250, "question_idx": 2511, "uid": "9b7d1671-98e8-41b2-beaf-5ee25cc62cd1"}
2026-03-25 14:06:03 | INFO     | [QUESTION_SENT] {"question_idx": 2511, "uid": "9b7d1671-98e8-41b2-beaf-5ee25cc62cd1"}
2026-03-25 14:07:27 | INFO     | [QUESTION_SENT] {"question_idx": 2511, "uid": "9b7d1671-98e8-41b2-beaf-5ee25cc62cd1"}
2026-03-25 14:07:55 | INFO     | [QUESTION_ATTEMPT] {"attempt": 16, "max_questions": 250, "question_idx": 2511, "uid": "9b7d1671-98e8-41b2-beaf-5ee25cc62cd1"}
2026-03-25 14:08:47 | INFO     | [QUESTION_SENT] {"question_idx": 2512, "uid": "bba4bcb1-ab30-4142-97f0-1f0d09debd74"}
2026-03-25 14:09:21 | INFO     | [QUESTION_ATTEMPT] {"attempt": 17, "max_questions": 250, "question_idx": 2512, "uid": "bba4bcb1-ab30-4142-97f0-1f0d09debd74"}
2026-03-25 14:10:09 | INFO     | [QUESTION_SENT] {"question_idx": 2513, "uid": "cce8ebe7-9bb9-4961-9c59-98062b44091f"}
2026-03-25 14:10:40 | INFO     | [QUESTION_ATTEMPT] {"attempt": 18, "max_questions": 250, "question_idx": 2513, "uid": "cce8ebe7-9bb9-4961-9c59-98062b44091f"}
2026-03-25 14:11:30 | INFO     | [QUESTION_SENT] {"question_idx": 2514, "uid": "d1b2cb92-a961-43f6-90fa-025a6f0aa836"}
2026-03-25 14:12:01 | INFO     | [QUESTION_ATTEMPT] {"attempt": 19, "max_questions": 250, "question_idx": 2514, "uid": "d1b2cb92-a961-43f6-90fa-025a6f0aa836"}
2026-03-25 14:12:14 | INFO     | [QUESTION_SENT] {"question_idx": 2514, "uid": "d1b2cb92-a961-43f6-90fa-025a6f0aa836"}
2026-03-25 14:12:37 | INFO     | [QUESTION_ATTEMPT] {"attempt": 20, "max_questions": 250, "question_idx": 2514, "uid": "d1b2cb92-a961-43f6-90fa-025a6f0aa836"}
2026-03-25 14:13:37 | INFO     | [QUESTION_SENT] {"question_idx": 2515, "uid": "d5109cda-49cb-4b8f-94ad-2dd9ebede706"}
2026-03-25 14:14:08 | INFO     | [QUESTION_ATTEMPT] {"attempt": 21, "max_questions": 250, "question_idx": 2515, "uid": "d5109cda-49cb-4b8f-94ad-2dd9ebede706"}
2026-03-25 14:14:58 | INFO     | [QUESTION_SENT] {"question_idx": 2516, "uid": "4394e221-1810-4ff6-a37b-9dc460523048"}
2026-03-25 14:15:31 | INFO     | [QUESTION_ATTEMPT] {"attempt": 22, "max_questions": 250, "question_idx": 2516, "uid": "4394e221-1810-4ff6-a37b-9dc460523048"}
2026-03-25 14:16:19 | INFO     | [QUESTION_SENT] {"question_idx": 2517, "uid": "04936363-4f80-4db7-86b0-e94f105d4af8"}
2026-03-25 14:16:49 | INFO     | [QUESTION_ATTEMPT] {"attempt": 23, "max_questions": 250, "question_idx": 2517, "uid": "04936363-4f80-4db7-86b0-e94f105d4af8"}
2026-03-25 14:17:40 | INFO     | [QUESTION_SENT] {"question_idx": 2518, "uid": "661c5d9d-dc22-44f8-b4f1-ad9d49cd7303"}
2026-03-25 14:18:10 | INFO     | [QUESTION_ATTEMPT] {"attempt": 24, "max_questions": 250, "question_idx": 2518, "uid": "661c5d9d-dc22-44f8-b4f1-ad9d49cd7303"}
2026-03-25 14:19:01 | INFO     | [QUESTION_SENT] {"question_idx": 2519, "uid": "7f565b32-de18-4d86-90a6-1baca3b94750"}
2026-03-25 14:19:30 | INFO     | [QUESTION_ATTEMPT] {"attempt": 25, "max_questions": 250, "question_idx": 2519, "uid": "7f565b32-de18-4d86-90a6-1baca3b94750"}
2026-03-25 14:20:22 | INFO     | [QUESTION_SENT] {"question_idx": 2520, "uid": "10bda812-7242-49ee-890e-b73110b6bca1"}
2026-03-25 14:20:49 | INFO     | [QUESTION_ATTEMPT] {"attempt": 26, "max_questions": 250, "question_idx": 2520, "uid": "10bda812-7242-49ee-890e-b73110b6bca1"}
2026-03-25 14:21:43 | INFO     | [QUESTION_SENT] {"question_idx": 2521, "uid": "eb16ef79-c114-4a75-9b79-57c85b7277d9"}
2026-03-25 14:22:16 | INFO     | [QUESTION_ATTEMPT] {"attempt": 27, "max_questions": 250, "question_idx": 2521, "uid": "eb16ef79-c114-4a75-9b79-57c85b7277d9"}
2026-03-25 14:23:04 | INFO     | [QUESTION_SENT] {"question_idx": 2522, "uid": "76696bb9-cbd4-432e-8965-b632dbc50415"}
2026-03-25 14:23:37 | INFO     | [QUESTION_ATTEMPT] {"attempt": 28, "max_questions": 250, "question_idx": 2522, "uid": "76696bb9-cbd4-432e-8965-b632dbc50415"}
2026-03-25 14:24:25 | INFO     | [QUESTION_SENT] {"question_idx": 2523, "uid": "0fbe9298-2431-466b-b883-544982320501"}
2026-03-25 14:24:55 | INFO     | [QUESTION_ATTEMPT] {"attempt": 29, "max_questions": 250, "question_idx": 2523, "uid": "0fbe9298-2431-466b-b883-544982320501"}
2026-03-25 14:25:46 | INFO     | [QUESTION_SENT] {"question_idx": 2524, "uid": "7af22a21-523b-48e6-bbbd-b8d2565a84b5"}
2026-03-25 14:26:24 | INFO     | [QUESTION_ATTEMPT] {"attempt": 30, "max_questions": 250, "question_idx": 2524, "uid": "7af22a21-523b-48e6-bbbd-b8d2565a84b5"}
2026-03-25 14:26:56 | INFO     | [QUESTION_SENT] {"question_idx": 2525, "uid": "130488d8-c7dc-4cb8-96fc-0343702ed431"}
2026-03-25 14:27:26 | INFO     | [QUESTION_ATTEMPT] {"attempt": 31, "max_questions": 250, "question_idx": 2525, "uid": "130488d8-c7dc-4cb8-96fc-0343702ed431"}
2026-03-25 14:28:16 | INFO     | [QUESTION_SENT] {"question_idx": 2526, "uid": "c9079c4a-cf21-4ea0-9aed-56cc94a65c6a"}
2026-03-25 14:28:47 | INFO     | [QUESTION_ATTEMPT] {"attempt": 32, "max_questions": 250, "question_idx": 2526, "uid": "c9079c4a-cf21-4ea0-9aed-56cc94a65c6a"}
2026-03-25 14:29:37 | INFO     | [QUESTION_SENT] {"question_idx": 2527, "uid": "764293c0-a038-4cbf-b1b3-50313ce259cf"}
2026-03-25 14:30:58 | INFO     | [QUESTION_SENT] {"question_idx": 2527, "uid": "764293c0-a038-4cbf-b1b3-50313ce259cf"}
2026-03-25 14:31:34 | INFO     | [QUESTION_ATTEMPT] {"attempt": 33, "max_questions": 250, "question_idx": 2527, "uid": "764293c0-a038-4cbf-b1b3-50313ce259cf"}
2026-03-25 14:31:46 | INFO     | [QUESTION_SENT] {"question_idx": 2527, "uid": "764293c0-a038-4cbf-b1b3-50313ce259cf"}
2026-03-25 14:32:07 | INFO     | [QUESTION_ATTEMPT] {"attempt": 34, "max_questions": 250, "question_idx": 2527, "uid": "764293c0-a038-4cbf-b1b3-50313ce259cf"}
2026-03-25 14:33:10 | INFO     | [QUESTION_SENT] {"question_idx": 2528, "uid": "b4d1f4d2-637c-42a1-9891-80e383fe5cab"}
2026-03-25 14:33:38 | INFO     | [QUESTION_ATTEMPT] {"attempt": 35, "max_questions": 250, "question_idx": 2528, "uid": "b4d1f4d2-637c-42a1-9891-80e383fe5cab"}
2026-03-25 14:34:30 | INFO     | [QUESTION_SENT] {"question_idx": 2528, "uid": "b4d1f4d2-637c-42a1-9891-80e383fe5cab"}
2026-03-25 14:35:02 | INFO     | [QUESTION_ATTEMPT] {"attempt": 36, "max_questions": 250, "question_idx": 2528, "uid": "b4d1f4d2-637c-42a1-9891-80e383fe5cab"}
2026-03-25 14:35:52 | INFO     | [QUESTION_SENT] {"question_idx": 2529, "uid": "f43691a4-823d-4f2e-b628-a2667dd6a97f"}
2026-03-25 14:36:22 | INFO     | [QUESTION_ATTEMPT] {"attempt": 37, "max_questions": 250, "question_idx": 2529, "uid": "f43691a4-823d-4f2e-b628-a2667dd6a97f"}
2026-03-25 14:37:12 | INFO     | [QUESTION_SENT] {"question_idx": 2530, "uid": "8d88b910-73d8-4ce6-aec1-316f42b9ed0f"}
2026-03-25 14:37:26 | INFO     | [QUESTION_ATTEMPT] {"attempt": 38, "max_questions": 250, "question_idx": 2530, "uid": "8d88b910-73d8-4ce6-aec1-316f42b9ed0f"}
2026-03-25 14:37:38 | INFO     | [QUESTION_SENT] {"question_idx": 2530, "uid": "8d88b910-73d8-4ce6-aec1-316f42b9ed0f"}
2026-03-25 14:37:51 | INFO     | [QUESTION_ATTEMPT] {"attempt": 39, "max_questions": 250, "question_idx": 2530, "uid": "8d88b910-73d8-4ce6-aec1-316f42b9ed0f"}
2026-03-25 14:38:04 | INFO     | [QUESTION_SENT] {"question_idx": 2530, "uid": "8d88b910-73d8-4ce6-aec1-316f42b9ed0f"}
2026-03-25 14:38:17 | INFO     | [QUESTION_ATTEMPT] {"attempt": 40, "max_questions": 250, "question_idx": 2530, "uid": "8d88b910-73d8-4ce6-aec1-316f42b9ed0f"}
2026-03-25 14:38:29 | INFO     | [QUESTION_SENT] {"question_idx": 2530, "uid": "8d88b910-73d8-4ce6-aec1-316f42b9ed0f"}
2026-03-25 14:38:42 | INFO     | [QUESTION_ATTEMPT] {"attempt": 41, "max_questions": 250, "question_idx": 2530, "uid": "8d88b910-73d8-4ce6-aec1-316f42b9ed0f"}
2026-03-25 14:38:55 | INFO     | [QUESTION_SENT] {"question_idx": 2530, "uid": "8d88b910-73d8-4ce6-aec1-316f42b9ed0f"}
2026-03-25 14:39:08 | INFO     | [QUESTION_ATTEMPT] {"attempt": 42, "max_questions": 250, "question_idx": 2530, "uid": "8d88b910-73d8-4ce6-aec1-316f42b9ed0f"}
2026-03-25 14:39:20 | INFO     | [QUESTION_SENT] {"question_idx": 2530, "uid": "8d88b910-73d8-4ce6-aec1-316f42b9ed0f"}
2026-03-25 14:39:33 | INFO     | [QUESTION_ATTEMPT] {"attempt": 43, "max_questions": 250, "question_idx": 2530, "uid": "8d88b910-73d8-4ce6-aec1-316f42b9ed0f"}
2026-03-25 14:39:46 | INFO     | [QUESTION_SENT] {"question_idx": 2530, "uid": "8d88b910-73d8-4ce6-aec1-316f42b9ed0f"}
2026-03-25 14:39:59 | INFO     | [QUESTION_ATTEMPT] {"attempt": 44, "max_questions": 250, "question_idx": 2530, "uid": "8d88b910-73d8-4ce6-aec1-316f42b9ed0f"}
2026-03-25 14:40:11 | INFO     | [QUESTION_SENT] {"question_idx": 2530, "uid": "8d88b910-73d8-4ce6-aec1-316f42b9ed0f"}
2026-03-25 14:47:31 | INFO     | [QUESTION_SENT] {"question_idx": 2530, "uid": "8d88b910-73d8-4ce6-aec1-316f42b9ed0f"}
2026-03-25 14:48:07 | INFO     | [QUESTION_ATTEMPT] {"attempt": 45, "max_questions": 250, "question_idx": 2530, "uid": "8d88b910-73d8-4ce6-aec1-316f42b9ed0f"}
2026-03-25 14:48:52 | INFO     | [QUESTION_SENT] {"question_idx": 2531, "uid": "93a74443-6332-4641-ad2a-009773b43112"}
2026-03-25 14:49:23 | INFO     | [QUESTION_ATTEMPT] {"attempt": 46, "max_questions": 250, "question_idx": 2531, "uid": "93a74443-6332-4641-ad2a-009773b43112"}
2026-03-25 14:50:13 | INFO     | [QUESTION_SENT] {"question_idx": 2532, "uid": "d98bcd38-3f0b-4917-93c1-d666fcbee738"}
2026-03-25 14:50:45 | INFO     | [QUESTION_ATTEMPT] {"attempt": 47, "max_questions": 250, "question_idx": 2532, "uid": "d98bcd38-3f0b-4917-93c1-d666fcbee738"}
2026-03-25 14:51:34 | INFO     | [QUESTION_SENT] {"question_idx": 2533, "uid": "aea76bd9-d5a7-4b33-80c7-4c87a6393388"}
2026-03-25 14:52:09 | INFO     | [QUESTION_ATTEMPT] {"attempt": 48, "max_questions": 250, "question_idx": 2533, "uid": "aea76bd9-d5a7-4b33-80c7-4c87a6393388"}
2026-03-25 14:52:21 | INFO     | [QUESTION_SENT] {"question_idx": 2533, "uid": "aea76bd9-d5a7-4b33-80c7-4c87a6393388"}
2026-03-25 14:52:40 | INFO     | [QUESTION_ATTEMPT] {"attempt": 49, "max_questions": 250, "question_idx": 2533, "uid": "aea76bd9-d5a7-4b33-80c7-4c87a6393388"}
2026-03-25 14:52:52 | INFO     | [QUESTION_SENT] {"question_idx": 2533, "uid": "aea76bd9-d5a7-4b33-80c7-4c87a6393388"}
2026-03-25 14:53:15 | INFO     | [QUESTION_ATTEMPT] {"attempt": 50, "max_questions": 250, "question_idx": 2533, "uid": "aea76bd9-d5a7-4b33-80c7-4c87a6393388"}
2026-03-25 14:54:16 | INFO     | [QUESTION_SENT] {"question_idx": 2534, "uid": "1b912a62-f904-4674-9a1f-620aaa9dcdf2"}
2026-03-25 14:54:49 | INFO     | [QUESTION_ATTEMPT] {"attempt": 51, "max_questions": 250, "question_idx": 2534, "uid": "1b912a62-f904-4674-9a1f-620aaa9dcdf2"}
2026-03-25 14:55:37 | INFO     | [QUESTION_SENT] {"question_idx": 2535, "uid": "0b9e5b14-b1e2-42ef-abd9-522c7b494ee9"}
2026-03-25 14:56:09 | INFO     | [QUESTION_ATTEMPT] {"attempt": 52, "max_questions": 250, "question_idx": 2535, "uid": "0b9e5b14-b1e2-42ef-abd9-522c7b494ee9"}
2026-03-25 14:56:58 | INFO     | [QUESTION_SENT] {"question_idx": 2536, "uid": "afdda769-0ba1-434a-a651-1fed7943d24d"}
2026-03-25 14:58:19 | INFO     | [QUESTION_SENT] {"question_idx": 2536, "uid": "afdda769-0ba1-434a-a651-1fed7943d24d"}
2026-03-25 14:58:52 | INFO     | [QUESTION_ATTEMPT] {"attempt": 53, "max_questions": 250, "question_idx": 2536, "uid": "afdda769-0ba1-434a-a651-1fed7943d24d"}
2026-03-25 14:59:40 | INFO     | [QUESTION_SENT] {"question_idx": 2537, "uid": "9f911379-5a2d-47a2-a93f-aedb0b7c9105"}
2026-03-25 15:00:09 | INFO     | [QUESTION_ATTEMPT] {"attempt": 54, "max_questions": 250, "question_idx": 2537, "uid": "9f911379-5a2d-47a2-a93f-aedb0b7c9105"}
2026-03-25 15:01:01 | INFO     | [QUESTION_SENT] {"question_idx": 2537, "uid": "9f911379-5a2d-47a2-a93f-aedb0b7c9105"}
2026-03-25 15:01:36 | INFO     | [QUESTION_ATTEMPT] {"attempt": 55, "max_questions": 250, "question_idx": 2537, "uid": "9f911379-5a2d-47a2-a93f-aedb0b7c9105"}
2026-03-25 15:02:22 | INFO     | [QUESTION_SENT] {"question_idx": 2538, "uid": "1b532973-0c2a-4aaf-8575-c47807f5908c"}
2026-03-25 15:02:52 | INFO     | [QUESTION_ATTEMPT] {"attempt": 56, "max_questions": 250, "question_idx": 2538, "uid": "1b532973-0c2a-4aaf-8575-c47807f5908c"}
2026-03-25 15:03:43 | INFO     | [QUESTION_SENT] {"question_idx": 2539, "uid": "20c3befb-892e-4231-ae02-ebc5d40dc660"}
2026-03-25 15:04:10 | INFO     | [QUESTION_ATTEMPT] {"attempt": 57, "max_questions": 250, "question_idx": 2539, "uid": "20c3befb-892e-4231-ae02-ebc5d40dc660"}
2026-03-25 15:05:04 | INFO     | [QUESTION_SENT] {"question_idx": 2540, "uid": "9ecd9434-18f2-4916-9466-ea1b561926b3"}
2026-03-25 15:05:34 | INFO     | [QUESTION_ATTEMPT] {"attempt": 58, "max_questions": 250, "question_idx": 2540, "uid": "9ecd9434-18f2-4916-9466-ea1b561926b3"}
2026-03-25 15:05:47 | INFO     | [QUESTION_SENT] {"question_idx": 2540, "uid": "9ecd9434-18f2-4916-9466-ea1b561926b3"}
2026-03-25 15:06:07 | INFO     | [QUESTION_ATTEMPT] {"attempt": 59, "max_questions": 250, "question_idx": 2540, "uid": "9ecd9434-18f2-4916-9466-ea1b561926b3"}
2026-03-25 15:07:10 | INFO     | [QUESTION_SENT] {"question_idx": 2541, "uid": "ad2073a9-106f-406f-94dc-3aa3d1db2aa1"}
2026-03-25 15:07:40 | INFO     | [QUESTION_ATTEMPT] {"attempt": 60, "max_questions": 250, "question_idx": 2541, "uid": "ad2073a9-106f-406f-94dc-3aa3d1db2aa1"}
2026-03-25 15:08:31 | INFO     | [QUESTION_SENT] {"question_idx": 2542, "uid": "303317af-f0fc-49be-baa1-30a39b36a0be"}
2026-03-25 15:09:18 | INFO     | [QUESTION_ATTEMPT] {"attempt": 61, "max_questions": 250, "question_idx": 2542, "uid": "303317af-f0fc-49be-baa1-30a39b36a0be"}
2026-03-25 15:09:49 | INFO     | [QUESTION_SENT] {"question_idx": 2543, "uid": "1e158c5d-393a-4762-b69b-f9ccc15d61e8"}
2026-03-25 15:10:19 | INFO     | [QUESTION_ATTEMPT] {"attempt": 62, "max_questions": 250, "question_idx": 2543, "uid": "1e158c5d-393a-4762-b69b-f9ccc15d61e8"}
2026-03-25 15:11:10 | INFO     | [QUESTION_SENT] {"question_idx": 2544, "uid": "b28f18b0-3e5c-4fd7-a43c-88984fddcabd"}
2026-03-25 15:11:40 | INFO     | [QUESTION_ATTEMPT] {"attempt": 63, "max_questions": 250, "question_idx": 2544, "uid": "b28f18b0-3e5c-4fd7-a43c-88984fddcabd"}
2026-03-25 15:12:31 | INFO     | [QUESTION_SENT] {"question_idx": 2545, "uid": "b092e413-96b9-47a8-9f60-e7c55cdac82c"}
2026-03-25 15:12:57 | INFO     | [QUESTION_ATTEMPT] {"attempt": 64, "max_questions": 250, "question_idx": 2545, "uid": "b092e413-96b9-47a8-9f60-e7c55cdac82c"}
2026-03-25 15:13:52 | INFO     | [QUESTION_SENT] {"question_idx": 2546, "uid": "9ea860fc-9208-4760-87a1-db649d16ec5a"}
2026-03-25 15:14:30 | INFO     | [QUESTION_ATTEMPT] {"attempt": 65, "max_questions": 250, "question_idx": 2546, "uid": "9ea860fc-9208-4760-87a1-db649d16ec5a"}
2026-03-25 15:15:01 | INFO     | [QUESTION_SENT] {"question_idx": 2547, "uid": "14e3a95c-ad90-494f-96bf-a4b387291cce"}
2026-03-25 15:15:33 | INFO     | [QUESTION_ATTEMPT] {"attempt": 66, "max_questions": 250, "question_idx": 2547, "uid": "14e3a95c-ad90-494f-96bf-a4b387291cce"}
2026-03-25 15:16:23 | INFO     | [QUESTION_SENT] {"question_idx": 2548, "uid": "c999f668-f875-4355-8c74-17ca665a30bd"}
2026-03-25 15:16:54 | INFO     | [QUESTION_ATTEMPT] {"attempt": 67, "max_questions": 250, "question_idx": 2548, "uid": "c999f668-f875-4355-8c74-17ca665a30bd"}
2026-03-25 15:17:44 | INFO     | [QUESTION_SENT] {"question_idx": 2549, "uid": "508bfa47-d52e-4fc8-82f9-fb3843f59ca9"}
2026-03-25 15:18:14 | INFO     | [QUESTION_ATTEMPT] {"attempt": 68, "max_questions": 250, "question_idx": 2549, "uid": "508bfa47-d52e-4fc8-82f9-fb3843f59ca9"}
2026-03-25 15:19:05 | INFO     | [QUESTION_SENT] {"question_idx": 2550, "uid": "b59d5794-97da-4538-af65-0ef8bb200610"}
2026-03-25 15:19:35 | INFO     | [QUESTION_ATTEMPT] {"attempt": 69, "max_questions": 250, "question_idx": 2550, "uid": "b59d5794-97da-4538-af65-0ef8bb200610"}
2026-03-25 15:20:25 | INFO     | [QUESTION_SENT] {"question_idx": 2551, "uid": "dad835b2-9f03-4f26-a0d9-d55271292cf2"}
2026-03-25 15:20:56 | INFO     | [QUESTION_ATTEMPT] {"attempt": 70, "max_questions": 250, "question_idx": 2551, "uid": "dad835b2-9f03-4f26-a0d9-d55271292cf2"}
2026-03-25 15:21:08 | INFO     | [QUESTION_SENT] {"question_idx": 2551, "uid": "dad835b2-9f03-4f26-a0d9-d55271292cf2"}
2026-03-25 15:21:31 | INFO     | [QUESTION_ATTEMPT] {"attempt": 71, "max_questions": 250, "question_idx": 2551, "uid": "dad835b2-9f03-4f26-a0d9-d55271292cf2"}
2026-03-25 15:22:32 | INFO     | [QUESTION_SENT] {"question_idx": 2552, "uid": "f9c13189-7d81-4c7e-b5b9-a6dafccb6538"}
2026-03-25 15:23:05 | INFO     | [QUESTION_ATTEMPT] {"attempt": 72, "max_questions": 250, "question_idx": 2552, "uid": "f9c13189-7d81-4c7e-b5b9-a6dafccb6538"}
2026-03-25 15:23:53 | INFO     | [QUESTION_SENT] {"question_idx": 2553, "uid": "330d2b31-3b7c-4731-bec8-ff2086bc6671"}
2026-03-25 15:24:23 | INFO     | [QUESTION_ATTEMPT] {"attempt": 73, "max_questions": 250, "question_idx": 2553, "uid": "330d2b31-3b7c-4731-bec8-ff2086bc6671"}
2026-03-25 15:25:14 | INFO     | [QUESTION_SENT] {"question_idx": 2554, "uid": "c7f2ef54-11f9-495c-8e2f-ca6c517d69b4"}
2026-03-25 15:25:41 | INFO     | [QUESTION_ATTEMPT] {"attempt": 74, "max_questions": 250, "question_idx": 2554, "uid": "c7f2ef54-11f9-495c-8e2f-ca6c517d69b4"}
2026-03-25 15:26:35 | INFO     | [QUESTION_SENT] {"question_idx": 2555, "uid": "edf04812-7922-4ed2-ba06-550d6b9eb2fb"}
2026-03-25 15:26:56 | INFO     | [QUESTION_ATTEMPT] {"attempt": 75, "max_questions": 250, "question_idx": 2555, "uid": "edf04812-7922-4ed2-ba06-550d6b9eb2fb"}
2026-03-25 15:27:55 | INFO     | [QUESTION_SENT] {"question_idx": 2555, "uid": "edf04812-7922-4ed2-ba06-550d6b9eb2fb"}
2026-03-25 15:28:30 | INFO     | [QUESTION_ATTEMPT] {"attempt": 76, "max_questions": 250, "question_idx": 2555, "uid": "edf04812-7922-4ed2-ba06-550d6b9eb2fb"}
2026-03-25 15:29:16 | INFO     | [QUESTION_SENT] {"question_idx": 2556, "uid": "8f1215ce-1f36-4ba9-83af-b153c4cc010c"}
2026-03-25 15:29:45 | INFO     | [QUESTION_ATTEMPT] {"attempt": 77, "max_questions": 250, "question_idx": 2556, "uid": "8f1215ce-1f36-4ba9-83af-b153c4cc010c"}
2026-03-25 15:30:37 | INFO     | [QUESTION_SENT] {"question_idx": 2557, "uid": "5e30f229-09df-43ca-a2e8-75b66110f071"}
2026-03-25 15:31:09 | INFO     | [QUESTION_ATTEMPT] {"attempt": 78, "max_questions": 250, "question_idx": 2557, "uid": "5e30f229-09df-43ca-a2e8-75b66110f071"}
2026-03-25 15:31:59 | INFO     | [QUESTION_SENT] {"question_idx": 2558, "uid": "b93c4634-f40b-4c86-a631-1112dd6e9afb"}
2026-03-25 15:32:26 | INFO     | [QUESTION_ATTEMPT] {"attempt": 79, "max_questions": 250, "question_idx": 2558, "uid": "b93c4634-f40b-4c86-a631-1112dd6e9afb"}
2026-03-25 15:33:20 | INFO     | [QUESTION_SENT] {"question_idx": 2559, "uid": "ead38f6e-7044-42c8-8173-f0abce73f176"}
2026-03-25 15:33:51 | INFO     | [QUESTION_ATTEMPT] {"attempt": 80, "max_questions": 250, "question_idx": 2559, "uid": "ead38f6e-7044-42c8-8173-f0abce73f176"}
2026-03-25 15:34:41 | INFO     | [QUESTION_SENT] {"question_idx": 2560, "uid": "acf4e526-f460-4bdd-9547-9544a6e81f9b"}
2026-03-25 15:35:08 | INFO     | [QUESTION_ATTEMPT] {"attempt": 81, "max_questions": 250, "question_idx": 2560, "uid": "acf4e526-f460-4bdd-9547-9544a6e81f9b"}
2026-03-25 15:36:02 | INFO     | [QUESTION_SENT] {"question_idx": 2560, "uid": "acf4e526-f460-4bdd-9547-9544a6e81f9b"}
2026-03-25 15:36:32 | INFO     | [QUESTION_ATTEMPT] {"attempt": 82, "max_questions": 250, "question_idx": 2560, "uid": "acf4e526-f460-4bdd-9547-9544a6e81f9b"}
2026-03-25 15:37:23 | INFO     | [QUESTION_SENT] {"question_idx": 2561, "uid": "47871582-191a-4d78-9374-9b60d955b480"}
2026-03-25 15:38:04 | INFO     | [QUESTION_ATTEMPT] {"attempt": 83, "max_questions": 250, "question_idx": 2561, "uid": "47871582-191a-4d78-9374-9b60d955b480"}
2026-03-25 15:38:35 | INFO     | [QUESTION_SENT] {"question_idx": 2562, "uid": "18467b4a-a9aa-4f11-8775-503d1df83b08"}
2026-03-25 15:39:56 | INFO     | [QUESTION_SENT] {"question_idx": 2562, "uid": "18467b4a-a9aa-4f11-8775-503d1df83b08"}
2026-03-25 15:40:26 | INFO     | [QUESTION_ATTEMPT] {"attempt": 84, "max_questions": 250, "question_idx": 2562, "uid": "18467b4a-a9aa-4f11-8775-503d1df83b08"}
2026-03-25 15:41:17 | INFO     | [QUESTION_SENT] {"question_idx": 2563, "uid": "01180904-35b9-4955-8005-7b01bddef7ce"}
2026-03-25 15:41:47 | INFO     | [QUESTION_ATTEMPT] {"attempt": 85, "max_questions": 250, "question_idx": 2563, "uid": "01180904-35b9-4955-8005-7b01bddef7ce"}
2026-03-25 15:42:38 | INFO     | [QUESTION_SENT] {"question_idx": 2564, "uid": "f85ec4e0-b5a6-4428-95bb-4b3dda054786"}
2026-03-25 15:43:09 | INFO     | [QUESTION_ATTEMPT] {"attempt": 86, "max_questions": 250, "question_idx": 2564, "uid": "f85ec4e0-b5a6-4428-95bb-4b3dda054786"}
2026-03-25 15:43:59 | INFO     | [QUESTION_SENT] {"question_idx": 2565, "uid": "09e0a9de-a285-4463-9f0d-755a65661c3e"}
2026-03-25 15:44:28 | INFO     | [QUESTION_ATTEMPT] {"attempt": 87, "max_questions": 250, "question_idx": 2565, "uid": "09e0a9de-a285-4463-9f0d-755a65661c3e"}
2026-03-25 15:45:20 | INFO     | [QUESTION_SENT] {"question_idx": 2566, "uid": "e484c1c5-011e-48b4-9618-ac5fc28e81aa"}
2026-03-25 15:45:53 | INFO     | [QUESTION_ATTEMPT] {"attempt": 88, "max_questions": 250, "question_idx": 2566, "uid": "e484c1c5-011e-48b4-9618-ac5fc28e81aa"}
2026-03-25 15:46:41 | INFO     | [QUESTION_SENT] {"question_idx": 2567, "uid": "dd540e23-d5b0-4ba7-9a64-afe5102c8f15"}
2026-03-25 15:47:04 | INFO     | [QUESTION_ATTEMPT] {"attempt": 89, "max_questions": 250, "question_idx": 2567, "uid": "dd540e23-d5b0-4ba7-9a64-afe5102c8f15"}
2026-03-25 15:47:16 | INFO     | [QUESTION_SENT] {"question_idx": 2567, "uid": "dd540e23-d5b0-4ba7-9a64-afe5102c8f15"}
2026-03-25 15:48:40 | INFO     | [QUESTION_SENT] {"question_idx": 2567, "uid": "dd540e23-d5b0-4ba7-9a64-afe5102c8f15"}
2026-03-25 15:49:03 | INFO     | [QUESTION_ATTEMPT] {"attempt": 90, "max_questions": 250, "question_idx": 2567, "uid": "dd540e23-d5b0-4ba7-9a64-afe5102c8f15"}
2026-03-25 15:49:16 | INFO     | [QUESTION_SENT] {"question_idx": 2567, "uid": "dd540e23-d5b0-4ba7-9a64-afe5102c8f15"}
2026-03-25 15:49:29 | INFO     | [QUESTION_ATTEMPT] {"attempt": 91, "max_questions": 250, "question_idx": 2567, "uid": "dd540e23-d5b0-4ba7-9a64-afe5102c8f15"}
2026-03-25 15:49:41 | INFO     | [QUESTION_SENT] {"question_idx": 2567, "uid": "dd540e23-d5b0-4ba7-9a64-afe5102c8f15"}
2026-03-25 15:50:00 | INFO     | [QUESTION_ATTEMPT] {"attempt": 92, "max_questions": 250, "question_idx": 2567, "uid": "dd540e23-d5b0-4ba7-9a64-afe5102c8f15"}
2026-03-25 15:51:04 | INFO     | [QUESTION_SENT] {"question_idx": 2568, "uid": "bee630ad-33a5-45e5-a2e1-30ca560f8750"}
2026-03-25 15:51:37 | INFO     | [QUESTION_ATTEMPT] {"attempt": 93, "max_questions": 250, "question_idx": 2568, "uid": "bee630ad-33a5-45e5-a2e1-30ca560f8750"}
2026-03-25 15:51:50 | INFO     | [QUESTION_SENT] {"question_idx": 2568, "uid": "bee630ad-33a5-45e5-a2e1-30ca560f8750"}
2026-03-25 15:52:10 | INFO     | [QUESTION_ATTEMPT] {"attempt": 94, "max_questions": 250, "question_idx": 2568, "uid": "bee630ad-33a5-45e5-a2e1-30ca560f8750"}
2026-03-25 15:53:13 | INFO     | [QUESTION_SENT] {"question_idx": 2569, "uid": "c4f17bee-8cd1-4566-be81-bc0d10c5fd75"}
2026-03-25 15:53:36 | INFO     | [QUESTION_ATTEMPT] {"attempt": 95, "max_questions": 250, "question_idx": 2569, "uid": "c4f17bee-8cd1-4566-be81-bc0d10c5fd75"}
2026-03-25 15:54:34 | INFO     | [QUESTION_SENT] {"question_idx": 2569, "uid": "c4f17bee-8cd1-4566-be81-bc0d10c5fd75"}
2026-03-25 15:56:01 | INFO     | [QUESTION_SENT] {"question_idx": 2569, "uid": "c4f17bee-8cd1-4566-be81-bc0d10c5fd75"}
2026-03-25 15:58:09 | INFO     | [QUESTION_ATTEMPT] {"attempt": 96, "max_questions": 250, "question_idx": 2569, "uid": "c4f17bee-8cd1-4566-be81-bc0d10c5fd75"}
2026-03-25 15:58:40 | INFO     | [QUESTION_SENT] {"question_idx": 2570, "uid": "491c22b4-6a2d-42fd-abef-41dbf37a993d"}
2026-03-25 15:59:10 | INFO     | [QUESTION_ATTEMPT] {"attempt": 97, "max_questions": 250, "question_idx": 2570, "uid": "491c22b4-6a2d-42fd-abef-41dbf37a993d"}
2026-03-25 16:00:01 | INFO     | [QUESTION_SENT] {"question_idx": 2571, "uid": "f765a82c-5e71-44cf-ab08-526711e89c22"}
2026-03-25 16:00:34 | INFO     | [QUESTION_ATTEMPT] {"attempt": 98, "max_questions": 250, "question_idx": 2571, "uid": "f765a82c-5e71-44cf-ab08-526711e89c22"}
2026-03-25 16:01:22 | INFO     | [QUESTION_SENT] {"question_idx": 2572, "uid": "fdb44880-1b09-4c6e-ac9e-cd4357d7993c"}
2026-03-25 16:02:43 | INFO     | [QUESTION_SENT] {"question_idx": 2572, "uid": "fdb44880-1b09-4c6e-ac9e-cd4357d7993c"}
2026-03-25 16:03:12 | INFO     | [QUESTION_ATTEMPT] {"attempt": 99, "max_questions": 250, "question_idx": 2572, "uid": "fdb44880-1b09-4c6e-ac9e-cd4357d7993c"}
2026-03-25 16:04:04 | INFO     | [QUESTION_SENT] {"question_idx": 2573, "uid": "9fe0f1fb-e198-43b2-8770-d2150b6f44f6"}
2026-03-25 16:04:27 | INFO     | [QUESTION_ATTEMPT] {"attempt": 100, "max_questions": 250, "question_idx": 2573, "uid": "9fe0f1fb-e198-43b2-8770-d2150b6f44f6"}
2026-03-25 16:04:40 | INFO     | [QUESTION_SENT] {"question_idx": 2573, "uid": "9fe0f1fb-e198-43b2-8770-d2150b6f44f6"}
2026-03-25 16:04:59 | INFO     | [QUESTION_ATTEMPT] {"attempt": 101, "max_questions": 250, "question_idx": 2573, "uid": "9fe0f1fb-e198-43b2-8770-d2150b6f44f6"}
2026-03-25 16:06:03 | INFO     | [QUESTION_SENT] {"question_idx": 2574, "uid": "84e177d6-1229-4464-b6a0-e1ab51719b9d"}
2026-03-25 16:06:35 | INFO     | [QUESTION_ATTEMPT] {"attempt": 102, "max_questions": 250, "question_idx": 2574, "uid": "84e177d6-1229-4464-b6a0-e1ab51719b9d"}
2026-03-25 16:07:24 | INFO     | [QUESTION_SENT] {"question_idx": 2575, "uid": "08adb476-15b2-4958-af6a-cfc3966082e9"}
2026-03-25 16:07:49 | INFO     | [QUESTION_ATTEMPT] {"attempt": 103, "max_questions": 250, "question_idx": 2575, "uid": "08adb476-15b2-4958-af6a-cfc3966082e9"}
2026-03-25 16:08:01 | INFO     | [QUESTION_SENT] {"question_idx": 2575, "uid": "08adb476-15b2-4958-af6a-cfc3966082e9"}
2026-03-25 16:09:25 | INFO     | [QUESTION_SENT] {"question_idx": 2575, "uid": "08adb476-15b2-4958-af6a-cfc3966082e9"}
2026-03-25 16:09:56 | INFO     | [QUESTION_ATTEMPT] {"attempt": 104, "max_questions": 250, "question_idx": 2575, "uid": "08adb476-15b2-4958-af6a-cfc3966082e9"}
2026-03-25 16:10:09 | INFO     | [QUESTION_SENT] {"question_idx": 2575, "uid": "08adb476-15b2-4958-af6a-cfc3966082e9"}
2026-03-25 16:10:28 | INFO     | [QUESTION_ATTEMPT] {"attempt": 105, "max_questions": 250, "question_idx": 2575, "uid": "08adb476-15b2-4958-af6a-cfc3966082e9"}
2026-03-25 16:11:32 | INFO     | [QUESTION_SENT] {"question_idx": 2576, "uid": "312ef66f-a7e0-4c55-9737-ff26188093fe"}
2026-03-25 16:12:00 | INFO     | [QUESTION_ATTEMPT] {"attempt": 106, "max_questions": 250, "question_idx": 2576, "uid": "312ef66f-a7e0-4c55-9737-ff26188093fe"}
2026-03-25 16:12:53 | INFO     | [QUESTION_SENT] {"question_idx": 2577, "uid": "a91bbc57-48c0-4ea2-b7f6-4c2683bce28c"}
2026-03-25 16:13:22 | INFO     | [QUESTION_ATTEMPT] {"attempt": 107, "max_questions": 250, "question_idx": 2577, "uid": "a91bbc57-48c0-4ea2-b7f6-4c2683bce28c"}
2026-03-25 16:14:14 | INFO     | [QUESTION_SENT] {"question_idx": 2578, "uid": "76f8f03c-5858-4df4-a8a1-efbee2063f00"}
2026-03-25 16:14:43 | INFO     | [QUESTION_ATTEMPT] {"attempt": 108, "max_questions": 250, "question_idx": 2578, "uid": "76f8f03c-5858-4df4-a8a1-efbee2063f00"}
2026-03-25 16:15:35 | INFO     | [QUESTION_SENT] {"question_idx": 2579, "uid": "4b4a3ca2-f8cd-4e62-ae4c-0ad1d8cae0ab"}
2026-03-25 16:16:02 | INFO     | [QUESTION_ATTEMPT] {"attempt": 109, "max_questions": 250, "question_idx": 2579, "uid": "4b4a3ca2-f8cd-4e62-ae4c-0ad1d8cae0ab"}
2026-03-25 16:16:56 | INFO     | [QUESTION_SENT] {"question_idx": 2580, "uid": "808a974d-ace0-48ce-b086-8590360ab6bc"}
2026-03-25 16:17:23 | INFO     | [QUESTION_ATTEMPT] {"attempt": 110, "max_questions": 250, "question_idx": 2580, "uid": "808a974d-ace0-48ce-b086-8590360ab6bc"}
2026-03-25 16:17:36 | INFO     | [QUESTION_SENT] {"question_idx": 2580, "uid": "808a974d-ace0-48ce-b086-8590360ab6bc"}
2026-03-25 16:17:57 | INFO     | [QUESTION_ATTEMPT] {"attempt": 111, "max_questions": 250, "question_idx": 2580, "uid": "808a974d-ace0-48ce-b086-8590360ab6bc"}
2026-03-25 16:18:59 | INFO     | [QUESTION_SENT] {"question_idx": 2581, "uid": "78ff8782-f2f4-4dea-bc6d-3168f7dd94ff"}
2026-03-25 16:19:31 | INFO     | [QUESTION_ATTEMPT] {"attempt": 112, "max_questions": 250, "question_idx": 2581, "uid": "78ff8782-f2f4-4dea-bc6d-3168f7dd94ff"}
2026-03-25 16:20:20 | INFO     | [QUESTION_SENT] {"question_idx": 2582, "uid": "9747b3c3-832d-409a-9d2f-aac4b9d222ad"}
2026-03-25 16:20:49 | INFO     | [QUESTION_ATTEMPT] {"attempt": 113, "max_questions": 250, "question_idx": 2582, "uid": "9747b3c3-832d-409a-9d2f-aac4b9d222ad"}
2026-03-25 16:21:41 | INFO     | [QUESTION_SENT] {"question_idx": 2583, "uid": "c2eadb95-f8ca-4706-812c-457d49c6a667"}
2026-03-25 16:22:04 | INFO     | [QUESTION_ATTEMPT] {"attempt": 114, "max_questions": 250, "question_idx": 2583, "uid": "c2eadb95-f8ca-4706-812c-457d49c6a667"}
2026-03-25 16:22:17 | INFO     | [QUESTION_SENT] {"question_idx": 2583, "uid": "c2eadb95-f8ca-4706-812c-457d49c6a667"}
2026-03-25 16:22:40 | INFO     | [QUESTION_ATTEMPT] {"attempt": 115, "max_questions": 250, "question_idx": 2583, "uid": "c2eadb95-f8ca-4706-812c-457d49c6a667"}
2026-03-25 16:23:40 | INFO     | [QUESTION_SENT] {"question_idx": 2584, "uid": "f87fbf01-3510-4d57-8772-e3361f742ab4"}
2026-03-25 16:24:13 | INFO     | [QUESTION_ATTEMPT] {"attempt": 116, "max_questions": 250, "question_idx": 2584, "uid": "f87fbf01-3510-4d57-8772-e3361f742ab4"}
2026-03-25 16:25:01 | INFO     | [QUESTION_SENT] {"question_idx": 2585, "uid": "9d614358-2a47-41d2-9e35-0acc7d17d51b"}
2026-03-25 16:25:29 | INFO     | [QUESTION_ATTEMPT] {"attempt": 117, "max_questions": 250, "question_idx": 2585, "uid": "9d614358-2a47-41d2-9e35-0acc7d17d51b"}
2026-03-25 16:25:41 | INFO     | [QUESTION_SENT] {"question_idx": 2585, "uid": "9d614358-2a47-41d2-9e35-0acc7d17d51b"}
2026-03-25 16:26:00 | INFO     | [QUESTION_ATTEMPT] {"attempt": 118, "max_questions": 250, "question_idx": 2585, "uid": "9d614358-2a47-41d2-9e35-0acc7d17d51b"}
2026-03-25 16:27:05 | INFO     | [QUESTION_SENT] {"question_idx": 2586, "uid": "674ae3a5-6552-4f9d-ad12-902b4a44da40"}
2026-03-25 16:27:36 | INFO     | [QUESTION_ATTEMPT] {"attempt": 119, "max_questions": 250, "question_idx": 2586, "uid": "674ae3a5-6552-4f9d-ad12-902b4a44da40"}
2026-03-25 16:28:26 | INFO     | [QUESTION_SENT] {"question_idx": 2587, "uid": "3270f28b-c3c8-48bc-b6a7-1b7ff30ff210"}
2026-03-25 16:28:55 | INFO     | [QUESTION_ATTEMPT] {"attempt": 120, "max_questions": 250, "question_idx": 2587, "uid": "3270f28b-c3c8-48bc-b6a7-1b7ff30ff210"}
2026-03-25 16:29:07 | INFO     | [QUESTION_SENT] {"question_idx": 2587, "uid": "3270f28b-c3c8-48bc-b6a7-1b7ff30ff210"}
2026-03-25 16:29:30 | INFO     | [QUESTION_ATTEMPT] {"attempt": 121, "max_questions": 250, "question_idx": 2587, "uid": "3270f28b-c3c8-48bc-b6a7-1b7ff30ff210"}
2026-03-25 16:30:31 | INFO     | [QUESTION_SENT] {"question_idx": 2588, "uid": "dccafe7e-f051-48d4-a60d-d4276a330d80"}
2026-03-25 16:31:01 | INFO     | [QUESTION_ATTEMPT] {"attempt": 122, "max_questions": 250, "question_idx": 2588, "uid": "dccafe7e-f051-48d4-a60d-d4276a330d80"}
2026-03-25 16:31:51 | INFO     | [QUESTION_SENT] {"question_idx": 2589, "uid": "d8409960-03f5-4467-bcb6-70959fea0326"}
2026-03-25 16:32:20 | INFO     | [QUESTION_ATTEMPT] {"attempt": 123, "max_questions": 250, "question_idx": 2589, "uid": "d8409960-03f5-4467-bcb6-70959fea0326"}
2026-03-25 16:33:12 | INFO     | [QUESTION_SENT] {"question_idx": 2590, "uid": "162b55ea-4344-4b12-9a61-60a3752a70e5"}
2026-03-25 16:33:41 | INFO     | [QUESTION_ATTEMPT] {"attempt": 124, "max_questions": 250, "question_idx": 2590, "uid": "162b55ea-4344-4b12-9a61-60a3752a70e5"}
2026-03-25 16:33:54 | INFO     | [QUESTION_SENT] {"question_idx": 2590, "uid": "162b55ea-4344-4b12-9a61-60a3752a70e5"}
2026-03-25 16:34:12 | INFO     | [QUESTION_ATTEMPT] {"attempt": 125, "max_questions": 250, "question_idx": 2590, "uid": "162b55ea-4344-4b12-9a61-60a3752a70e5"}
2026-03-25 16:34:25 | INFO     | [QUESTION_SENT] {"question_idx": 2590, "uid": "162b55ea-4344-4b12-9a61-60a3752a70e5"}
2026-03-25 16:34:45 | INFO     | [QUESTION_ATTEMPT] {"attempt": 126, "max_questions": 250, "question_idx": 2590, "uid": "162b55ea-4344-4b12-9a61-60a3752a70e5"}
2026-03-25 16:34:57 | INFO     | [QUESTION_SENT] {"question_idx": 2590, "uid": "162b55ea-4344-4b12-9a61-60a3752a70e5"}
2026-03-25 16:36:21 | INFO     | [QUESTION_SENT] {"question_idx": 2590, "uid": "162b55ea-4344-4b12-9a61-60a3752a70e5"}
2026-03-25 16:36:47 | INFO     | [QUESTION_ATTEMPT] {"attempt": 127, "max_questions": 250, "question_idx": 2590, "uid": "162b55ea-4344-4b12-9a61-60a3752a70e5"}
2026-03-25 16:37:42 | INFO     | [QUESTION_SENT] {"question_idx": 2591, "uid": "fcc6eb5a-2208-4a3d-b2eb-e31945b55e60"}
2026-03-25 16:38:15 | INFO     | [QUESTION_ATTEMPT] {"attempt": 128, "max_questions": 250, "question_idx": 2591, "uid": "fcc6eb5a-2208-4a3d-b2eb-e31945b55e60"}
2026-03-25 16:39:03 | INFO     | [QUESTION_SENT] {"question_idx": 2592, "uid": "a46f1c5a-a8a0-4160-8cbe-936c86c59a94"}
2026-03-25 16:39:33 | INFO     | [QUESTION_ATTEMPT] {"attempt": 129, "max_questions": 250, "question_idx": 2592, "uid": "a46f1c5a-a8a0-4160-8cbe-936c86c59a94"}
2026-03-25 16:40:24 | INFO     | [QUESTION_SENT] {"question_idx": 2593, "uid": "fbf95d16-7949-48e5-afce-087600b1ac98"}
2026-03-25 16:40:56 | INFO     | [QUESTION_ATTEMPT] {"attempt": 130, "max_questions": 250, "question_idx": 2593, "uid": "fbf95d16-7949-48e5-afce-087600b1ac98"}
2026-03-25 16:41:45 | INFO     | [QUESTION_SENT] {"question_idx": 2594, "uid": "bbcbb2a8-3405-4e40-9efe-b80ee9cd9a82"}
2026-03-25 16:42:20 | INFO     | [QUESTION_ATTEMPT] {"attempt": 131, "max_questions": 250, "question_idx": 2594, "uid": "bbcbb2a8-3405-4e40-9efe-b80ee9cd9a82"}
2026-03-25 16:43:06 | INFO     | [QUESTION_SENT] {"question_idx": 2595, "uid": "c16613c1-f38b-48c8-8a0c-52bd6c262b6c"}
2026-03-25 16:43:38 | INFO     | [QUESTION_ATTEMPT] {"attempt": 132, "max_questions": 250, "question_idx": 2595, "uid": "c16613c1-f38b-48c8-8a0c-52bd6c262b6c"}
2026-03-25 16:44:27 | INFO     | [QUESTION_SENT] {"question_idx": 2596, "uid": "764fd8f1-027c-41be-97d9-97107d68a0bc"}
2026-03-25 16:44:52 | INFO     | [QUESTION_ATTEMPT] {"attempt": 133, "max_questions": 250, "question_idx": 2596, "uid": "764fd8f1-027c-41be-97d9-97107d68a0bc"}
2026-03-25 16:45:04 | INFO     | [QUESTION_SENT] {"question_idx": 2596, "uid": "764fd8f1-027c-41be-97d9-97107d68a0bc"}
2026-03-25 16:45:25 | INFO     | [QUESTION_ATTEMPT] {"attempt": 134, "max_questions": 250, "question_idx": 2596, "uid": "764fd8f1-027c-41be-97d9-97107d68a0bc"}
2026-03-25 16:46:28 | INFO     | [QUESTION_SENT] {"question_idx": 2597, "uid": "b34107b8-fad0-4a13-82d1-5d400914c161"}
2026-03-25 16:47:02 | INFO     | [QUESTION_ATTEMPT] {"attempt": 135, "max_questions": 250, "question_idx": 2597, "uid": "b34107b8-fad0-4a13-82d1-5d400914c161"}
2026-03-25 16:47:49 | INFO     | [QUESTION_SENT] {"question_idx": 2598, "uid": "b188686c-85a9-4b47-8689-a7710866fdaf"}
2026-03-25 16:48:13 | INFO     | [QUESTION_ATTEMPT] {"attempt": 136, "max_questions": 250, "question_idx": 2598, "uid": "b188686c-85a9-4b47-8689-a7710866fdaf"}
2026-03-25 16:49:10 | INFO     | [QUESTION_SENT] {"question_idx": 2598, "uid": "b188686c-85a9-4b47-8689-a7710866fdaf"}
2026-03-25 16:49:40 | INFO     | [QUESTION_ATTEMPT] {"attempt": 137, "max_questions": 250, "question_idx": 2598, "uid": "b188686c-85a9-4b47-8689-a7710866fdaf"}
2026-03-25 16:50:31 | INFO     | [QUESTION_SENT] {"question_idx": 2599, "uid": "7bd6f154-5b50-4dc0-8246-dc0cae8b5b0b"}
2026-03-25 16:51:02 | INFO     | [QUESTION_ATTEMPT] {"attempt": 138, "max_questions": 250, "question_idx": 2599, "uid": "7bd6f154-5b50-4dc0-8246-dc0cae8b5b0b"}
2026-03-25 16:51:52 | INFO     | [QUESTION_SENT] {"question_idx": 2600, "uid": "812e2230-635a-4b0a-9986-2bd0f57c93c1"}
2026-03-25 16:52:28 | INFO     | [QUESTION_ATTEMPT] {"attempt": 139, "max_questions": 250, "question_idx": 2600, "uid": "812e2230-635a-4b0a-9986-2bd0f57c93c1"}
2026-03-25 16:53:13 | INFO     | [QUESTION_SENT] {"question_idx": 2600, "uid": "812e2230-635a-4b0a-9986-2bd0f57c93c1"}
2026-03-25 16:53:44 | INFO     | [QUESTION_ATTEMPT] {"attempt": 140, "max_questions": 250, "question_idx": 2600, "uid": "812e2230-635a-4b0a-9986-2bd0f57c93c1"}
2026-03-25 16:54:34 | INFO     | [QUESTION_SENT] {"question_idx": 2601, "uid": "ef2486e1-74a4-4cc4-9f5a-abbe7440c8da"}
2026-03-25 16:55:04 | INFO     | [QUESTION_ATTEMPT] {"attempt": 141, "max_questions": 250, "question_idx": 2601, "uid": "ef2486e1-74a4-4cc4-9f5a-abbe7440c8da"}
2026-03-25 16:55:55 | INFO     | [QUESTION_SENT] {"question_idx": 2602, "uid": "e84d4ed0-635f-446b-a4e1-ac0bbd411eb3"}
2026-03-25 16:56:25 | INFO     | [QUESTION_ATTEMPT] {"attempt": 142, "max_questions": 250, "question_idx": 2602, "uid": "e84d4ed0-635f-446b-a4e1-ac0bbd411eb3"}
2026-03-25 16:57:16 | INFO     | [QUESTION_SENT] {"question_idx": 2603, "uid": "a2e229a8-552b-4cb0-add9-c92ce02b30ee"}
2026-03-25 16:57:39 | INFO     | [QUESTION_ATTEMPT] {"attempt": 143, "max_questions": 250, "question_idx": 2603, "uid": "a2e229a8-552b-4cb0-add9-c92ce02b30ee"}
2026-03-25 16:57:51 | INFO     | [QUESTION_SENT] {"question_idx": 2603, "uid": "a2e229a8-552b-4cb0-add9-c92ce02b30ee"}
2026-03-25 16:58:13 | INFO     | [QUESTION_ATTEMPT] {"attempt": 144, "max_questions": 250, "question_idx": 2603, "uid": "a2e229a8-552b-4cb0-add9-c92ce02b30ee"}
2026-03-25 16:59:15 | INFO     | [QUESTION_SENT] {"question_idx": 2604, "uid": "e045850e-98ba-4cbb-8b1e-1f904840097b"}
2026-03-25 16:59:38 | INFO     | [QUESTION_ATTEMPT] {"attempt": 145, "max_questions": 250, "question_idx": 2604, "uid": "e045850e-98ba-4cbb-8b1e-1f904840097b"}
2026-03-25 16:59:51 | INFO     | [QUESTION_SENT] {"question_idx": 2604, "uid": "e045850e-98ba-4cbb-8b1e-1f904840097b"}
2026-03-25 17:00:05 | INFO     | [QUESTION_ATTEMPT] {"attempt": 146, "max_questions": 250, "question_idx": 2604, "uid": "e045850e-98ba-4cbb-8b1e-1f904840097b"}
2026-03-25 17:00:17 | INFO     | [QUESTION_SENT] {"question_idx": 2604, "uid": "e045850e-98ba-4cbb-8b1e-1f904840097b"}
2026-03-25 17:00:32 | INFO     | [QUESTION_ATTEMPT] {"attempt": 147, "max_questions": 250, "question_idx": 2604, "uid": "e045850e-98ba-4cbb-8b1e-1f904840097b"}
2026-03-25 17:00:44 | INFO     | [QUESTION_SENT] {"question_idx": 2604, "uid": "e045850e-98ba-4cbb-8b1e-1f904840097b"}
2026-03-25 17:00:58 | INFO     | [QUESTION_ATTEMPT] {"attempt": 148, "max_questions": 250, "question_idx": 2604, "uid": "e045850e-98ba-4cbb-8b1e-1f904840097b"}
2026-03-25 17:01:10 | INFO     | [QUESTION_SENT] {"question_idx": 2604, "uid": "e045850e-98ba-4cbb-8b1e-1f904840097b"}
2026-03-25 17:01:24 | INFO     | [QUESTION_ATTEMPT] {"attempt": 149, "max_questions": 250, "question_idx": 2604, "uid": "e045850e-98ba-4cbb-8b1e-1f904840097b"}
2026-03-25 17:01:37 | INFO     | [QUESTION_SENT] {"question_idx": 2604, "uid": "e045850e-98ba-4cbb-8b1e-1f904840097b"}
2026-03-25 17:01:51 | INFO     | [QUESTION_ATTEMPT] {"attempt": 150, "max_questions": 250, "question_idx": 2604, "uid": "e045850e-98ba-4cbb-8b1e-1f904840097b"}
2026-03-25 17:02:04 | INFO     | [QUESTION_SENT] {"question_idx": 2604, "uid": "e045850e-98ba-4cbb-8b1e-1f904840097b"}
2026-03-25 17:02:18 | INFO     | [QUESTION_ATTEMPT] {"attempt": 151, "max_questions": 250, "question_idx": 2604, "uid": "e045850e-98ba-4cbb-8b1e-1f904840097b"}
2026-03-25 17:02:31 | INFO     | [QUESTION_SENT] {"question_idx": 2604, "uid": "e045850e-98ba-4cbb-8b1e-1f904840097b"}
2026-03-25 17:03:54 | INFO     | [QUESTION_SENT] {"question_idx": 2604, "uid": "e045850e-98ba-4cbb-8b1e-1f904840097b"}
2026-03-25 17:04:24 | INFO     | [QUESTION_ATTEMPT] {"attempt": 152, "max_questions": 250, "question_idx": 2604, "uid": "e045850e-98ba-4cbb-8b1e-1f904840097b"}
2026-03-25 17:05:15 | INFO     | [QUESTION_SENT] {"question_idx": 2605, "uid": "bc01526c-62c4-463c-8e92-d6a9cd5d78a7"}
2026-03-25 17:05:48 | INFO     | [QUESTION_ATTEMPT] {"attempt": 153, "max_questions": 250, "question_idx": 2605, "uid": "bc01526c-62c4-463c-8e92-d6a9cd5d78a7"}
2026-03-25 17:06:36 | INFO     | [QUESTION_SENT] {"question_idx": 2606, "uid": "8378f972-317b-42d8-88d0-f3009f2e06e1"}
2026-03-25 17:07:20 | INFO     | [QUESTION_ATTEMPT] {"attempt": 154, "max_questions": 250, "question_idx": 2606, "uid": "8378f972-317b-42d8-88d0-f3009f2e06e1"}
2026-03-25 17:07:52 | INFO     | [QUESTION_SENT] {"question_idx": 2607, "uid": "8d8bd4f0-38fe-4332-bf0d-c5e4ce76fbe1"}
2026-03-25 17:08:23 | INFO     | [QUESTION_ATTEMPT] {"attempt": 155, "max_questions": 250, "question_idx": 2607, "uid": "8d8bd4f0-38fe-4332-bf0d-c5e4ce76fbe1"}
2026-03-25 17:09:25 | INFO     | [QUESTION_SENT] {"question_idx": 2608, "uid": "306d4a66-b1f9-4e81-8b88-e6ae31e5a089"}
2026-03-25 17:10:13 | INFO     | [QUESTION_ATTEMPT] {"attempt": 156, "max_questions": 250, "question_idx": 2608, "uid": "306d4a66-b1f9-4e81-8b88-e6ae31e5a089"}
2026-03-25 17:10:44 | INFO     | [QUESTION_SENT] {"question_idx": 2608, "uid": "306d4a66-b1f9-4e81-8b88-e6ae31e5a089"}
2026-03-25 17:11:12 | INFO     | [QUESTION_ATTEMPT] {"attempt": 157, "max_questions": 250, "question_idx": 2608, "uid": "306d4a66-b1f9-4e81-8b88-e6ae31e5a089"}
2026-03-25 17:12:04 | INFO     | [QUESTION_SENT] {"question_idx": 2609, "uid": "b5e67a06-ac92-45f1-b603-57a1548e1651"}
2026-03-25 17:12:36 | INFO     | [QUESTION_ATTEMPT] {"attempt": 158, "max_questions": 250, "question_idx": 2609, "uid": "b5e67a06-ac92-45f1-b603-57a1548e1651"}
2026-03-25 17:13:26 | INFO     | [QUESTION_SENT] {"question_idx": 2610, "uid": "e7987e81-9c5b-4749-9c73-8269cf4cf1b9"}
2026-03-25 17:14:30 | INFO     | [QUESTION_ATTEMPT] {"attempt": 159, "max_questions": 250, "question_idx": 2610, "uid": "e7987e81-9c5b-4749-9c73-8269cf4cf1b9"}
2026-03-25 17:15:01 | INFO     | [QUESTION_SENT] {"question_idx": 2611, "uid": "71811f09-784e-45e2-bdab-738367cdff76"}
2026-03-25 17:15:34 | INFO     | [QUESTION_ATTEMPT] {"attempt": 160, "max_questions": 250, "question_idx": 2611, "uid": "71811f09-784e-45e2-bdab-738367cdff76"}
2026-03-25 17:16:22 | INFO     | [QUESTION_SENT] {"question_idx": 2612, "uid": "a9c9c2f9-c58b-4532-9bde-2f603294fae1"}
2026-03-25 17:16:54 | INFO     | [QUESTION_ATTEMPT] {"attempt": 161, "max_questions": 250, "question_idx": 2612, "uid": "a9c9c2f9-c58b-4532-9bde-2f603294fae1"}
2026-03-25 17:17:43 | INFO     | [QUESTION_SENT] {"question_idx": 2613, "uid": "d3bb09e2-c2a6-47b3-9d70-6ebd9a26ff47"}
2026-03-25 17:18:14 | INFO     | [QUESTION_ATTEMPT] {"attempt": 162, "max_questions": 250, "question_idx": 2613, "uid": "d3bb09e2-c2a6-47b3-9d70-6ebd9a26ff47"}
2026-03-25 17:19:04 | INFO     | [QUESTION_SENT] {"question_idx": 2614, "uid": "3c3a13ee-bbb6-4208-a5db-613408660813"}
2026-03-25 17:19:29 | INFO     | [QUESTION_ATTEMPT] {"attempt": 163, "max_questions": 250, "question_idx": 2614, "uid": "3c3a13ee-bbb6-4208-a5db-613408660813"}
2026-03-25 17:20:25 | INFO     | [QUESTION_SENT] {"question_idx": 2615, "uid": "d5995b76-6b0a-48e9-aedb-d39355614fa5"}
2026-03-25 17:20:54 | INFO     | [QUESTION_ATTEMPT] {"attempt": 164, "max_questions": 250, "question_idx": 2615, "uid": "d5995b76-6b0a-48e9-aedb-d39355614fa5"}
2026-03-25 17:21:46 | INFO     | [QUESTION_SENT] {"question_idx": 2616, "uid": "99839b29-3f59-4869-8463-606185801dd2"}
2026-03-25 17:22:15 | INFO     | [QUESTION_ATTEMPT] {"attempt": 165, "max_questions": 250, "question_idx": 2616, "uid": "99839b29-3f59-4869-8463-606185801dd2"}
2026-03-25 17:23:07 | INFO     | [QUESTION_SENT] {"question_idx": 2617, "uid": "9f9c4162-9e1a-4588-85c1-5dfa970f20c2"}
2026-03-25 17:24:28 | INFO     | [QUESTION_SENT] {"question_idx": 2617, "uid": "9f9c4162-9e1a-4588-85c1-5dfa970f20c2"}
2026-03-25 17:24:55 | INFO     | [QUESTION_ATTEMPT] {"attempt": 166, "max_questions": 250, "question_idx": 2617, "uid": "9f9c4162-9e1a-4588-85c1-5dfa970f20c2"}
2026-03-25 17:25:08 | INFO     | [QUESTION_SENT] {"question_idx": 2617, "uid": "9f9c4162-9e1a-4588-85c1-5dfa970f20c2"}
2026-03-25 17:25:28 | INFO     | [QUESTION_ATTEMPT] {"attempt": 167, "max_questions": 250, "question_idx": 2617, "uid": "9f9c4162-9e1a-4588-85c1-5dfa970f20c2"}
2026-03-25 17:26:31 | INFO     | [QUESTION_SENT] {"question_idx": 2618, "uid": "0eb42c37-ef2e-4f5d-b993-edc1bf175d78"}
2026-03-25 17:27:03 | INFO     | [QUESTION_ATTEMPT] {"attempt": 168, "max_questions": 250, "question_idx": 2618, "uid": "0eb42c37-ef2e-4f5d-b993-edc1bf175d78"}
2026-03-25 17:27:52 | INFO     | [QUESTION_SENT] {"question_idx": 2619, "uid": "9e64b7ba-52a1-452c-b27a-c44febf1ddb1"}
2026-03-25 17:28:21 | INFO     | [QUESTION_ATTEMPT] {"attempt": 169, "max_questions": 250, "question_idx": 2619, "uid": "9e64b7ba-52a1-452c-b27a-c44febf1ddb1"}
2026-03-25 17:29:13 | INFO     | [QUESTION_SENT] {"question_idx": 2620, "uid": "057f272f-c112-4728-b8e8-b3ffa1259cd2"}
2026-03-25 17:29:43 | INFO     | [QUESTION_ATTEMPT] {"attempt": 170, "max_questions": 250, "question_idx": 2620, "uid": "057f272f-c112-4728-b8e8-b3ffa1259cd2"}
2026-03-25 17:30:34 | INFO     | [QUESTION_SENT] {"question_idx": 2621, "uid": "634725ab-94ea-4ffe-9dce-977aedf224f8"}
2026-03-25 17:31:04 | INFO     | [QUESTION_ATTEMPT] {"attempt": 171, "max_questions": 250, "question_idx": 2621, "uid": "634725ab-94ea-4ffe-9dce-977aedf224f8"}
2026-03-25 17:31:55 | INFO     | [QUESTION_SENT] {"question_idx": 2622, "uid": "752f8915-8968-4b06-b8d1-d0dd2e8faa19"}
2026-03-25 17:32:24 | INFO     | [QUESTION_ATTEMPT] {"attempt": 172, "max_questions": 250, "question_idx": 2622, "uid": "752f8915-8968-4b06-b8d1-d0dd2e8faa19"}
2026-03-25 17:33:16 | INFO     | [QUESTION_SENT] {"question_idx": 2623, "uid": "4b75a506-a5ce-4c66-a4ad-f5a8894f064c"}
2026-03-25 17:33:49 | INFO     | [QUESTION_ATTEMPT] {"attempt": 173, "max_questions": 250, "question_idx": 2623, "uid": "4b75a506-a5ce-4c66-a4ad-f5a8894f064c"}
2026-03-25 17:34:37 | INFO     | [QUESTION_SENT] {"question_idx": 2624, "uid": "e2d2c856-f910-4602-ba2c-8200a3b20d26"}
2026-03-25 17:35:00 | INFO     | [QUESTION_ATTEMPT] {"attempt": 174, "max_questions": 250, "question_idx": 2624, "uid": "e2d2c856-f910-4602-ba2c-8200a3b20d26"}
2026-03-25 17:35:12 | INFO     | [QUESTION_SENT] {"question_idx": 2624, "uid": "e2d2c856-f910-4602-ba2c-8200a3b20d26"}
2026-03-25 17:35:25 | INFO     | [QUESTION_ATTEMPT] {"attempt": 175, "max_questions": 250, "question_idx": 2624, "uid": "e2d2c856-f910-4602-ba2c-8200a3b20d26"}
2026-03-25 17:36:36 | INFO     | [QUESTION_SENT] {"question_idx": 2625, "uid": "42862992-61ff-42dd-bc28-4055ca5c9ab4"}
2026-03-25 17:37:13 | INFO     | [QUESTION_ATTEMPT] {"attempt": 176, "max_questions": 250, "question_idx": 2625, "uid": "42862992-61ff-42dd-bc28-4055ca5c9ab4"}
2026-03-25 17:37:56 | INFO     | [QUESTION_SENT] {"question_idx": 2626, "uid": "5a33cd1d-0718-4300-ab5b-dafbe105c3dc"}
2026-03-25 17:38:28 | INFO     | [QUESTION_ATTEMPT] {"attempt": 177, "max_questions": 250, "question_idx": 2626, "uid": "5a33cd1d-0718-4300-ab5b-dafbe105c3dc"}
2026-03-25 17:39:18 | INFO     | [QUESTION_SENT] {"question_idx": 2627, "uid": "219bcb85-d38a-4b7a-aa9a-6bf3230b54be"}
2026-03-25 17:39:54 | INFO     | [QUESTION_ATTEMPT] {"attempt": 178, "max_questions": 250, "question_idx": 2627, "uid": "219bcb85-d38a-4b7a-aa9a-6bf3230b54be"}
2026-03-25 17:40:06 | INFO     | [QUESTION_SENT] {"question_idx": 2627, "uid": "219bcb85-d38a-4b7a-aa9a-6bf3230b54be"}
2026-03-25 17:40:29 | INFO     | [QUESTION_ATTEMPT] {"attempt": 179, "max_questions": 250, "question_idx": 2627, "uid": "219bcb85-d38a-4b7a-aa9a-6bf3230b54be"}
2026-03-25 17:41:30 | INFO     | [QUESTION_SENT] {"question_idx": 2628, "uid": "4e3e2b7f-b080-42a3-a004-0874b8ba5543"}
2026-03-25 17:42:03 | INFO     | [QUESTION_ATTEMPT] {"attempt": 180, "max_questions": 250, "question_idx": 2628, "uid": "4e3e2b7f-b080-42a3-a004-0874b8ba5543"}
2026-03-25 17:42:51 | INFO     | [QUESTION_SENT] {"question_idx": 2629, "uid": "4355cbe0-25a3-43f4-aa60-8cb9631c2dae"}
2026-03-25 17:43:23 | INFO     | [QUESTION_ATTEMPT] {"attempt": 181, "max_questions": 250, "question_idx": 2629, "uid": "4355cbe0-25a3-43f4-aa60-8cb9631c2dae"}
2026-03-25 17:44:12 | INFO     | [QUESTION_SENT] {"question_idx": 2630, "uid": "faf980dd-6e44-478b-b4b0-ae7b2338772d"}
2026-03-25 17:44:42 | INFO     | [QUESTION_ATTEMPT] {"attempt": 182, "max_questions": 250, "question_idx": 2630, "uid": "faf980dd-6e44-478b-b4b0-ae7b2338772d"}
2026-03-25 17:45:32 | INFO     | [QUESTION_SENT] {"question_idx": 2631, "uid": "22a94b3c-797b-4de1-964b-313bb25aaf3a"}
2026-03-25 17:46:05 | INFO     | [QUESTION_ATTEMPT] {"attempt": 183, "max_questions": 250, "question_idx": 2631, "uid": "22a94b3c-797b-4de1-964b-313bb25aaf3a"}
2026-03-25 17:46:54 | INFO     | [QUESTION_SENT] {"question_idx": 2632, "uid": "90cff290-3a8c-4a2c-9a0a-cdc534b63358"}
2026-03-25 17:47:28 | INFO     | [QUESTION_ATTEMPT] {"attempt": 184, "max_questions": 250, "question_idx": 2632, "uid": "90cff290-3a8c-4a2c-9a0a-cdc534b63358"}
2026-03-25 17:48:15 | INFO     | [QUESTION_SENT] {"question_idx": 2633, "uid": "5011834f-39f9-4fda-a933-a04987d49803"}
2026-03-25 17:48:34 | INFO     | [QUESTION_ATTEMPT] {"attempt": 185, "max_questions": 250, "question_idx": 2633, "uid": "5011834f-39f9-4fda-a933-a04987d49803"}
2026-03-25 17:48:46 | INFO     | [QUESTION_SENT] {"question_idx": 2633, "uid": "5011834f-39f9-4fda-a933-a04987d49803"}
2026-03-25 17:49:04 | INFO     | [QUESTION_ATTEMPT] {"attempt": 186, "max_questions": 250, "question_idx": 2633, "uid": "5011834f-39f9-4fda-a933-a04987d49803"}
2026-03-25 17:50:10 | INFO     | [QUESTION_SENT] {"question_idx": 2634, "uid": "085431a8-80c1-4424-993f-66341a588e2c"}
2026-03-25 17:50:37 | INFO     | [QUESTION_ATTEMPT] {"attempt": 187, "max_questions": 250, "question_idx": 2634, "uid": "085431a8-80c1-4424-993f-66341a588e2c"}
2026-03-25 17:51:31 | INFO     | [QUESTION_SENT] {"question_idx": 2635, "uid": "e7a7b357-2e67-4c8d-8916-90e821e9705f"}
2026-03-25 17:52:09 | INFO     | [QUESTION_ATTEMPT] {"attempt": 188, "max_questions": 250, "question_idx": 2635, "uid": "e7a7b357-2e67-4c8d-8916-90e821e9705f"}
2026-03-25 17:52:40 | INFO     | [QUESTION_SENT] {"question_idx": 2636, "uid": "33aa0227-9e79-4686-9ac6-1ced371b0b61"}
2026-03-25 17:53:12 | INFO     | [QUESTION_ATTEMPT] {"attempt": 189, "max_questions": 250, "question_idx": 2636, "uid": "33aa0227-9e79-4686-9ac6-1ced371b0b61"}
2026-03-25 17:54:02 | INFO     | [QUESTION_SENT] {"question_idx": 2636, "uid": "33aa0227-9e79-4686-9ac6-1ced371b0b61"}
2026-03-25 17:54:35 | INFO     | [QUESTION_ATTEMPT] {"attempt": 190, "max_questions": 250, "question_idx": 2636, "uid": "33aa0227-9e79-4686-9ac6-1ced371b0b61"}
2026-03-25 17:55:23 | INFO     | [QUESTION_SENT] {"question_idx": 2637, "uid": "0f89631f-a212-46ef-9ddf-f3b4f451853c"}
2026-03-25 17:55:56 | INFO     | [QUESTION_ATTEMPT] {"attempt": 191, "max_questions": 250, "question_idx": 2637, "uid": "0f89631f-a212-46ef-9ddf-f3b4f451853c"}
2026-03-25 17:56:44 | INFO     | [QUESTION_SENT] {"question_idx": 2638, "uid": "f54e8a01-9c65-4835-a94d-128f4418dc70"}
2026-03-25 17:57:07 | INFO     | [QUESTION_ATTEMPT] {"attempt": 192, "max_questions": 250, "question_idx": 2638, "uid": "f54e8a01-9c65-4835-a94d-128f4418dc70"}
2026-03-25 17:57:19 | INFO     | [QUESTION_SENT] {"question_idx": 2638, "uid": "f54e8a01-9c65-4835-a94d-128f4418dc70"}
2026-03-25 17:57:44 | INFO     | [QUESTION_ATTEMPT] {"attempt": 193, "max_questions": 250, "question_idx": 2638, "uid": "f54e8a01-9c65-4835-a94d-128f4418dc70"}
2026-03-25 17:58:43 | INFO     | [QUESTION_SENT] {"question_idx": 2639, "uid": "0a4363d5-f6e5-4bf2-a17c-0bbc03979765"}
2026-03-25 17:59:08 | INFO     | [QUESTION_ATTEMPT] {"attempt": 194, "max_questions": 250, "question_idx": 2639, "uid": "0a4363d5-f6e5-4bf2-a17c-0bbc03979765"}
2026-03-25 18:00:04 | INFO     | [QUESTION_SENT] {"question_idx": 2639, "uid": "0a4363d5-f6e5-4bf2-a17c-0bbc03979765"}
2026-03-25 18:00:39 | INFO     | [QUESTION_ATTEMPT] {"attempt": 195, "max_questions": 250, "question_idx": 2639, "uid": "0a4363d5-f6e5-4bf2-a17c-0bbc03979765"}
2026-03-25 18:01:25 | INFO     | [QUESTION_SENT] {"question_idx": 2640, "uid": "7fb88d62-5ab4-4dd1-8ba7-8e11a82bd087"}
2026-03-25 18:01:54 | INFO     | [QUESTION_ATTEMPT] {"attempt": 196, "max_questions": 250, "question_idx": 2640, "uid": "7fb88d62-5ab4-4dd1-8ba7-8e11a82bd087"}
2026-03-25 18:02:46 | INFO     | [QUESTION_SENT] {"question_idx": 2641, "uid": "75c32425-0aa4-4f24-ba99-9764a7008245"}
2026-03-25 18:03:15 | INFO     | [QUESTION_ATTEMPT] {"attempt": 197, "max_questions": 250, "question_idx": 2641, "uid": "75c32425-0aa4-4f24-ba99-9764a7008245"}
2026-03-25 18:03:27 | INFO     | [QUESTION_SENT] {"question_idx": 2641, "uid": "75c32425-0aa4-4f24-ba99-9764a7008245"}
2026-03-25 18:03:46 | INFO     | [QUESTION_ATTEMPT] {"attempt": 198, "max_questions": 250, "question_idx": 2641, "uid": "75c32425-0aa4-4f24-ba99-9764a7008245"}
2026-03-25 18:04:51 | INFO     | [QUESTION_SENT] {"question_idx": 2642, "uid": "4815d5b8-92bb-4416-902b-43fe1f09b327"}
2026-03-25 18:06:12 | INFO     | [QUESTION_SENT] {"question_idx": 2642, "uid": "4815d5b8-92bb-4416-902b-43fe1f09b327"}
2026-03-25 18:06:48 | INFO     | [QUESTION_ATTEMPT] {"attempt": 199, "max_questions": 250, "question_idx": 2642, "uid": "4815d5b8-92bb-4416-902b-43fe1f09b327"}
2026-03-25 18:07:33 | INFO     | [QUESTION_SENT] {"question_idx": 2643, "uid": "9400698f-3c2b-49cb-82e6-98f5abd5d8fd"}
2026-03-25 18:08:03 | INFO     | [QUESTION_ATTEMPT] {"attempt": 200, "max_questions": 250, "question_idx": 2643, "uid": "9400698f-3c2b-49cb-82e6-98f5abd5d8fd"}
2026-03-25 18:08:54 | INFO     | [QUESTION_SENT] {"question_idx": 2644, "uid": "8957398f-6adf-4a8d-9f3e-540ef70cc553"}
2026-03-25 18:09:24 | INFO     | [QUESTION_ATTEMPT] {"attempt": 201, "max_questions": 250, "question_idx": 2644, "uid": "8957398f-6adf-4a8d-9f3e-540ef70cc553"}
2026-03-25 18:10:14 | INFO     | [QUESTION_SENT] {"question_idx": 2645, "uid": "8e187592-ae79-49c7-aaab-51c3db9f0faf"}
2026-03-25 18:10:31 | INFO     | [QUESTION_ATTEMPT] {"attempt": 202, "max_questions": 250, "question_idx": 2645, "uid": "8e187592-ae79-49c7-aaab-51c3db9f0faf"}
2026-03-25 18:10:43 | INFO     | [QUESTION_SENT] {"question_idx": 2645, "uid": "8e187592-ae79-49c7-aaab-51c3db9f0faf"}
2026-03-25 18:11:02 | INFO     | [QUESTION_ATTEMPT] {"attempt": 203, "max_questions": 250, "question_idx": 2645, "uid": "8e187592-ae79-49c7-aaab-51c3db9f0faf"}
2026-03-25 18:12:07 | INFO     | [QUESTION_SENT] {"question_idx": 2646, "uid": "f01fa2b7-972a-4bf2-bbb2-165efd647b26"}
2026-03-25 18:12:38 | INFO     | [QUESTION_ATTEMPT] {"attempt": 204, "max_questions": 250, "question_idx": 2646, "uid": "f01fa2b7-972a-4bf2-bbb2-165efd647b26"}
2026-03-25 18:13:28 | INFO     | [QUESTION_SENT] {"question_idx": 2647, "uid": "d0dfc83d-af6b-4b85-a122-a26676335a6d"}
2026-03-25 18:14:49 | INFO     | [QUESTION_SENT] {"question_idx": 2647, "uid": "d0dfc83d-af6b-4b85-a122-a26676335a6d"}
2026-03-25 18:15:19 | INFO     | [QUESTION_ATTEMPT] {"attempt": 205, "max_questions": 250, "question_idx": 2647, "uid": "d0dfc83d-af6b-4b85-a122-a26676335a6d"}
2026-03-25 18:16:10 | INFO     | [QUESTION_SENT] {"question_idx": 2648, "uid": "9627c7cc-39a4-4d43-8774-aa65c383ed91"}
2026-03-25 18:17:31 | INFO     | [QUESTION_SENT] {"question_idx": 2648, "uid": "9627c7cc-39a4-4d43-8774-aa65c383ed91"}
2026-03-25 18:17:59 | INFO     | [QUESTION_ATTEMPT] {"attempt": 206, "max_questions": 250, "question_idx": 2648, "uid": "9627c7cc-39a4-4d43-8774-aa65c383ed91"}
2026-03-25 18:18:51 | INFO     | [QUESTION_SENT] {"question_idx": 2649, "uid": "5acaacca-a878-41b3-9bd7-b4366f9b0f8f"}
2026-03-25 18:19:22 | INFO     | [QUESTION_ATTEMPT] {"attempt": 207, "max_questions": 250, "question_idx": 2649, "uid": "5acaacca-a878-41b3-9bd7-b4366f9b0f8f"}
2026-03-25 18:20:12 | INFO     | [QUESTION_SENT] {"question_idx": 2650, "uid": "3730ac58-4ffd-4cbc-a073-14da0ba97ce1"}
2026-03-25 18:20:45 | INFO     | [QUESTION_ATTEMPT] {"attempt": 208, "max_questions": 250, "question_idx": 2650, "uid": "3730ac58-4ffd-4cbc-a073-14da0ba97ce1"}
2026-03-25 18:21:33 | INFO     | [QUESTION_SENT] {"question_idx": 2651, "uid": "70f994b1-aaf0-4ab9-a5dc-8c32e8148d1f"}
2026-03-25 18:22:05 | INFO     | [QUESTION_ATTEMPT] {"attempt": 209, "max_questions": 250, "question_idx": 2651, "uid": "70f994b1-aaf0-4ab9-a5dc-8c32e8148d1f"}
2026-03-25 18:22:55 | INFO     | [QUESTION_SENT] {"question_idx": 2652, "uid": "d04fc192-d185-4206-aae3-4c08d20e7eb1"}
2026-03-25 18:23:23 | INFO     | [QUESTION_ATTEMPT] {"attempt": 210, "max_questions": 250, "question_idx": 2652, "uid": "d04fc192-d185-4206-aae3-4c08d20e7eb1"}
2026-03-25 18:24:15 | INFO     | [QUESTION_SENT] {"question_idx": 2653, "uid": "dc0ea7a9-6815-4689-b975-b7e5b4e2d292"}
2026-03-25 18:24:50 | INFO     | [QUESTION_ATTEMPT] {"attempt": 211, "max_questions": 250, "question_idx": 2653, "uid": "dc0ea7a9-6815-4689-b975-b7e5b4e2d292"}
2026-03-25 18:25:36 | INFO     | [QUESTION_SENT] {"question_idx": 2654, "uid": "3794940b-2029-41f6-9754-0f9fcde0390f"}
2026-03-25 18:26:05 | INFO     | [QUESTION_ATTEMPT] {"attempt": 212, "max_questions": 250, "question_idx": 2654, "uid": "3794940b-2029-41f6-9754-0f9fcde0390f"}
2026-03-25 18:26:18 | INFO     | [QUESTION_SENT] {"question_idx": 2654, "uid": "3794940b-2029-41f6-9754-0f9fcde0390f"}
2026-03-25 18:26:35 | INFO     | [QUESTION_ATTEMPT] {"attempt": 213, "max_questions": 250, "question_idx": 2654, "uid": "3794940b-2029-41f6-9754-0f9fcde0390f"}
2026-03-25 18:27:41 | INFO     | [QUESTION_SENT] {"question_idx": 2655, "uid": "ec7be2b5-ac68-44fe-be2d-6db6afd9e5c4"}
2026-03-25 18:28:08 | INFO     | [QUESTION_ATTEMPT] {"attempt": 214, "max_questions": 250, "question_idx": 2655, "uid": "ec7be2b5-ac68-44fe-be2d-6db6afd9e5c4"}
2026-03-25 18:29:02 | INFO     | [QUESTION_SENT] {"question_idx": 2656, "uid": "ed922fa6-37b2-410b-8bc2-85b16ea62811"}
2026-03-25 18:29:34 | INFO     | [QUESTION_ATTEMPT] {"attempt": 215, "max_questions": 250, "question_idx": 2656, "uid": "ed922fa6-37b2-410b-8bc2-85b16ea62811"}
2026-03-25 18:30:23 | INFO     | [QUESTION_SENT] {"question_idx": 2657, "uid": "f7923a24-f65c-4e8b-995d-4175355d286e"}
2026-03-25 18:30:55 | INFO     | [QUESTION_ATTEMPT] {"attempt": 216, "max_questions": 250, "question_idx": 2657, "uid": "f7923a24-f65c-4e8b-995d-4175355d286e"}
2026-03-25 18:31:44 | INFO     | [QUESTION_SENT] {"question_idx": 2658, "uid": "baa2397c-d707-493d-9799-9c10dd8dcf96"}
2026-03-25 18:32:16 | INFO     | [QUESTION_ATTEMPT] {"attempt": 217, "max_questions": 250, "question_idx": 2658, "uid": "baa2397c-d707-493d-9799-9c10dd8dcf96"}
2026-03-25 18:32:29 | INFO     | [QUESTION_SENT] {"question_idx": 2658, "uid": "baa2397c-d707-493d-9799-9c10dd8dcf96"}
2026-03-25 18:33:52 | INFO     | [QUESTION_SENT] {"question_idx": 2658, "uid": "baa2397c-d707-493d-9799-9c10dd8dcf96"}
2026-03-25 18:34:19 | INFO     | [QUESTION_ATTEMPT] {"attempt": 218, "max_questions": 250, "question_idx": 2658, "uid": "baa2397c-d707-493d-9799-9c10dd8dcf96"}
2026-03-25 18:35:13 | INFO     | [QUESTION_SENT] {"question_idx": 2659, "uid": "a327b65d-0890-46e1-aa29-84b7928c2548"}
2026-03-25 18:35:56 | INFO     | [QUESTION_ATTEMPT] {"attempt": 219, "max_questions": 250, "question_idx": 2659, "uid": "a327b65d-0890-46e1-aa29-84b7928c2548"}
2026-03-25 18:36:27 | INFO     | [QUESTION_SENT] {"question_idx": 2660, "uid": "b5e65b1f-3de8-42ae-8e4b-0d01930dd055"}
2026-03-25 18:36:57 | INFO     | [QUESTION_ATTEMPT] {"attempt": 220, "max_questions": 250, "question_idx": 2660, "uid": "b5e65b1f-3de8-42ae-8e4b-0d01930dd055"}
2026-03-25 18:37:48 | INFO     | [QUESTION_SENT] {"question_idx": 2661, "uid": "7063280f-8260-449d-a409-25922c3a35d3"}
2026-03-25 18:38:18 | INFO     | [QUESTION_ATTEMPT] {"attempt": 221, "max_questions": 250, "question_idx": 2661, "uid": "7063280f-8260-449d-a409-25922c3a35d3"}
2026-03-25 18:39:09 | INFO     | [QUESTION_SENT] {"question_idx": 2662, "uid": "5d9370c8-3c3c-4623-9b96-3aaef75b5f0f"}
2026-03-25 18:39:43 | INFO     | [QUESTION_ATTEMPT] {"attempt": 222, "max_questions": 250, "question_idx": 2662, "uid": "5d9370c8-3c3c-4623-9b96-3aaef75b5f0f"}
2026-03-25 18:40:30 | INFO     | [QUESTION_SENT] {"question_idx": 2663, "uid": "0a2235d6-9f68-4810-95c3-cef12065e0cd"}
2026-03-25 18:40:58 | INFO     | [QUESTION_ATTEMPT] {"attempt": 223, "max_questions": 250, "question_idx": 2663, "uid": "0a2235d6-9f68-4810-95c3-cef12065e0cd"}
2026-03-25 18:41:51 | INFO     | [QUESTION_SENT] {"question_idx": 2663, "uid": "0a2235d6-9f68-4810-95c3-cef12065e0cd"}
2026-03-25 18:42:21 | INFO     | [QUESTION_ATTEMPT] {"attempt": 224, "max_questions": 250, "question_idx": 2663, "uid": "0a2235d6-9f68-4810-95c3-cef12065e0cd"}
2026-03-25 18:43:11 | INFO     | [QUESTION_SENT] {"question_idx": 2664, "uid": "d098cb0f-90f1-45fa-8979-29c97a4418a0"}
2026-03-25 18:43:46 | INFO     | [QUESTION_ATTEMPT] {"attempt": 225, "max_questions": 250, "question_idx": 2664, "uid": "d098cb0f-90f1-45fa-8979-29c97a4418a0"}
2026-03-25 18:44:32 | INFO     | [QUESTION_SENT] {"question_idx": 2665, "uid": "47d2833e-6f46-425e-acd5-ea2879025a81"}
2026-03-25 18:45:03 | INFO     | [QUESTION_ATTEMPT] {"attempt": 226, "max_questions": 250, "question_idx": 2665, "uid": "47d2833e-6f46-425e-acd5-ea2879025a81"}
2026-03-25 18:45:53 | INFO     | [QUESTION_SENT] {"question_idx": 2666, "uid": "deaa15fd-8f1b-44b7-b88d-898389e8d0a9"}
2026-03-25 18:47:14 | INFO     | [QUESTION_SENT] {"question_idx": 2666, "uid": "deaa15fd-8f1b-44b7-b88d-898389e8d0a9"}
2026-03-25 18:47:47 | INFO     | [QUESTION_ATTEMPT] {"attempt": 227, "max_questions": 250, "question_idx": 2666, "uid": "deaa15fd-8f1b-44b7-b88d-898389e8d0a9"}
2026-03-25 18:48:35 | INFO     | [QUESTION_SENT] {"question_idx": 2667, "uid": "a6ed05f5-2f3e-445c-968b-9f88b6bfe40a"}
2026-03-25 18:49:08 | INFO     | [QUESTION_ATTEMPT] {"attempt": 228, "max_questions": 250, "question_idx": 2667, "uid": "a6ed05f5-2f3e-445c-968b-9f88b6bfe40a"}
2026-03-25 18:49:56 | INFO     | [QUESTION_SENT] {"question_idx": 2668, "uid": "df984ce9-4ce3-401e-91a3-9dc13fcdc604"}
2026-03-25 18:50:31 | INFO     | [QUESTION_ATTEMPT] {"attempt": 229, "max_questions": 250, "question_idx": 2668, "uid": "df984ce9-4ce3-401e-91a3-9dc13fcdc604"}
2026-03-25 18:51:17 | INFO     | [QUESTION_SENT] {"question_idx": 2669, "uid": "a181562b-1e08-4b51-aacd-721375985b6e"}
2026-03-25 18:51:46 | INFO     | [QUESTION_ATTEMPT] {"attempt": 230, "max_questions": 250, "question_idx": 2669, "uid": "a181562b-1e08-4b51-aacd-721375985b6e"}
2026-03-25 18:52:38 | INFO     | [QUESTION_SENT] {"question_idx": 2670, "uid": "27b5938f-6cff-4b1d-ab1e-4e7ab6e25258"}
2026-03-25 18:53:10 | INFO     | [QUESTION_ATTEMPT] {"attempt": 231, "max_questions": 250, "question_idx": 2670, "uid": "27b5938f-6cff-4b1d-ab1e-4e7ab6e25258"}
2026-03-25 18:53:59 | INFO     | [QUESTION_SENT] {"question_idx": 2671, "uid": "d0c20f95-9344-4606-ac66-275374d05196"}
2026-03-25 18:54:29 | INFO     | [QUESTION_ATTEMPT] {"attempt": 232, "max_questions": 250, "question_idx": 2671, "uid": "d0c20f95-9344-4606-ac66-275374d05196"}
2026-03-25 18:55:20 | INFO     | [QUESTION_SENT] {"question_idx": 2672, "uid": "31575335-83c2-43a2-9766-e5b673bb0bce"}
2026-03-25 18:56:41 | INFO     | [QUESTION_SENT] {"question_idx": 2672, "uid": "31575335-83c2-43a2-9766-e5b673bb0bce"}
2026-03-25 18:57:09 | INFO     | [QUESTION_ATTEMPT] {"attempt": 233, "max_questions": 250, "question_idx": 2672, "uid": "31575335-83c2-43a2-9766-e5b673bb0bce"}
2026-03-25 18:57:22 | INFO     | [QUESTION_SENT] {"question_idx": 2672, "uid": "31575335-83c2-43a2-9766-e5b673bb0bce"}
2026-03-25 18:57:46 | INFO     | [QUESTION_ATTEMPT] {"attempt": 234, "max_questions": 250, "question_idx": 2672, "uid": "31575335-83c2-43a2-9766-e5b673bb0bce"}
2026-03-25 18:58:45 | INFO     | [QUESTION_SENT] {"question_idx": 2673, "uid": "85490dce-b265-4b43-977c-0076eebb7fdd"}
2026-03-25 18:59:16 | INFO     | [QUESTION_ATTEMPT] {"attempt": 235, "max_questions": 250, "question_idx": 2673, "uid": "85490dce-b265-4b43-977c-0076eebb7fdd"}
2026-03-25 19:00:06 | INFO     | [QUESTION_SENT] {"question_idx": 2674, "uid": "8d627ff9-fd20-45b0-9557-0db65d1be16a"}
2026-03-25 19:00:39 | INFO     | [QUESTION_ATTEMPT] {"attempt": 236, "max_questions": 250, "question_idx": 2674, "uid": "8d627ff9-fd20-45b0-9557-0db65d1be16a"}
2026-03-25 19:01:27 | INFO     | [QUESTION_SENT] {"question_idx": 2675, "uid": "03ead298-141c-4c0f-916d-770477a66679"}
2026-03-25 19:02:08 | INFO     | [QUESTION_ATTEMPT] {"attempt": 237, "max_questions": 250, "question_idx": 2675, "uid": "03ead298-141c-4c0f-916d-770477a66679"}
2026-03-25 19:02:20 | INFO     | [QUESTION_SENT] {"question_idx": 2675, "uid": "03ead298-141c-4c0f-916d-770477a66679"}
2026-03-25 19:02:44 | INFO     | [QUESTION_ATTEMPT] {"attempt": 238, "max_questions": 250, "question_idx": 2675, "uid": "03ead298-141c-4c0f-916d-770477a66679"}
2026-03-25 19:03:44 | INFO     | [QUESTION_SENT] {"question_idx": 2676, "uid": "4c7c2003-0eda-4883-a89c-6d5a4252abd6"}
2026-03-25 19:04:11 | INFO     | [QUESTION_ATTEMPT] {"attempt": 239, "max_questions": 250, "question_idx": 2676, "uid": "4c7c2003-0eda-4883-a89c-6d5a4252abd6"}
2026-03-25 19:05:04 | INFO     | [QUESTION_SENT] {"question_idx": 2677, "uid": "ff60bd30-55a3-4939-85b7-3ac18857b0c8"}
2026-03-25 19:05:43 | INFO     | [QUESTION_ATTEMPT] {"attempt": 240, "max_questions": 250, "question_idx": 2677, "uid": "ff60bd30-55a3-4939-85b7-3ac18857b0c8"}
2026-03-25 19:05:56 | INFO     | [QUESTION_SENT] {"question_idx": 2677, "uid": "ff60bd30-55a3-4939-85b7-3ac18857b0c8"}
2026-03-25 19:06:14 | INFO     | [QUESTION_ATTEMPT] {"attempt": 241, "max_questions": 250, "question_idx": 2677, "uid": "ff60bd30-55a3-4939-85b7-3ac18857b0c8"}
2026-03-25 19:07:19 | INFO     | [QUESTION_SENT] {"question_idx": 2678, "uid": "9b1094d6-6992-436e-a38c-555545ff535a"}
2026-03-25 19:07:45 | INFO     | [QUESTION_ATTEMPT] {"attempt": 242, "max_questions": 250, "question_idx": 2678, "uid": "9b1094d6-6992-436e-a38c-555545ff535a"}
2026-03-25 19:07:57 | INFO     | [QUESTION_SENT] {"question_idx": 2678, "uid": "9b1094d6-6992-436e-a38c-555545ff535a"}
2026-03-25 19:08:16 | INFO     | [QUESTION_ATTEMPT] {"attempt": 243, "max_questions": 250, "question_idx": 2678, "uid": "9b1094d6-6992-436e-a38c-555545ff535a"}
2026-03-25 19:09:21 | INFO     | [QUESTION_SENT] {"question_idx": 2679, "uid": "ca46ecc2-d32e-4fc7-893a-83eaf9ab6d57"}
2026-03-25 19:09:51 | INFO     | [QUESTION_ATTEMPT] {"attempt": 244, "max_questions": 250, "question_idx": 2679, "uid": "ca46ecc2-d32e-4fc7-893a-83eaf9ab6d57"}
2026-03-25 19:10:41 | INFO     | [QUESTION_SENT] {"question_idx": 2680, "uid": "47f2380d-7cc6-4a1e-a57f-eb01b81bb5fa"}
2026-03-25 19:11:12 | INFO     | [QUESTION_ATTEMPT] {"attempt": 245, "max_questions": 250, "question_idx": 2680, "uid": "47f2380d-7cc6-4a1e-a57f-eb01b81bb5fa"}
2026-03-25 19:12:02 | INFO     | [QUESTION_SENT] {"question_idx": 2681, "uid": "c435c776-a74f-47fe-9301-113409323a66"}
2026-03-25 19:12:30 | INFO     | [QUESTION_ATTEMPT] {"attempt": 246, "max_questions": 250, "question_idx": 2681, "uid": "c435c776-a74f-47fe-9301-113409323a66"}
2026-03-25 19:13:23 | INFO     | [QUESTION_SENT] {"question_idx": 2682, "uid": "43bb85c6-8b1c-47be-a9a8-4c1e2f1a187c"}
2026-03-25 19:13:53 | INFO     | [QUESTION_ATTEMPT] {"attempt": 247, "max_questions": 250, "question_idx": 2682, "uid": "43bb85c6-8b1c-47be-a9a8-4c1e2f1a187c"}
2026-03-25 19:14:44 | INFO     | [QUESTION_SENT] {"question_idx": 2683, "uid": "32c2ae3e-91bb-4154-b3d2-593b829463a6"}
2026-03-25 19:15:13 | INFO     | [QUESTION_ATTEMPT] {"attempt": 248, "max_questions": 250, "question_idx": 2683, "uid": "32c2ae3e-91bb-4154-b3d2-593b829463a6"}
2026-03-25 19:16:05 | INFO     | [QUESTION_SENT] {"question_idx": 2684, "uid": "dfa8421e-b460-4a92-8bc7-14e758382d86"}
2026-03-25 19:16:44 | INFO     | [QUESTION_ATTEMPT] {"attempt": 249, "max_questions": 250, "question_idx": 2684, "uid": "dfa8421e-b460-4a92-8bc7-14e758382d86"}
2026-03-25 19:17:15 | INFO     | [QUESTION_SENT] {"question_idx": 2685, "uid": "5bdf3b3d-7b84-4b1c-8f0a-d01425698bc1"}
2026-03-25 19:17:49 | INFO     | [QUESTION_ATTEMPT] {"attempt": 250, "max_questions": 250, "question_idx": 2685, "uid": "5bdf3b3d-7b84-4b1c-8f0a-d01425698bc1"}
2026-03-25 19:17:49 | INFO     | [LIMIT_EXHAUSTED] {"total_questions": 250, "max_questions": 250, "restart_delay": 0}
2026-03-25 19:17:50 | INFO     | [BOT_STOP] {"bot_id": 13, "total_questions": 250}
