2026-04-06 08:44:34 | INFO     | [BOT_START] {"bot_id": 13, "project": "hypos_norm", "timestamp": "2026-04-06T08:44:34.406577", "log_dir": "/home/dmitrii/Documents/projects/clicker_3.0/logs/bot_13"}
2026-04-06 08:44:40 | INFO     | [RESTART] {"bot_id": 13, "note": "first_start"}
2026-04-06 08:44:40 | INFO     | [FSM_INITIALIZED] {"site": "gpt", "scenario": "web_search", "start_state": "start_question"}
2026-04-06 08:45:31 | INFO     | [QUESTION_SENT] {"question_idx": 1451, "uid": "adfa1192-668b-4634-9aaf-cb33e42e897b"}
2026-04-06 08:46:03 | INFO     | [QUESTION_ATTEMPT] {"attempt": 1, "max_questions": 300, "question_idx": 1451, "uid": "adfa1192-668b-4634-9aaf-cb33e42e897b"}
2026-04-06 08:49:04 | INFO     | [QUESTION_SENT] {"question_idx": 1452, "uid": "633b8d06-c3e7-4cc6-b755-634fe15b44be"}
2026-04-06 08:49:36 | INFO     | [QUESTION_ATTEMPT] {"attempt": 2, "max_questions": 300, "question_idx": 1452, "uid": "633b8d06-c3e7-4cc6-b755-634fe15b44be"}
2026-04-06 08:52:38 | INFO     | [QUESTION_SENT] {"question_idx": 1453, "uid": "3d2f1511-ebb3-49d7-bafb-b7b246958b68"}
2026-04-06 08:53:11 | INFO     | [QUESTION_ATTEMPT] {"attempt": 3, "max_questions": 300, "question_idx": 1453, "uid": "3d2f1511-ebb3-49d7-bafb-b7b246958b68"}
2026-04-06 08:56:11 | INFO     | [QUESTION_SENT] {"question_idx": 1454, "uid": "cecaa441-7c46-435e-aafd-ee344707e665"}
2026-04-06 08:56:43 | INFO     | [QUESTION_ATTEMPT] {"attempt": 4, "max_questions": 300, "question_idx": 1454, "uid": "cecaa441-7c46-435e-aafd-ee344707e665"}
2026-04-06 08:59:44 | INFO     | [QUESTION_SENT] {"question_idx": 1455, "uid": "0fa00f7d-1adf-41cf-91c4-bd7a2f51046f"}
2026-04-06 09:00:14 | INFO     | [QUESTION_ATTEMPT] {"attempt": 5, "max_questions": 300, "question_idx": 1455, "uid": "0fa00f7d-1adf-41cf-91c4-bd7a2f51046f"}
2026-04-06 09:03:17 | INFO     | [QUESTION_SENT] {"question_idx": 1456, "uid": "275eb937-0699-4e1a-afb1-a16eef0c2d1c"}
2026-04-06 09:03:43 | INFO     | [QUESTION_ATTEMPT] {"attempt": 6, "max_questions": 300, "question_idx": 1456, "uid": "275eb937-0699-4e1a-afb1-a16eef0c2d1c"}
2026-04-06 09:06:50 | INFO     | [QUESTION_SENT] {"question_idx": 1457, "uid": "ed3d8695-06cc-41ae-a178-5fb5d88dc32a"}
2026-04-06 09:07:23 | INFO     | [QUESTION_ATTEMPT] {"attempt": 7, "max_questions": 300, "question_idx": 1457, "uid": "ed3d8695-06cc-41ae-a178-5fb5d88dc32a"}
2026-04-06 09:10:23 | INFO     | [QUESTION_SENT] {"question_idx": 1458, "uid": "81e2859c-088f-4169-8b5c-4b0d6f64b479"}
2026-04-06 09:10:56 | INFO     | [QUESTION_ATTEMPT] {"attempt": 8, "max_questions": 300, "question_idx": 1458, "uid": "81e2859c-088f-4169-8b5c-4b0d6f64b479"}
2026-04-06 09:13:56 | INFO     | [QUESTION_SENT] {"question_idx": 1459, "uid": "0c0d066c-44fb-4b09-ad41-154a90f6c7a1"}
2026-04-06 09:14:14 | INFO     | [QUESTION_ATTEMPT] {"attempt": 9, "max_questions": 300, "question_idx": 1459, "uid": "0c0d066c-44fb-4b09-ad41-154a90f6c7a1"}
2026-04-06 09:14:27 | INFO     | [QUESTION_SENT] {"question_idx": 1459, "uid": "0c0d066c-44fb-4b09-ad41-154a90f6c7a1"}
2026-04-06 09:14:45 | INFO     | [QUESTION_ATTEMPT] {"attempt": 10, "max_questions": 300, "question_idx": 1459, "uid": "0c0d066c-44fb-4b09-ad41-154a90f6c7a1"}
2026-04-06 09:18:02 | INFO     | [QUESTION_SENT] {"question_idx": 1460, "uid": "db1db7e2-ad32-4782-876b-17cd3f6911e0"}
2026-04-06 09:18:31 | INFO     | [QUESTION_ATTEMPT] {"attempt": 11, "max_questions": 300, "question_idx": 1460, "uid": "db1db7e2-ad32-4782-876b-17cd3f6911e0"}
2026-04-06 09:18:44 | INFO     | [QUESTION_SENT] {"question_idx": 1460, "uid": "db1db7e2-ad32-4782-876b-17cd3f6911e0"}
2026-04-06 09:19:01 | INFO     | [QUESTION_ATTEMPT] {"attempt": 12, "max_questions": 300, "question_idx": 1460, "uid": "db1db7e2-ad32-4782-876b-17cd3f6911e0"}
2026-04-06 09:21:35 | INFO     | [QUESTION_SENT] {"question_idx": 1460, "uid": "db1db7e2-ad32-4782-876b-17cd3f6911e0"}
2026-04-06 09:22:05 | INFO     | [QUESTION_ATTEMPT] {"attempt": 13, "max_questions": 300, "question_idx": 1460, "uid": "db1db7e2-ad32-4782-876b-17cd3f6911e0"}
2026-04-06 09:25:08 | INFO     | [QUESTION_SENT] {"question_idx": 1461, "uid": "bc061285-e613-48a1-be71-e955e9a4a153"}
2026-04-06 09:25:44 | INFO     | [QUESTION_ATTEMPT] {"attempt": 14, "max_questions": 300, "question_idx": 1461, "uid": "bc061285-e613-48a1-be71-e955e9a4a153"}
2026-04-06 09:28:42 | INFO     | [QUESTION_SENT] {"question_idx": 1462, "uid": "007b832e-5ca4-4142-acc4-62648f7a8521"}
2026-04-06 09:29:23 | INFO     | [QUESTION_ATTEMPT] {"attempt": 15, "max_questions": 300, "question_idx": 1462, "uid": "007b832e-5ca4-4142-acc4-62648f7a8521"}
2026-04-06 09:32:16 | INFO     | [QUESTION_SENT] {"question_idx": 1463, "uid": "ab5980be-0fdf-47cc-a112-ec18f2521f75"}
2026-04-06 09:34:47 | INFO     | [QUESTION_SENT] {"question_idx": 1463, "uid": "ab5980be-0fdf-47cc-a112-ec18f2521f75"}
2026-04-06 09:35:18 | INFO     | [QUESTION_ATTEMPT] {"attempt": 16, "max_questions": 300, "question_idx": 1463, "uid": "ab5980be-0fdf-47cc-a112-ec18f2521f75"}
2026-04-06 09:35:32 | INFO     | [QUESTION_SENT] {"question_idx": 1463, "uid": "ab5980be-0fdf-47cc-a112-ec18f2521f75"}
2026-04-06 09:38:01 | INFO     | [QUESTION_SENT] {"question_idx": 1463, "uid": "ab5980be-0fdf-47cc-a112-ec18f2521f75"}
2026-04-06 09:38:32 | INFO     | [QUESTION_ATTEMPT] {"attempt": 17, "max_questions": 300, "question_idx": 1463, "uid": "ab5980be-0fdf-47cc-a112-ec18f2521f75"}
2026-04-06 09:41:34 | INFO     | [QUESTION_SENT] {"question_idx": 1464, "uid": "c6f15b7d-5f8b-4dc9-ad46-8317226e65bc"}
2026-04-06 09:42:07 | INFO     | [QUESTION_ATTEMPT] {"attempt": 18, "max_questions": 300, "question_idx": 1464, "uid": "c6f15b7d-5f8b-4dc9-ad46-8317226e65bc"}
2026-04-06 09:45:09 | INFO     | [QUESTION_SENT] {"question_idx": 1465, "uid": "567d3aa2-79bd-42cb-8896-56fc932067b6"}
2026-04-06 09:45:44 | INFO     | [QUESTION_ATTEMPT] {"attempt": 19, "max_questions": 300, "question_idx": 1465, "uid": "567d3aa2-79bd-42cb-8896-56fc932067b6"}
2026-04-06 09:48:43 | INFO     | [QUESTION_SENT] {"question_idx": 1466, "uid": "bf234ab5-3dce-4a2a-8684-e8bcb4c49c61"}
2026-04-06 09:49:17 | INFO     | [QUESTION_ATTEMPT] {"attempt": 20, "max_questions": 300, "question_idx": 1466, "uid": "bf234ab5-3dce-4a2a-8684-e8bcb4c49c61"}
2026-04-06 09:49:30 | INFO     | [QUESTION_SENT] {"question_idx": 1466, "uid": "bf234ab5-3dce-4a2a-8684-e8bcb4c49c61"}
2026-04-06 09:53:07 | INFO     | [QUESTION_SENT] {"question_idx": 1466, "uid": "bf234ab5-3dce-4a2a-8684-e8bcb4c49c61"}
2026-04-06 09:53:40 | INFO     | [QUESTION_ATTEMPT] {"attempt": 21, "max_questions": 300, "question_idx": 1466, "uid": "bf234ab5-3dce-4a2a-8684-e8bcb4c49c61"}
2026-04-06 09:56:42 | INFO     | [QUESTION_SENT] {"question_idx": 1467, "uid": "abd7acd3-f8d1-424b-a40b-114a671d709e"}
2026-04-06 09:57:20 | INFO     | [QUESTION_ATTEMPT] {"attempt": 22, "max_questions": 300, "question_idx": 1467, "uid": "abd7acd3-f8d1-424b-a40b-114a671d709e"}
2026-04-06 10:00:16 | INFO     | [QUESTION_SENT] {"question_idx": 1468, "uid": "f664b649-8ee7-4355-81d7-0aebe76e79e7"}
2026-04-06 10:00:55 | INFO     | [QUESTION_ATTEMPT] {"attempt": 23, "max_questions": 300, "question_idx": 1468, "uid": "f664b649-8ee7-4355-81d7-0aebe76e79e7"}
2026-04-06 10:03:51 | INFO     | [QUESTION_SENT] {"question_idx": 1469, "uid": "ef089736-63bc-4b31-b871-030ade6d21d7"}
2026-04-06 10:04:26 | INFO     | [QUESTION_ATTEMPT] {"attempt": 24, "max_questions": 300, "question_idx": 1469, "uid": "ef089736-63bc-4b31-b871-030ade6d21d7"}
2026-04-06 10:07:26 | INFO     | [QUESTION_SENT] {"question_idx": 1470, "uid": "372b7612-a095-4dd0-89cb-28c8a2edc97b"}
2026-04-06 10:08:05 | INFO     | [QUESTION_ATTEMPT] {"attempt": 25, "max_questions": 300, "question_idx": 1470, "uid": "372b7612-a095-4dd0-89cb-28c8a2edc97b"}
2026-04-06 10:11:02 | INFO     | [QUESTION_SENT] {"question_idx": 1471, "uid": "6e18e25f-7634-4fc1-8d0e-3186ab1b1625"}
2026-04-06 10:15:27 | INFO     | [QUESTION_SENT] {"question_idx": 1471, "uid": "6e18e25f-7634-4fc1-8d0e-3186ab1b1625"}
2026-04-06 10:15:57 | INFO     | [QUESTION_ATTEMPT] {"attempt": 26, "max_questions": 300, "question_idx": 1471, "uid": "6e18e25f-7634-4fc1-8d0e-3186ab1b1625"}
2026-04-06 10:16:10 | INFO     | [QUESTION_SENT] {"question_idx": 1471, "uid": "6e18e25f-7634-4fc1-8d0e-3186ab1b1625"}
2026-04-06 10:16:34 | INFO     | [QUESTION_ATTEMPT] {"attempt": 27, "max_questions": 300, "question_idx": 1471, "uid": "6e18e25f-7634-4fc1-8d0e-3186ab1b1625"}
2026-04-06 10:19:48 | INFO     | [QUESTION_SENT] {"question_idx": 1472, "uid": "b41456bb-682c-457b-a746-69bd12387cde"}
2026-04-06 10:20:15 | INFO     | [QUESTION_ATTEMPT] {"attempt": 28, "max_questions": 300, "question_idx": 1472, "uid": "b41456bb-682c-457b-a746-69bd12387cde"}
2026-04-06 10:20:28 | INFO     | [QUESTION_SENT] {"question_idx": 1472, "uid": "b41456bb-682c-457b-a746-69bd12387cde"}
2026-04-06 10:20:54 | INFO     | [QUESTION_ATTEMPT] {"attempt": 29, "max_questions": 300, "question_idx": 1472, "uid": "b41456bb-682c-457b-a746-69bd12387cde"}
2026-04-06 10:24:06 | INFO     | [QUESTION_SENT] {"question_idx": 1473, "uid": "662daa8f-b893-48ac-9849-d44ccfccaac8"}
2026-04-06 10:24:42 | INFO     | [QUESTION_ATTEMPT] {"attempt": 30, "max_questions": 300, "question_idx": 1473, "uid": "662daa8f-b893-48ac-9849-d44ccfccaac8"}
2026-04-06 10:24:55 | INFO     | [QUESTION_SENT] {"question_idx": 1473, "uid": "662daa8f-b893-48ac-9849-d44ccfccaac8"}
2026-04-06 10:27:25 | INFO     | [QUESTION_SENT] {"question_idx": 1473, "uid": "662daa8f-b893-48ac-9849-d44ccfccaac8"}
2026-04-06 10:28:04 | INFO     | [QUESTION_ATTEMPT] {"attempt": 31, "max_questions": 300, "question_idx": 1473, "uid": "662daa8f-b893-48ac-9849-d44ccfccaac8"}
2026-04-06 10:30:59 | INFO     | [QUESTION_SENT] {"question_idx": 1474, "uid": "f8d6c74b-39d8-4b8d-bf40-f86268340961"}
2026-04-06 10:31:36 | INFO     | [QUESTION_ATTEMPT] {"attempt": 32, "max_questions": 300, "question_idx": 1474, "uid": "f8d6c74b-39d8-4b8d-bf40-f86268340961"}
2026-04-06 10:34:34 | INFO     | [QUESTION_SENT] {"question_idx": 1475, "uid": "570d0769-8d0b-40a6-ac10-2007e1122be4"}
2026-04-06 10:35:15 | INFO     | [QUESTION_ATTEMPT] {"attempt": 33, "max_questions": 300, "question_idx": 1475, "uid": "570d0769-8d0b-40a6-ac10-2007e1122be4"}
2026-04-06 10:38:08 | INFO     | [QUESTION_SENT] {"question_idx": 1476, "uid": "285950a8-7fe1-4d9d-a6d7-65c7dd4e7503"}
2026-04-06 10:38:43 | INFO     | [QUESTION_ATTEMPT] {"attempt": 34, "max_questions": 300, "question_idx": 1476, "uid": "285950a8-7fe1-4d9d-a6d7-65c7dd4e7503"}
2026-04-06 10:42:18 | INFO     | [QUESTION_SENT] {"question_idx": 1477, "uid": "20b6994e-00c4-4215-ac23-ce0d38dfe588"}
2026-04-06 10:49:40 | INFO     | [QUESTION_SENT] {"question_idx": 1477, "uid": "20b6994e-00c4-4215-ac23-ce0d38dfe588"}
2026-04-06 10:53:16 | INFO     | [QUESTION_SENT] {"question_idx": 1477, "uid": "20b6994e-00c4-4215-ac23-ce0d38dfe588"}
2026-04-06 10:54:02 | INFO     | [QUESTION_ATTEMPT] {"attempt": 35, "max_questions": 300, "question_idx": 1477, "uid": "20b6994e-00c4-4215-ac23-ce0d38dfe588"}
2026-04-06 10:56:50 | INFO     | [QUESTION_SENT] {"question_idx": 1478, "uid": "971e478a-9851-43b7-b276-1f1c43b98681"}
2026-04-06 10:57:25 | INFO     | [QUESTION_ATTEMPT] {"attempt": 36, "max_questions": 300, "question_idx": 1478, "uid": "971e478a-9851-43b7-b276-1f1c43b98681"}
2026-04-06 11:00:25 | INFO     | [QUESTION_SENT] {"question_idx": 1479, "uid": "5abedecb-2a2c-448b-9d33-a103afc50fdc"}
2026-04-06 11:00:57 | INFO     | [QUESTION_ATTEMPT] {"attempt": 37, "max_questions": 300, "question_idx": 1479, "uid": "5abedecb-2a2c-448b-9d33-a103afc50fdc"}
2026-04-06 11:04:00 | INFO     | [QUESTION_SENT] {"question_idx": 1480, "uid": "3784fdd4-4447-4efb-aa4a-361c5fbe5e42"}
2026-04-06 11:04:40 | INFO     | [QUESTION_ATTEMPT] {"attempt": 38, "max_questions": 300, "question_idx": 1480, "uid": "3784fdd4-4447-4efb-aa4a-361c5fbe5e42"}
2026-04-06 11:04:53 | INFO     | [QUESTION_SENT] {"question_idx": 1480, "uid": "3784fdd4-4447-4efb-aa4a-361c5fbe5e42"}
2026-04-06 11:07:23 | INFO     | [QUESTION_SENT] {"question_idx": 1480, "uid": "3784fdd4-4447-4efb-aa4a-361c5fbe5e42"}
2026-04-06 11:07:54 | INFO     | [QUESTION_ATTEMPT] {"attempt": 39, "max_questions": 300, "question_idx": 1480, "uid": "3784fdd4-4447-4efb-aa4a-361c5fbe5e42"}
2026-04-06 11:10:57 | INFO     | [QUESTION_SENT] {"question_idx": 1481, "uid": "bef87ebe-6e39-467f-90e4-4d4f8e4e73b1"}
2026-04-06 11:11:26 | INFO     | [QUESTION_ATTEMPT] {"attempt": 40, "max_questions": 300, "question_idx": 1481, "uid": "bef87ebe-6e39-467f-90e4-4d4f8e4e73b1"}
2026-04-06 11:11:39 | INFO     | [QUESTION_SENT] {"question_idx": 1481, "uid": "bef87ebe-6e39-467f-90e4-4d4f8e4e73b1"}
2026-04-06 11:15:16 | INFO     | [QUESTION_SENT] {"question_idx": 1481, "uid": "bef87ebe-6e39-467f-90e4-4d4f8e4e73b1"}
2026-04-06 11:15:45 | INFO     | [QUESTION_ATTEMPT] {"attempt": 41, "max_questions": 300, "question_idx": 1481, "uid": "bef87ebe-6e39-467f-90e4-4d4f8e4e73b1"}
2026-04-06 11:15:58 | INFO     | [QUESTION_SENT] {"question_idx": 1481, "uid": "bef87ebe-6e39-467f-90e4-4d4f8e4e73b1"}
2026-04-06 11:18:28 | INFO     | [QUESTION_SENT] {"question_idx": 1481, "uid": "bef87ebe-6e39-467f-90e4-4d4f8e4e73b1"}
2026-04-06 11:19:05 | INFO     | [QUESTION_ATTEMPT] {"attempt": 42, "max_questions": 300, "question_idx": 1481, "uid": "bef87ebe-6e39-467f-90e4-4d4f8e4e73b1"}
2026-04-06 11:19:18 | INFO     | [QUESTION_SENT] {"question_idx": 1481, "uid": "bef87ebe-6e39-467f-90e4-4d4f8e4e73b1"}
2026-04-06 11:19:40 | INFO     | [QUESTION_ATTEMPT] {"attempt": 43, "max_questions": 300, "question_idx": 1481, "uid": "bef87ebe-6e39-467f-90e4-4d4f8e4e73b1"}
2026-04-06 11:22:54 | INFO     | [QUESTION_SENT] {"question_idx": 1482, "uid": "66fba9db-e938-4591-b1e0-7b776e2ffbeb"}
2026-04-06 11:23:25 | INFO     | [QUESTION_ATTEMPT] {"attempt": 44, "max_questions": 300, "question_idx": 1482, "uid": "66fba9db-e938-4591-b1e0-7b776e2ffbeb"}
2026-04-06 11:26:27 | INFO     | [QUESTION_SENT] {"question_idx": 1483, "uid": "0c3f7954-38d0-4297-ae56-86a4a3c016bf"}
2026-04-06 11:26:59 | INFO     | [QUESTION_ATTEMPT] {"attempt": 45, "max_questions": 300, "question_idx": 1483, "uid": "0c3f7954-38d0-4297-ae56-86a4a3c016bf"}
2026-04-06 11:30:01 | INFO     | [QUESTION_SENT] {"question_idx": 1484, "uid": "199dbf3d-072f-4eda-8d2e-2c144508c07b"}
2026-04-06 11:30:34 | INFO     | [QUESTION_ATTEMPT] {"attempt": 46, "max_questions": 300, "question_idx": 1484, "uid": "199dbf3d-072f-4eda-8d2e-2c144508c07b"}
2026-04-06 11:33:34 | INFO     | [QUESTION_SENT] {"question_idx": 1485, "uid": "f5ffbf56-4bf3-4d42-a622-151505f6a056"}
2026-04-06 11:34:10 | INFO     | [QUESTION_ATTEMPT] {"attempt": 47, "max_questions": 300, "question_idx": 1485, "uid": "f5ffbf56-4bf3-4d42-a622-151505f6a056"}
2026-04-06 11:37:09 | INFO     | [QUESTION_SENT] {"question_idx": 1486, "uid": "4f1c43a4-e2c5-463a-a8d7-b76eb6acc374"}
2026-04-06 11:37:40 | INFO     | [QUESTION_ATTEMPT] {"attempt": 48, "max_questions": 300, "question_idx": 1486, "uid": "4f1c43a4-e2c5-463a-a8d7-b76eb6acc374"}
2026-04-06 11:40:43 | INFO     | [QUESTION_SENT] {"question_idx": 1487, "uid": "cf31fc63-3144-4cbf-9cd8-94d5a811430f"}
2026-04-06 11:41:14 | INFO     | [QUESTION_ATTEMPT] {"attempt": 49, "max_questions": 300, "question_idx": 1487, "uid": "cf31fc63-3144-4cbf-9cd8-94d5a811430f"}
2026-04-06 11:44:17 | INFO     | [QUESTION_SENT] {"question_idx": 1488, "uid": "29af6a45-e3ca-48bf-8917-00ce82ad427f"}
2026-04-06 11:46:48 | INFO     | [QUESTION_SENT] {"question_idx": 1488, "uid": "29af6a45-e3ca-48bf-8917-00ce82ad427f"}
2026-04-06 11:47:17 | INFO     | [QUESTION_ATTEMPT] {"attempt": 50, "max_questions": 300, "question_idx": 1488, "uid": "29af6a45-e3ca-48bf-8917-00ce82ad427f"}
2026-04-06 11:50:21 | INFO     | [QUESTION_SENT] {"question_idx": 1489, "uid": "6f28976d-799e-48eb-9164-5ac7c6ff9616"}
2026-04-06 11:50:53 | INFO     | [QUESTION_ATTEMPT] {"attempt": 51, "max_questions": 300, "question_idx": 1489, "uid": "6f28976d-799e-48eb-9164-5ac7c6ff9616"}
2026-04-06 11:53:55 | INFO     | [QUESTION_SENT] {"question_idx": 1490, "uid": "b4db8d93-88ea-49d7-bd31-8aea15c71ff8"}
2026-04-06 11:54:27 | INFO     | [QUESTION_ATTEMPT] {"attempt": 52, "max_questions": 300, "question_idx": 1490, "uid": "b4db8d93-88ea-49d7-bd31-8aea15c71ff8"}
2026-04-06 11:57:28 | INFO     | [QUESTION_SENT] {"question_idx": 1491, "uid": "9704eea4-3b25-44f8-863f-a671a9e5fac5"}
2026-04-06 11:57:59 | INFO     | [QUESTION_ATTEMPT] {"attempt": 53, "max_questions": 300, "question_idx": 1491, "uid": "9704eea4-3b25-44f8-863f-a671a9e5fac5"}
2026-04-06 12:01:01 | INFO     | [QUESTION_SENT] {"question_idx": 1492, "uid": "02bc85eb-91cb-40c0-be80-c9fbd8c4a2a2"}
2026-04-06 12:04:34 | INFO     | [QUESTION_SENT] {"question_idx": 1492, "uid": "02bc85eb-91cb-40c0-be80-c9fbd8c4a2a2"}
2026-04-06 12:04:58 | INFO     | [QUESTION_ATTEMPT] {"attempt": 54, "max_questions": 300, "question_idx": 1492, "uid": "02bc85eb-91cb-40c0-be80-c9fbd8c4a2a2"}
2026-04-06 12:05:10 | INFO     | [QUESTION_SENT] {"question_idx": 1492, "uid": "02bc85eb-91cb-40c0-be80-c9fbd8c4a2a2"}
2026-04-06 12:05:29 | INFO     | [QUESTION_ATTEMPT] {"attempt": 55, "max_questions": 300, "question_idx": 1492, "uid": "02bc85eb-91cb-40c0-be80-c9fbd8c4a2a2"}
2026-04-06 12:08:46 | INFO     | [QUESTION_SENT] {"question_idx": 1493, "uid": "9270f2c8-f86e-49b8-b7ed-354a9755de98"}
2026-04-06 12:09:18 | INFO     | [QUESTION_ATTEMPT] {"attempt": 56, "max_questions": 300, "question_idx": 1493, "uid": "9270f2c8-f86e-49b8-b7ed-354a9755de98"}
2026-04-06 12:12:19 | INFO     | [QUESTION_SENT] {"question_idx": 1494, "uid": "7e7f666f-b3f1-41ea-b3b7-ec01ddbfe0a6"}
2026-04-06 12:12:50 | INFO     | [QUESTION_ATTEMPT] {"attempt": 57, "max_questions": 300, "question_idx": 1494, "uid": "7e7f666f-b3f1-41ea-b3b7-ec01ddbfe0a6"}
2026-04-06 12:15:52 | INFO     | [QUESTION_SENT] {"question_idx": 1495, "uid": "92e35124-b48a-48ea-b755-9c0b452e18ea"}
2026-04-06 12:16:24 | INFO     | [QUESTION_ATTEMPT] {"attempt": 58, "max_questions": 300, "question_idx": 1495, "uid": "92e35124-b48a-48ea-b755-9c0b452e18ea"}
2026-04-06 12:19:25 | INFO     | [QUESTION_SENT] {"question_idx": 1496, "uid": "9c292764-810d-4e53-9131-196192a766f0"}
2026-04-06 12:19:54 | INFO     | [QUESTION_ATTEMPT] {"attempt": 59, "max_questions": 300, "question_idx": 1496, "uid": "9c292764-810d-4e53-9131-196192a766f0"}
2026-04-06 12:22:58 | INFO     | [QUESTION_SENT] {"question_idx": 1497, "uid": "c816d354-e8d4-417d-9bb3-84bb6c1a1b55"}
2026-04-06 12:23:27 | INFO     | [QUESTION_ATTEMPT] {"attempt": 60, "max_questions": 300, "question_idx": 1497, "uid": "c816d354-e8d4-417d-9bb3-84bb6c1a1b55"}
2026-04-06 12:26:31 | INFO     | [QUESTION_SENT] {"question_idx": 1498, "uid": "4a6ff1df-8340-434e-9516-9d8a8c424137"}
2026-04-06 12:27:02 | INFO     | [QUESTION_ATTEMPT] {"attempt": 61, "max_questions": 300, "question_idx": 1498, "uid": "4a6ff1df-8340-434e-9516-9d8a8c424137"}
2026-04-06 12:27:14 | INFO     | [QUESTION_SENT] {"question_idx": 1498, "uid": "4a6ff1df-8340-434e-9516-9d8a8c424137"}
2026-04-06 12:27:44 | INFO     | [QUESTION_ATTEMPT] {"attempt": 62, "max_questions": 300, "question_idx": 1498, "uid": "4a6ff1df-8340-434e-9516-9d8a8c424137"}
2026-04-06 12:30:50 | INFO     | [QUESTION_SENT] {"question_idx": 1499, "uid": "e30cdbda-ebc8-4514-8789-46a90db936b0"}
2026-04-06 12:31:13 | INFO     | [QUESTION_ATTEMPT] {"attempt": 63, "max_questions": 300, "question_idx": 1499, "uid": "e30cdbda-ebc8-4514-8789-46a90db936b0"}
2026-04-06 12:31:26 | INFO     | [QUESTION_SENT] {"question_idx": 1499, "uid": "e30cdbda-ebc8-4514-8789-46a90db936b0"}
2026-04-06 12:31:49 | INFO     | [QUESTION_ATTEMPT] {"attempt": 64, "max_questions": 300, "question_idx": 1499, "uid": "e30cdbda-ebc8-4514-8789-46a90db936b0"}
2026-04-06 12:35:01 | INFO     | [QUESTION_SENT] {"question_idx": 1500, "uid": "600a4aec-33ff-4335-997f-6917d89e3e7a"}
2026-04-06 12:35:33 | INFO     | [QUESTION_ATTEMPT] {"attempt": 65, "max_questions": 300, "question_idx": 1500, "uid": "600a4aec-33ff-4335-997f-6917d89e3e7a"}
2026-04-06 12:38:34 | INFO     | [QUESTION_SENT] {"question_idx": 1501, "uid": "0ff69455-4e5a-41c2-9980-772dcbb15d05"}
2026-04-06 12:39:08 | INFO     | [QUESTION_ATTEMPT] {"attempt": 66, "max_questions": 300, "question_idx": 1501, "uid": "0ff69455-4e5a-41c2-9980-772dcbb15d05"}
2026-04-06 12:42:08 | INFO     | [QUESTION_SENT] {"question_idx": 1502, "uid": "5a550365-a11f-485a-a197-e963dac3434d"}
2026-04-06 12:42:38 | INFO     | [QUESTION_ATTEMPT] {"attempt": 67, "max_questions": 300, "question_idx": 1502, "uid": "5a550365-a11f-485a-a197-e963dac3434d"}
2026-04-06 12:45:41 | INFO     | [QUESTION_SENT] {"question_idx": 1503, "uid": "fe7847c5-d5ad-4afe-bb8b-d57c62160320"}
2026-04-06 12:46:16 | INFO     | [QUESTION_ATTEMPT] {"attempt": 68, "max_questions": 300, "question_idx": 1503, "uid": "fe7847c5-d5ad-4afe-bb8b-d57c62160320"}
2026-04-06 12:49:14 | INFO     | [QUESTION_SENT] {"question_idx": 1504, "uid": "48687e50-91ae-4e8a-ad56-a0678e77cfc4"}
2026-04-06 12:49:48 | INFO     | [QUESTION_ATTEMPT] {"attempt": 69, "max_questions": 300, "question_idx": 1504, "uid": "48687e50-91ae-4e8a-ad56-a0678e77cfc4"}
2026-04-06 12:52:48 | INFO     | [QUESTION_SENT] {"question_idx": 1505, "uid": "45f4de9c-2818-43a6-886d-b5f91c11d621"}
2026-04-06 12:53:28 | INFO     | [QUESTION_ATTEMPT] {"attempt": 70, "max_questions": 300, "question_idx": 1505, "uid": "45f4de9c-2818-43a6-886d-b5f91c11d621"}
2026-04-06 12:56:20 | INFO     | [QUESTION_SENT] {"question_idx": 1506, "uid": "142621d1-4760-4769-84c7-93b8fa03dde1"}
2026-04-06 12:56:52 | INFO     | [QUESTION_ATTEMPT] {"attempt": 71, "max_questions": 300, "question_idx": 1506, "uid": "142621d1-4760-4769-84c7-93b8fa03dde1"}
2026-04-06 12:59:53 | INFO     | [QUESTION_SENT] {"question_idx": 1507, "uid": "1eb65e46-7e9c-4659-bd44-887783955f13"}
2026-04-06 13:00:27 | INFO     | [QUESTION_ATTEMPT] {"attempt": 72, "max_questions": 300, "question_idx": 1507, "uid": "1eb65e46-7e9c-4659-bd44-887783955f13"}
2026-04-06 13:03:26 | INFO     | [QUESTION_SENT] {"question_idx": 1508, "uid": "d1edc3a1-542c-47b6-986c-5140aca585c1"}
2026-04-06 13:06:59 | INFO     | [QUESTION_SENT] {"question_idx": 1508, "uid": "d1edc3a1-542c-47b6-986c-5140aca585c1"}
2026-04-06 13:07:48 | INFO     | [QUESTION_ATTEMPT] {"attempt": 73, "max_questions": 300, "question_idx": 1508, "uid": "d1edc3a1-542c-47b6-986c-5140aca585c1"}
2026-04-06 13:10:32 | INFO     | [QUESTION_SENT] {"question_idx": 1509, "uid": "f21e374e-328d-4ea5-bb6a-ed8d5f1a34ac"}
2026-04-06 13:10:56 | INFO     | [QUESTION_ATTEMPT] {"attempt": 74, "max_questions": 300, "question_idx": 1509, "uid": "f21e374e-328d-4ea5-bb6a-ed8d5f1a34ac"}
2026-04-06 13:11:08 | INFO     | [QUESTION_SENT] {"question_idx": 1509, "uid": "f21e374e-328d-4ea5-bb6a-ed8d5f1a34ac"}
2026-04-06 13:11:34 | INFO     | [QUESTION_ATTEMPT] {"attempt": 75, "max_questions": 300, "question_idx": 1509, "uid": "f21e374e-328d-4ea5-bb6a-ed8d5f1a34ac"}
2026-04-06 13:14:44 | INFO     | [QUESTION_SENT] {"question_idx": 1510, "uid": "cb703c81-e07e-424e-8240-7aee4c6cb4fb"}
2026-04-06 13:15:14 | INFO     | [QUESTION_ATTEMPT] {"attempt": 76, "max_questions": 300, "question_idx": 1510, "uid": "cb703c81-e07e-424e-8240-7aee4c6cb4fb"}
2026-04-06 13:18:17 | INFO     | [QUESTION_SENT] {"question_idx": 1511, "uid": "69f25336-b0a8-47b5-939b-71058c065ae6"}
2026-04-06 13:18:50 | INFO     | [QUESTION_ATTEMPT] {"attempt": 77, "max_questions": 300, "question_idx": 1511, "uid": "69f25336-b0a8-47b5-939b-71058c065ae6"}
2026-04-06 13:21:50 | INFO     | [QUESTION_SENT] {"question_idx": 1512, "uid": "4f23dc84-66ab-42bf-b500-ffb064a00871"}
2026-04-06 13:25:24 | INFO     | [QUESTION_SENT] {"question_idx": 1512, "uid": "4f23dc84-66ab-42bf-b500-ffb064a00871"}
2026-04-06 13:26:00 | INFO     | [QUESTION_ATTEMPT] {"attempt": 78, "max_questions": 300, "question_idx": 1512, "uid": "4f23dc84-66ab-42bf-b500-ffb064a00871"}
2026-04-06 13:28:57 | INFO     | [QUESTION_SENT] {"question_idx": 1513, "uid": "1e44efd5-f445-4dc3-a138-bda6d871b55a"}
2026-04-06 13:29:27 | INFO     | [QUESTION_ATTEMPT] {"attempt": 79, "max_questions": 300, "question_idx": 1513, "uid": "1e44efd5-f445-4dc3-a138-bda6d871b55a"}
2026-04-06 13:32:30 | INFO     | [QUESTION_SENT] {"question_idx": 1514, "uid": "244156f7-c835-44c7-aa55-a8254ff14293"}
2026-04-06 13:36:03 | INFO     | [QUESTION_SENT] {"question_idx": 1514, "uid": "244156f7-c835-44c7-aa55-a8254ff14293"}
2026-04-06 13:36:34 | INFO     | [QUESTION_ATTEMPT] {"attempt": 80, "max_questions": 300, "question_idx": 1514, "uid": "244156f7-c835-44c7-aa55-a8254ff14293"}
2026-04-06 13:39:36 | INFO     | [QUESTION_SENT] {"question_idx": 1515, "uid": "904fc979-ce2e-4702-ac32-45ced9f7624c"}
2026-04-06 13:40:14 | INFO     | [QUESTION_ATTEMPT] {"attempt": 81, "max_questions": 300, "question_idx": 1515, "uid": "904fc979-ce2e-4702-ac32-45ced9f7624c"}
2026-04-06 13:43:09 | INFO     | [QUESTION_SENT] {"question_idx": 1516, "uid": "48c455b1-38c2-40cc-bc3f-5cbf1ecbfb4d"}
2026-04-06 13:43:38 | INFO     | [QUESTION_ATTEMPT] {"attempt": 82, "max_questions": 300, "question_idx": 1516, "uid": "48c455b1-38c2-40cc-bc3f-5cbf1ecbfb4d"}
2026-04-06 13:43:51 | INFO     | [QUESTION_SENT] {"question_idx": 1516, "uid": "48c455b1-38c2-40cc-bc3f-5cbf1ecbfb4d"}
2026-04-06 13:44:16 | INFO     | [QUESTION_ATTEMPT] {"attempt": 83, "max_questions": 300, "question_idx": 1516, "uid": "48c455b1-38c2-40cc-bc3f-5cbf1ecbfb4d"}
2026-04-06 13:47:26 | INFO     | [QUESTION_SENT] {"question_idx": 1517, "uid": "47543a2d-8bac-4e07-8aeb-511dd5705f97"}
2026-04-06 13:47:44 | INFO     | [QUESTION_ATTEMPT] {"attempt": 84, "max_questions": 300, "question_idx": 1517, "uid": "47543a2d-8bac-4e07-8aeb-511dd5705f97"}
2026-04-06 13:47:57 | INFO     | [QUESTION_SENT] {"question_idx": 1517, "uid": "47543a2d-8bac-4e07-8aeb-511dd5705f97"}
2026-04-06 13:48:16 | INFO     | [QUESTION_ATTEMPT] {"attempt": 85, "max_questions": 300, "question_idx": 1517, "uid": "47543a2d-8bac-4e07-8aeb-511dd5705f97"}
2026-04-06 13:51:32 | INFO     | [QUESTION_SENT] {"question_idx": 1518, "uid": "ced5b472-89eb-488f-a03a-0d5ea37d58f0"}
2026-04-06 13:52:03 | INFO     | [QUESTION_ATTEMPT] {"attempt": 86, "max_questions": 300, "question_idx": 1518, "uid": "ced5b472-89eb-488f-a03a-0d5ea37d58f0"}
2026-04-06 13:55:05 | INFO     | [QUESTION_SENT] {"question_idx": 1519, "uid": "dcf8407b-a1d9-48da-8735-8e5e6f57e3fa"}
2026-04-06 13:55:37 | INFO     | [QUESTION_ATTEMPT] {"attempt": 87, "max_questions": 300, "question_idx": 1519, "uid": "dcf8407b-a1d9-48da-8735-8e5e6f57e3fa"}
2026-04-06 13:58:39 | INFO     | [QUESTION_SENT] {"question_idx": 1520, "uid": "a8067b17-9067-4ece-bcd8-a2953599d261"}
2026-04-06 13:59:12 | INFO     | [QUESTION_ATTEMPT] {"attempt": 88, "max_questions": 300, "question_idx": 1520, "uid": "a8067b17-9067-4ece-bcd8-a2953599d261"}
2026-04-06 14:02:12 | INFO     | [QUESTION_SENT] {"question_idx": 1521, "uid": "4fa8832d-e9d8-4485-8c56-df48a59afc2f"}
2026-04-06 14:02:47 | INFO     | [QUESTION_ATTEMPT] {"attempt": 89, "max_questions": 300, "question_idx": 1521, "uid": "4fa8832d-e9d8-4485-8c56-df48a59afc2f"}
2026-04-06 14:05:45 | INFO     | [QUESTION_SENT] {"question_idx": 1522, "uid": "281e0497-749d-49aa-8c39-42399f6ae6e9"}
2026-04-06 14:06:15 | INFO     | [QUESTION_ATTEMPT] {"attempt": 90, "max_questions": 300, "question_idx": 1522, "uid": "281e0497-749d-49aa-8c39-42399f6ae6e9"}
2026-04-06 14:09:18 | INFO     | [QUESTION_SENT] {"question_idx": 1523, "uid": "e0686063-bc67-4d8c-9a48-417b02cbae0c"}
2026-04-06 14:09:51 | INFO     | [QUESTION_ATTEMPT] {"attempt": 91, "max_questions": 300, "question_idx": 1523, "uid": "e0686063-bc67-4d8c-9a48-417b02cbae0c"}
2026-04-06 14:12:51 | INFO     | [QUESTION_SENT] {"question_idx": 1524, "uid": "14a381bc-097a-4689-843c-52d077962194"}
2026-04-06 14:13:26 | INFO     | [QUESTION_ATTEMPT] {"attempt": 92, "max_questions": 300, "question_idx": 1524, "uid": "14a381bc-097a-4689-843c-52d077962194"}
2026-04-06 14:16:25 | INFO     | [QUESTION_SENT] {"question_idx": 1525, "uid": "b72ed637-9a4f-4011-8bf0-0637c7cb2d12"}
2026-04-06 14:16:52 | INFO     | [QUESTION_ATTEMPT] {"attempt": 93, "max_questions": 300, "question_idx": 1525, "uid": "b72ed637-9a4f-4011-8bf0-0637c7cb2d12"}
2026-04-06 14:17:05 | INFO     | [QUESTION_SENT] {"question_idx": 1525, "uid": "b72ed637-9a4f-4011-8bf0-0637c7cb2d12"}
2026-04-06 14:20:40 | INFO     | [QUESTION_SENT] {"question_idx": 1525, "uid": "b72ed637-9a4f-4011-8bf0-0637c7cb2d12"}
2026-04-06 14:21:08 | INFO     | [QUESTION_ATTEMPT] {"attempt": 94, "max_questions": 300, "question_idx": 1525, "uid": "b72ed637-9a4f-4011-8bf0-0637c7cb2d12"}
2026-04-06 14:21:20 | INFO     | [QUESTION_SENT] {"question_idx": 1525, "uid": "b72ed637-9a4f-4011-8bf0-0637c7cb2d12"}
2026-04-06 14:21:41 | INFO     | [QUESTION_ATTEMPT] {"attempt": 95, "max_questions": 300, "question_idx": 1525, "uid": "b72ed637-9a4f-4011-8bf0-0637c7cb2d12"}
2026-04-06 14:24:56 | INFO     | [QUESTION_SENT] {"question_idx": 1526, "uid": "cecd6c17-3d07-45ba-9946-56aa8894fde2"}
2026-04-06 14:28:29 | INFO     | [QUESTION_SENT] {"question_idx": 1526, "uid": "cecd6c17-3d07-45ba-9946-56aa8894fde2"}
2026-04-06 14:29:05 | INFO     | [QUESTION_ATTEMPT] {"attempt": 96, "max_questions": 300, "question_idx": 1526, "uid": "cecd6c17-3d07-45ba-9946-56aa8894fde2"}
2026-04-06 14:32:02 | INFO     | [QUESTION_SENT] {"question_idx": 1527, "uid": "6445534c-3516-4aa1-b38f-5c288b6463ca"}
2026-04-06 14:32:34 | INFO     | [QUESTION_ATTEMPT] {"attempt": 97, "max_questions": 300, "question_idx": 1527, "uid": "6445534c-3516-4aa1-b38f-5c288b6463ca"}
2026-04-06 14:35:35 | INFO     | [QUESTION_SENT] {"question_idx": 1528, "uid": "3f50b1b3-8dc1-4796-80f6-e2535c00463d"}
2026-04-06 14:36:04 | INFO     | [QUESTION_ATTEMPT] {"attempt": 98, "max_questions": 300, "question_idx": 1528, "uid": "3f50b1b3-8dc1-4796-80f6-e2535c00463d"}
2026-04-06 14:36:17 | INFO     | [QUESTION_SENT] {"question_idx": 1528, "uid": "3f50b1b3-8dc1-4796-80f6-e2535c00463d"}
2026-04-06 14:36:37 | INFO     | [QUESTION_ATTEMPT] {"attempt": 99, "max_questions": 300, "question_idx": 1528, "uid": "3f50b1b3-8dc1-4796-80f6-e2535c00463d"}
2026-04-06 14:39:53 | INFO     | [QUESTION_SENT] {"question_idx": 1529, "uid": "41f96430-6e69-4805-b52c-3c39d21f4cac"}
2026-04-06 14:40:26 | INFO     | [QUESTION_ATTEMPT] {"attempt": 100, "max_questions": 300, "question_idx": 1529, "uid": "41f96430-6e69-4805-b52c-3c39d21f4cac"}
2026-04-06 14:43:26 | INFO     | [QUESTION_SENT] {"question_idx": 1530, "uid": "a5ceb05d-14b9-47a5-87d6-b168d45d03bb"}
2026-04-06 14:43:59 | INFO     | [QUESTION_ATTEMPT] {"attempt": 101, "max_questions": 300, "question_idx": 1530, "uid": "a5ceb05d-14b9-47a5-87d6-b168d45d03bb"}
2026-04-06 14:46:59 | INFO     | [QUESTION_SENT] {"question_idx": 1531, "uid": "7b8891e1-9b9a-45ba-8a72-b84e44b4686b"}
2026-04-06 14:47:33 | INFO     | [QUESTION_ATTEMPT] {"attempt": 102, "max_questions": 300, "question_idx": 1531, "uid": "7b8891e1-9b9a-45ba-8a72-b84e44b4686b"}
2026-04-06 14:50:33 | INFO     | [QUESTION_SENT] {"question_idx": 1532, "uid": "f4523d85-87e5-4aa4-bac5-2f9d813b902a"}
2026-04-06 14:51:05 | INFO     | [QUESTION_ATTEMPT] {"attempt": 103, "max_questions": 300, "question_idx": 1532, "uid": "f4523d85-87e5-4aa4-bac5-2f9d813b902a"}
2026-04-06 14:54:06 | INFO     | [QUESTION_SENT] {"question_idx": 1533, "uid": "07c8d058-0327-4b01-810e-558c46432043"}
2026-04-06 14:54:39 | INFO     | [QUESTION_ATTEMPT] {"attempt": 104, "max_questions": 300, "question_idx": 1533, "uid": "07c8d058-0327-4b01-810e-558c46432043"}
2026-04-06 14:57:39 | INFO     | [QUESTION_SENT] {"question_idx": 1534, "uid": "914104a5-6a2c-4313-9552-66ea141d1b90"}
2026-04-06 14:58:12 | INFO     | [QUESTION_ATTEMPT] {"attempt": 105, "max_questions": 300, "question_idx": 1534, "uid": "914104a5-6a2c-4313-9552-66ea141d1b90"}
2026-04-06 15:01:12 | INFO     | [QUESTION_SENT] {"question_idx": 1535, "uid": "590a932c-15c8-4f1b-a5f6-184b4dd26b28"}
2026-04-06 15:01:44 | INFO     | [QUESTION_ATTEMPT] {"attempt": 106, "max_questions": 300, "question_idx": 1535, "uid": "590a932c-15c8-4f1b-a5f6-184b4dd26b28"}
2026-04-06 15:04:45 | INFO     | [QUESTION_SENT] {"question_idx": 1536, "uid": "eccd836e-674b-4e47-a174-0efc8c883d95"}
2026-04-06 15:05:22 | INFO     | [QUESTION_ATTEMPT] {"attempt": 107, "max_questions": 300, "question_idx": 1536, "uid": "eccd836e-674b-4e47-a174-0efc8c883d95"}
2026-04-06 15:08:19 | INFO     | [QUESTION_SENT] {"question_idx": 1537, "uid": "7a1df386-3500-4c25-a20b-1e635ec360c9"}
2026-04-06 15:08:52 | INFO     | [QUESTION_ATTEMPT] {"attempt": 108, "max_questions": 300, "question_idx": 1537, "uid": "7a1df386-3500-4c25-a20b-1e635ec360c9"}
2026-04-06 15:11:52 | INFO     | [QUESTION_SENT] {"question_idx": 1538, "uid": "4c9c4023-28a3-421b-b36b-9d4ba32abefc"}
2026-04-06 15:12:25 | INFO     | [QUESTION_ATTEMPT] {"attempt": 109, "max_questions": 300, "question_idx": 1538, "uid": "4c9c4023-28a3-421b-b36b-9d4ba32abefc"}
2026-04-06 15:15:25 | INFO     | [QUESTION_SENT] {"question_idx": 1539, "uid": "b12465e8-99d2-4121-94b0-deb334c7ef5a"}
2026-04-06 15:16:00 | INFO     | [QUESTION_ATTEMPT] {"attempt": 110, "max_questions": 300, "question_idx": 1539, "uid": "b12465e8-99d2-4121-94b0-deb334c7ef5a"}
2026-04-06 15:18:58 | INFO     | [QUESTION_SENT] {"question_idx": 1540, "uid": "f1d92368-253d-4b91-b332-97e49d469374"}
2026-04-06 15:19:23 | INFO     | [QUESTION_ATTEMPT] {"attempt": 111, "max_questions": 300, "question_idx": 1540, "uid": "f1d92368-253d-4b91-b332-97e49d469374"}
2026-04-06 15:19:36 | INFO     | [QUESTION_SENT] {"question_idx": 1540, "uid": "f1d92368-253d-4b91-b332-97e49d469374"}
2026-04-06 15:19:49 | INFO     | [QUESTION_ATTEMPT] {"attempt": 112, "max_questions": 300, "question_idx": 1540, "uid": "f1d92368-253d-4b91-b332-97e49d469374"}
2026-04-06 15:22:22 | INFO     | [QUESTION_SENT] {"question_idx": 1540, "uid": "f1d92368-253d-4b91-b332-97e49d469374"}
2026-04-06 15:22:52 | INFO     | [QUESTION_ATTEMPT] {"attempt": 113, "max_questions": 300, "question_idx": 1540, "uid": "f1d92368-253d-4b91-b332-97e49d469374"}
2026-04-06 15:25:55 | INFO     | [QUESTION_SENT] {"question_idx": 1541, "uid": "f4dd6d97-efd6-492f-9448-8b3b8116f020"}
2026-04-06 15:26:27 | INFO     | [QUESTION_ATTEMPT] {"attempt": 114, "max_questions": 300, "question_idx": 1541, "uid": "f4dd6d97-efd6-492f-9448-8b3b8116f020"}
2026-04-06 15:29:28 | INFO     | [QUESTION_SENT] {"question_idx": 1542, "uid": "52c59b01-96a6-4d2a-8fa1-1998257c06be"}
2026-04-06 15:33:01 | INFO     | [QUESTION_SENT] {"question_idx": 1542, "uid": "52c59b01-96a6-4d2a-8fa1-1998257c06be"}
2026-04-06 15:33:32 | INFO     | [QUESTION_ATTEMPT] {"attempt": 115, "max_questions": 300, "question_idx": 1542, "uid": "52c59b01-96a6-4d2a-8fa1-1998257c06be"}
2026-04-06 15:33:44 | INFO     | [QUESTION_SENT] {"question_idx": 1542, "uid": "52c59b01-96a6-4d2a-8fa1-1998257c06be"}
2026-04-06 15:34:03 | INFO     | [QUESTION_ATTEMPT] {"attempt": 116, "max_questions": 300, "question_idx": 1542, "uid": "52c59b01-96a6-4d2a-8fa1-1998257c06be"}
2026-04-06 15:36:36 | INFO     | [QUESTION_SENT] {"question_idx": 1542, "uid": "52c59b01-96a6-4d2a-8fa1-1998257c06be"}
2026-04-06 15:37:05 | INFO     | [QUESTION_ATTEMPT] {"attempt": 117, "max_questions": 300, "question_idx": 1542, "uid": "52c59b01-96a6-4d2a-8fa1-1998257c06be"}
2026-04-06 15:40:09 | INFO     | [QUESTION_SENT] {"question_idx": 1543, "uid": "a30afb5b-c9d2-4579-9fac-1dab01572d71"}
2026-04-06 15:43:43 | INFO     | [QUESTION_SENT] {"question_idx": 1543, "uid": "a30afb5b-c9d2-4579-9fac-1dab01572d71"}
2026-04-06 15:44:16 | INFO     | [QUESTION_ATTEMPT] {"attempt": 118, "max_questions": 300, "question_idx": 1543, "uid": "a30afb5b-c9d2-4579-9fac-1dab01572d71"}
2026-04-06 15:47:16 | INFO     | [QUESTION_SENT] {"question_idx": 1544, "uid": "c1a4b986-ec5e-496e-b2eb-d9e89bf37f6a"}
2026-04-06 15:47:49 | INFO     | [QUESTION_ATTEMPT] {"attempt": 119, "max_questions": 300, "question_idx": 1544, "uid": "c1a4b986-ec5e-496e-b2eb-d9e89bf37f6a"}
2026-04-06 15:50:49 | INFO     | [QUESTION_SENT] {"question_idx": 1545, "uid": "2f99631c-dd04-43b1-95c8-bd5f40a1f1bd"}
2026-04-06 15:51:22 | INFO     | [QUESTION_ATTEMPT] {"attempt": 120, "max_questions": 300, "question_idx": 1545, "uid": "2f99631c-dd04-43b1-95c8-bd5f40a1f1bd"}
2026-04-06 15:54:22 | INFO     | [QUESTION_SENT] {"question_idx": 1546, "uid": "e5e2a13e-5eb3-45b3-aa1f-f5056c113515"}
2026-04-06 15:54:54 | INFO     | [QUESTION_ATTEMPT] {"attempt": 121, "max_questions": 300, "question_idx": 1546, "uid": "e5e2a13e-5eb3-45b3-aa1f-f5056c113515"}
2026-04-06 15:57:56 | INFO     | [QUESTION_SENT] {"question_idx": 1547, "uid": "9c5588fa-ba72-4c44-a407-40fd43d984b4"}
2026-04-06 15:58:27 | INFO     | [QUESTION_ATTEMPT] {"attempt": 122, "max_questions": 300, "question_idx": 1547, "uid": "9c5588fa-ba72-4c44-a407-40fd43d984b4"}
2026-04-06 16:01:29 | INFO     | [QUESTION_SENT] {"question_idx": 1548, "uid": "0b115611-d67d-40ad-95b9-436d74f0148c"}
2026-04-06 16:01:59 | INFO     | [QUESTION_ATTEMPT] {"attempt": 123, "max_questions": 300, "question_idx": 1548, "uid": "0b115611-d67d-40ad-95b9-436d74f0148c"}
2026-04-06 16:05:02 | INFO     | [QUESTION_SENT] {"question_idx": 1549, "uid": "df25ecf5-27f1-46aa-a4ce-c85a78e0770b"}
2026-04-06 16:05:36 | INFO     | [QUESTION_ATTEMPT] {"attempt": 124, "max_questions": 300, "question_idx": 1549, "uid": "df25ecf5-27f1-46aa-a4ce-c85a78e0770b"}
2026-04-06 16:05:49 | INFO     | [QUESTION_SENT] {"question_idx": 1549, "uid": "df25ecf5-27f1-46aa-a4ce-c85a78e0770b"}
2026-04-06 16:06:08 | INFO     | [QUESTION_ATTEMPT] {"attempt": 125, "max_questions": 300, "question_idx": 1549, "uid": "df25ecf5-27f1-46aa-a4ce-c85a78e0770b"}
2026-04-06 16:09:24 | INFO     | [QUESTION_SENT] {"question_idx": 1550, "uid": "b3cdf418-b3d1-4a70-8c64-82ea68270a50"}
2026-04-06 16:09:56 | INFO     | [QUESTION_ATTEMPT] {"attempt": 126, "max_questions": 300, "question_idx": 1550, "uid": "b3cdf418-b3d1-4a70-8c64-82ea68270a50"}
2026-04-06 16:12:58 | INFO     | [QUESTION_SENT] {"question_idx": 1551, "uid": "2041fdf5-4278-4c2f-b48a-d07d42af7cda"}
2026-04-06 16:13:29 | INFO     | [QUESTION_ATTEMPT] {"attempt": 127, "max_questions": 300, "question_idx": 1551, "uid": "2041fdf5-4278-4c2f-b48a-d07d42af7cda"}
2026-04-06 16:16:31 | INFO     | [QUESTION_SENT] {"question_idx": 1552, "uid": "14f18aa4-28e2-4c03-a9ad-1b8e46307618"}
2026-04-06 16:17:00 | INFO     | [QUESTION_ATTEMPT] {"attempt": 128, "max_questions": 300, "question_idx": 1552, "uid": "14f18aa4-28e2-4c03-a9ad-1b8e46307618"}
2026-04-06 16:17:12 | INFO     | [QUESTION_SENT] {"question_idx": 1552, "uid": "14f18aa4-28e2-4c03-a9ad-1b8e46307618"}
2026-04-06 16:17:40 | INFO     | [QUESTION_ATTEMPT] {"attempt": 129, "max_questions": 300, "question_idx": 1552, "uid": "14f18aa4-28e2-4c03-a9ad-1b8e46307618"}
2026-04-06 16:20:48 | INFO     | [QUESTION_SENT] {"question_idx": 1553, "uid": "5a9e649a-82e2-4d5a-adfc-e152d8a510c3"}
2026-04-06 16:21:13 | INFO     | [QUESTION_ATTEMPT] {"attempt": 130, "max_questions": 300, "question_idx": 1553, "uid": "5a9e649a-82e2-4d5a-adfc-e152d8a510c3"}
2026-04-06 16:24:21 | INFO     | [QUESTION_SENT] {"question_idx": 1554, "uid": "90ac5481-8b34-4e05-90a5-c4038d11bdee"}
2026-04-06 16:24:51 | INFO     | [QUESTION_ATTEMPT] {"attempt": 131, "max_questions": 300, "question_idx": 1554, "uid": "90ac5481-8b34-4e05-90a5-c4038d11bdee"}
2026-04-06 16:27:54 | INFO     | [QUESTION_SENT] {"question_idx": 1555, "uid": "8afac941-35a8-4818-9cc4-b82eb85ae9c6"}
2026-04-06 16:28:58 | INFO     | [QUESTION_ATTEMPT] {"attempt": 132, "max_questions": 300, "question_idx": 1555, "uid": "8afac941-35a8-4818-9cc4-b82eb85ae9c6"}
2026-04-06 16:31:28 | INFO     | [QUESTION_SENT] {"question_idx": 1556, "uid": "e21bcd1c-cf8b-462d-8fc2-7f6a8cd06bac"}
2026-04-06 16:31:55 | INFO     | [QUESTION_ATTEMPT] {"attempt": 133, "max_questions": 300, "question_idx": 1556, "uid": "e21bcd1c-cf8b-462d-8fc2-7f6a8cd06bac"}
2026-04-06 16:35:01 | INFO     | [QUESTION_SENT] {"question_idx": 1557, "uid": "eb74c500-307d-439f-967a-cb0a79e54a4d"}
2026-04-06 16:35:31 | INFO     | [QUESTION_ATTEMPT] {"attempt": 134, "max_questions": 300, "question_idx": 1557, "uid": "eb74c500-307d-439f-967a-cb0a79e54a4d"}
2026-04-06 16:38:34 | INFO     | [QUESTION_SENT] {"question_idx": 1558, "uid": "ea614e26-5188-4d2e-adad-ccd71a7df014"}
2026-04-06 16:39:03 | INFO     | [QUESTION_ATTEMPT] {"attempt": 135, "max_questions": 300, "question_idx": 1558, "uid": "ea614e26-5188-4d2e-adad-ccd71a7df014"}
2026-04-06 16:42:07 | INFO     | [QUESTION_SENT] {"question_idx": 1559, "uid": "f8d5cdfb-c4f6-4b9e-a993-8f6f052bc53a"}
2026-04-06 16:42:35 | INFO     | [QUESTION_ATTEMPT] {"attempt": 136, "max_questions": 300, "question_idx": 1559, "uid": "f8d5cdfb-c4f6-4b9e-a993-8f6f052bc53a"}
2026-04-06 16:45:40 | INFO     | [QUESTION_SENT] {"question_idx": 1560, "uid": "35bab748-f4b7-4e56-9650-d65f7aba437a"}
2026-04-06 16:49:13 | INFO     | [QUESTION_SENT] {"question_idx": 1560, "uid": "35bab748-f4b7-4e56-9650-d65f7aba437a"}
2026-04-06 16:49:45 | INFO     | [QUESTION_ATTEMPT] {"attempt": 137, "max_questions": 300, "question_idx": 1560, "uid": "35bab748-f4b7-4e56-9650-d65f7aba437a"}
2026-04-06 16:52:46 | INFO     | [QUESTION_SENT] {"question_idx": 1561, "uid": "723deb36-fb04-4e82-98eb-2dfaef2d5c79"}
2026-04-06 16:53:17 | INFO     | [QUESTION_ATTEMPT] {"attempt": 138, "max_questions": 300, "question_idx": 1561, "uid": "723deb36-fb04-4e82-98eb-2dfaef2d5c79"}
2026-04-06 16:53:29 | INFO     | [QUESTION_SENT] {"question_idx": 1561, "uid": "723deb36-fb04-4e82-98eb-2dfaef2d5c79"}
2026-04-06 16:53:50 | INFO     | [QUESTION_ATTEMPT] {"attempt": 139, "max_questions": 300, "question_idx": 1561, "uid": "723deb36-fb04-4e82-98eb-2dfaef2d5c79"}
2026-04-06 16:57:05 | INFO     | [QUESTION_SENT] {"question_idx": 1562, "uid": "1e9772a8-a3b0-4705-881f-445866d8b149"}
2026-04-06 16:57:38 | INFO     | [QUESTION_ATTEMPT] {"attempt": 140, "max_questions": 300, "question_idx": 1562, "uid": "1e9772a8-a3b0-4705-881f-445866d8b149"}
2026-04-06 17:00:38 | INFO     | [QUESTION_SENT] {"question_idx": 1563, "uid": "a6e775bf-11d0-43ad-a370-18424fbf9515"}
2026-04-06 17:01:09 | INFO     | [QUESTION_ATTEMPT] {"attempt": 141, "max_questions": 300, "question_idx": 1563, "uid": "a6e775bf-11d0-43ad-a370-18424fbf9515"}
2026-04-06 17:04:11 | INFO     | [QUESTION_SENT] {"question_idx": 1564, "uid": "5a1c01f1-c16d-4450-a55f-99074373433d"}
2026-04-06 17:04:43 | INFO     | [QUESTION_ATTEMPT] {"attempt": 142, "max_questions": 300, "question_idx": 1564, "uid": "5a1c01f1-c16d-4450-a55f-99074373433d"}
2026-04-06 17:07:44 | INFO     | [QUESTION_SENT] {"question_idx": 1565, "uid": "095f139f-35c1-4f3d-975c-e6a4223e4dfd"}
2026-04-06 17:09:01 | INFO     | [BOT_STOP] {"bot_id": 13, "total_questions": 142}
