2026-03-29 13:35:27 | INFO     | [BOT_START] {"bot_id": 13, "project": "hypos_norm", "timestamp": "2026-03-29T13:35:27.050634", "log_dir": "/home/dmitrii/Documents/projects/clicker_3.0/logs/bot_13"}
2026-03-29 13:35:32 | INFO     | [RESTART] {"bot_id": 13, "note": "first_start"}
2026-03-29 13:35:32 | INFO     | [FSM_INITIALIZED] {"site": "gpt", "scenario": "web_search", "start_state": "start_question"}
2026-03-29 13:38:13 | INFO     | [QUESTION_SENT] {"question_idx": 551, "uid": "cb7a4c58-f2ed-4471-ba47-61b1f6d7d136"}
2026-03-29 13:38:44 | INFO     | [QUESTION_ATTEMPT] {"attempt": 1, "max_questions": 300, "question_idx": 551, "uid": "cb7a4c58-f2ed-4471-ba47-61b1f6d7d136"}
2026-03-29 13:41:46 | INFO     | [QUESTION_SENT] {"question_idx": 552, "uid": "44294bdd-e4d1-4e1b-8b0d-683478be2b1c"}
2026-03-29 13:42:19 | INFO     | [QUESTION_ATTEMPT] {"attempt": 2, "max_questions": 300, "question_idx": 552, "uid": "44294bdd-e4d1-4e1b-8b0d-683478be2b1c"}
2026-03-29 13:45:19 | INFO     | [QUESTION_SENT] {"question_idx": 553, "uid": "19eabae1-3ac0-4082-b779-4eacb8f95164"}
2026-03-29 13:45:52 | INFO     | [QUESTION_ATTEMPT] {"attempt": 3, "max_questions": 300, "question_idx": 553, "uid": "19eabae1-3ac0-4082-b779-4eacb8f95164"}
2026-03-29 13:48:51 | INFO     | [QUESTION_SENT] {"question_idx": 554, "uid": "6152df01-d47e-43b6-bc54-ed2c5b4f1bbe"}
2026-03-29 13:49:19 | INFO     | [QUESTION_ATTEMPT] {"attempt": 4, "max_questions": 300, "question_idx": 554, "uid": "6152df01-d47e-43b6-bc54-ed2c5b4f1bbe"}
2026-03-29 13:52:24 | INFO     | [QUESTION_SENT] {"question_idx": 555, "uid": "dd90d56e-aa6f-417c-9edb-f86406cae3b6"}
2026-03-29 13:52:57 | INFO     | [QUESTION_ATTEMPT] {"attempt": 5, "max_questions": 300, "question_idx": 555, "uid": "dd90d56e-aa6f-417c-9edb-f86406cae3b6"}
2026-03-29 13:55:57 | INFO     | [QUESTION_SENT] {"question_idx": 556, "uid": "c62d2f57-3df9-4692-a9ed-ca07e7bcfa62"}
2026-03-29 13:56:20 | INFO     | [QUESTION_ATTEMPT] {"attempt": 6, "max_questions": 300, "question_idx": 556, "uid": "c62d2f57-3df9-4692-a9ed-ca07e7bcfa62"}
2026-03-29 13:56:33 | INFO     | [QUESTION_SENT] {"question_idx": 556, "uid": "c62d2f57-3df9-4692-a9ed-ca07e7bcfa62"}
2026-03-29 13:56:54 | INFO     | [QUESTION_ATTEMPT] {"attempt": 7, "max_questions": 300, "question_idx": 556, "uid": "c62d2f57-3df9-4692-a9ed-ca07e7bcfa62"}
2026-03-29 14:00:08 | INFO     | [QUESTION_SENT] {"question_idx": 557, "uid": "14751d03-900c-448b-8076-72c55427243f"}
2026-03-29 14:00:35 | INFO     | [QUESTION_ATTEMPT] {"attempt": 8, "max_questions": 300, "question_idx": 557, "uid": "14751d03-900c-448b-8076-72c55427243f"}
2026-03-29 14:03:41 | INFO     | [QUESTION_SENT] {"question_idx": 558, "uid": "5a2102ae-fc85-459b-a905-ebad934f5841"}
2026-03-29 14:04:10 | INFO     | [QUESTION_ATTEMPT] {"attempt": 9, "max_questions": 300, "question_idx": 558, "uid": "5a2102ae-fc85-459b-a905-ebad934f5841"}
2026-03-29 14:07:14 | INFO     | [QUESTION_SENT] {"question_idx": 559, "uid": "8aaecef6-c196-42d0-9bcf-d65a890f9bfa"}
2026-03-29 14:07:47 | INFO     | [QUESTION_ATTEMPT] {"attempt": 10, "max_questions": 300, "question_idx": 559, "uid": "8aaecef6-c196-42d0-9bcf-d65a890f9bfa"}
2026-03-29 14:10:47 | INFO     | [QUESTION_SENT] {"question_idx": 560, "uid": "c32a57a1-c77b-487d-9782-7fc46e8ac57a"}
2026-03-29 14:11:20 | INFO     | [QUESTION_ATTEMPT] {"attempt": 11, "max_questions": 300, "question_idx": 560, "uid": "c32a57a1-c77b-487d-9782-7fc46e8ac57a"}
2026-03-29 14:14:20 | INFO     | [QUESTION_SENT] {"question_idx": 561, "uid": "0646e41a-f903-43bb-91e7-8ed499eb3a54"}
2026-03-29 14:14:50 | INFO     | [QUESTION_ATTEMPT] {"attempt": 12, "max_questions": 300, "question_idx": 561, "uid": "0646e41a-f903-43bb-91e7-8ed499eb3a54"}
2026-03-29 14:17:53 | INFO     | [QUESTION_SENT] {"question_idx": 562, "uid": "03eb212a-f276-446e-9c80-e6d80bf0cb11"}
2026-03-29 14:18:20 | INFO     | [QUESTION_ATTEMPT] {"attempt": 13, "max_questions": 300, "question_idx": 562, "uid": "03eb212a-f276-446e-9c80-e6d80bf0cb11"}
2026-03-29 14:21:26 | INFO     | [QUESTION_SENT] {"question_idx": 563, "uid": "4b58efb1-44fe-4c60-b1bd-73be6f9ac3e6"}
2026-03-29 14:21:56 | INFO     | [QUESTION_ATTEMPT] {"attempt": 14, "max_questions": 300, "question_idx": 563, "uid": "4b58efb1-44fe-4c60-b1bd-73be6f9ac3e6"}
2026-03-29 14:24:59 | INFO     | [QUESTION_SENT] {"question_idx": 564, "uid": "53b0da8e-e5be-4e7e-8006-ad1577ea2d0f"}
2026-03-29 14:25:29 | INFO     | [QUESTION_ATTEMPT] {"attempt": 15, "max_questions": 300, "question_idx": 564, "uid": "53b0da8e-e5be-4e7e-8006-ad1577ea2d0f"}
2026-03-29 14:28:32 | INFO     | [QUESTION_SENT] {"question_idx": 565, "uid": "fc9e6fb9-c2c2-49a1-9951-41f2a3dec38c"}
2026-03-29 14:29:05 | INFO     | [QUESTION_ATTEMPT] {"attempt": 16, "max_questions": 300, "question_idx": 565, "uid": "fc9e6fb9-c2c2-49a1-9951-41f2a3dec38c"}
2026-03-29 14:32:05 | INFO     | [QUESTION_SENT] {"question_idx": 566, "uid": "eafc27f3-b809-498f-afe7-cd25b0903a44"}
2026-03-29 14:32:21 | INFO     | [QUESTION_ATTEMPT] {"attempt": 17, "max_questions": 300, "question_idx": 566, "uid": "eafc27f3-b809-498f-afe7-cd25b0903a44"}
2026-03-29 14:32:33 | INFO     | [QUESTION_SENT] {"question_idx": 566, "uid": "eafc27f3-b809-498f-afe7-cd25b0903a44"}
2026-03-29 14:32:55 | INFO     | [QUESTION_ATTEMPT] {"attempt": 18, "max_questions": 300, "question_idx": 566, "uid": "eafc27f3-b809-498f-afe7-cd25b0903a44"}
2026-03-29 14:36:09 | INFO     | [QUESTION_SENT] {"question_idx": 567, "uid": "898499c4-e717-4cc9-8696-1eeaf476894d"}
2026-03-29 14:36:35 | INFO     | [QUESTION_ATTEMPT] {"attempt": 19, "max_questions": 300, "question_idx": 567, "uid": "898499c4-e717-4cc9-8696-1eeaf476894d"}
2026-03-29 14:39:42 | INFO     | [QUESTION_SENT] {"question_idx": 567, "uid": "898499c4-e717-4cc9-8696-1eeaf476894d"}
2026-03-29 14:40:12 | INFO     | [QUESTION_ATTEMPT] {"attempt": 20, "max_questions": 300, "question_idx": 567, "uid": "898499c4-e717-4cc9-8696-1eeaf476894d"}
2026-03-29 14:43:15 | INFO     | [QUESTION_SENT] {"question_idx": 568, "uid": "4d61d222-7e0a-4d94-b86e-5a2651f7d5f9"}
2026-03-29 14:43:46 | INFO     | [QUESTION_ATTEMPT] {"attempt": 21, "max_questions": 300, "question_idx": 568, "uid": "4d61d222-7e0a-4d94-b86e-5a2651f7d5f9"}
2026-03-29 14:46:48 | INFO     | [QUESTION_SENT] {"question_idx": 569, "uid": "75a48932-0850-4850-9819-b9763b730563"}
2026-03-29 14:47:18 | INFO     | [QUESTION_ATTEMPT] {"attempt": 22, "max_questions": 300, "question_idx": 569, "uid": "75a48932-0850-4850-9819-b9763b730563"}
2026-03-29 14:50:21 | INFO     | [QUESTION_SENT] {"question_idx": 570, "uid": "73fb50c8-8d27-4924-96ff-bc7a9c230646"}
2026-03-29 14:50:52 | INFO     | [QUESTION_ATTEMPT] {"attempt": 23, "max_questions": 300, "question_idx": 570, "uid": "73fb50c8-8d27-4924-96ff-bc7a9c230646"}
2026-03-29 14:53:54 | INFO     | [QUESTION_SENT] {"question_idx": 571, "uid": "727e5a3d-61b7-4c5e-9d74-06d7be54f11f"}
2026-03-29 14:54:21 | INFO     | [QUESTION_ATTEMPT] {"attempt": 24, "max_questions": 300, "question_idx": 571, "uid": "727e5a3d-61b7-4c5e-9d74-06d7be54f11f"}
2026-03-29 14:57:27 | INFO     | [QUESTION_SENT] {"question_idx": 572, "uid": "936b1cb4-5856-4e7a-98b9-f1c634baa365"}
2026-03-29 14:58:00 | INFO     | [QUESTION_ATTEMPT] {"attempt": 25, "max_questions": 300, "question_idx": 572, "uid": "936b1cb4-5856-4e7a-98b9-f1c634baa365"}
2026-03-29 15:00:59 | INFO     | [QUESTION_SENT] {"question_idx": 573, "uid": "62de0fec-b3d6-4264-8c3a-5ed342cd9fb8"}
2026-03-29 15:01:23 | INFO     | [QUESTION_ATTEMPT] {"attempt": 26, "max_questions": 300, "question_idx": 573, "uid": "62de0fec-b3d6-4264-8c3a-5ed342cd9fb8"}
2026-03-29 15:01:35 | INFO     | [QUESTION_SENT] {"question_idx": 573, "uid": "62de0fec-b3d6-4264-8c3a-5ed342cd9fb8"}
2026-03-29 15:02:29 | INFO     | [BOT_STOP] {"bot_id": 13, "total_questions": 26}
2026-03-29 15:21:44 | INFO     | [BOT_START] {"bot_id": 13, "project": "hypos_norm", "timestamp": "2026-03-29T15:21:44.946440", "log_dir": "/home/dmitrii/Documents/projects/clicker_3.0/logs/bot_13"}
2026-03-29 15:21:50 | INFO     | [RESTART] {"bot_id": 13, "note": "first_start"}
2026-03-29 15:21:50 | INFO     | [FSM_INITIALIZED] {"site": "gpt", "scenario": "web_search", "start_state": "start_question"}
2026-03-29 15:22:46 | INFO     | [QUESTION_SENT] {"question_idx": 1062, "uid": "02c0276c-ecf8-4003-a2c7-dae83cadd573"}
2026-03-29 15:23:21 | INFO     | [QUESTION_ATTEMPT] {"attempt": 1, "max_questions": 300, "question_idx": 1062, "uid": "02c0276c-ecf8-4003-a2c7-dae83cadd573"}
2026-03-29 15:26:19 | INFO     | [QUESTION_SENT] {"question_idx": 1063, "uid": "4134884d-7d34-4b7d-bb54-d5f6c5d5aad4"}
2026-03-29 15:26:49 | INFO     | [QUESTION_ATTEMPT] {"attempt": 2, "max_questions": 300, "question_idx": 1063, "uid": "4134884d-7d34-4b7d-bb54-d5f6c5d5aad4"}
2026-03-29 15:29:52 | INFO     | [QUESTION_SENT] {"question_idx": 1064, "uid": "1a8056a7-0ab6-446f-8943-87fe0feef796"}
2026-03-29 15:30:21 | INFO     | [QUESTION_ATTEMPT] {"attempt": 3, "max_questions": 300, "question_idx": 1064, "uid": "1a8056a7-0ab6-446f-8943-87fe0feef796"}
2026-03-29 15:33:25 | INFO     | [QUESTION_SENT] {"question_idx": 1065, "uid": "7a24df82-d238-4645-bffe-121587c5cee2"}
2026-03-29 15:33:58 | INFO     | [QUESTION_ATTEMPT] {"attempt": 4, "max_questions": 300, "question_idx": 1065, "uid": "7a24df82-d238-4645-bffe-121587c5cee2"}
2026-03-29 15:36:58 | INFO     | [QUESTION_SENT] {"question_idx": 1066, "uid": "994fff28-7bec-40b3-a419-ee6bad2072d1"}
2026-03-29 15:37:34 | INFO     | [QUESTION_ATTEMPT] {"attempt": 5, "max_questions": 300, "question_idx": 1066, "uid": "994fff28-7bec-40b3-a419-ee6bad2072d1"}
2026-03-29 15:40:31 | INFO     | [QUESTION_SENT] {"question_idx": 1067, "uid": "3a77ea4c-8e5b-4853-afc5-a2a229141230"}
2026-03-29 15:41:04 | INFO     | [QUESTION_ATTEMPT] {"attempt": 6, "max_questions": 300, "question_idx": 1067, "uid": "3a77ea4c-8e5b-4853-afc5-a2a229141230"}
2026-03-29 15:44:04 | INFO     | [QUESTION_SENT] {"question_idx": 1068, "uid": "590c5db0-71c9-4bfa-91c3-bc7fbb9ef63c"}
2026-03-29 15:44:35 | INFO     | [QUESTION_ATTEMPT] {"attempt": 7, "max_questions": 300, "question_idx": 1068, "uid": "590c5db0-71c9-4bfa-91c3-bc7fbb9ef63c"}
2026-03-29 15:47:37 | INFO     | [QUESTION_SENT] {"question_idx": 1069, "uid": "42d4b909-28ee-4f7e-a288-485842d8d434"}
2026-03-29 15:48:10 | INFO     | [QUESTION_ATTEMPT] {"attempt": 8, "max_questions": 300, "question_idx": 1069, "uid": "42d4b909-28ee-4f7e-a288-485842d8d434"}
2026-03-29 15:51:09 | INFO     | [QUESTION_SENT] {"question_idx": 1070, "uid": "a72b4423-5636-41dc-b7f4-b75e2ba2acc1"}
2026-03-29 15:51:45 | INFO     | [QUESTION_ATTEMPT] {"attempt": 9, "max_questions": 300, "question_idx": 1070, "uid": "a72b4423-5636-41dc-b7f4-b75e2ba2acc1"}
2026-03-29 15:54:42 | INFO     | [QUESTION_SENT] {"question_idx": 1071, "uid": "edc530bf-5291-4145-97dc-bf45f950caf9"}
2026-03-29 15:55:10 | INFO     | [QUESTION_ATTEMPT] {"attempt": 10, "max_questions": 300, "question_idx": 1071, "uid": "edc530bf-5291-4145-97dc-bf45f950caf9"}
2026-03-29 15:55:22 | INFO     | [QUESTION_SENT] {"question_idx": 1071, "uid": "edc530bf-5291-4145-97dc-bf45f950caf9"}
2026-03-29 15:55:45 | INFO     | [QUESTION_ATTEMPT] {"attempt": 11, "max_questions": 300, "question_idx": 1071, "uid": "edc530bf-5291-4145-97dc-bf45f950caf9"}
2026-03-29 15:58:57 | INFO     | [QUESTION_SENT] {"question_idx": 1072, "uid": "12b64ba3-1404-4c53-999e-4c41f3cf1cb0"}
2026-03-29 15:59:29 | INFO     | [QUESTION_ATTEMPT] {"attempt": 12, "max_questions": 300, "question_idx": 1072, "uid": "12b64ba3-1404-4c53-999e-4c41f3cf1cb0"}
2026-03-29 16:02:30 | INFO     | [QUESTION_SENT] {"question_idx": 1073, "uid": "68dcfecd-e029-4751-9740-371c65524e00"}
2026-03-29 16:02:53 | INFO     | [QUESTION_ATTEMPT] {"attempt": 13, "max_questions": 300, "question_idx": 1073, "uid": "68dcfecd-e029-4751-9740-371c65524e00"}
2026-03-29 16:03:06 | INFO     | [QUESTION_SENT] {"question_idx": 1073, "uid": "68dcfecd-e029-4751-9740-371c65524e00"}
2026-03-29 16:06:41 | INFO     | [QUESTION_SENT] {"question_idx": 1073, "uid": "68dcfecd-e029-4751-9740-371c65524e00"}
2026-03-29 16:07:17 | INFO     | [QUESTION_ATTEMPT] {"attempt": 14, "max_questions": 300, "question_idx": 1073, "uid": "68dcfecd-e029-4751-9740-371c65524e00"}
2026-03-29 16:10:15 | INFO     | [QUESTION_SENT] {"question_idx": 1074, "uid": "0dc76fff-e3e3-48a9-826a-61b66016d30c"}
2026-03-29 16:10:43 | INFO     | [QUESTION_ATTEMPT] {"attempt": 15, "max_questions": 300, "question_idx": 1074, "uid": "0dc76fff-e3e3-48a9-826a-61b66016d30c"}
2026-03-29 16:13:48 | INFO     | [QUESTION_SENT] {"question_idx": 1075, "uid": "23e70203-ea13-473b-8842-ccb0260eb8ed"}
2026-03-29 16:14:12 | INFO     | [QUESTION_ATTEMPT] {"attempt": 16, "max_questions": 300, "question_idx": 1075, "uid": "23e70203-ea13-473b-8842-ccb0260eb8ed"}
2026-03-29 16:17:20 | INFO     | [QUESTION_SENT] {"question_idx": 1075, "uid": "23e70203-ea13-473b-8842-ccb0260eb8ed"}
2026-03-29 16:17:52 | INFO     | [QUESTION_ATTEMPT] {"attempt": 17, "max_questions": 300, "question_idx": 1075, "uid": "23e70203-ea13-473b-8842-ccb0260eb8ed"}
2026-03-29 16:20:53 | INFO     | [QUESTION_SENT] {"question_idx": 1076, "uid": "cb02a969-713e-483e-b085-364fc6e5d9ed"}
2026-03-29 16:24:26 | INFO     | [QUESTION_SENT] {"question_idx": 1076, "uid": "cb02a969-713e-483e-b085-364fc6e5d9ed"}
2026-03-29 16:24:58 | INFO     | [QUESTION_ATTEMPT] {"attempt": 18, "max_questions": 300, "question_idx": 1076, "uid": "cb02a969-713e-483e-b085-364fc6e5d9ed"}
2026-03-29 16:27:59 | INFO     | [QUESTION_SENT] {"question_idx": 1077, "uid": "1a94fe0c-136c-4347-8bd3-a33ac7a2dbe1"}
2026-03-29 16:28:28 | INFO     | [QUESTION_ATTEMPT] {"attempt": 19, "max_questions": 300, "question_idx": 1077, "uid": "1a94fe0c-136c-4347-8bd3-a33ac7a2dbe1"}
2026-03-29 16:28:40 | INFO     | [QUESTION_SENT] {"question_idx": 1077, "uid": "1a94fe0c-136c-4347-8bd3-a33ac7a2dbe1"}
2026-03-29 16:29:02 | INFO     | [QUESTION_ATTEMPT] {"attempt": 20, "max_questions": 300, "question_idx": 1077, "uid": "1a94fe0c-136c-4347-8bd3-a33ac7a2dbe1"}
2026-03-29 16:32:15 | INFO     | [QUESTION_SENT] {"question_idx": 1078, "uid": "d3ac5d23-fe3c-487f-a432-eddc0fbf79f2"}
2026-03-29 16:32:44 | INFO     | [QUESTION_ATTEMPT] {"attempt": 21, "max_questions": 300, "question_idx": 1078, "uid": "d3ac5d23-fe3c-487f-a432-eddc0fbf79f2"}
2026-03-29 16:35:49 | INFO     | [QUESTION_SENT] {"question_idx": 1079, "uid": "75e2a43e-6a89-47fa-ac14-3b98385d74ff"}
2026-03-29 16:36:19 | INFO     | [QUESTION_ATTEMPT] {"attempt": 22, "max_questions": 300, "question_idx": 1079, "uid": "75e2a43e-6a89-47fa-ac14-3b98385d74ff"}
2026-03-29 16:39:21 | INFO     | [QUESTION_SENT] {"question_idx": 1080, "uid": "4fab725b-4b75-4719-b1e1-98e4df131bdd"}
2026-03-29 16:39:47 | INFO     | [QUESTION_ATTEMPT] {"attempt": 23, "max_questions": 300, "question_idx": 1080, "uid": "4fab725b-4b75-4719-b1e1-98e4df131bdd"}
2026-03-29 16:42:54 | INFO     | [QUESTION_SENT] {"question_idx": 1081, "uid": "0efdbc05-c757-4205-b49a-d2004030ce9b"}
2026-03-29 16:43:32 | INFO     | [QUESTION_ATTEMPT] {"attempt": 24, "max_questions": 300, "question_idx": 1081, "uid": "0efdbc05-c757-4205-b49a-d2004030ce9b"}
2026-03-29 16:46:27 | INFO     | [QUESTION_SENT] {"question_idx": 1082, "uid": "9745da8b-654e-405e-abd8-cdfa5817eaab"}
2026-03-29 16:46:56 | INFO     | [QUESTION_ATTEMPT] {"attempt": 25, "max_questions": 300, "question_idx": 1082, "uid": "9745da8b-654e-405e-abd8-cdfa5817eaab"}
2026-03-29 16:47:09 | INFO     | [QUESTION_SENT] {"question_idx": 1082, "uid": "9745da8b-654e-405e-abd8-cdfa5817eaab"}
2026-03-29 16:47:35 | INFO     | [QUESTION_ATTEMPT] {"attempt": 26, "max_questions": 300, "question_idx": 1082, "uid": "9745da8b-654e-405e-abd8-cdfa5817eaab"}
2026-03-29 16:50:44 | INFO     | [QUESTION_SENT] {"question_idx": 1083, "uid": "4fd43156-7dbe-4c2a-ba6e-65a5562b6849"}
2026-03-29 16:51:16 | INFO     | [QUESTION_ATTEMPT] {"attempt": 27, "max_questions": 300, "question_idx": 1083, "uid": "4fd43156-7dbe-4c2a-ba6e-65a5562b6849"}
2026-03-29 16:54:17 | INFO     | [QUESTION_SENT] {"question_idx": 1084, "uid": "5b6f3727-04f2-41a6-b91c-45ef09f1a5ec"}
2026-03-29 16:54:49 | INFO     | [QUESTION_ATTEMPT] {"attempt": 28, "max_questions": 300, "question_idx": 1084, "uid": "5b6f3727-04f2-41a6-b91c-45ef09f1a5ec"}
2026-03-29 16:57:50 | INFO     | [QUESTION_SENT] {"question_idx": 1085, "uid": "b4c76f3d-977f-481c-8048-0d9cb8d74565"}
2026-03-29 16:58:17 | INFO     | [QUESTION_ATTEMPT] {"attempt": 29, "max_questions": 300, "question_idx": 1085, "uid": "b4c76f3d-977f-481c-8048-0d9cb8d74565"}
2026-03-29 17:01:23 | INFO     | [QUESTION_SENT] {"question_idx": 1086, "uid": "d8b683a8-f24a-4e14-badd-cda04e17e9e0"}
2026-03-29 17:01:52 | INFO     | [QUESTION_ATTEMPT] {"attempt": 30, "max_questions": 300, "question_idx": 1086, "uid": "d8b683a8-f24a-4e14-badd-cda04e17e9e0"}
2026-03-29 17:04:56 | INFO     | [QUESTION_SENT] {"question_idx": 1087, "uid": "89084e13-8cd4-484b-917e-a4f89a35cc89"}
2026-03-29 17:05:25 | INFO     | [QUESTION_ATTEMPT] {"attempt": 31, "max_questions": 300, "question_idx": 1087, "uid": "89084e13-8cd4-484b-917e-a4f89a35cc89"}
2026-03-29 17:08:29 | INFO     | [QUESTION_SENT] {"question_idx": 1088, "uid": "bab6f162-4d87-4672-9b71-71b9e290f486"}
2026-03-29 17:09:01 | INFO     | [QUESTION_ATTEMPT] {"attempt": 32, "max_questions": 300, "question_idx": 1088, "uid": "bab6f162-4d87-4672-9b71-71b9e290f486"}
2026-03-29 17:12:02 | INFO     | [QUESTION_SENT] {"question_idx": 1089, "uid": "6a0aea55-289c-4b96-9af8-0dc8cb344b5e"}
2026-03-29 17:12:32 | INFO     | [QUESTION_ATTEMPT] {"attempt": 33, "max_questions": 300, "question_idx": 1089, "uid": "6a0aea55-289c-4b96-9af8-0dc8cb344b5e"}
2026-03-29 17:15:35 | INFO     | [QUESTION_SENT] {"question_idx": 1090, "uid": "a6b62fdd-7ba3-4ca8-bddb-63e72355bb69"}
2026-03-29 17:16:05 | INFO     | [QUESTION_ATTEMPT] {"attempt": 34, "max_questions": 300, "question_idx": 1090, "uid": "a6b62fdd-7ba3-4ca8-bddb-63e72355bb69"}
2026-03-29 17:19:08 | INFO     | [QUESTION_SENT] {"question_idx": 1091, "uid": "b80dbb3d-3eae-4379-9a9e-071eb1cba62c"}
2026-03-29 17:19:41 | INFO     | [QUESTION_ATTEMPT] {"attempt": 35, "max_questions": 300, "question_idx": 1091, "uid": "b80dbb3d-3eae-4379-9a9e-071eb1cba62c"}
2026-03-29 17:22:40 | INFO     | [QUESTION_SENT] {"question_idx": 1092, "uid": "5200a7b9-2191-4546-af86-3c2f53f7a4d6"}
2026-03-29 17:23:11 | INFO     | [QUESTION_ATTEMPT] {"attempt": 36, "max_questions": 300, "question_idx": 1092, "uid": "5200a7b9-2191-4546-af86-3c2f53f7a4d6"}
2026-03-29 17:26:13 | INFO     | [QUESTION_SENT] {"question_idx": 1093, "uid": "16f23f4c-88c3-4294-ba48-f17bca6d0b92"}
2026-03-29 17:26:44 | INFO     | [QUESTION_ATTEMPT] {"attempt": 37, "max_questions": 300, "question_idx": 1093, "uid": "16f23f4c-88c3-4294-ba48-f17bca6d0b92"}
2026-03-29 17:29:46 | INFO     | [QUESTION_SENT] {"question_idx": 1094, "uid": "19d07cd6-3875-4c03-9034-35133a3a0916"}
2026-03-29 17:33:19 | INFO     | [QUESTION_SENT] {"question_idx": 1094, "uid": "19d07cd6-3875-4c03-9034-35133a3a0916"}
2026-03-29 17:33:51 | INFO     | [QUESTION_ATTEMPT] {"attempt": 38, "max_questions": 300, "question_idx": 1094, "uid": "19d07cd6-3875-4c03-9034-35133a3a0916"}
2026-03-29 17:36:52 | INFO     | [QUESTION_SENT] {"question_idx": 1095, "uid": "fb38fde0-cf75-4bee-8b08-08e67d433207"}
2026-03-29 17:37:22 | INFO     | [QUESTION_ATTEMPT] {"attempt": 39, "max_questions": 300, "question_idx": 1095, "uid": "fb38fde0-cf75-4bee-8b08-08e67d433207"}
2026-03-29 17:40:25 | INFO     | [QUESTION_SENT] {"question_idx": 1096, "uid": "0b391ee1-0615-41c9-8f0e-0dfa3d1e2614"}
2026-03-29 17:40:49 | INFO     | [QUESTION_ATTEMPT] {"attempt": 40, "max_questions": 300, "question_idx": 1096, "uid": "0b391ee1-0615-41c9-8f0e-0dfa3d1e2614"}
2026-03-29 17:43:58 | INFO     | [QUESTION_SENT] {"question_idx": 1097, "uid": "6aa5b3a2-29e9-4688-95e8-65354e39f9e6"}
2026-03-29 17:44:29 | INFO     | [QUESTION_ATTEMPT] {"attempt": 41, "max_questions": 300, "question_idx": 1097, "uid": "6aa5b3a2-29e9-4688-95e8-65354e39f9e6"}
2026-03-29 17:47:30 | INFO     | [QUESTION_SENT] {"question_idx": 1098, "uid": "c60e813b-438f-49e1-8d61-03eee574a13b"}
2026-03-29 17:48:02 | INFO     | [QUESTION_ATTEMPT] {"attempt": 42, "max_questions": 300, "question_idx": 1098, "uid": "c60e813b-438f-49e1-8d61-03eee574a13b"}
2026-03-29 17:51:03 | INFO     | [QUESTION_SENT] {"question_idx": 1099, "uid": "97569169-ad83-4902-a6b3-c53384b9e62b"}
2026-03-29 17:51:33 | INFO     | [QUESTION_ATTEMPT] {"attempt": 43, "max_questions": 300, "question_idx": 1099, "uid": "97569169-ad83-4902-a6b3-c53384b9e62b"}
2026-03-29 17:54:36 | INFO     | [QUESTION_SENT] {"question_idx": 1100, "uid": "9ff8b7dd-ad16-4fb7-a6ee-5a59638197ff"}
2026-03-29 17:55:06 | INFO     | [QUESTION_ATTEMPT] {"attempt": 44, "max_questions": 300, "question_idx": 1100, "uid": "9ff8b7dd-ad16-4fb7-a6ee-5a59638197ff"}
2026-03-29 17:55:19 | INFO     | [QUESTION_SENT] {"question_idx": 1100, "uid": "9ff8b7dd-ad16-4fb7-a6ee-5a59638197ff"}
2026-03-29 17:55:39 | INFO     | [QUESTION_ATTEMPT] {"attempt": 45, "max_questions": 300, "question_idx": 1100, "uid": "9ff8b7dd-ad16-4fb7-a6ee-5a59638197ff"}
2026-03-29 17:58:54 | INFO     | [QUESTION_SENT] {"question_idx": 1101, "uid": "11a290d0-d185-422e-951b-a07a23c98690"}
2026-03-29 18:01:32 | INFO     | [BOT_STOP] {"bot_id": 13, "total_questions": 45}
2026-03-29 18:04:58 | INFO     | [BOT_START] {"bot_id": 13, "project": "hypos_norm", "timestamp": "2026-03-29T18:04:58.193829", "log_dir": "/home/dmitrii/Documents/projects/clicker_3.0/logs/bot_13"}
2026-03-29 18:05:04 | INFO     | [RESTART] {"bot_id": 13, "note": "first_start"}
2026-03-29 18:05:04 | INFO     | [FSM_INITIALIZED] {"site": "gpt", "scenario": "web_search", "start_state": "start_question"}
2026-03-29 18:06:09 | INFO     | [QUESTION_SENT] {"question_idx": 1001, "uid": "174a14cd-3ce3-44bf-b415-50c7b788090c"}
2026-03-29 18:06:46 | INFO     | [QUESTION_ATTEMPT] {"attempt": 1, "max_questions": 300, "question_idx": 1001, "uid": "174a14cd-3ce3-44bf-b415-50c7b788090c"}
2026-03-29 18:09:42 | INFO     | [QUESTION_SENT] {"question_idx": 1002, "uid": "77a4d9c2-e5bd-45e0-ba72-5f407b06c218"}
2026-03-29 18:10:13 | INFO     | [QUESTION_ATTEMPT] {"attempt": 2, "max_questions": 300, "question_idx": 1002, "uid": "77a4d9c2-e5bd-45e0-ba72-5f407b06c218"}
2026-03-29 18:13:15 | INFO     | [QUESTION_SENT] {"question_idx": 1002, "uid": "77a4d9c2-e5bd-45e0-ba72-5f407b06c218"}
2026-03-29 18:13:41 | INFO     | [QUESTION_ATTEMPT] {"attempt": 3, "max_questions": 300, "question_idx": 1002, "uid": "77a4d9c2-e5bd-45e0-ba72-5f407b06c218"}
2026-03-29 18:13:53 | INFO     | [QUESTION_SENT] {"question_idx": 1002, "uid": "77a4d9c2-e5bd-45e0-ba72-5f407b06c218"}
2026-03-29 18:14:09 | INFO     | [QUESTION_ATTEMPT] {"attempt": 4, "max_questions": 300, "question_idx": 1002, "uid": "77a4d9c2-e5bd-45e0-ba72-5f407b06c218"}
2026-03-29 18:14:21 | INFO     | [QUESTION_SENT] {"question_idx": 1002, "uid": "77a4d9c2-e5bd-45e0-ba72-5f407b06c218"}
2026-03-29 18:14:37 | INFO     | [QUESTION_ATTEMPT] {"attempt": 5, "max_questions": 300, "question_idx": 1002, "uid": "77a4d9c2-e5bd-45e0-ba72-5f407b06c218"}
2026-03-29 18:14:50 | INFO     | [QUESTION_SENT] {"question_idx": 1002, "uid": "77a4d9c2-e5bd-45e0-ba72-5f407b06c218"}
2026-03-29 18:15:07 | INFO     | [QUESTION_ATTEMPT] {"attempt": 6, "max_questions": 300, "question_idx": 1002, "uid": "77a4d9c2-e5bd-45e0-ba72-5f407b06c218"}
2026-03-29 18:15:20 | INFO     | [QUESTION_SENT] {"question_idx": 1002, "uid": "77a4d9c2-e5bd-45e0-ba72-5f407b06c218"}
2026-03-29 18:18:55 | INFO     | [QUESTION_SENT] {"question_idx": 1002, "uid": "77a4d9c2-e5bd-45e0-ba72-5f407b06c218"}
2026-03-29 18:19:25 | INFO     | [QUESTION_ATTEMPT] {"attempt": 7, "max_questions": 300, "question_idx": 1002, "uid": "77a4d9c2-e5bd-45e0-ba72-5f407b06c218"}
2026-03-29 18:22:28 | INFO     | [QUESTION_SENT] {"question_idx": 1003, "uid": "e189857b-e367-427e-965c-61d5cace6eaa"}
2026-03-29 18:22:51 | INFO     | [QUESTION_ATTEMPT] {"attempt": 8, "max_questions": 300, "question_idx": 1003, "uid": "e189857b-e367-427e-965c-61d5cace6eaa"}
2026-03-29 18:23:04 | INFO     | [QUESTION_SENT] {"question_idx": 1003, "uid": "e189857b-e367-427e-965c-61d5cace6eaa"}
2026-03-29 18:23:25 | INFO     | [QUESTION_ATTEMPT] {"attempt": 9, "max_questions": 300, "question_idx": 1003, "uid": "e189857b-e367-427e-965c-61d5cace6eaa"}
2026-03-29 18:26:39 | INFO     | [QUESTION_SENT] {"question_idx": 1004, "uid": "fc2f1803-6ff8-4ecf-815c-bdf97ee904bb"}
2026-03-29 18:27:12 | INFO     | [QUESTION_ATTEMPT] {"attempt": 10, "max_questions": 300, "question_idx": 1004, "uid": "fc2f1803-6ff8-4ecf-815c-bdf97ee904bb"}
2026-03-29 18:30:12 | INFO     | [QUESTION_SENT] {"question_idx": 1005, "uid": "50f721e6-447b-4fd8-9d04-bfcb3f935f77"}
2026-03-29 18:30:43 | INFO     | [QUESTION_ATTEMPT] {"attempt": 11, "max_questions": 300, "question_idx": 1005, "uid": "50f721e6-447b-4fd8-9d04-bfcb3f935f77"}
2026-03-29 18:30:56 | INFO     | [QUESTION_SENT] {"question_idx": 1005, "uid": "50f721e6-447b-4fd8-9d04-bfcb3f935f77"}
2026-03-29 18:34:31 | INFO     | [QUESTION_SENT] {"question_idx": 1005, "uid": "50f721e6-447b-4fd8-9d04-bfcb3f935f77"}
2026-03-29 18:38:04 | INFO     | [QUESTION_SENT] {"question_idx": 1005, "uid": "50f721e6-447b-4fd8-9d04-bfcb3f935f77"}
2026-03-29 18:38:32 | INFO     | [QUESTION_ATTEMPT] {"attempt": 12, "max_questions": 300, "question_idx": 1005, "uid": "50f721e6-447b-4fd8-9d04-bfcb3f935f77"}
2026-03-29 18:41:37 | INFO     | [QUESTION_SENT] {"question_idx": 1005, "uid": "50f721e6-447b-4fd8-9d04-bfcb3f935f77"}
2026-03-29 18:42:10 | INFO     | [QUESTION_ATTEMPT] {"attempt": 13, "max_questions": 300, "question_idx": 1005, "uid": "50f721e6-447b-4fd8-9d04-bfcb3f935f77"}
2026-03-29 18:45:10 | INFO     | [QUESTION_SENT] {"question_idx": 1006, "uid": "62344490-5ee7-40b2-84ae-a3040ed7f041"}
2026-03-29 18:45:42 | INFO     | [QUESTION_ATTEMPT] {"attempt": 14, "max_questions": 300, "question_idx": 1006, "uid": "62344490-5ee7-40b2-84ae-a3040ed7f041"}
2026-03-29 18:45:54 | INFO     | [QUESTION_SENT] {"question_idx": 1006, "uid": "62344490-5ee7-40b2-84ae-a3040ed7f041"}
2026-03-29 18:49:30 | INFO     | [QUESTION_SENT] {"question_idx": 1006, "uid": "62344490-5ee7-40b2-84ae-a3040ed7f041"}
2026-03-29 18:50:00 | INFO     | [QUESTION_ATTEMPT] {"attempt": 15, "max_questions": 300, "question_idx": 1006, "uid": "62344490-5ee7-40b2-84ae-a3040ed7f041"}
2026-03-29 18:50:13 | INFO     | [QUESTION_SENT] {"question_idx": 1006, "uid": "62344490-5ee7-40b2-84ae-a3040ed7f041"}
2026-03-29 18:50:33 | INFO     | [QUESTION_ATTEMPT] {"attempt": 16, "max_questions": 300, "question_idx": 1006, "uid": "62344490-5ee7-40b2-84ae-a3040ed7f041"}
2026-03-29 18:53:48 | INFO     | [QUESTION_SENT] {"question_idx": 1007, "uid": "ed8ab62c-efc1-4882-92e1-44db2c2e3878"}
2026-03-29 18:54:32 | INFO     | [QUESTION_ATTEMPT] {"attempt": 17, "max_questions": 300, "question_idx": 1007, "uid": "ed8ab62c-efc1-4882-92e1-44db2c2e3878"}
2026-03-29 18:58:35 | INFO     | [QUESTION_SENT] {"question_idx": 1008, "uid": "df636cc9-6670-4a73-9e32-c4f8c2058e72"}
2026-03-29 19:00:56 | INFO     | [QUESTION_SENT] {"question_idx": 1008, "uid": "df636cc9-6670-4a73-9e32-c4f8c2058e72"}
2026-03-29 19:01:45 | INFO     | [QUESTION_ATTEMPT] {"attempt": 18, "max_questions": 300, "question_idx": 1008, "uid": "df636cc9-6670-4a73-9e32-c4f8c2058e72"}
2026-03-29 19:06:33 | INFO     | [QUESTION_SENT] {"question_idx": 1009, "uid": "e1b62e32-6585-47da-ae02-4b9dc88498a0"}
2026-03-29 19:07:26 | INFO     | [QUESTION_ATTEMPT] {"attempt": 19, "max_questions": 300, "question_idx": 1009, "uid": "e1b62e32-6585-47da-ae02-4b9dc88498a0"}
2026-03-29 19:10:39 | INFO     | [QUESTION_SENT] {"question_idx": 1010, "uid": "8e5a39d9-7c34-4c84-8fa6-34b08e1fdd1b"}
2026-03-29 19:14:12 | INFO     | [QUESTION_SENT] {"question_idx": 1010, "uid": "8e5a39d9-7c34-4c84-8fa6-34b08e1fdd1b"}
2026-03-29 19:21:07 | INFO     | [QUESTION_SENT] {"question_idx": 1010, "uid": "8e5a39d9-7c34-4c84-8fa6-34b08e1fdd1b"}
2026-03-29 19:22:05 | INFO     | [QUESTION_ATTEMPT] {"attempt": 20, "max_questions": 300, "question_idx": 1010, "uid": "8e5a39d9-7c34-4c84-8fa6-34b08e1fdd1b"}
2026-03-29 19:25:24 | INFO     | [QUESTION_SENT] {"question_idx": 1011, "uid": "ac5927af-508f-4388-a011-a2a462a55007"}
2026-03-29 19:37:17 | INFO     | [QUESTION_SENT] {"question_idx": 1011, "uid": "ac5927af-508f-4388-a011-a2a462a55007"}
2026-03-29 19:38:09 | INFO     | [QUESTION_ATTEMPT] {"attempt": 21, "max_questions": 300, "question_idx": 1011, "uid": "ac5927af-508f-4388-a011-a2a462a55007"}
2026-03-29 19:40:50 | INFO     | [QUESTION_SENT] {"question_idx": 1012, "uid": "9fca1ca5-bd03-4cbe-844a-ef54ef86e2f7"}
2026-03-29 19:47:44 | INFO     | [QUESTION_SENT] {"question_idx": 1012, "uid": "9fca1ca5-bd03-4cbe-844a-ef54ef86e2f7"}
2026-03-29 19:48:36 | INFO     | [QUESTION_ATTEMPT] {"attempt": 22, "max_questions": 300, "question_idx": 1012, "uid": "9fca1ca5-bd03-4cbe-844a-ef54ef86e2f7"}
2026-03-29 19:55:50 | INFO     | [QUESTION_SENT] {"question_idx": 1013, "uid": "1f2ed11f-4002-4b49-8098-47d8de21ba5c"}
2026-03-29 19:56:46 | INFO     | [QUESTION_ATTEMPT] {"attempt": 23, "max_questions": 300, "question_idx": 1013, "uid": "1f2ed11f-4002-4b49-8098-47d8de21ba5c"}
2026-03-29 20:01:32 | INFO     | [QUESTION_SENT] {"question_idx": 1014, "uid": "066376ac-5399-43b5-bc9a-d21a19855586"}
2026-03-29 20:02:29 | INFO     | [QUESTION_ATTEMPT] {"attempt": 24, "max_questions": 300, "question_idx": 1014, "uid": "066376ac-5399-43b5-bc9a-d21a19855586"}
2026-03-29 20:05:05 | INFO     | [QUESTION_SENT] {"question_idx": 1014, "uid": "066376ac-5399-43b5-bc9a-d21a19855586"}
2026-03-29 20:07:26 | INFO     | [QUESTION_SENT] {"question_idx": 1014, "uid": "066376ac-5399-43b5-bc9a-d21a19855586"}
2026-03-29 20:08:33 | INFO     | [QUESTION_ATTEMPT] {"attempt": 25, "max_questions": 300, "question_idx": 1014, "uid": "066376ac-5399-43b5-bc9a-d21a19855586"}
2026-03-29 20:08:45 | INFO     | [QUESTION_SENT] {"question_idx": 1014, "uid": "066376ac-5399-43b5-bc9a-d21a19855586"}
2026-03-29 20:16:34 | INFO     | [QUESTION_SENT] {"question_idx": 1014, "uid": "066376ac-5399-43b5-bc9a-d21a19855586"}
2026-03-29 20:17:39 | INFO     | [QUESTION_ATTEMPT] {"attempt": 26, "max_questions": 300, "question_idx": 1014, "uid": "066376ac-5399-43b5-bc9a-d21a19855586"}
2026-03-29 20:20:07 | INFO     | [QUESTION_SENT] {"question_idx": 1015, "uid": "29b473a1-2578-4c15-aba7-7f2a3f0db6e0"}
2026-03-29 20:20:35 | INFO     | [QUESTION_ATTEMPT] {"attempt": 27, "max_questions": 300, "question_idx": 1015, "uid": "29b473a1-2578-4c15-aba7-7f2a3f0db6e0"}
2026-03-29 20:23:40 | INFO     | [QUESTION_SENT] {"question_idx": 1016, "uid": "36b6d45a-3abd-4069-9d96-adfed9580bf9"}
2026-03-29 20:24:07 | INFO     | [QUESTION_ATTEMPT] {"attempt": 28, "max_questions": 300, "question_idx": 1016, "uid": "36b6d45a-3abd-4069-9d96-adfed9580bf9"}
2026-03-29 20:27:13 | INFO     | [QUESTION_SENT] {"question_idx": 1017, "uid": "0bfd458b-c877-4321-a9f9-dd487e334da9"}
2026-03-29 20:27:41 | INFO     | [QUESTION_ATTEMPT] {"attempt": 29, "max_questions": 300, "question_idx": 1017, "uid": "0bfd458b-c877-4321-a9f9-dd487e334da9"}
2026-03-29 20:30:46 | INFO     | [QUESTION_SENT] {"question_idx": 1018, "uid": "b872fffd-0b00-44a6-b6de-9fe79964a4fb"}
2026-03-29 20:31:14 | INFO     | [QUESTION_ATTEMPT] {"attempt": 30, "max_questions": 300, "question_idx": 1018, "uid": "b872fffd-0b00-44a6-b6de-9fe79964a4fb"}
2026-03-29 20:34:19 | INFO     | [QUESTION_SENT] {"question_idx": 1019, "uid": "f1a3119b-9e92-48a1-9293-d2e91636b389"}
2026-03-29 20:34:49 | INFO     | [QUESTION_ATTEMPT] {"attempt": 31, "max_questions": 300, "question_idx": 1019, "uid": "f1a3119b-9e92-48a1-9293-d2e91636b389"}
2026-03-29 20:37:52 | INFO     | [QUESTION_SENT] {"question_idx": 1020, "uid": "3a765a4a-5dde-4d97-a43a-3d504ee80750"}
2026-03-29 20:38:18 | INFO     | [QUESTION_ATTEMPT] {"attempt": 32, "max_questions": 300, "question_idx": 1020, "uid": "3a765a4a-5dde-4d97-a43a-3d504ee80750"}
2026-03-29 20:38:30 | INFO     | [QUESTION_SENT] {"question_idx": 1020, "uid": "3a765a4a-5dde-4d97-a43a-3d504ee80750"}
2026-03-29 20:38:53 | INFO     | [QUESTION_ATTEMPT] {"attempt": 33, "max_questions": 300, "question_idx": 1020, "uid": "3a765a4a-5dde-4d97-a43a-3d504ee80750"}
2026-03-29 20:42:05 | INFO     | [QUESTION_SENT] {"question_idx": 1021, "uid": "5f237744-e99d-4242-b66e-4a252cf0e902"}
2026-03-29 20:42:34 | INFO     | [QUESTION_ATTEMPT] {"attempt": 34, "max_questions": 300, "question_idx": 1021, "uid": "5f237744-e99d-4242-b66e-4a252cf0e902"}
2026-03-29 20:45:38 | INFO     | [QUESTION_SENT] {"question_idx": 1022, "uid": "f64325c1-a56d-444a-9ed0-e5cdcd46a95e"}
2026-03-29 20:46:07 | INFO     | [QUESTION_ATTEMPT] {"attempt": 35, "max_questions": 300, "question_idx": 1022, "uid": "f64325c1-a56d-444a-9ed0-e5cdcd46a95e"}
2026-03-29 20:49:24 | INFO     | [QUESTION_SENT] {"question_idx": 1023, "uid": "bf6f3bdd-b798-4c2f-9d69-2a764ed4ef16"}
2026-03-29 20:49:54 | INFO     | [QUESTION_ATTEMPT] {"attempt": 36, "max_questions": 300, "question_idx": 1023, "uid": "bf6f3bdd-b798-4c2f-9d69-2a764ed4ef16"}
2026-03-29 20:52:57 | INFO     | [QUESTION_SENT] {"question_idx": 1024, "uid": "008aac2d-134e-437e-9989-cca028477fdb"}
2026-03-29 20:53:27 | INFO     | [QUESTION_ATTEMPT] {"attempt": 37, "max_questions": 300, "question_idx": 1024, "uid": "008aac2d-134e-437e-9989-cca028477fdb"}
2026-03-29 20:56:30 | INFO     | [QUESTION_SENT] {"question_idx": 1025, "uid": "f1e6a4ce-b293-49fa-8261-4619847c3c54"}
2026-03-29 20:57:01 | INFO     | [QUESTION_ATTEMPT] {"attempt": 38, "max_questions": 300, "question_idx": 1025, "uid": "f1e6a4ce-b293-49fa-8261-4619847c3c54"}
2026-03-29 21:00:03 | INFO     | [QUESTION_SENT] {"question_idx": 1026, "uid": "8d5a07b3-0e2d-4d9e-a7a8-affdc2df9891"}
2026-03-29 21:00:34 | INFO     | [QUESTION_ATTEMPT] {"attempt": 39, "max_questions": 300, "question_idx": 1026, "uid": "8d5a07b3-0e2d-4d9e-a7a8-affdc2df9891"}
2026-03-29 21:03:35 | INFO     | [QUESTION_SENT] {"question_idx": 1027, "uid": "8c4077db-7689-41b8-96c4-1967b281a105"}
2026-03-29 21:04:03 | INFO     | [QUESTION_ATTEMPT] {"attempt": 40, "max_questions": 300, "question_idx": 1027, "uid": "8c4077db-7689-41b8-96c4-1967b281a105"}
2026-03-29 21:07:08 | INFO     | [QUESTION_SENT] {"question_idx": 1028, "uid": "c04326fa-8b8e-434c-82d7-4aa5bed6f7b5"}
2026-03-29 21:07:42 | INFO     | [QUESTION_ATTEMPT] {"attempt": 41, "max_questions": 300, "question_idx": 1028, "uid": "c04326fa-8b8e-434c-82d7-4aa5bed6f7b5"}
2026-03-29 21:07:54 | INFO     | [QUESTION_SENT] {"question_idx": 1028, "uid": "c04326fa-8b8e-434c-82d7-4aa5bed6f7b5"}
2026-03-29 21:08:16 | INFO     | [QUESTION_ATTEMPT] {"attempt": 42, "max_questions": 300, "question_idx": 1028, "uid": "c04326fa-8b8e-434c-82d7-4aa5bed6f7b5"}
2026-03-29 21:11:29 | INFO     | [QUESTION_SENT] {"question_idx": 1029, "uid": "23ca4675-84a9-4fe6-975f-8340cb401074"}
2026-03-29 21:11:57 | INFO     | [QUESTION_ATTEMPT] {"attempt": 43, "max_questions": 300, "question_idx": 1029, "uid": "23ca4675-84a9-4fe6-975f-8340cb401074"}
2026-03-29 21:15:02 | INFO     | [QUESTION_SENT] {"question_idx": 1030, "uid": "eb3ccac0-3a93-45ef-a2ca-4144d3759732"}
2026-03-29 21:15:34 | INFO     | [QUESTION_ATTEMPT] {"attempt": 44, "max_questions": 300, "question_idx": 1030, "uid": "eb3ccac0-3a93-45ef-a2ca-4144d3759732"}
2026-03-29 21:18:35 | INFO     | [QUESTION_SENT] {"question_idx": 1031, "uid": "a1ba985d-0c0e-4d34-bafb-2c7ef1467b77"}
2026-03-29 21:19:13 | INFO     | [QUESTION_ATTEMPT] {"attempt": 45, "max_questions": 300, "question_idx": 1031, "uid": "a1ba985d-0c0e-4d34-bafb-2c7ef1467b77"}
2026-03-29 21:22:08 | INFO     | [QUESTION_SENT] {"question_idx": 1032, "uid": "fbacf5fd-a52b-404f-9c6c-988a253185ed"}
2026-03-29 21:22:40 | INFO     | [QUESTION_ATTEMPT] {"attempt": 46, "max_questions": 300, "question_idx": 1032, "uid": "fbacf5fd-a52b-404f-9c6c-988a253185ed"}
2026-03-29 21:25:41 | INFO     | [QUESTION_SENT] {"question_idx": 1033, "uid": "f8d4d100-8ea2-49a3-994b-da3b85ad7476"}
2026-03-29 21:26:18 | INFO     | [QUESTION_ATTEMPT] {"attempt": 47, "max_questions": 300, "question_idx": 1033, "uid": "f8d4d100-8ea2-49a3-994b-da3b85ad7476"}
2026-03-29 21:29:14 | INFO     | [QUESTION_SENT] {"question_idx": 1034, "uid": "3662c8c1-bcab-46c1-915b-6693b502d859"}
2026-03-29 21:29:39 | INFO     | [QUESTION_ATTEMPT] {"attempt": 48, "max_questions": 300, "question_idx": 1034, "uid": "3662c8c1-bcab-46c1-915b-6693b502d859"}
2026-03-29 21:32:47 | INFO     | [QUESTION_SENT] {"question_idx": 1035, "uid": "84189f45-d546-4d8e-8f10-ce70daf1db65"}
2026-03-29 21:33:29 | INFO     | [QUESTION_ATTEMPT] {"attempt": 49, "max_questions": 300, "question_idx": 1035, "uid": "84189f45-d546-4d8e-8f10-ce70daf1db65"}
2026-03-29 21:36:20 | INFO     | [QUESTION_SENT] {"question_idx": 1036, "uid": "2510dd7b-6f98-4334-a636-0843f7fc68e3"}
2026-03-29 21:36:43 | INFO     | [QUESTION_ATTEMPT] {"attempt": 50, "max_questions": 300, "question_idx": 1036, "uid": "2510dd7b-6f98-4334-a636-0843f7fc68e3"}
2026-03-29 21:36:55 | INFO     | [QUESTION_SENT] {"question_idx": 1036, "uid": "2510dd7b-6f98-4334-a636-0843f7fc68e3"}
2026-03-29 21:40:31 | INFO     | [QUESTION_SENT] {"question_idx": 1036, "uid": "2510dd7b-6f98-4334-a636-0843f7fc68e3"}
2026-03-29 21:41:05 | INFO     | [QUESTION_ATTEMPT] {"attempt": 51, "max_questions": 300, "question_idx": 1036, "uid": "2510dd7b-6f98-4334-a636-0843f7fc68e3"}
2026-03-29 21:44:04 | INFO     | [QUESTION_SENT] {"question_idx": 1037, "uid": "fcf7bd6f-c27c-4034-909f-3d74ec25143f"}
2026-03-29 21:44:34 | INFO     | [QUESTION_ATTEMPT] {"attempt": 52, "max_questions": 300, "question_idx": 1037, "uid": "fcf7bd6f-c27c-4034-909f-3d74ec25143f"}
2026-03-29 21:47:37 | INFO     | [QUESTION_SENT] {"question_idx": 1038, "uid": "6580a4b5-bd52-4672-9d2a-7ec721c41c95"}
2026-03-29 21:51:10 | INFO     | [QUESTION_SENT] {"question_idx": 1038, "uid": "6580a4b5-bd52-4672-9d2a-7ec721c41c95"}
2026-03-29 21:51:40 | INFO     | [QUESTION_ATTEMPT] {"attempt": 53, "max_questions": 300, "question_idx": 1038, "uid": "6580a4b5-bd52-4672-9d2a-7ec721c41c95"}
2026-03-29 21:54:43 | INFO     | [QUESTION_SENT] {"question_idx": 1039, "uid": "60b800d2-8542-4f2d-a81a-471bfcde24fc"}
2026-03-29 21:55:10 | INFO     | [QUESTION_ATTEMPT] {"attempt": 54, "max_questions": 300, "question_idx": 1039, "uid": "60b800d2-8542-4f2d-a81a-471bfcde24fc"}
2026-03-29 21:58:16 | INFO     | [QUESTION_SENT] {"question_idx": 1040, "uid": "1de375ec-b0b7-4bea-8498-81e44fea26aa"}
2026-03-29 21:58:48 | INFO     | [QUESTION_ATTEMPT] {"attempt": 55, "max_questions": 300, "question_idx": 1040, "uid": "1de375ec-b0b7-4bea-8498-81e44fea26aa"}
2026-03-29 22:01:49 | INFO     | [QUESTION_SENT] {"question_idx": 1041, "uid": "11b3ef3a-efc8-46ac-9448-1ec6bf9438e5"}
2026-03-29 22:02:18 | INFO     | [QUESTION_ATTEMPT] {"attempt": 56, "max_questions": 300, "question_idx": 1041, "uid": "11b3ef3a-efc8-46ac-9448-1ec6bf9438e5"}
2026-03-29 22:05:22 | INFO     | [QUESTION_SENT] {"question_idx": 1042, "uid": "7c3b28e2-9eba-4f66-b555-f25b8d156cf6"}
2026-03-29 22:05:52 | INFO     | [QUESTION_ATTEMPT] {"attempt": 57, "max_questions": 300, "question_idx": 1042, "uid": "7c3b28e2-9eba-4f66-b555-f25b8d156cf6"}
2026-03-29 22:08:55 | INFO     | [QUESTION_SENT] {"question_idx": 1043, "uid": "c84e8f7a-bf18-4e95-98fc-980fda67c241"}
2026-03-29 22:09:26 | INFO     | [QUESTION_ATTEMPT] {"attempt": 58, "max_questions": 300, "question_idx": 1043, "uid": "c84e8f7a-bf18-4e95-98fc-980fda67c241"}
2026-03-29 22:12:28 | INFO     | [QUESTION_SENT] {"question_idx": 1044, "uid": "ad119311-8700-4699-bbef-7d4855239fd7"}
2026-03-29 22:12:56 | INFO     | [QUESTION_ATTEMPT] {"attempt": 59, "max_questions": 300, "question_idx": 1044, "uid": "ad119311-8700-4699-bbef-7d4855239fd7"}
2026-03-29 22:16:01 | INFO     | [QUESTION_SENT] {"question_idx": 1045, "uid": "4907869b-b7c4-49ea-9282-99b0870cc95c"}
2026-03-29 22:16:25 | INFO     | [QUESTION_ATTEMPT] {"attempt": 60, "max_questions": 300, "question_idx": 1045, "uid": "4907869b-b7c4-49ea-9282-99b0870cc95c"}
2026-03-29 22:16:37 | INFO     | [QUESTION_SENT] {"question_idx": 1045, "uid": "4907869b-b7c4-49ea-9282-99b0870cc95c"}
2026-03-29 22:17:00 | INFO     | [QUESTION_ATTEMPT] {"attempt": 61, "max_questions": 300, "question_idx": 1045, "uid": "4907869b-b7c4-49ea-9282-99b0870cc95c"}
2026-03-29 22:20:13 | INFO     | [QUESTION_SENT] {"question_idx": 1046, "uid": "521dbe08-4065-4ea3-bb3f-dfc8057424e2"}
2026-03-29 22:20:41 | INFO     | [QUESTION_ATTEMPT] {"attempt": 62, "max_questions": 300, "question_idx": 1046, "uid": "521dbe08-4065-4ea3-bb3f-dfc8057424e2"}
2026-03-29 22:23:46 | INFO     | [QUESTION_SENT] {"question_idx": 1047, "uid": "9397bfea-685e-4010-8907-ec83894a706f"}
2026-03-29 22:24:20 | INFO     | [QUESTION_ATTEMPT] {"attempt": 63, "max_questions": 300, "question_idx": 1047, "uid": "9397bfea-685e-4010-8907-ec83894a706f"}
2026-03-29 22:24:33 | INFO     | [QUESTION_SENT] {"question_idx": 1047, "uid": "9397bfea-685e-4010-8907-ec83894a706f"}
2026-03-29 22:24:54 | INFO     | [QUESTION_ATTEMPT] {"attempt": 64, "max_questions": 300, "question_idx": 1047, "uid": "9397bfea-685e-4010-8907-ec83894a706f"}
2026-03-29 22:25:07 | INFO     | [QUESTION_SENT] {"question_idx": 1047, "uid": "9397bfea-685e-4010-8907-ec83894a706f"}
2026-03-29 22:25:32 | INFO     | [QUESTION_ATTEMPT] {"attempt": 65, "max_questions": 300, "question_idx": 1047, "uid": "9397bfea-685e-4010-8907-ec83894a706f"}
2026-03-29 22:25:45 | INFO     | [QUESTION_SENT] {"question_idx": 1047, "uid": "9397bfea-685e-4010-8907-ec83894a706f"}
2026-03-29 22:26:07 | INFO     | [QUESTION_ATTEMPT] {"attempt": 66, "max_questions": 300, "question_idx": 1047, "uid": "9397bfea-685e-4010-8907-ec83894a706f"}
2026-03-29 22:29:20 | INFO     | [QUESTION_SENT] {"question_idx": 1048, "uid": "1fe8d670-03e3-4e91-9970-eceade21f5d6"}
2026-03-29 22:29:48 | INFO     | [QUESTION_ATTEMPT] {"attempt": 67, "max_questions": 300, "question_idx": 1048, "uid": "1fe8d670-03e3-4e91-9970-eceade21f5d6"}
2026-03-29 22:30:00 | INFO     | [QUESTION_SENT] {"question_idx": 1048, "uid": "1fe8d670-03e3-4e91-9970-eceade21f5d6"}
2026-03-29 22:30:19 | INFO     | [QUESTION_ATTEMPT] {"attempt": 68, "max_questions": 300, "question_idx": 1048, "uid": "1fe8d670-03e3-4e91-9970-eceade21f5d6"}
2026-03-29 22:33:36 | INFO     | [QUESTION_SENT] {"question_idx": 1049, "uid": "1ada6718-d81d-4dd8-9eb6-05ef8b0c7612"}
2026-03-29 22:34:00 | INFO     | [QUESTION_ATTEMPT] {"attempt": 69, "max_questions": 300, "question_idx": 1049, "uid": "1ada6718-d81d-4dd8-9eb6-05ef8b0c7612"}
2026-03-29 22:34:13 | INFO     | [QUESTION_SENT] {"question_idx": 1049, "uid": "1ada6718-d81d-4dd8-9eb6-05ef8b0c7612"}
2026-03-29 22:34:36 | INFO     | [QUESTION_ATTEMPT] {"attempt": 70, "max_questions": 300, "question_idx": 1049, "uid": "1ada6718-d81d-4dd8-9eb6-05ef8b0c7612"}
2026-03-29 22:37:48 | INFO     | [QUESTION_SENT] {"question_idx": 1050, "uid": "88d655cf-8842-4680-8bbb-127285b2b329"}
2026-03-29 22:38:14 | INFO     | [QUESTION_ATTEMPT] {"attempt": 71, "max_questions": 300, "question_idx": 1050, "uid": "88d655cf-8842-4680-8bbb-127285b2b329"}
2026-03-29 22:41:21 | INFO     | [QUESTION_SENT] {"question_idx": 1051, "uid": "ac930a42-da89-400f-ba56-212d31fedf16"}
2026-03-29 22:41:55 | INFO     | [QUESTION_ATTEMPT] {"attempt": 72, "max_questions": 300, "question_idx": 1051, "uid": "ac930a42-da89-400f-ba56-212d31fedf16"}
2026-03-29 22:44:54 | INFO     | [QUESTION_SENT] {"question_idx": 1052, "uid": "a0729982-bb6c-43a9-983e-0f69ac8b1b76"}
2026-03-29 22:45:24 | INFO     | [QUESTION_ATTEMPT] {"attempt": 73, "max_questions": 300, "question_idx": 1052, "uid": "a0729982-bb6c-43a9-983e-0f69ac8b1b76"}
2026-03-29 22:45:37 | INFO     | [QUESTION_SENT] {"question_idx": 1052, "uid": "a0729982-bb6c-43a9-983e-0f69ac8b1b76"}
2026-03-29 22:45:56 | INFO     | [QUESTION_ATTEMPT] {"attempt": 74, "max_questions": 300, "question_idx": 1052, "uid": "a0729982-bb6c-43a9-983e-0f69ac8b1b76"}
2026-03-29 22:49:12 | INFO     | [QUESTION_SENT] {"question_idx": 1053, "uid": "bb033917-143d-4c12-9ff6-263531fd47d0"}
2026-03-29 22:49:44 | INFO     | [QUESTION_ATTEMPT] {"attempt": 75, "max_questions": 300, "question_idx": 1053, "uid": "bb033917-143d-4c12-9ff6-263531fd47d0"}
2026-03-29 22:52:45 | INFO     | [QUESTION_SENT] {"question_idx": 1054, "uid": "152abfe6-d62b-4d35-bf59-7ace24bbf558"}
2026-03-29 22:53:15 | INFO     | [QUESTION_ATTEMPT] {"attempt": 76, "max_questions": 300, "question_idx": 1054, "uid": "152abfe6-d62b-4d35-bf59-7ace24bbf558"}
2026-03-29 22:56:18 | INFO     | [QUESTION_SENT] {"question_idx": 1055, "uid": "1a960fd1-9f5e-4cf8-99f4-901e7c521bf2"}
2026-03-29 22:56:50 | INFO     | [QUESTION_ATTEMPT] {"attempt": 77, "max_questions": 300, "question_idx": 1055, "uid": "1a960fd1-9f5e-4cf8-99f4-901e7c521bf2"}
2026-03-29 22:59:51 | INFO     | [QUESTION_SENT] {"question_idx": 1056, "uid": "feb2ccc3-8bb0-46ae-a360-17881dc79db3"}
2026-03-29 23:00:25 | INFO     | [QUESTION_ATTEMPT] {"attempt": 78, "max_questions": 300, "question_idx": 1056, "uid": "feb2ccc3-8bb0-46ae-a360-17881dc79db3"}
2026-03-29 23:03:24 | INFO     | [QUESTION_SENT] {"question_idx": 1057, "uid": "2a62262c-0d3c-4fbf-85c4-e624583a041e"}
2026-03-29 23:03:57 | INFO     | [QUESTION_ATTEMPT] {"attempt": 79, "max_questions": 300, "question_idx": 1057, "uid": "2a62262c-0d3c-4fbf-85c4-e624583a041e"}
2026-03-29 23:06:57 | INFO     | [QUESTION_SENT] {"question_idx": 1058, "uid": "b3b0a842-1f5d-4e1d-882c-b4fd6ba2d9d4"}
2026-03-29 23:07:27 | INFO     | [QUESTION_ATTEMPT] {"attempt": 80, "max_questions": 300, "question_idx": 1058, "uid": "b3b0a842-1f5d-4e1d-882c-b4fd6ba2d9d4"}
2026-03-29 23:10:30 | INFO     | [QUESTION_SENT] {"question_idx": 1059, "uid": "d8814d76-2102-453c-b612-94c659f848ad"}
2026-03-29 23:11:01 | INFO     | [QUESTION_ATTEMPT] {"attempt": 81, "max_questions": 300, "question_idx": 1059, "uid": "d8814d76-2102-453c-b612-94c659f848ad"}
2026-03-29 23:14:03 | INFO     | [QUESTION_SENT] {"question_idx": 1060, "uid": "737c2c3a-32e2-4848-b262-be6b2a28546e"}
2026-03-29 23:14:33 | INFO     | [QUESTION_ATTEMPT] {"attempt": 82, "max_questions": 300, "question_idx": 1060, "uid": "737c2c3a-32e2-4848-b262-be6b2a28546e"}
2026-03-29 23:17:35 | INFO     | [QUESTION_SENT] {"question_idx": 1061, "uid": "3b9b18d7-0e48-4c3a-bf49-67d8b9dd5455"}
2026-03-29 23:18:16 | INFO     | [QUESTION_ATTEMPT] {"attempt": 83, "max_questions": 300, "question_idx": 1061, "uid": "3b9b18d7-0e48-4c3a-bf49-67d8b9dd5455"}
2026-03-29 23:18:17 | INFO     | [BOT_STOP] {"bot_id": 13, "total_questions": 83}
2026-03-29 23:19:44 | INFO     | [BOT_START] {"bot_id": 13, "project": "hypos_norm", "timestamp": "2026-03-29T23:19:44.751406", "log_dir": "/home/dmitrii/Documents/projects/clicker_3.0/logs/bot_13"}
2026-03-29 23:19:50 | INFO     | [RESTART] {"bot_id": 13, "note": "first_start"}
2026-03-29 23:19:50 | INFO     | [FSM_INITIALIZED] {"site": "gpt", "scenario": "web_search", "start_state": "start_question"}
2026-03-29 23:20:28 | INFO     | [QUESTION_SENT] {"question_idx": 1101, "uid": "11a290d0-d185-422e-951b-a07a23c98690"}
2026-03-29 23:28:05 | INFO     | [QUESTION_SENT] {"question_idx": 1101, "uid": "11a290d0-d185-422e-951b-a07a23c98690"}
2026-03-29 23:28:36 | INFO     | [QUESTION_ATTEMPT] {"attempt": 1, "max_questions": 300, "question_idx": 1101, "uid": "11a290d0-d185-422e-951b-a07a23c98690"}
2026-03-29 23:31:38 | INFO     | [QUESTION_SENT] {"question_idx": 1102, "uid": "c7ed1f7a-0b9d-461f-a26b-aece7f0234de"}
2026-03-29 23:32:09 | INFO     | [QUESTION_ATTEMPT] {"attempt": 2, "max_questions": 300, "question_idx": 1102, "uid": "c7ed1f7a-0b9d-461f-a26b-aece7f0234de"}
2026-03-29 23:35:11 | INFO     | [QUESTION_SENT] {"question_idx": 1103, "uid": "a8ee394c-1665-4b98-9933-971e304e9f01"}
2026-03-29 23:35:42 | INFO     | [QUESTION_ATTEMPT] {"attempt": 3, "max_questions": 300, "question_idx": 1103, "uid": "a8ee394c-1665-4b98-9933-971e304e9f01"}
2026-03-29 23:38:44 | INFO     | [QUESTION_SENT] {"question_idx": 1104, "uid": "38041307-5c94-4f60-bb0c-d2881a5005b3"}
2026-03-29 23:39:17 | INFO     | [QUESTION_ATTEMPT] {"attempt": 4, "max_questions": 300, "question_idx": 1104, "uid": "38041307-5c94-4f60-bb0c-d2881a5005b3"}
2026-03-29 23:42:17 | INFO     | [QUESTION_SENT] {"question_idx": 1105, "uid": "f8c5123e-9574-45ed-813e-63f652d8d2b1"}
2026-03-29 23:42:49 | INFO     | [QUESTION_ATTEMPT] {"attempt": 5, "max_questions": 300, "question_idx": 1105, "uid": "f8c5123e-9574-45ed-813e-63f652d8d2b1"}
2026-03-29 23:45:50 | INFO     | [QUESTION_SENT] {"question_idx": 1106, "uid": "044ffadd-3d4b-47bd-b207-03e7bd57fafe"}
2026-03-29 23:46:19 | INFO     | [QUESTION_ATTEMPT] {"attempt": 6, "max_questions": 300, "question_idx": 1106, "uid": "044ffadd-3d4b-47bd-b207-03e7bd57fafe"}
2026-03-29 23:49:23 | INFO     | [QUESTION_SENT] {"question_idx": 1107, "uid": "99e12b95-c8cd-41d2-a91b-9daeefea3aef"}
2026-03-29 23:49:52 | INFO     | [QUESTION_ATTEMPT] {"attempt": 7, "max_questions": 300, "question_idx": 1107, "uid": "99e12b95-c8cd-41d2-a91b-9daeefea3aef"}
2026-03-29 23:52:56 | INFO     | [QUESTION_SENT] {"question_idx": 1108, "uid": "8410a392-456a-4676-ae7d-4fdf5fdca33b"}
2026-03-29 23:53:25 | INFO     | [QUESTION_ATTEMPT] {"attempt": 8, "max_questions": 300, "question_idx": 1108, "uid": "8410a392-456a-4676-ae7d-4fdf5fdca33b"}
2026-03-29 23:56:29 | INFO     | [QUESTION_SENT] {"question_idx": 1109, "uid": "098436b8-d97c-46f0-b157-6534efc3ca8b"}
2026-03-29 23:56:55 | INFO     | [QUESTION_ATTEMPT] {"attempt": 9, "max_questions": 300, "question_idx": 1109, "uid": "098436b8-d97c-46f0-b157-6534efc3ca8b"}
2026-03-29 23:57:08 | INFO     | [QUESTION_SENT] {"question_idx": 1109, "uid": "098436b8-d97c-46f0-b157-6534efc3ca8b"}
2026-03-29 23:57:25 | INFO     | [QUESTION_ATTEMPT] {"attempt": 10, "max_questions": 300, "question_idx": 1109, "uid": "098436b8-d97c-46f0-b157-6534efc3ca8b"}
2026-03-29 23:59:58 | INFO     | [QUESTION_SENT] {"question_idx": 1109, "uid": "098436b8-d97c-46f0-b157-6534efc3ca8b"}
2026-03-30 00:00:25 | INFO     | [QUESTION_ATTEMPT] {"attempt": 11, "max_questions": 300, "question_idx": 1109, "uid": "098436b8-d97c-46f0-b157-6534efc3ca8b"}
2026-03-30 00:03:31 | INFO     | [QUESTION_SENT] {"question_idx": 1110, "uid": "b8f11afa-8bd0-4957-b3de-f06f0d311438"}
2026-03-30 00:04:03 | INFO     | [QUESTION_ATTEMPT] {"attempt": 12, "max_questions": 300, "question_idx": 1110, "uid": "b8f11afa-8bd0-4957-b3de-f06f0d311438"}
2026-03-30 00:07:04 | INFO     | [QUESTION_SENT] {"question_idx": 1111, "uid": "fd0686b6-efcd-4690-9a7f-e8c1f97420cf"}
2026-03-30 00:07:42 | INFO     | [QUESTION_ATTEMPT] {"attempt": 13, "max_questions": 300, "question_idx": 1111, "uid": "fd0686b6-efcd-4690-9a7f-e8c1f97420cf"}
2026-03-30 00:10:37 | INFO     | [QUESTION_SENT] {"question_idx": 1112, "uid": "54d80b4a-fcde-4d92-83c2-7d35839abf73"}
2026-03-30 00:11:10 | INFO     | [QUESTION_ATTEMPT] {"attempt": 14, "max_questions": 300, "question_idx": 1112, "uid": "54d80b4a-fcde-4d92-83c2-7d35839abf73"}
2026-03-30 00:14:19 | INFO     | [QUESTION_SENT] {"question_idx": 1113, "uid": "867046f5-43b3-416e-b2f4-9e89deb80a21"}
2026-03-30 00:14:45 | INFO     | [QUESTION_ATTEMPT] {"attempt": 15, "max_questions": 300, "question_idx": 1113, "uid": "867046f5-43b3-416e-b2f4-9e89deb80a21"}
2026-03-30 00:17:51 | INFO     | [QUESTION_SENT] {"question_idx": 1114, "uid": "57ca1199-c96b-4237-8f74-db730a12e7df"}
2026-03-30 00:18:24 | INFO     | [QUESTION_ATTEMPT] {"attempt": 16, "max_questions": 300, "question_idx": 1114, "uid": "57ca1199-c96b-4237-8f74-db730a12e7df"}
2026-03-30 00:21:24 | INFO     | [QUESTION_SENT] {"question_idx": 1115, "uid": "df80c03a-2d49-451f-9ff1-c9fe31e253ca"}
2026-03-30 00:21:54 | INFO     | [QUESTION_ATTEMPT] {"attempt": 17, "max_questions": 300, "question_idx": 1115, "uid": "df80c03a-2d49-451f-9ff1-c9fe31e253ca"}
2026-03-30 00:24:57 | INFO     | [QUESTION_SENT] {"question_idx": 1116, "uid": "98693c49-ff2c-448c-b9d0-42d48d681598"}
2026-03-30 00:25:26 | INFO     | [QUESTION_ATTEMPT] {"attempt": 18, "max_questions": 300, "question_idx": 1116, "uid": "98693c49-ff2c-448c-b9d0-42d48d681598"}
2026-03-30 00:28:30 | INFO     | [QUESTION_SENT] {"question_idx": 1117, "uid": "11ba27da-dace-4cc4-84dc-7cd5bb461e84"}
2026-03-30 00:28:59 | INFO     | [QUESTION_ATTEMPT] {"attempt": 19, "max_questions": 300, "question_idx": 1117, "uid": "11ba27da-dace-4cc4-84dc-7cd5bb461e84"}
2026-03-30 00:32:03 | INFO     | [QUESTION_SENT] {"question_idx": 1118, "uid": "b2c2d94e-1282-463b-aef5-65d88d730f8a"}
2026-03-30 00:32:34 | INFO     | [QUESTION_ATTEMPT] {"attempt": 20, "max_questions": 300, "question_idx": 1118, "uid": "b2c2d94e-1282-463b-aef5-65d88d730f8a"}
2026-03-30 00:35:36 | INFO     | [QUESTION_SENT] {"question_idx": 1119, "uid": "fddced34-45c8-43b0-b5d6-fcd989f5bca9"}
2026-03-30 00:36:02 | INFO     | [QUESTION_ATTEMPT] {"attempt": 21, "max_questions": 300, "question_idx": 1119, "uid": "fddced34-45c8-43b0-b5d6-fcd989f5bca9"}
2026-03-30 00:36:15 | INFO     | [QUESTION_SENT] {"question_idx": 1119, "uid": "fddced34-45c8-43b0-b5d6-fcd989f5bca9"}
2026-03-30 00:36:46 | INFO     | [QUESTION_ATTEMPT] {"attempt": 22, "max_questions": 300, "question_idx": 1119, "uid": "fddced34-45c8-43b0-b5d6-fcd989f5bca9"}
2026-03-30 00:39:50 | INFO     | [QUESTION_SENT] {"question_idx": 1120, "uid": "c2a0241b-51fc-4481-9f0f-ef340e50c332"}
2026-03-30 00:40:16 | INFO     | [QUESTION_ATTEMPT] {"attempt": 23, "max_questions": 300, "question_idx": 1120, "uid": "c2a0241b-51fc-4481-9f0f-ef340e50c332"}
2026-03-30 00:40:29 | INFO     | [QUESTION_SENT] {"question_idx": 1120, "uid": "c2a0241b-51fc-4481-9f0f-ef340e50c332"}
2026-03-30 00:40:49 | INFO     | [QUESTION_ATTEMPT] {"attempt": 24, "max_questions": 300, "question_idx": 1120, "uid": "c2a0241b-51fc-4481-9f0f-ef340e50c332"}
2026-03-30 00:44:04 | INFO     | [QUESTION_SENT] {"question_idx": 1121, "uid": "89bc43ee-06b3-4cc0-8a6e-2319a1af6ef9"}
2026-03-30 00:44:30 | INFO     | [QUESTION_ATTEMPT] {"attempt": 25, "max_questions": 300, "question_idx": 1121, "uid": "89bc43ee-06b3-4cc0-8a6e-2319a1af6ef9"}
2026-03-30 00:44:43 | INFO     | [QUESTION_SENT] {"question_idx": 1121, "uid": "89bc43ee-06b3-4cc0-8a6e-2319a1af6ef9"}
2026-03-30 00:45:01 | INFO     | [QUESTION_ATTEMPT] {"attempt": 26, "max_questions": 300, "question_idx": 1121, "uid": "89bc43ee-06b3-4cc0-8a6e-2319a1af6ef9"}
2026-03-30 00:48:18 | INFO     | [QUESTION_SENT] {"question_idx": 1122, "uid": "14e8cf5c-0b14-4582-b6e5-af9598dea5cd"}
2026-03-30 00:48:46 | INFO     | [QUESTION_ATTEMPT] {"attempt": 27, "max_questions": 300, "question_idx": 1122, "uid": "14e8cf5c-0b14-4582-b6e5-af9598dea5cd"}
2026-03-30 00:48:58 | INFO     | [QUESTION_SENT] {"question_idx": 1122, "uid": "14e8cf5c-0b14-4582-b6e5-af9598dea5cd"}
2026-03-30 00:49:20 | INFO     | [QUESTION_ATTEMPT] {"attempt": 28, "max_questions": 300, "question_idx": 1122, "uid": "14e8cf5c-0b14-4582-b6e5-af9598dea5cd"}
2026-03-30 00:52:33 | INFO     | [QUESTION_SENT] {"question_idx": 1123, "uid": "b54f8147-1521-4a6f-84c5-50b947f4439b"}
2026-03-30 00:53:02 | INFO     | [QUESTION_ATTEMPT] {"attempt": 29, "max_questions": 300, "question_idx": 1123, "uid": "b54f8147-1521-4a6f-84c5-50b947f4439b"}
2026-03-30 00:56:06 | INFO     | [QUESTION_SENT] {"question_idx": 1124, "uid": "2d9ee690-4817-4ab5-8469-cb5fa4be8916"}
2026-03-30 00:56:38 | INFO     | [QUESTION_ATTEMPT] {"attempt": 30, "max_questions": 300, "question_idx": 1124, "uid": "2d9ee690-4817-4ab5-8469-cb5fa4be8916"}
2026-03-30 00:59:39 | INFO     | [QUESTION_SENT] {"question_idx": 1125, "uid": "180877fd-19dd-4fb9-96ff-8f3c739e219f"}
2026-03-30 01:00:07 | INFO     | [QUESTION_ATTEMPT] {"attempt": 31, "max_questions": 300, "question_idx": 1125, "uid": "180877fd-19dd-4fb9-96ff-8f3c739e219f"}
2026-03-30 01:00:19 | INFO     | [QUESTION_SENT] {"question_idx": 1125, "uid": "180877fd-19dd-4fb9-96ff-8f3c739e219f"}
2026-03-30 01:00:39 | INFO     | [QUESTION_ATTEMPT] {"attempt": 32, "max_questions": 300, "question_idx": 1125, "uid": "180877fd-19dd-4fb9-96ff-8f3c739e219f"}
2026-03-30 01:03:55 | INFO     | [QUESTION_SENT] {"question_idx": 1126, "uid": "975ae741-4e85-4422-842c-553bfbe10a14"}
2026-03-30 01:04:25 | INFO     | [QUESTION_ATTEMPT] {"attempt": 33, "max_questions": 300, "question_idx": 1126, "uid": "975ae741-4e85-4422-842c-553bfbe10a14"}
2026-03-30 01:07:28 | INFO     | [QUESTION_SENT] {"question_idx": 1127, "uid": "ee6bd909-b63b-4b8e-82ad-0b6a6a474a53"}
2026-03-30 01:07:55 | INFO     | [QUESTION_ATTEMPT] {"attempt": 34, "max_questions": 300, "question_idx": 1127, "uid": "ee6bd909-b63b-4b8e-82ad-0b6a6a474a53"}
2026-03-30 01:11:01 | INFO     | [QUESTION_SENT] {"question_idx": 1128, "uid": "b71ed79d-fbb4-41b7-829e-b3c60bb3cf53"}
2026-03-30 01:11:30 | INFO     | [QUESTION_ATTEMPT] {"attempt": 35, "max_questions": 300, "question_idx": 1128, "uid": "b71ed79d-fbb4-41b7-829e-b3c60bb3cf53"}
2026-03-30 01:14:34 | INFO     | [QUESTION_SENT] {"question_idx": 1129, "uid": "b168d5f6-3b70-479a-953c-9de1e887aa70"}
2026-03-30 01:15:06 | INFO     | [QUESTION_ATTEMPT] {"attempt": 36, "max_questions": 300, "question_idx": 1129, "uid": "b168d5f6-3b70-479a-953c-9de1e887aa70"}
2026-03-30 01:18:07 | INFO     | [QUESTION_SENT] {"question_idx": 1130, "uid": "32f9ba76-567d-443a-b58a-85979bc37365"}
2026-03-30 01:21:40 | INFO     | [QUESTION_SENT] {"question_idx": 1130, "uid": "32f9ba76-567d-443a-b58a-85979bc37365"}
2026-03-30 01:25:13 | INFO     | [QUESTION_SENT] {"question_idx": 1130, "uid": "32f9ba76-567d-443a-b58a-85979bc37365"}
2026-03-30 01:28:45 | INFO     | [QUESTION_SENT] {"question_idx": 1130, "uid": "32f9ba76-567d-443a-b58a-85979bc37365"}
2026-03-30 01:32:18 | INFO     | [QUESTION_SENT] {"question_idx": 1130, "uid": "32f9ba76-567d-443a-b58a-85979bc37365"}
2026-03-30 01:35:51 | INFO     | [QUESTION_SENT] {"question_idx": 1130, "uid": "32f9ba76-567d-443a-b58a-85979bc37365"}
2026-03-30 01:39:25 | INFO     | [QUESTION_SENT] {"question_idx": 1130, "uid": "32f9ba76-567d-443a-b58a-85979bc37365"}
2026-03-30 01:42:57 | INFO     | [QUESTION_SENT] {"question_idx": 1130, "uid": "32f9ba76-567d-443a-b58a-85979bc37365"}
2026-03-30 01:46:30 | INFO     | [QUESTION_SENT] {"question_idx": 1130, "uid": "32f9ba76-567d-443a-b58a-85979bc37365"}
2026-03-30 01:47:16 | INFO     | [QUESTION_ATTEMPT] {"attempt": 37, "max_questions": 300, "question_idx": 1130, "uid": "32f9ba76-567d-443a-b58a-85979bc37365"}
2026-03-30 01:50:04 | INFO     | [QUESTION_SENT] {"question_idx": 1131, "uid": "e6fe9b8f-bf62-411a-b15d-6709f3d02e4d"}
2026-03-30 01:53:36 | INFO     | [QUESTION_SENT] {"question_idx": 1131, "uid": "e6fe9b8f-bf62-411a-b15d-6709f3d02e4d"}
2026-03-30 01:57:09 | INFO     | [QUESTION_SENT] {"question_idx": 1131, "uid": "e6fe9b8f-bf62-411a-b15d-6709f3d02e4d"}
2026-03-30 02:00:42 | INFO     | [QUESTION_SENT] {"question_idx": 1131, "uid": "e6fe9b8f-bf62-411a-b15d-6709f3d02e4d"}
2026-03-30 02:04:16 | INFO     | [QUESTION_SENT] {"question_idx": 1131, "uid": "e6fe9b8f-bf62-411a-b15d-6709f3d02e4d"}
2026-03-30 02:07:48 | INFO     | [QUESTION_SENT] {"question_idx": 1131, "uid": "e6fe9b8f-bf62-411a-b15d-6709f3d02e4d"}
2026-03-30 02:11:21 | INFO     | [QUESTION_SENT] {"question_idx": 1131, "uid": "e6fe9b8f-bf62-411a-b15d-6709f3d02e4d"}
2026-03-30 02:14:54 | INFO     | [QUESTION_SENT] {"question_idx": 1131, "uid": "e6fe9b8f-bf62-411a-b15d-6709f3d02e4d"}
2026-03-30 02:18:28 | INFO     | [QUESTION_SENT] {"question_idx": 1131, "uid": "e6fe9b8f-bf62-411a-b15d-6709f3d02e4d"}
2026-03-30 02:22:01 | INFO     | [QUESTION_SENT] {"question_idx": 1131, "uid": "e6fe9b8f-bf62-411a-b15d-6709f3d02e4d"}
2026-03-30 02:25:33 | INFO     | [QUESTION_SENT] {"question_idx": 1131, "uid": "e6fe9b8f-bf62-411a-b15d-6709f3d02e4d"}
2026-03-30 02:29:06 | INFO     | [QUESTION_SENT] {"question_idx": 1131, "uid": "e6fe9b8f-bf62-411a-b15d-6709f3d02e4d"}
2026-03-30 02:32:39 | INFO     | [QUESTION_SENT] {"question_idx": 1131, "uid": "e6fe9b8f-bf62-411a-b15d-6709f3d02e4d"}
2026-03-30 02:36:12 | INFO     | [QUESTION_SENT] {"question_idx": 1131, "uid": "e6fe9b8f-bf62-411a-b15d-6709f3d02e4d"}
2026-03-30 02:39:45 | INFO     | [QUESTION_SENT] {"question_idx": 1131, "uid": "e6fe9b8f-bf62-411a-b15d-6709f3d02e4d"}
2026-03-30 02:43:18 | INFO     | [QUESTION_SENT] {"question_idx": 1131, "uid": "e6fe9b8f-bf62-411a-b15d-6709f3d02e4d"}
2026-03-30 02:46:51 | INFO     | [QUESTION_SENT] {"question_idx": 1131, "uid": "e6fe9b8f-bf62-411a-b15d-6709f3d02e4d"}
2026-03-30 02:50:24 | INFO     | [QUESTION_SENT] {"question_idx": 1131, "uid": "e6fe9b8f-bf62-411a-b15d-6709f3d02e4d"}
2026-03-30 02:53:57 | INFO     | [QUESTION_SENT] {"question_idx": 1131, "uid": "e6fe9b8f-bf62-411a-b15d-6709f3d02e4d"}
2026-03-30 02:57:30 | INFO     | [QUESTION_SENT] {"question_idx": 1131, "uid": "e6fe9b8f-bf62-411a-b15d-6709f3d02e4d"}
2026-03-30 03:01:03 | INFO     | [QUESTION_SENT] {"question_idx": 1131, "uid": "e6fe9b8f-bf62-411a-b15d-6709f3d02e4d"}
2026-03-30 03:04:36 | INFO     | [QUESTION_SENT] {"question_idx": 1131, "uid": "e6fe9b8f-bf62-411a-b15d-6709f3d02e4d"}
2026-03-30 03:08:09 | INFO     | [QUESTION_SENT] {"question_idx": 1131, "uid": "e6fe9b8f-bf62-411a-b15d-6709f3d02e4d"}
2026-03-30 03:11:42 | INFO     | [QUESTION_SENT] {"question_idx": 1131, "uid": "e6fe9b8f-bf62-411a-b15d-6709f3d02e4d"}
2026-03-30 03:15:15 | INFO     | [QUESTION_SENT] {"question_idx": 1131, "uid": "e6fe9b8f-bf62-411a-b15d-6709f3d02e4d"}
2026-03-30 03:18:48 | INFO     | [QUESTION_SENT] {"question_idx": 1131, "uid": "e6fe9b8f-bf62-411a-b15d-6709f3d02e4d"}
2026-03-30 03:22:20 | INFO     | [QUESTION_SENT] {"question_idx": 1131, "uid": "e6fe9b8f-bf62-411a-b15d-6709f3d02e4d"}
2026-03-30 03:25:53 | INFO     | [QUESTION_SENT] {"question_idx": 1131, "uid": "e6fe9b8f-bf62-411a-b15d-6709f3d02e4d"}
2026-03-30 03:29:26 | INFO     | [QUESTION_SENT] {"question_idx": 1131, "uid": "e6fe9b8f-bf62-411a-b15d-6709f3d02e4d"}
2026-03-30 03:32:59 | INFO     | [QUESTION_SENT] {"question_idx": 1131, "uid": "e6fe9b8f-bf62-411a-b15d-6709f3d02e4d"}
2026-03-30 03:36:32 | INFO     | [QUESTION_SENT] {"question_idx": 1131, "uid": "e6fe9b8f-bf62-411a-b15d-6709f3d02e4d"}
2026-03-30 03:40:05 | INFO     | [QUESTION_SENT] {"question_idx": 1131, "uid": "e6fe9b8f-bf62-411a-b15d-6709f3d02e4d"}
2026-03-30 03:43:38 | INFO     | [QUESTION_SENT] {"question_idx": 1131, "uid": "e6fe9b8f-bf62-411a-b15d-6709f3d02e4d"}
2026-03-30 03:47:11 | INFO     | [QUESTION_SENT] {"question_idx": 1131, "uid": "e6fe9b8f-bf62-411a-b15d-6709f3d02e4d"}
2026-03-30 03:50:43 | INFO     | [QUESTION_SENT] {"question_idx": 1131, "uid": "e6fe9b8f-bf62-411a-b15d-6709f3d02e4d"}
2026-03-30 03:54:16 | INFO     | [QUESTION_SENT] {"question_idx": 1131, "uid": "e6fe9b8f-bf62-411a-b15d-6709f3d02e4d"}
2026-03-30 03:57:49 | INFO     | [QUESTION_SENT] {"question_idx": 1131, "uid": "e6fe9b8f-bf62-411a-b15d-6709f3d02e4d"}
2026-03-30 04:01:22 | INFO     | [QUESTION_SENT] {"question_idx": 1131, "uid": "e6fe9b8f-bf62-411a-b15d-6709f3d02e4d"}
2026-03-30 04:04:55 | INFO     | [QUESTION_SENT] {"question_idx": 1131, "uid": "e6fe9b8f-bf62-411a-b15d-6709f3d02e4d"}
2026-03-30 04:08:28 | INFO     | [QUESTION_SENT] {"question_idx": 1131, "uid": "e6fe9b8f-bf62-411a-b15d-6709f3d02e4d"}
2026-03-30 04:12:01 | INFO     | [QUESTION_SENT] {"question_idx": 1131, "uid": "e6fe9b8f-bf62-411a-b15d-6709f3d02e4d"}
2026-03-30 04:15:34 | INFO     | [QUESTION_SENT] {"question_idx": 1131, "uid": "e6fe9b8f-bf62-411a-b15d-6709f3d02e4d"}
2026-03-30 04:19:07 | INFO     | [QUESTION_SENT] {"question_idx": 1131, "uid": "e6fe9b8f-bf62-411a-b15d-6709f3d02e4d"}
2026-03-30 04:22:40 | INFO     | [QUESTION_SENT] {"question_idx": 1131, "uid": "e6fe9b8f-bf62-411a-b15d-6709f3d02e4d"}
2026-03-30 04:26:13 | INFO     | [QUESTION_SENT] {"question_idx": 1131, "uid": "e6fe9b8f-bf62-411a-b15d-6709f3d02e4d"}
2026-03-30 04:29:46 | INFO     | [QUESTION_SENT] {"question_idx": 1131, "uid": "e6fe9b8f-bf62-411a-b15d-6709f3d02e4d"}
2026-03-30 04:33:18 | INFO     | [QUESTION_SENT] {"question_idx": 1131, "uid": "e6fe9b8f-bf62-411a-b15d-6709f3d02e4d"}
2026-03-30 04:36:51 | INFO     | [QUESTION_SENT] {"question_idx": 1131, "uid": "e6fe9b8f-bf62-411a-b15d-6709f3d02e4d"}
2026-03-30 04:40:24 | INFO     | [QUESTION_SENT] {"question_idx": 1131, "uid": "e6fe9b8f-bf62-411a-b15d-6709f3d02e4d"}
2026-03-30 04:43:58 | INFO     | [QUESTION_SENT] {"question_idx": 1131, "uid": "e6fe9b8f-bf62-411a-b15d-6709f3d02e4d"}
2026-03-30 04:47:31 | INFO     | [QUESTION_SENT] {"question_idx": 1131, "uid": "e6fe9b8f-bf62-411a-b15d-6709f3d02e4d"}
2026-03-30 04:51:03 | INFO     | [QUESTION_SENT] {"question_idx": 1131, "uid": "e6fe9b8f-bf62-411a-b15d-6709f3d02e4d"}
2026-03-30 04:54:37 | INFO     | [QUESTION_SENT] {"question_idx": 1131, "uid": "e6fe9b8f-bf62-411a-b15d-6709f3d02e4d"}
2026-03-30 04:58:10 | INFO     | [QUESTION_SENT] {"question_idx": 1131, "uid": "e6fe9b8f-bf62-411a-b15d-6709f3d02e4d"}
2026-03-30 05:01:43 | INFO     | [QUESTION_SENT] {"question_idx": 1131, "uid": "e6fe9b8f-bf62-411a-b15d-6709f3d02e4d"}
2026-03-30 05:05:15 | INFO     | [QUESTION_SENT] {"question_idx": 1131, "uid": "e6fe9b8f-bf62-411a-b15d-6709f3d02e4d"}
2026-03-30 05:08:48 | INFO     | [QUESTION_SENT] {"question_idx": 1131, "uid": "e6fe9b8f-bf62-411a-b15d-6709f3d02e4d"}
2026-03-30 05:12:21 | INFO     | [QUESTION_SENT] {"question_idx": 1131, "uid": "e6fe9b8f-bf62-411a-b15d-6709f3d02e4d"}
2026-03-30 05:15:54 | INFO     | [QUESTION_SENT] {"question_idx": 1131, "uid": "e6fe9b8f-bf62-411a-b15d-6709f3d02e4d"}
2026-03-30 05:19:27 | INFO     | [QUESTION_SENT] {"question_idx": 1131, "uid": "e6fe9b8f-bf62-411a-b15d-6709f3d02e4d"}
2026-03-30 05:23:00 | INFO     | [QUESTION_SENT] {"question_idx": 1131, "uid": "e6fe9b8f-bf62-411a-b15d-6709f3d02e4d"}
2026-03-30 05:26:33 | INFO     | [QUESTION_SENT] {"question_idx": 1131, "uid": "e6fe9b8f-bf62-411a-b15d-6709f3d02e4d"}
2026-03-30 05:30:06 | INFO     | [QUESTION_SENT] {"question_idx": 1131, "uid": "e6fe9b8f-bf62-411a-b15d-6709f3d02e4d"}
2026-03-30 05:33:39 | INFO     | [QUESTION_SENT] {"question_idx": 1131, "uid": "e6fe9b8f-bf62-411a-b15d-6709f3d02e4d"}
2026-03-30 05:37:12 | INFO     | [QUESTION_SENT] {"question_idx": 1131, "uid": "e6fe9b8f-bf62-411a-b15d-6709f3d02e4d"}
2026-03-30 05:40:45 | INFO     | [QUESTION_SENT] {"question_idx": 1131, "uid": "e6fe9b8f-bf62-411a-b15d-6709f3d02e4d"}
2026-03-30 05:44:18 | INFO     | [QUESTION_SENT] {"question_idx": 1131, "uid": "e6fe9b8f-bf62-411a-b15d-6709f3d02e4d"}
2026-03-30 05:47:51 | INFO     | [QUESTION_SENT] {"question_idx": 1131, "uid": "e6fe9b8f-bf62-411a-b15d-6709f3d02e4d"}
2026-03-30 05:51:24 | INFO     | [QUESTION_SENT] {"question_idx": 1131, "uid": "e6fe9b8f-bf62-411a-b15d-6709f3d02e4d"}
2026-03-30 05:54:57 | INFO     | [QUESTION_SENT] {"question_idx": 1131, "uid": "e6fe9b8f-bf62-411a-b15d-6709f3d02e4d"}
2026-03-30 05:58:30 | INFO     | [QUESTION_SENT] {"question_idx": 1131, "uid": "e6fe9b8f-bf62-411a-b15d-6709f3d02e4d"}
2026-03-30 06:02:03 | INFO     | [QUESTION_SENT] {"question_idx": 1131, "uid": "e6fe9b8f-bf62-411a-b15d-6709f3d02e4d"}
2026-03-30 06:05:36 | INFO     | [QUESTION_SENT] {"question_idx": 1131, "uid": "e6fe9b8f-bf62-411a-b15d-6709f3d02e4d"}
2026-03-30 06:09:08 | INFO     | [QUESTION_SENT] {"question_idx": 1131, "uid": "e6fe9b8f-bf62-411a-b15d-6709f3d02e4d"}
2026-03-30 06:12:41 | INFO     | [QUESTION_SENT] {"question_idx": 1131, "uid": "e6fe9b8f-bf62-411a-b15d-6709f3d02e4d"}
2026-03-30 06:16:14 | INFO     | [QUESTION_SENT] {"question_idx": 1131, "uid": "e6fe9b8f-bf62-411a-b15d-6709f3d02e4d"}
2026-03-30 06:19:47 | INFO     | [QUESTION_SENT] {"question_idx": 1131, "uid": "e6fe9b8f-bf62-411a-b15d-6709f3d02e4d"}
2026-03-30 06:23:20 | INFO     | [QUESTION_SENT] {"question_idx": 1131, "uid": "e6fe9b8f-bf62-411a-b15d-6709f3d02e4d"}
2026-03-30 06:26:53 | INFO     | [QUESTION_SENT] {"question_idx": 1131, "uid": "e6fe9b8f-bf62-411a-b15d-6709f3d02e4d"}
2026-03-30 06:30:26 | INFO     | [QUESTION_SENT] {"question_idx": 1131, "uid": "e6fe9b8f-bf62-411a-b15d-6709f3d02e4d"}
2026-03-30 06:33:59 | INFO     | [QUESTION_SENT] {"question_idx": 1131, "uid": "e6fe9b8f-bf62-411a-b15d-6709f3d02e4d"}
2026-03-30 06:34:23 | INFO     | [BOT_STOP] {"bot_id": 13, "total_questions": 37}
