2026-03-30 09:01:41 | INFO     | [BOT_START] {"bot_id": 13, "project": "hypos_norm", "timestamp": "2026-03-30T09:01:41.926190", "log_dir": "/home/dmitrii/Documents/projects/clicker_3.0/logs/bot_13"}
2026-03-30 09:01:47 | INFO     | [RESTART] {"bot_id": 13, "note": "first_start"}
2026-03-30 09:01:47 | INFO     | [FSM_INITIALIZED] {"site": "gpt", "scenario": "web_search", "start_state": "start_question"}
2026-03-30 09:01:48 | INFO     | [BOT_STOP] {"bot_id": 13, "total_questions": 0}
2026-03-30 13:57:50 | INFO     | [BOT_START] {"bot_id": 13, "project": "hypos_norm", "timestamp": "2026-03-30T13:57:50.545922", "log_dir": "/home/dmitrii/Documents/projects/clicker_3.0/logs/bot_13"}
2026-03-30 13:57:56 | INFO     | [RESTART] {"bot_id": 13, "note": "first_start"}
2026-03-30 13:57:56 | INFO     | [FSM_INITIALIZED] {"site": "gpt", "scenario": "web_search", "start_state": "start_question"}
2026-03-30 13:58:35 | INFO     | [QUESTION_SENT] {"question_idx": 1391, "uid": "3fba8d63-d3d9-4f51-851e-4fc64dee026c"}
2026-03-30 13:59:14 | INFO     | [QUESTION_ATTEMPT] {"attempt": 1, "max_questions": 300, "question_idx": 1391, "uid": "3fba8d63-d3d9-4f51-851e-4fc64dee026c"}
2026-03-30 14:02:08 | INFO     | [QUESTION_SENT] {"question_idx": 1392, "uid": "db3e272d-d839-4888-973d-ca050512c6cc"}
2026-03-30 14:02:41 | INFO     | [QUESTION_ATTEMPT] {"attempt": 2, "max_questions": 300, "question_idx": 1392, "uid": "db3e272d-d839-4888-973d-ca050512c6cc"}
2026-03-30 14:05:41 | INFO     | [QUESTION_SENT] {"question_idx": 1393, "uid": "7b72d8c3-d8d2-42c3-87cd-baa07c3e4511"}
2026-03-30 14:06:15 | INFO     | [QUESTION_ATTEMPT] {"attempt": 3, "max_questions": 300, "question_idx": 1393, "uid": "7b72d8c3-d8d2-42c3-87cd-baa07c3e4511"}
2026-03-30 14:09:15 | INFO     | [QUESTION_SENT] {"question_idx": 1394, "uid": "fac8129b-2cae-4554-9d8a-2eef79debcb6"}
2026-03-30 14:09:48 | INFO     | [QUESTION_ATTEMPT] {"attempt": 4, "max_questions": 300, "question_idx": 1394, "uid": "fac8129b-2cae-4554-9d8a-2eef79debcb6"}
2026-03-30 14:12:48 | INFO     | [QUESTION_SENT] {"question_idx": 1395, "uid": "5fda1faf-b01b-4e72-b93b-a69102e7dc1f"}
2026-03-30 14:13:20 | INFO     | [QUESTION_ATTEMPT] {"attempt": 5, "max_questions": 300, "question_idx": 1395, "uid": "5fda1faf-b01b-4e72-b93b-a69102e7dc1f"}
2026-03-30 14:16:21 | INFO     | [QUESTION_SENT] {"question_idx": 1396, "uid": "e618d213-f9b5-4252-a9bf-f65c532c4a33"}
2026-03-30 14:16:53 | INFO     | [QUESTION_ATTEMPT] {"attempt": 6, "max_questions": 300, "question_idx": 1396, "uid": "e618d213-f9b5-4252-a9bf-f65c532c4a33"}
2026-03-30 14:19:54 | INFO     | [QUESTION_SENT] {"question_idx": 1397, "uid": "212766f7-52da-45e4-9fdc-7f78a4877315"}
2026-03-30 14:23:27 | INFO     | [QUESTION_SENT] {"question_idx": 1397, "uid": "212766f7-52da-45e4-9fdc-7f78a4877315"}
2026-03-30 14:23:58 | INFO     | [QUESTION_ATTEMPT] {"attempt": 7, "max_questions": 300, "question_idx": 1397, "uid": "212766f7-52da-45e4-9fdc-7f78a4877315"}
2026-03-30 14:27:01 | INFO     | [QUESTION_SENT] {"question_idx": 1398, "uid": "6f3c5b52-3489-49c3-9003-c4806d1e2ae1"}
2026-03-30 14:30:33 | INFO     | [QUESTION_SENT] {"question_idx": 1398, "uid": "6f3c5b52-3489-49c3-9003-c4806d1e2ae1"}
2026-03-30 14:31:05 | INFO     | [QUESTION_ATTEMPT] {"attempt": 8, "max_questions": 300, "question_idx": 1398, "uid": "6f3c5b52-3489-49c3-9003-c4806d1e2ae1"}
2026-03-30 14:34:07 | INFO     | [QUESTION_SENT] {"question_idx": 1399, "uid": "cf3a3d33-68e5-4991-b453-5292fc59fdcd"}
2026-03-30 14:37:40 | INFO     | [QUESTION_SENT] {"question_idx": 1399, "uid": "cf3a3d33-68e5-4991-b453-5292fc59fdcd"}
2026-03-30 14:38:09 | INFO     | [QUESTION_ATTEMPT] {"attempt": 9, "max_questions": 300, "question_idx": 1399, "uid": "cf3a3d33-68e5-4991-b453-5292fc59fdcd"}
2026-03-30 14:41:13 | INFO     | [QUESTION_SENT] {"question_idx": 1400, "uid": "e2c864c2-9363-401e-9716-e9dda8643f36"}
2026-03-30 14:41:50 | INFO     | [QUESTION_ATTEMPT] {"attempt": 10, "max_questions": 300, "question_idx": 1400, "uid": "e2c864c2-9363-401e-9716-e9dda8643f36"}
2026-03-30 14:44:46 | INFO     | [QUESTION_SENT] {"question_idx": 1401, "uid": "350bfe91-9c82-4805-8aec-3bb183332b3a"}
2026-03-30 14:45:19 | INFO     | [QUESTION_ATTEMPT] {"attempt": 11, "max_questions": 300, "question_idx": 1401, "uid": "350bfe91-9c82-4805-8aec-3bb183332b3a"}
2026-03-30 14:48:19 | INFO     | [QUESTION_SENT] {"question_idx": 1402, "uid": "11912a33-3b12-4fd7-9b37-0bfe2b450e53"}
2026-03-30 14:48:42 | INFO     | [QUESTION_ATTEMPT] {"attempt": 12, "max_questions": 300, "question_idx": 1402, "uid": "11912a33-3b12-4fd7-9b37-0bfe2b450e53"}
2026-03-30 14:48:55 | INFO     | [QUESTION_SENT] {"question_idx": 1402, "uid": "11912a33-3b12-4fd7-9b37-0bfe2b450e53"}
2026-03-30 14:49:34 | INFO     | [QUESTION_ATTEMPT] {"attempt": 13, "max_questions": 300, "question_idx": 1402, "uid": "11912a33-3b12-4fd7-9b37-0bfe2b450e53"}
2026-03-30 14:52:30 | INFO     | [QUESTION_SENT] {"question_idx": 1403, "uid": "581ee49f-d3a8-48b6-abc1-aa2bdfe0079e"}
2026-03-30 14:52:59 | INFO     | [QUESTION_ATTEMPT] {"attempt": 14, "max_questions": 300, "question_idx": 1403, "uid": "581ee49f-d3a8-48b6-abc1-aa2bdfe0079e"}
2026-03-30 14:53:12 | INFO     | [QUESTION_SENT] {"question_idx": 1403, "uid": "581ee49f-d3a8-48b6-abc1-aa2bdfe0079e"}
2026-03-30 14:53:34 | INFO     | [QUESTION_ATTEMPT] {"attempt": 15, "max_questions": 300, "question_idx": 1403, "uid": "581ee49f-d3a8-48b6-abc1-aa2bdfe0079e"}
2026-03-30 14:56:47 | INFO     | [QUESTION_SENT] {"question_idx": 1404, "uid": "5fb730da-de36-4b1f-ad9b-5854d0963309"}
2026-03-30 15:00:20 | INFO     | [QUESTION_SENT] {"question_idx": 1404, "uid": "5fb730da-de36-4b1f-ad9b-5854d0963309"}
2026-03-30 15:00:49 | INFO     | [QUESTION_ATTEMPT] {"attempt": 16, "max_questions": 300, "question_idx": 1404, "uid": "5fb730da-de36-4b1f-ad9b-5854d0963309"}
2026-03-30 15:01:02 | INFO     | [QUESTION_SENT] {"question_idx": 1404, "uid": "5fb730da-de36-4b1f-ad9b-5854d0963309"}
2026-03-30 15:04:38 | INFO     | [QUESTION_SENT] {"question_idx": 1404, "uid": "5fb730da-de36-4b1f-ad9b-5854d0963309"}
2026-03-30 15:08:11 | INFO     | [QUESTION_SENT] {"question_idx": 1404, "uid": "5fb730da-de36-4b1f-ad9b-5854d0963309"}
2026-03-30 15:08:42 | INFO     | [QUESTION_ATTEMPT] {"attempt": 17, "max_questions": 300, "question_idx": 1404, "uid": "5fb730da-de36-4b1f-ad9b-5854d0963309"}
2026-03-30 15:11:44 | INFO     | [QUESTION_SENT] {"question_idx": 1405, "uid": "c3bbb71d-40c6-4069-88af-89e32d1702fc"}
2026-03-30 15:12:14 | INFO     | [QUESTION_ATTEMPT] {"attempt": 18, "max_questions": 300, "question_idx": 1405, "uid": "c3bbb71d-40c6-4069-88af-89e32d1702fc"}
2026-03-30 15:15:17 | INFO     | [QUESTION_SENT] {"question_idx": 1406, "uid": "ca6da68c-c96c-4055-8401-1a6c98851df9"}
2026-03-30 15:15:46 | INFO     | [QUESTION_ATTEMPT] {"attempt": 19, "max_questions": 300, "question_idx": 1406, "uid": "ca6da68c-c96c-4055-8401-1a6c98851df9"}
2026-03-30 15:15:58 | INFO     | [QUESTION_SENT] {"question_idx": 1406, "uid": "ca6da68c-c96c-4055-8401-1a6c98851df9"}
2026-03-30 15:16:27 | INFO     | [QUESTION_ATTEMPT] {"attempt": 20, "max_questions": 300, "question_idx": 1406, "uid": "ca6da68c-c96c-4055-8401-1a6c98851df9"}
2026-03-30 15:19:34 | INFO     | [QUESTION_SENT] {"question_idx": 1407, "uid": "80d75ff4-744a-4f5a-a2fd-7f478846edc4"}
2026-03-30 15:20:10 | INFO     | [QUESTION_ATTEMPT] {"attempt": 21, "max_questions": 300, "question_idx": 1407, "uid": "80d75ff4-744a-4f5a-a2fd-7f478846edc4"}
2026-03-30 15:23:07 | INFO     | [QUESTION_SENT] {"question_idx": 1408, "uid": "4a37fc2b-abd7-40a3-ae05-2408403d8fd9"}
2026-03-30 15:23:38 | INFO     | [QUESTION_ATTEMPT] {"attempt": 22, "max_questions": 300, "question_idx": 1408, "uid": "4a37fc2b-abd7-40a3-ae05-2408403d8fd9"}
2026-03-30 15:26:40 | INFO     | [QUESTION_SENT] {"question_idx": 1409, "uid": "7e3205f1-3e0c-47f0-ae8a-718c984e7a51"}
2026-03-30 15:27:16 | INFO     | [QUESTION_ATTEMPT] {"attempt": 23, "max_questions": 300, "question_idx": 1409, "uid": "7e3205f1-3e0c-47f0-ae8a-718c984e7a51"}
2026-03-30 15:30:13 | INFO     | [QUESTION_SENT] {"question_idx": 1410, "uid": "dbea592c-237f-4070-911f-07b447553069"}
2026-03-30 15:30:42 | INFO     | [QUESTION_ATTEMPT] {"attempt": 24, "max_questions": 300, "question_idx": 1410, "uid": "dbea592c-237f-4070-911f-07b447553069"}
2026-03-30 15:33:46 | INFO     | [QUESTION_SENT] {"question_idx": 1411, "uid": "ce308ee2-7044-4da2-b67b-0721c71c6acf"}
2026-03-30 15:34:18 | INFO     | [QUESTION_ATTEMPT] {"attempt": 25, "max_questions": 300, "question_idx": 1411, "uid": "ce308ee2-7044-4da2-b67b-0721c71c6acf"}
2026-03-30 15:37:19 | INFO     | [QUESTION_SENT] {"question_idx": 1412, "uid": "7ce90b64-dcca-4a75-8da8-e5d734af050a"}
2026-03-30 15:37:54 | INFO     | [QUESTION_ATTEMPT] {"attempt": 26, "max_questions": 300, "question_idx": 1412, "uid": "7ce90b64-dcca-4a75-8da8-e5d734af050a"}
2026-03-30 15:40:53 | INFO     | [QUESTION_SENT] {"question_idx": 1413, "uid": "7bc00ce6-38d3-4a9e-a2a8-d8827a9bf93f"}
2026-03-30 15:41:27 | INFO     | [QUESTION_ATTEMPT] {"attempt": 27, "max_questions": 300, "question_idx": 1413, "uid": "7bc00ce6-38d3-4a9e-a2a8-d8827a9bf93f"}
2026-03-30 15:44:26 | INFO     | [QUESTION_SENT] {"question_idx": 1414, "uid": "51bb72cc-dbf8-4fc5-89c2-7b62b5925b53"}
2026-03-30 15:44:56 | INFO     | [QUESTION_ATTEMPT] {"attempt": 28, "max_questions": 300, "question_idx": 1414, "uid": "51bb72cc-dbf8-4fc5-89c2-7b62b5925b53"}
2026-03-30 15:45:09 | INFO     | [QUESTION_SENT] {"question_idx": 1414, "uid": "51bb72cc-dbf8-4fc5-89c2-7b62b5925b53"}
2026-03-30 15:45:31 | INFO     | [QUESTION_ATTEMPT] {"attempt": 29, "max_questions": 300, "question_idx": 1414, "uid": "51bb72cc-dbf8-4fc5-89c2-7b62b5925b53"}
2026-03-30 15:48:44 | INFO     | [QUESTION_SENT] {"question_idx": 1415, "uid": "2e9c57d5-ca04-4bc1-89a8-9fcaab3e61ff"}
2026-03-30 15:49:04 | INFO     | [QUESTION_ATTEMPT] {"attempt": 30, "max_questions": 300, "question_idx": 1415, "uid": "2e9c57d5-ca04-4bc1-89a8-9fcaab3e61ff"}
2026-03-30 15:49:16 | INFO     | [QUESTION_SENT] {"question_idx": 1415, "uid": "2e9c57d5-ca04-4bc1-89a8-9fcaab3e61ff"}
2026-03-30 15:49:37 | INFO     | [QUESTION_ATTEMPT] {"attempt": 31, "max_questions": 300, "question_idx": 1415, "uid": "2e9c57d5-ca04-4bc1-89a8-9fcaab3e61ff"}
2026-03-30 15:52:52 | INFO     | [QUESTION_SENT] {"question_idx": 1416, "uid": "3df794da-f901-470b-a35c-f63f7d35d370"}
2026-03-30 15:53:18 | INFO     | [QUESTION_ATTEMPT] {"attempt": 32, "max_questions": 300, "question_idx": 1416, "uid": "3df794da-f901-470b-a35c-f63f7d35d370"}
2026-03-30 15:53:31 | INFO     | [QUESTION_SENT] {"question_idx": 1416, "uid": "3df794da-f901-470b-a35c-f63f7d35d370"}
2026-03-30 15:53:54 | INFO     | [QUESTION_ATTEMPT] {"attempt": 33, "max_questions": 300, "question_idx": 1416, "uid": "3df794da-f901-470b-a35c-f63f7d35d370"}
2026-03-30 15:57:07 | INFO     | [QUESTION_SENT] {"question_idx": 1417, "uid": "76ee5dc2-3834-44a7-bcf7-27e35b71257a"}
2026-03-30 15:57:42 | INFO     | [QUESTION_ATTEMPT] {"attempt": 34, "max_questions": 300, "question_idx": 1417, "uid": "76ee5dc2-3834-44a7-bcf7-27e35b71257a"}
2026-03-30 16:00:40 | INFO     | [QUESTION_SENT] {"question_idx": 1418, "uid": "a8a6f2a7-0116-4fcb-b789-41c8b4f546a7"}
2026-03-30 16:01:12 | INFO     | [QUESTION_ATTEMPT] {"attempt": 35, "max_questions": 300, "question_idx": 1418, "uid": "a8a6f2a7-0116-4fcb-b789-41c8b4f546a7"}
2026-03-30 16:04:13 | INFO     | [QUESTION_SENT] {"question_idx": 1419, "uid": "238e75ac-4519-4153-8061-960dcc57d071"}
2026-03-30 16:04:45 | INFO     | [QUESTION_ATTEMPT] {"attempt": 36, "max_questions": 300, "question_idx": 1419, "uid": "238e75ac-4519-4153-8061-960dcc57d071"}
2026-03-30 16:07:47 | INFO     | [QUESTION_SENT] {"question_idx": 1420, "uid": "294d21ce-b0cc-4470-91fc-368869d2822b"}
2026-03-30 16:08:16 | INFO     | [QUESTION_ATTEMPT] {"attempt": 37, "max_questions": 300, "question_idx": 1420, "uid": "294d21ce-b0cc-4470-91fc-368869d2822b"}
2026-03-30 16:11:20 | INFO     | [QUESTION_SENT] {"question_idx": 1420, "uid": "294d21ce-b0cc-4470-91fc-368869d2822b"}
2026-03-30 16:11:52 | INFO     | [QUESTION_ATTEMPT] {"attempt": 38, "max_questions": 300, "question_idx": 1420, "uid": "294d21ce-b0cc-4470-91fc-368869d2822b"}
2026-03-30 16:12:04 | INFO     | [QUESTION_SENT] {"question_idx": 1420, "uid": "294d21ce-b0cc-4470-91fc-368869d2822b"}
2026-03-30 16:12:27 | INFO     | [QUESTION_ATTEMPT] {"attempt": 39, "max_questions": 300, "question_idx": 1420, "uid": "294d21ce-b0cc-4470-91fc-368869d2822b"}
2026-03-30 16:15:40 | INFO     | [QUESTION_SENT] {"question_idx": 1421, "uid": "1a7cd153-3ed9-430d-9752-0b0cda7151d7"}
2026-03-30 16:16:09 | INFO     | [QUESTION_ATTEMPT] {"attempt": 40, "max_questions": 300, "question_idx": 1421, "uid": "1a7cd153-3ed9-430d-9752-0b0cda7151d7"}
2026-03-30 16:19:13 | INFO     | [QUESTION_SENT] {"question_idx": 1422, "uid": "efc7e4c2-7b59-4941-9259-81d9f4d52e16"}
2026-03-30 16:22:46 | INFO     | [QUESTION_SENT] {"question_idx": 1422, "uid": "efc7e4c2-7b59-4941-9259-81d9f4d52e16"}
2026-03-30 16:23:19 | INFO     | [QUESTION_ATTEMPT] {"attempt": 41, "max_questions": 300, "question_idx": 1422, "uid": "efc7e4c2-7b59-4941-9259-81d9f4d52e16"}
2026-03-30 16:26:19 | INFO     | [QUESTION_SENT] {"question_idx": 1423, "uid": "d710ac1e-6cae-4a3c-a854-e3cc77304b77"}
2026-03-30 16:26:54 | INFO     | [QUESTION_ATTEMPT] {"attempt": 42, "max_questions": 300, "question_idx": 1423, "uid": "d710ac1e-6cae-4a3c-a854-e3cc77304b77"}
2026-03-30 16:29:52 | INFO     | [QUESTION_SENT] {"question_idx": 1424, "uid": "df05a3eb-a907-4ffd-b3e9-237907b5e6cf"}
2026-03-30 16:30:21 | INFO     | [QUESTION_ATTEMPT] {"attempt": 43, "max_questions": 300, "question_idx": 1424, "uid": "df05a3eb-a907-4ffd-b3e9-237907b5e6cf"}
2026-03-30 16:33:25 | INFO     | [QUESTION_SENT] {"question_idx": 1425, "uid": "ac07f205-2bae-4af7-a241-e7bbf1d02a6e"}
2026-03-30 16:33:55 | INFO     | [QUESTION_ATTEMPT] {"attempt": 44, "max_questions": 300, "question_idx": 1425, "uid": "ac07f205-2bae-4af7-a241-e7bbf1d02a6e"}
2026-03-30 16:36:58 | INFO     | [QUESTION_SENT] {"question_idx": 1426, "uid": "d453b3cc-27e7-4199-b54d-c079bcc05463"}
2026-03-30 16:37:29 | INFO     | [QUESTION_ATTEMPT] {"attempt": 45, "max_questions": 300, "question_idx": 1426, "uid": "d453b3cc-27e7-4199-b54d-c079bcc05463"}
2026-03-30 16:40:31 | INFO     | [QUESTION_SENT] {"question_idx": 1427, "uid": "591eef60-4027-44ae-91b5-c977c6e92ead"}
2026-03-30 16:41:03 | INFO     | [QUESTION_ATTEMPT] {"attempt": 46, "max_questions": 300, "question_idx": 1427, "uid": "591eef60-4027-44ae-91b5-c977c6e92ead"}
2026-03-30 16:44:04 | INFO     | [QUESTION_SENT] {"question_idx": 1428, "uid": "101a5ee5-1301-499e-9802-808699494e7c"}
2026-03-30 16:44:39 | INFO     | [QUESTION_ATTEMPT] {"attempt": 47, "max_questions": 300, "question_idx": 1428, "uid": "101a5ee5-1301-499e-9802-808699494e7c"}
2026-03-30 16:47:38 | INFO     | [QUESTION_SENT] {"question_idx": 1429, "uid": "53c81c50-8de7-441e-95ad-9e0d4b4b56d9"}
2026-03-30 16:48:14 | INFO     | [QUESTION_ATTEMPT] {"attempt": 48, "max_questions": 300, "question_idx": 1429, "uid": "53c81c50-8de7-441e-95ad-9e0d4b4b56d9"}
2026-03-30 16:51:11 | INFO     | [QUESTION_SENT] {"question_idx": 1430, "uid": "9f65aef1-fdfe-49d3-94c6-4dbc66763aa4"}
2026-03-30 16:51:42 | INFO     | [QUESTION_ATTEMPT] {"attempt": 49, "max_questions": 300, "question_idx": 1430, "uid": "9f65aef1-fdfe-49d3-94c6-4dbc66763aa4"}
2026-03-30 16:54:44 | INFO     | [QUESTION_SENT] {"question_idx": 1431, "uid": "d79638ed-2302-4fbf-a897-ee82a1cd7249"}
2026-03-30 16:55:20 | INFO     | [QUESTION_ATTEMPT] {"attempt": 50, "max_questions": 300, "question_idx": 1431, "uid": "d79638ed-2302-4fbf-a897-ee82a1cd7249"}
2026-03-30 16:58:17 | INFO     | [QUESTION_SENT] {"question_idx": 1432, "uid": "028d310c-96e0-4752-80f1-960c14a7e86b"}
2026-03-30 16:58:49 | INFO     | [QUESTION_ATTEMPT] {"attempt": 51, "max_questions": 300, "question_idx": 1432, "uid": "028d310c-96e0-4752-80f1-960c14a7e86b"}
2026-03-30 17:01:51 | INFO     | [QUESTION_SENT] {"question_idx": 1433, "uid": "2d8d3ea6-ac8f-44ac-bce1-37bc09157901"}
2026-03-30 17:02:22 | INFO     | [QUESTION_ATTEMPT] {"attempt": 52, "max_questions": 300, "question_idx": 1433, "uid": "2d8d3ea6-ac8f-44ac-bce1-37bc09157901"}
2026-03-30 17:05:24 | INFO     | [QUESTION_SENT] {"question_idx": 1434, "uid": "fd7a20c7-ad4a-478c-89a3-5afa310c2f10"}
2026-03-30 17:05:54 | INFO     | [QUESTION_ATTEMPT] {"attempt": 53, "max_questions": 300, "question_idx": 1434, "uid": "fd7a20c7-ad4a-478c-89a3-5afa310c2f10"}
2026-03-30 17:08:57 | INFO     | [QUESTION_SENT] {"question_idx": 1435, "uid": "0a0d5a82-1593-4727-93ae-e05e89bd8242"}
2026-03-30 17:09:29 | INFO     | [QUESTION_ATTEMPT] {"attempt": 54, "max_questions": 300, "question_idx": 1435, "uid": "0a0d5a82-1593-4727-93ae-e05e89bd8242"}
2026-03-30 17:12:31 | INFO     | [QUESTION_SENT] {"question_idx": 1436, "uid": "0c8b0463-ce9e-4183-971c-ddfaff7a7827"}
2026-03-30 17:13:05 | INFO     | [QUESTION_ATTEMPT] {"attempt": 55, "max_questions": 300, "question_idx": 1436, "uid": "0c8b0463-ce9e-4183-971c-ddfaff7a7827"}
2026-03-30 17:16:04 | INFO     | [QUESTION_SENT] {"question_idx": 1437, "uid": "d1cddae4-56bc-49aa-b55c-608f439faa02"}
2026-03-30 17:16:47 | INFO     | [QUESTION_ATTEMPT] {"attempt": 56, "max_questions": 300, "question_idx": 1437, "uid": "d1cddae4-56bc-49aa-b55c-608f439faa02"}
2026-03-30 17:19:37 | INFO     | [QUESTION_SENT] {"question_idx": 1438, "uid": "a6b7794a-ab4c-4235-aebe-47c77af01cf6"}
2026-03-30 17:20:09 | INFO     | [QUESTION_ATTEMPT] {"attempt": 57, "max_questions": 300, "question_idx": 1438, "uid": "a6b7794a-ab4c-4235-aebe-47c77af01cf6"}
2026-03-30 17:20:21 | INFO     | [QUESTION_SENT] {"question_idx": 1438, "uid": "a6b7794a-ab4c-4235-aebe-47c77af01cf6"}
2026-03-30 17:20:46 | INFO     | [QUESTION_ATTEMPT] {"attempt": 58, "max_questions": 300, "question_idx": 1438, "uid": "a6b7794a-ab4c-4235-aebe-47c77af01cf6"}
2026-03-30 17:23:57 | INFO     | [QUESTION_SENT] {"question_idx": 1439, "uid": "eca12d70-c439-4199-8ceb-91abf49acb36"}
2026-03-30 17:24:27 | INFO     | [QUESTION_ATTEMPT] {"attempt": 59, "max_questions": 300, "question_idx": 1439, "uid": "eca12d70-c439-4199-8ceb-91abf49acb36"}
2026-03-30 17:27:30 | INFO     | [QUESTION_SENT] {"question_idx": 1440, "uid": "856b78d8-fbed-47fa-8e19-00919b23752d"}
2026-03-30 17:27:59 | INFO     | [QUESTION_ATTEMPT] {"attempt": 60, "max_questions": 300, "question_idx": 1440, "uid": "856b78d8-fbed-47fa-8e19-00919b23752d"}
2026-03-30 17:31:03 | INFO     | [QUESTION_SENT] {"question_idx": 1441, "uid": "a42a8a83-f7dc-4e73-821c-4a0bcc3b2d5e"}
2026-03-30 17:31:40 | INFO     | [QUESTION_ATTEMPT] {"attempt": 61, "max_questions": 300, "question_idx": 1441, "uid": "a42a8a83-f7dc-4e73-821c-4a0bcc3b2d5e"}
2026-03-30 17:34:36 | INFO     | [QUESTION_SENT] {"question_idx": 1442, "uid": "d6ec6cab-783c-4263-af6a-5d1075d69b64"}
2026-03-30 17:35:06 | INFO     | [QUESTION_ATTEMPT] {"attempt": 62, "max_questions": 300, "question_idx": 1442, "uid": "d6ec6cab-783c-4263-af6a-5d1075d69b64"}
2026-03-30 17:38:09 | INFO     | [QUESTION_SENT] {"question_idx": 1443, "uid": "23d797d7-70bd-42c0-b07e-25b1c157a1a3"}
2026-03-30 17:38:32 | INFO     | [QUESTION_ATTEMPT] {"attempt": 63, "max_questions": 300, "question_idx": 1443, "uid": "23d797d7-70bd-42c0-b07e-25b1c157a1a3"}
2026-03-30 17:38:45 | INFO     | [QUESTION_SENT] {"question_idx": 1443, "uid": "23d797d7-70bd-42c0-b07e-25b1c157a1a3"}
2026-03-30 17:39:08 | INFO     | [QUESTION_ATTEMPT] {"attempt": 64, "max_questions": 300, "question_idx": 1443, "uid": "23d797d7-70bd-42c0-b07e-25b1c157a1a3"}
2026-03-30 17:42:20 | INFO     | [QUESTION_SENT] {"question_idx": 1444, "uid": "a9d86039-3a03-40d0-aa94-57b522bc0a81"}
2026-03-30 17:42:57 | INFO     | [QUESTION_ATTEMPT] {"attempt": 65, "max_questions": 300, "question_idx": 1444, "uid": "a9d86039-3a03-40d0-aa94-57b522bc0a81"}
2026-03-30 17:45:54 | INFO     | [QUESTION_SENT] {"question_idx": 1445, "uid": "21cc7a3f-bad0-4e23-96ed-36dcd01adfa7"}
2026-03-30 17:46:24 | INFO     | [QUESTION_ATTEMPT] {"attempt": 66, "max_questions": 300, "question_idx": 1445, "uid": "21cc7a3f-bad0-4e23-96ed-36dcd01adfa7"}
2026-03-30 17:49:27 | INFO     | [QUESTION_SENT] {"question_idx": 1445, "uid": "21cc7a3f-bad0-4e23-96ed-36dcd01adfa7"}
2026-03-30 17:49:51 | INFO     | [QUESTION_ATTEMPT] {"attempt": 67, "max_questions": 300, "question_idx": 1445, "uid": "21cc7a3f-bad0-4e23-96ed-36dcd01adfa7"}
2026-03-30 17:50:04 | INFO     | [QUESTION_SENT] {"question_idx": 1445, "uid": "21cc7a3f-bad0-4e23-96ed-36dcd01adfa7"}
2026-03-30 17:50:20 | INFO     | [QUESTION_ATTEMPT] {"attempt": 68, "max_questions": 300, "question_idx": 1445, "uid": "21cc7a3f-bad0-4e23-96ed-36dcd01adfa7"}
2026-03-30 17:52:53 | INFO     | [QUESTION_SENT] {"question_idx": 1445, "uid": "21cc7a3f-bad0-4e23-96ed-36dcd01adfa7"}
2026-03-30 17:53:31 | INFO     | [QUESTION_ATTEMPT] {"attempt": 69, "max_questions": 300, "question_idx": 1445, "uid": "21cc7a3f-bad0-4e23-96ed-36dcd01adfa7"}
2026-03-30 17:53:43 | INFO     | [QUESTION_SENT] {"question_idx": 1445, "uid": "21cc7a3f-bad0-4e23-96ed-36dcd01adfa7"}
2026-03-30 17:54:11 | INFO     | [QUESTION_ATTEMPT] {"attempt": 70, "max_questions": 300, "question_idx": 1445, "uid": "21cc7a3f-bad0-4e23-96ed-36dcd01adfa7"}
2026-03-30 17:57:19 | INFO     | [QUESTION_SENT] {"question_idx": 1446, "uid": "e89ee287-6324-43c6-8fe6-9f73459fd135"}
2026-03-30 17:57:49 | INFO     | [QUESTION_ATTEMPT] {"attempt": 71, "max_questions": 300, "question_idx": 1446, "uid": "e89ee287-6324-43c6-8fe6-9f73459fd135"}
2026-03-30 18:00:52 | INFO     | [QUESTION_SENT] {"question_idx": 1447, "uid": "0b616ea7-ffad-4be1-9cd5-6ad84ef07fde"}
2026-03-30 18:01:25 | INFO     | [QUESTION_ATTEMPT] {"attempt": 72, "max_questions": 300, "question_idx": 1447, "uid": "0b616ea7-ffad-4be1-9cd5-6ad84ef07fde"}
2026-03-30 18:04:25 | INFO     | [QUESTION_SENT] {"question_idx": 1448, "uid": "3c23399c-4f40-4858-8576-39b265a54690"}
2026-03-30 18:04:56 | INFO     | [QUESTION_ATTEMPT] {"attempt": 73, "max_questions": 300, "question_idx": 1448, "uid": "3c23399c-4f40-4858-8576-39b265a54690"}
2026-03-30 18:07:58 | INFO     | [QUESTION_SENT] {"question_idx": 1449, "uid": "ea1ea4ec-c6a8-4d9f-a359-a14b8311881a"}
2026-03-30 18:08:30 | INFO     | [QUESTION_ATTEMPT] {"attempt": 74, "max_questions": 300, "question_idx": 1449, "uid": "ea1ea4ec-c6a8-4d9f-a359-a14b8311881a"}
2026-03-30 18:09:01 | INFO     | [BOT_STOP] {"bot_id": 13, "total_questions": 74}
2026-03-30 21:26:25 | INFO     | [BOT_START] {"bot_id": 13, "project": "hypos_norm", "timestamp": "2026-03-30T21:26:25.154732", "log_dir": "/home/dmitrii/Documents/projects/clicker_3.0/logs/bot_13"}
2026-03-30 21:26:31 | INFO     | [RESTART] {"bot_id": 13, "note": "first_start"}
2026-03-30 21:26:31 | INFO     | [FSM_INITIALIZED] {"site": "gpt", "scenario": "web_search", "start_state": "start_question"}
2026-03-30 21:28:27 | INFO     | [QUESTION_SENT] {"question_idx": 1450, "uid": "692046b0-6457-410d-aec6-3679e4e0d0e5"}
2026-03-30 21:29:04 | INFO     | [QUESTION_ATTEMPT] {"attempt": 1, "max_questions": 300, "question_idx": 1450, "uid": "692046b0-6457-410d-aec6-3679e4e0d0e5"}
2026-03-30 21:32:00 | INFO     | [QUESTION_SENT] {"question_idx": 1451, "uid": "adfa1192-668b-4634-9aaf-cb33e42e897b"}
2026-03-30 21:32:32 | INFO     | [QUESTION_ATTEMPT] {"attempt": 2, "max_questions": 300, "question_idx": 1451, "uid": "adfa1192-668b-4634-9aaf-cb33e42e897b"}
2026-03-30 21:35:33 | INFO     | [QUESTION_SENT] {"question_idx": 1452, "uid": "633b8d06-c3e7-4cc6-b755-634fe15b44be"}
2026-03-30 21:36:03 | INFO     | [QUESTION_ATTEMPT] {"attempt": 3, "max_questions": 300, "question_idx": 1452, "uid": "633b8d06-c3e7-4cc6-b755-634fe15b44be"}
2026-03-30 21:39:06 | INFO     | [QUESTION_SENT] {"question_idx": 1453, "uid": "3d2f1511-ebb3-49d7-bafb-b7b246958b68"}
2026-03-30 21:39:45 | INFO     | [QUESTION_ATTEMPT] {"attempt": 4, "max_questions": 300, "question_idx": 1453, "uid": "3d2f1511-ebb3-49d7-bafb-b7b246958b68"}
2026-03-30 21:42:39 | INFO     | [QUESTION_SENT] {"question_idx": 1454, "uid": "cecaa441-7c46-435e-aafd-ee344707e665"}
2026-03-30 21:43:08 | INFO     | [QUESTION_ATTEMPT] {"attempt": 5, "max_questions": 300, "question_idx": 1454, "uid": "cecaa441-7c46-435e-aafd-ee344707e665"}
2026-03-30 21:46:12 | INFO     | [QUESTION_SENT] {"question_idx": 1455, "uid": "0fa00f7d-1adf-41cf-91c4-bd7a2f51046f"}
2026-03-30 21:46:45 | INFO     | [QUESTION_ATTEMPT] {"attempt": 6, "max_questions": 300, "question_idx": 1455, "uid": "0fa00f7d-1adf-41cf-91c4-bd7a2f51046f"}
2026-03-30 21:49:45 | INFO     | [QUESTION_SENT] {"question_idx": 1456, "uid": "275eb937-0699-4e1a-afb1-a16eef0c2d1c"}
2026-03-30 21:50:19 | INFO     | [QUESTION_ATTEMPT] {"attempt": 7, "max_questions": 300, "question_idx": 1456, "uid": "275eb937-0699-4e1a-afb1-a16eef0c2d1c"}
2026-03-30 21:53:18 | INFO     | [QUESTION_SENT] {"question_idx": 1457, "uid": "ed3d8695-06cc-41ae-a178-5fb5d88dc32a"}
2026-03-30 21:53:47 | INFO     | [QUESTION_ATTEMPT] {"attempt": 8, "max_questions": 300, "question_idx": 1457, "uid": "ed3d8695-06cc-41ae-a178-5fb5d88dc32a"}
2026-03-30 21:56:51 | INFO     | [QUESTION_SENT] {"question_idx": 1458, "uid": "81e2859c-088f-4169-8b5c-4b0d6f64b479"}
2026-03-30 21:57:20 | INFO     | [QUESTION_ATTEMPT] {"attempt": 9, "max_questions": 300, "question_idx": 1458, "uid": "81e2859c-088f-4169-8b5c-4b0d6f64b479"}
2026-03-30 22:00:24 | INFO     | [QUESTION_SENT] {"question_idx": 1459, "uid": "0c0d066c-44fb-4b09-ad41-154a90f6c7a1"}
2026-03-30 22:00:48 | INFO     | [QUESTION_ATTEMPT] {"attempt": 10, "max_questions": 300, "question_idx": 1459, "uid": "0c0d066c-44fb-4b09-ad41-154a90f6c7a1"}
2026-03-30 22:01:01 | INFO     | [QUESTION_SENT] {"question_idx": 1459, "uid": "0c0d066c-44fb-4b09-ad41-154a90f6c7a1"}
2026-03-30 22:01:22 | INFO     | [QUESTION_ATTEMPT] {"attempt": 11, "max_questions": 300, "question_idx": 1459, "uid": "0c0d066c-44fb-4b09-ad41-154a90f6c7a1"}
2026-03-30 22:04:36 | INFO     | [QUESTION_SENT] {"question_idx": 1459, "uid": "0c0d066c-44fb-4b09-ad41-154a90f6c7a1"}
2026-03-30 22:05:05 | INFO     | [QUESTION_ATTEMPT] {"attempt": 12, "max_questions": 300, "question_idx": 1459, "uid": "0c0d066c-44fb-4b09-ad41-154a90f6c7a1"}
2026-03-30 22:08:09 | INFO     | [QUESTION_SENT] {"question_idx": 1460, "uid": "db1db7e2-ad32-4782-876b-17cd3f6911e0"}
2026-03-30 22:08:39 | INFO     | [QUESTION_ATTEMPT] {"attempt": 13, "max_questions": 300, "question_idx": 1460, "uid": "db1db7e2-ad32-4782-876b-17cd3f6911e0"}
2026-03-30 22:08:52 | INFO     | [QUESTION_SENT] {"question_idx": 1460, "uid": "db1db7e2-ad32-4782-876b-17cd3f6911e0"}
2026-03-30 22:09:09 | INFO     | [QUESTION_ATTEMPT] {"attempt": 14, "max_questions": 300, "question_idx": 1460, "uid": "db1db7e2-ad32-4782-876b-17cd3f6911e0"}
2026-03-30 22:12:27 | INFO     | [QUESTION_SENT] {"question_idx": 1460, "uid": "db1db7e2-ad32-4782-876b-17cd3f6911e0"}
2026-03-30 22:12:59 | INFO     | [QUESTION_ATTEMPT] {"attempt": 15, "max_questions": 300, "question_idx": 1460, "uid": "db1db7e2-ad32-4782-876b-17cd3f6911e0"}
2026-03-30 22:16:00 | INFO     | [QUESTION_SENT] {"question_idx": 1461, "uid": "bc061285-e613-48a1-be71-e955e9a4a153"}
2026-03-30 22:16:29 | INFO     | [QUESTION_ATTEMPT] {"attempt": 16, "max_questions": 300, "question_idx": 1461, "uid": "bc061285-e613-48a1-be71-e955e9a4a153"}
2026-03-30 22:19:33 | INFO     | [QUESTION_SENT] {"question_idx": 1462, "uid": "007b832e-5ca4-4142-acc4-62648f7a8521"}
2026-03-30 22:20:05 | INFO     | [QUESTION_ATTEMPT] {"attempt": 17, "max_questions": 300, "question_idx": 1462, "uid": "007b832e-5ca4-4142-acc4-62648f7a8521"}
2026-03-30 22:23:06 | INFO     | [QUESTION_SENT] {"question_idx": 1463, "uid": "ab5980be-0fdf-47cc-a112-ec18f2521f75"}
2026-03-30 22:26:39 | INFO     | [QUESTION_SENT] {"question_idx": 1463, "uid": "ab5980be-0fdf-47cc-a112-ec18f2521f75"}
2026-03-30 22:27:05 | INFO     | [QUESTION_ATTEMPT] {"attempt": 18, "max_questions": 300, "question_idx": 1463, "uid": "ab5980be-0fdf-47cc-a112-ec18f2521f75"}
2026-03-30 22:27:18 | INFO     | [QUESTION_SENT] {"question_idx": 1463, "uid": "ab5980be-0fdf-47cc-a112-ec18f2521f75"}
2026-03-30 22:27:38 | INFO     | [QUESTION_ATTEMPT] {"attempt": 19, "max_questions": 300, "question_idx": 1463, "uid": "ab5980be-0fdf-47cc-a112-ec18f2521f75"}
2026-03-30 22:30:53 | INFO     | [QUESTION_SENT] {"question_idx": 1464, "uid": "c6f15b7d-5f8b-4dc9-ad46-8317226e65bc"}
2026-03-30 22:34:26 | INFO     | [QUESTION_SENT] {"question_idx": 1464, "uid": "c6f15b7d-5f8b-4dc9-ad46-8317226e65bc"}
2026-03-30 22:34:55 | INFO     | [QUESTION_ATTEMPT] {"attempt": 20, "max_questions": 300, "question_idx": 1464, "uid": "c6f15b7d-5f8b-4dc9-ad46-8317226e65bc"}
2026-03-30 22:37:59 | INFO     | [QUESTION_SENT] {"question_idx": 1465, "uid": "567d3aa2-79bd-42cb-8896-56fc932067b6"}
2026-03-30 22:38:29 | INFO     | [QUESTION_ATTEMPT] {"attempt": 21, "max_questions": 300, "question_idx": 1465, "uid": "567d3aa2-79bd-42cb-8896-56fc932067b6"}
2026-03-30 22:41:32 | INFO     | [QUESTION_SENT] {"question_idx": 1466, "uid": "bf234ab5-3dce-4a2a-8684-e8bcb4c49c61"}
2026-03-30 22:42:04 | INFO     | [QUESTION_ATTEMPT] {"attempt": 22, "max_questions": 300, "question_idx": 1466, "uid": "bf234ab5-3dce-4a2a-8684-e8bcb4c49c61"}
2026-03-30 22:45:05 | INFO     | [QUESTION_SENT] {"question_idx": 1467, "uid": "abd7acd3-f8d1-424b-a40b-114a671d709e"}
2026-03-30 22:48:38 | INFO     | [QUESTION_SENT] {"question_idx": 1467, "uid": "abd7acd3-f8d1-424b-a40b-114a671d709e"}
2026-03-30 22:49:08 | INFO     | [QUESTION_ATTEMPT] {"attempt": 23, "max_questions": 300, "question_idx": 1467, "uid": "abd7acd3-f8d1-424b-a40b-114a671d709e"}
2026-03-30 22:52:11 | INFO     | [QUESTION_SENT] {"question_idx": 1468, "uid": "f664b649-8ee7-4355-81d7-0aebe76e79e7"}
2026-03-30 22:52:41 | INFO     | [QUESTION_ATTEMPT] {"attempt": 24, "max_questions": 300, "question_idx": 1468, "uid": "f664b649-8ee7-4355-81d7-0aebe76e79e7"}
2026-03-30 22:55:43 | INFO     | [QUESTION_SENT] {"question_idx": 1469, "uid": "ef089736-63bc-4b31-b871-030ade6d21d7"}
2026-03-30 22:59:16 | INFO     | [QUESTION_SENT] {"question_idx": 1469, "uid": "ef089736-63bc-4b31-b871-030ade6d21d7"}
2026-03-30 22:59:47 | INFO     | [QUESTION_ATTEMPT] {"attempt": 25, "max_questions": 300, "question_idx": 1469, "uid": "ef089736-63bc-4b31-b871-030ade6d21d7"}
2026-03-30 23:02:49 | INFO     | [QUESTION_SENT] {"question_idx": 1470, "uid": "372b7612-a095-4dd0-89cb-28c8a2edc97b"}
2026-03-30 23:03:20 | INFO     | [QUESTION_ATTEMPT] {"attempt": 26, "max_questions": 300, "question_idx": 1470, "uid": "372b7612-a095-4dd0-89cb-28c8a2edc97b"}
2026-03-30 23:06:22 | INFO     | [QUESTION_SENT] {"question_idx": 1471, "uid": "6e18e25f-7634-4fc1-8d0e-3186ab1b1625"}
2026-03-30 23:06:54 | INFO     | [QUESTION_ATTEMPT] {"attempt": 27, "max_questions": 300, "question_idx": 1471, "uid": "6e18e25f-7634-4fc1-8d0e-3186ab1b1625"}
2026-03-30 23:09:55 | INFO     | [QUESTION_SENT] {"question_idx": 1472, "uid": "b41456bb-682c-457b-a746-69bd12387cde"}
2026-03-30 23:10:27 | INFO     | [QUESTION_ATTEMPT] {"attempt": 28, "max_questions": 300, "question_idx": 1472, "uid": "b41456bb-682c-457b-a746-69bd12387cde"}
2026-03-30 23:13:28 | INFO     | [QUESTION_SENT] {"question_idx": 1473, "uid": "662daa8f-b893-48ac-9849-d44ccfccaac8"}
2026-03-30 23:13:44 | INFO     | [QUESTION_ATTEMPT] {"attempt": 29, "max_questions": 300, "question_idx": 1473, "uid": "662daa8f-b893-48ac-9849-d44ccfccaac8"}
2026-03-30 23:13:57 | INFO     | [QUESTION_SENT] {"question_idx": 1473, "uid": "662daa8f-b893-48ac-9849-d44ccfccaac8"}
2026-03-30 23:14:15 | INFO     | [QUESTION_ATTEMPT] {"attempt": 30, "max_questions": 300, "question_idx": 1473, "uid": "662daa8f-b893-48ac-9849-d44ccfccaac8"}
2026-03-30 23:17:32 | INFO     | [QUESTION_SENT] {"question_idx": 1474, "uid": "f8d6c74b-39d8-4b8d-bf40-f86268340961"}
2026-03-30 23:18:05 | INFO     | [QUESTION_ATTEMPT] {"attempt": 31, "max_questions": 300, "question_idx": 1474, "uid": "f8d6c74b-39d8-4b8d-bf40-f86268340961"}
2026-03-30 23:21:05 | INFO     | [QUESTION_SENT] {"question_idx": 1475, "uid": "570d0769-8d0b-40a6-ac10-2007e1122be4"}
2026-03-30 23:21:32 | INFO     | [QUESTION_ATTEMPT] {"attempt": 32, "max_questions": 300, "question_idx": 1475, "uid": "570d0769-8d0b-40a6-ac10-2007e1122be4"}
2026-03-30 23:21:45 | INFO     | [QUESTION_SENT] {"question_idx": 1475, "uid": "570d0769-8d0b-40a6-ac10-2007e1122be4"}
2026-03-30 23:22:08 | INFO     | [QUESTION_ATTEMPT] {"attempt": 33, "max_questions": 300, "question_idx": 1475, "uid": "570d0769-8d0b-40a6-ac10-2007e1122be4"}
2026-03-30 23:25:20 | INFO     | [QUESTION_SENT] {"question_idx": 1476, "uid": "285950a8-7fe1-4d9d-a6d7-65c7dd4e7503"}
2026-03-30 23:25:44 | INFO     | [QUESTION_ATTEMPT] {"attempt": 34, "max_questions": 300, "question_idx": 1476, "uid": "285950a8-7fe1-4d9d-a6d7-65c7dd4e7503"}
2026-03-30 23:25:57 | INFO     | [QUESTION_SENT] {"question_idx": 1476, "uid": "285950a8-7fe1-4d9d-a6d7-65c7dd4e7503"}
2026-03-30 23:26:24 | INFO     | [QUESTION_ATTEMPT] {"attempt": 35, "max_questions": 300, "question_idx": 1476, "uid": "285950a8-7fe1-4d9d-a6d7-65c7dd4e7503"}
2026-03-30 23:29:32 | INFO     | [QUESTION_SENT] {"question_idx": 1477, "uid": "20b6994e-00c4-4215-ac23-ce0d38dfe588"}
2026-03-30 23:30:01 | INFO     | [QUESTION_ATTEMPT] {"attempt": 36, "max_questions": 300, "question_idx": 1477, "uid": "20b6994e-00c4-4215-ac23-ce0d38dfe588"}
2026-03-30 23:33:05 | INFO     | [QUESTION_SENT] {"question_idx": 1478, "uid": "971e478a-9851-43b7-b276-1f1c43b98681"}
2026-03-30 23:33:30 | INFO     | [QUESTION_ATTEMPT] {"attempt": 37, "max_questions": 300, "question_idx": 1478, "uid": "971e478a-9851-43b7-b276-1f1c43b98681"}
2026-03-30 23:33:42 | INFO     | [QUESTION_SENT] {"question_idx": 1478, "uid": "971e478a-9851-43b7-b276-1f1c43b98681"}
2026-03-30 23:34:01 | INFO     | [QUESTION_ATTEMPT] {"attempt": 38, "max_questions": 300, "question_idx": 1478, "uid": "971e478a-9851-43b7-b276-1f1c43b98681"}
2026-03-30 23:37:18 | INFO     | [QUESTION_SENT] {"question_idx": 1479, "uid": "5abedecb-2a2c-448b-9d33-a103afc50fdc"}
2026-03-30 23:37:48 | INFO     | [QUESTION_ATTEMPT] {"attempt": 39, "max_questions": 300, "question_idx": 1479, "uid": "5abedecb-2a2c-448b-9d33-a103afc50fdc"}
2026-03-30 23:40:51 | INFO     | [QUESTION_SENT] {"question_idx": 1480, "uid": "3784fdd4-4447-4efb-aa4a-361c5fbe5e42"}
2026-03-30 23:41:28 | INFO     | [QUESTION_ATTEMPT] {"attempt": 40, "max_questions": 300, "question_idx": 1480, "uid": "3784fdd4-4447-4efb-aa4a-361c5fbe5e42"}
2026-03-30 23:44:24 | INFO     | [QUESTION_SENT] {"question_idx": 1480, "uid": "3784fdd4-4447-4efb-aa4a-361c5fbe5e42"}
2026-03-30 23:44:50 | INFO     | [QUESTION_ATTEMPT] {"attempt": 41, "max_questions": 300, "question_idx": 1480, "uid": "3784fdd4-4447-4efb-aa4a-361c5fbe5e42"}
2026-03-30 23:45:02 | INFO     | [QUESTION_SENT] {"question_idx": 1480, "uid": "3784fdd4-4447-4efb-aa4a-361c5fbe5e42"}
2026-03-30 23:45:22 | INFO     | [QUESTION_ATTEMPT] {"attempt": 42, "max_questions": 300, "question_idx": 1480, "uid": "3784fdd4-4447-4efb-aa4a-361c5fbe5e42"}
2026-03-30 23:48:38 | INFO     | [QUESTION_SENT] {"question_idx": 1481, "uid": "bef87ebe-6e39-467f-90e4-4d4f8e4e73b1"}
2026-03-30 23:49:09 | INFO     | [QUESTION_ATTEMPT] {"attempt": 43, "max_questions": 300, "question_idx": 1481, "uid": "bef87ebe-6e39-467f-90e4-4d4f8e4e73b1"}
2026-03-30 23:52:10 | INFO     | [QUESTION_SENT] {"question_idx": 1482, "uid": "66fba9db-e938-4591-b1e0-7b776e2ffbeb"}
2026-03-30 23:52:43 | INFO     | [QUESTION_ATTEMPT] {"attempt": 44, "max_questions": 300, "question_idx": 1482, "uid": "66fba9db-e938-4591-b1e0-7b776e2ffbeb"}
2026-03-30 23:55:43 | INFO     | [QUESTION_SENT] {"question_idx": 1483, "uid": "0c3f7954-38d0-4297-ae56-86a4a3c016bf"}
2026-03-30 23:56:25 | INFO     | [QUESTION_ATTEMPT] {"attempt": 45, "max_questions": 300, "question_idx": 1483, "uid": "0c3f7954-38d0-4297-ae56-86a4a3c016bf"}
2026-03-30 23:59:16 | INFO     | [QUESTION_SENT] {"question_idx": 1484, "uid": "199dbf3d-072f-4eda-8d2e-2c144508c07b"}
2026-03-30 23:59:50 | INFO     | [QUESTION_ATTEMPT] {"attempt": 46, "max_questions": 300, "question_idx": 1484, "uid": "199dbf3d-072f-4eda-8d2e-2c144508c07b"}
2026-03-31 00:02:49 | INFO     | [QUESTION_SENT] {"question_idx": 1485, "uid": "f5ffbf56-4bf3-4d42-a622-151505f6a056"}
2026-03-31 00:03:21 | INFO     | [QUESTION_ATTEMPT] {"attempt": 47, "max_questions": 300, "question_idx": 1485, "uid": "f5ffbf56-4bf3-4d42-a622-151505f6a056"}
2026-03-31 00:06:22 | INFO     | [QUESTION_SENT] {"question_idx": 1486, "uid": "4f1c43a4-e2c5-463a-a8d7-b76eb6acc374"}
2026-03-31 00:06:51 | INFO     | [QUESTION_ATTEMPT] {"attempt": 48, "max_questions": 300, "question_idx": 1486, "uid": "4f1c43a4-e2c5-463a-a8d7-b76eb6acc374"}
2026-03-31 00:09:55 | INFO     | [QUESTION_SENT] {"question_idx": 1487, "uid": "cf31fc63-3144-4cbf-9cd8-94d5a811430f"}
2026-03-31 00:10:27 | INFO     | [QUESTION_ATTEMPT] {"attempt": 49, "max_questions": 300, "question_idx": 1487, "uid": "cf31fc63-3144-4cbf-9cd8-94d5a811430f"}
2026-03-31 00:13:28 | INFO     | [QUESTION_SENT] {"question_idx": 1488, "uid": "29af6a45-e3ca-48bf-8917-00ce82ad427f"}
2026-03-31 00:13:57 | INFO     | [QUESTION_ATTEMPT] {"attempt": 50, "max_questions": 300, "question_idx": 1488, "uid": "29af6a45-e3ca-48bf-8917-00ce82ad427f"}
2026-03-31 00:17:01 | INFO     | [QUESTION_SENT] {"question_idx": 1489, "uid": "6f28976d-799e-48eb-9164-5ac7c6ff9616"}
2026-03-31 00:17:34 | INFO     | [QUESTION_ATTEMPT] {"attempt": 51, "max_questions": 300, "question_idx": 1489, "uid": "6f28976d-799e-48eb-9164-5ac7c6ff9616"}
2026-03-31 00:20:34 | INFO     | [QUESTION_SENT] {"question_idx": 1490, "uid": "b4db8d93-88ea-49d7-bd31-8aea15c71ff8"}
2026-03-31 00:21:05 | INFO     | [QUESTION_ATTEMPT] {"attempt": 52, "max_questions": 300, "question_idx": 1490, "uid": "b4db8d93-88ea-49d7-bd31-8aea15c71ff8"}
2026-03-31 00:24:07 | INFO     | [QUESTION_SENT] {"question_idx": 1491, "uid": "9704eea4-3b25-44f8-863f-a671a9e5fac5"}
2026-03-31 00:24:38 | INFO     | [QUESTION_ATTEMPT] {"attempt": 53, "max_questions": 300, "question_idx": 1491, "uid": "9704eea4-3b25-44f8-863f-a671a9e5fac5"}
2026-03-31 00:27:40 | INFO     | [QUESTION_SENT] {"question_idx": 1492, "uid": "02bc85eb-91cb-40c0-be80-c9fbd8c4a2a2"}
2026-03-31 00:28:08 | INFO     | [QUESTION_ATTEMPT] {"attempt": 54, "max_questions": 300, "question_idx": 1492, "uid": "02bc85eb-91cb-40c0-be80-c9fbd8c4a2a2"}
2026-03-31 00:31:13 | INFO     | [QUESTION_SENT] {"question_idx": 1493, "uid": "9270f2c8-f86e-49b8-b7ed-354a9755de98"}
2026-03-31 00:31:40 | INFO     | [QUESTION_ATTEMPT] {"attempt": 55, "max_questions": 300, "question_idx": 1493, "uid": "9270f2c8-f86e-49b8-b7ed-354a9755de98"}
2026-03-31 00:34:46 | INFO     | [QUESTION_SENT] {"question_idx": 1494, "uid": "7e7f666f-b3f1-41ea-b3b7-ec01ddbfe0a6"}
2026-03-31 00:35:15 | INFO     | [QUESTION_ATTEMPT] {"attempt": 56, "max_questions": 300, "question_idx": 1494, "uid": "7e7f666f-b3f1-41ea-b3b7-ec01ddbfe0a6"}
2026-03-31 00:38:19 | INFO     | [QUESTION_SENT] {"question_idx": 1495, "uid": "92e35124-b48a-48ea-b755-9c0b452e18ea"}
2026-03-31 00:38:52 | INFO     | [QUESTION_ATTEMPT] {"attempt": 57, "max_questions": 300, "question_idx": 1495, "uid": "92e35124-b48a-48ea-b755-9c0b452e18ea"}
2026-03-31 00:41:52 | INFO     | [QUESTION_SENT] {"question_idx": 1496, "uid": "9c292764-810d-4e53-9131-196192a766f0"}
2026-03-31 00:42:18 | INFO     | [QUESTION_ATTEMPT] {"attempt": 58, "max_questions": 300, "question_idx": 1496, "uid": "9c292764-810d-4e53-9131-196192a766f0"}
2026-03-31 00:42:30 | INFO     | [QUESTION_SENT] {"question_idx": 1496, "uid": "9c292764-810d-4e53-9131-196192a766f0"}
2026-03-31 00:42:49 | INFO     | [QUESTION_ATTEMPT] {"attempt": 59, "max_questions": 300, "question_idx": 1496, "uid": "9c292764-810d-4e53-9131-196192a766f0"}
2026-03-31 00:46:06 | INFO     | [QUESTION_SENT] {"question_idx": 1497, "uid": "c816d354-e8d4-417d-9bb3-84bb6c1a1b55"}
2026-03-31 00:46:37 | INFO     | [QUESTION_ATTEMPT] {"attempt": 60, "max_questions": 300, "question_idx": 1497, "uid": "c816d354-e8d4-417d-9bb3-84bb6c1a1b55"}
2026-03-31 00:49:39 | INFO     | [QUESTION_SENT] {"question_idx": 1498, "uid": "4a6ff1df-8340-434e-9516-9d8a8c424137"}
2026-03-31 00:50:10 | INFO     | [QUESTION_ATTEMPT] {"attempt": 61, "max_questions": 300, "question_idx": 1498, "uid": "4a6ff1df-8340-434e-9516-9d8a8c424137"}
2026-03-31 00:53:11 | INFO     | [QUESTION_SENT] {"question_idx": 1499, "uid": "e30cdbda-ebc8-4514-8789-46a90db936b0"}
2026-03-31 00:53:43 | INFO     | [QUESTION_ATTEMPT] {"attempt": 62, "max_questions": 300, "question_idx": 1499, "uid": "e30cdbda-ebc8-4514-8789-46a90db936b0"}
2026-03-31 00:56:44 | INFO     | [QUESTION_SENT] {"question_idx": 1500, "uid": "600a4aec-33ff-4335-997f-6917d89e3e7a"}
2026-03-31 00:57:15 | INFO     | [QUESTION_ATTEMPT] {"attempt": 63, "max_questions": 300, "question_idx": 1500, "uid": "600a4aec-33ff-4335-997f-6917d89e3e7a"}
2026-03-31 01:00:17 | INFO     | [QUESTION_SENT] {"question_idx": 1501, "uid": "0ff69455-4e5a-41c2-9980-772dcbb15d05"}
2026-03-31 01:00:50 | INFO     | [QUESTION_ATTEMPT] {"attempt": 64, "max_questions": 300, "question_idx": 1501, "uid": "0ff69455-4e5a-41c2-9980-772dcbb15d05"}
2026-03-31 01:03:50 | INFO     | [QUESTION_SENT] {"question_idx": 1502, "uid": "5a550365-a11f-485a-a197-e963dac3434d"}
2026-03-31 01:04:20 | INFO     | [QUESTION_ATTEMPT] {"attempt": 65, "max_questions": 300, "question_idx": 1502, "uid": "5a550365-a11f-485a-a197-e963dac3434d"}
2026-03-31 01:07:23 | INFO     | [QUESTION_SENT] {"question_idx": 1503, "uid": "fe7847c5-d5ad-4afe-bb8b-d57c62160320"}
2026-03-31 01:07:55 | INFO     | [QUESTION_ATTEMPT] {"attempt": 66, "max_questions": 300, "question_idx": 1503, "uid": "fe7847c5-d5ad-4afe-bb8b-d57c62160320"}
2026-03-31 01:10:56 | INFO     | [QUESTION_SENT] {"question_idx": 1504, "uid": "48687e50-91ae-4e8a-ad56-a0678e77cfc4"}
2026-03-31 01:11:39 | INFO     | [QUESTION_ATTEMPT] {"attempt": 67, "max_questions": 300, "question_idx": 1504, "uid": "48687e50-91ae-4e8a-ad56-a0678e77cfc4"}
2026-03-31 01:14:29 | INFO     | [QUESTION_SENT] {"question_idx": 1505, "uid": "45f4de9c-2818-43a6-886d-b5f91c11d621"}
2026-03-31 01:14:59 | INFO     | [QUESTION_ATTEMPT] {"attempt": 68, "max_questions": 300, "question_idx": 1505, "uid": "45f4de9c-2818-43a6-886d-b5f91c11d621"}
2026-03-31 01:18:02 | INFO     | [QUESTION_SENT] {"question_idx": 1506, "uid": "142621d1-4760-4769-84c7-93b8fa03dde1"}
2026-03-31 01:21:35 | INFO     | [QUESTION_SENT] {"question_idx": 1506, "uid": "142621d1-4760-4769-84c7-93b8fa03dde1"}
2026-03-31 01:22:05 | INFO     | [QUESTION_ATTEMPT] {"attempt": 69, "max_questions": 300, "question_idx": 1506, "uid": "142621d1-4760-4769-84c7-93b8fa03dde1"}
2026-03-31 01:25:08 | INFO     | [QUESTION_SENT] {"question_idx": 1507, "uid": "1eb65e46-7e9c-4659-bd44-887783955f13"}
2026-03-31 01:25:41 | INFO     | [QUESTION_ATTEMPT] {"attempt": 70, "max_questions": 300, "question_idx": 1507, "uid": "1eb65e46-7e9c-4659-bd44-887783955f13"}
2026-03-31 01:28:41 | INFO     | [QUESTION_SENT] {"question_idx": 1508, "uid": "d1edc3a1-542c-47b6-986c-5140aca585c1"}
2026-03-31 01:29:10 | INFO     | [QUESTION_ATTEMPT] {"attempt": 71, "max_questions": 300, "question_idx": 1508, "uid": "d1edc3a1-542c-47b6-986c-5140aca585c1"}
2026-03-31 01:32:14 | INFO     | [QUESTION_SENT] {"question_idx": 1509, "uid": "f21e374e-328d-4ea5-bb6a-ed8d5f1a34ac"}
2026-03-31 01:35:47 | INFO     | [QUESTION_SENT] {"question_idx": 1509, "uid": "f21e374e-328d-4ea5-bb6a-ed8d5f1a34ac"}
2026-03-31 01:36:17 | INFO     | [QUESTION_ATTEMPT] {"attempt": 72, "max_questions": 300, "question_idx": 1509, "uid": "f21e374e-328d-4ea5-bb6a-ed8d5f1a34ac"}
2026-03-31 01:39:20 | INFO     | [QUESTION_SENT] {"question_idx": 1510, "uid": "cb703c81-e07e-424e-8240-7aee4c6cb4fb"}
2026-03-31 01:42:53 | INFO     | [QUESTION_SENT] {"question_idx": 1510, "uid": "cb703c81-e07e-424e-8240-7aee4c6cb4fb"}
2026-03-31 01:43:22 | INFO     | [QUESTION_ATTEMPT] {"attempt": 73, "max_questions": 300, "question_idx": 1510, "uid": "cb703c81-e07e-424e-8240-7aee4c6cb4fb"}
2026-03-31 01:43:23 | INFO     | [BOT_STOP] {"bot_id": 13, "total_questions": 73}
