2026-03-24 10:00:27 | INFO     | [BOT_START] {"bot_id": 13, "project": "hypos_norm", "timestamp": "2026-03-24T10:00:27.746533", "log_dir": "/home/dmitrii/Documents/projects/clicker_3.0/logs/bot_13"}
2026-03-24 10:31:44 | INFO     | [BOT_START] {"bot_id": 13, "project": "hypos_norm", "timestamp": "2026-03-24T10:31:44.389430", "log_dir": "/home/dmitrii/Documents/projects/clicker_3.0/logs/bot_13"}
2026-03-24 10:31:50 | INFO     | [RESTART] {"bot_id": 13, "note": "first_start"}
2026-03-24 10:31:50 | INFO     | [FSM_INITIALIZED] {"site": "gpt", "scenario": "web_search", "start_state": "start_question"}
2026-03-24 10:32:29 | INFO     | [QUESTION_SENT] {"question_idx": 1901, "uid": "653069fc-3af8-4894-8024-7928a24461a7"}
2026-03-24 10:33:13 | INFO     | [QUESTION_ATTEMPT] {"attempt": 1, "max_questions": 400, "question_idx": 1901, "uid": "653069fc-3af8-4894-8024-7928a24461a7"}
2026-03-24 10:33:58 | INFO     | [QUESTION_SENT] {"question_idx": 1902, "uid": "d3048af9-d6c9-4d1a-b52d-b243d92d2a69"}
2026-03-24 10:35:38 | INFO     | [QUESTION_ATTEMPT] {"attempt": 2, "max_questions": 400, "question_idx": 1902, "uid": "d3048af9-d6c9-4d1a-b52d-b243d92d2a69"}
2026-03-24 10:36:07 | INFO     | [QUESTION_SENT] {"question_idx": 1903, "uid": "6e13e383-5537-41e5-8fd2-81b0e51deea3"}
2026-03-24 10:36:52 | INFO     | [QUESTION_ATTEMPT] {"attempt": 3, "max_questions": 400, "question_idx": 1903, "uid": "6e13e383-5537-41e5-8fd2-81b0e51deea3"}
2026-03-24 10:37:35 | INFO     | [QUESTION_SENT] {"question_idx": 1904, "uid": "ee013b97-849b-47fd-9f47-a8a71da48595"}
2026-03-24 10:39:04 | INFO     | [QUESTION_SENT] {"question_idx": 1904, "uid": "ee013b97-849b-47fd-9f47-a8a71da48595"}
2026-03-24 10:39:47 | INFO     | [QUESTION_ATTEMPT] {"attempt": 4, "max_questions": 400, "question_idx": 1904, "uid": "ee013b97-849b-47fd-9f47-a8a71da48595"}
2026-03-24 10:40:32 | INFO     | [QUESTION_SENT] {"question_idx": 1905, "uid": "b18177ee-b8a8-4a2d-8aea-76ed48d21d75"}
2026-03-24 10:41:14 | INFO     | [QUESTION_ATTEMPT] {"attempt": 5, "max_questions": 400, "question_idx": 1905, "uid": "b18177ee-b8a8-4a2d-8aea-76ed48d21d75"}
2026-03-24 10:42:00 | INFO     | [QUESTION_SENT] {"question_idx": 1906, "uid": "4b0f2422-e6c8-4230-b986-cdf251541eab"}
2026-03-24 10:42:49 | INFO     | [QUESTION_ATTEMPT] {"attempt": 6, "max_questions": 400, "question_idx": 1906, "uid": "4b0f2422-e6c8-4230-b986-cdf251541eab"}
2026-03-24 10:43:18 | INFO     | [QUESTION_SENT] {"question_idx": 1907, "uid": "71cf3521-c325-48e4-bf61-b5210a0a5a67"}
2026-03-24 10:43:52 | INFO     | [QUESTION_ATTEMPT] {"attempt": 7, "max_questions": 400, "question_idx": 1907, "uid": "71cf3521-c325-48e4-bf61-b5210a0a5a67"}
2026-03-24 10:44:04 | INFO     | [QUESTION_SENT] {"question_idx": 1907, "uid": "71cf3521-c325-48e4-bf61-b5210a0a5a67"}
2026-03-24 10:44:41 | INFO     | [QUESTION_ATTEMPT] {"attempt": 8, "max_questions": 400, "question_idx": 1907, "uid": "71cf3521-c325-48e4-bf61-b5210a0a5a67"}
2026-03-24 10:45:33 | INFO     | [QUESTION_SENT] {"question_idx": 1908, "uid": "ec4fbd6f-e5e7-426b-84c9-90e14f4c2f7d"}
2026-03-24 10:46:17 | INFO     | [QUESTION_ATTEMPT] {"attempt": 9, "max_questions": 400, "question_idx": 1908, "uid": "ec4fbd6f-e5e7-426b-84c9-90e14f4c2f7d"}
2026-03-24 10:47:01 | INFO     | [QUESTION_SENT] {"question_idx": 1909, "uid": "9979a93f-92d9-4abf-b763-39bdba227c07"}
2026-03-24 10:47:43 | INFO     | [QUESTION_ATTEMPT] {"attempt": 10, "max_questions": 400, "question_idx": 1909, "uid": "9979a93f-92d9-4abf-b763-39bdba227c07"}
2026-03-24 10:48:29 | INFO     | [QUESTION_SENT] {"question_idx": 1910, "uid": "3108e255-3be1-4403-abc7-8eef0d58b49d"}
2026-03-24 10:49:14 | INFO     | [QUESTION_ATTEMPT] {"attempt": 11, "max_questions": 400, "question_idx": 1910, "uid": "3108e255-3be1-4403-abc7-8eef0d58b49d"}
2026-03-24 10:49:57 | INFO     | [QUESTION_SENT] {"question_idx": 1911, "uid": "890e32ed-2f9f-442c-a844-43dcd438b4f4"}
2026-03-24 10:50:42 | INFO     | [QUESTION_ATTEMPT] {"attempt": 12, "max_questions": 400, "question_idx": 1911, "uid": "890e32ed-2f9f-442c-a844-43dcd438b4f4"}
2026-03-24 10:51:25 | INFO     | [QUESTION_SENT] {"question_idx": 1912, "uid": "60bf4c0c-f7dd-46ce-9924-f03580791f15"}
2026-03-24 10:52:13 | INFO     | [QUESTION_ATTEMPT] {"attempt": 13, "max_questions": 400, "question_idx": 1912, "uid": "60bf4c0c-f7dd-46ce-9924-f03580791f15"}
2026-03-24 10:52:54 | INFO     | [QUESTION_SENT] {"question_idx": 1913, "uid": "1629d49a-8b99-4779-931b-9c0132b6a828"}
2026-03-24 10:53:36 | INFO     | [QUESTION_ATTEMPT] {"attempt": 14, "max_questions": 400, "question_idx": 1913, "uid": "1629d49a-8b99-4779-931b-9c0132b6a828"}
2026-03-24 10:54:22 | INFO     | [QUESTION_SENT] {"question_idx": 1914, "uid": "d11523c7-ecd4-4cf4-94ed-611563999ae6"}
2026-03-24 10:55:03 | INFO     | [QUESTION_ATTEMPT] {"attempt": 15, "max_questions": 400, "question_idx": 1914, "uid": "d11523c7-ecd4-4cf4-94ed-611563999ae6"}
2026-03-24 10:55:16 | INFO     | [QUESTION_SENT] {"question_idx": 1914, "uid": "d11523c7-ecd4-4cf4-94ed-611563999ae6"}
2026-03-24 10:55:47 | INFO     | [QUESTION_ATTEMPT] {"attempt": 16, "max_questions": 400, "question_idx": 1914, "uid": "d11523c7-ecd4-4cf4-94ed-611563999ae6"}
2026-03-24 10:56:44 | INFO     | [QUESTION_SENT] {"question_idx": 1915, "uid": "69d50ebd-1045-41d3-8706-d86f4a249da3"}
2026-03-24 10:57:26 | INFO     | [QUESTION_ATTEMPT] {"attempt": 17, "max_questions": 400, "question_idx": 1915, "uid": "69d50ebd-1045-41d3-8706-d86f4a249da3"}
2026-03-24 10:58:12 | INFO     | [QUESTION_SENT] {"question_idx": 1916, "uid": "8d1341e6-9dca-477f-b10d-0feb464acd14"}
2026-03-24 10:58:57 | INFO     | [QUESTION_ATTEMPT] {"attempt": 18, "max_questions": 400, "question_idx": 1916, "uid": "8d1341e6-9dca-477f-b10d-0feb464acd14"}
2026-03-24 10:59:40 | INFO     | [QUESTION_SENT] {"question_idx": 1917, "uid": "032df518-87af-4b92-bd61-3cfe7a826cd4"}
2026-03-24 11:00:32 | INFO     | [QUESTION_ATTEMPT] {"attempt": 19, "max_questions": 400, "question_idx": 1917, "uid": "032df518-87af-4b92-bd61-3cfe7a826cd4"}
2026-03-24 11:01:01 | INFO     | [QUESTION_SENT] {"question_idx": 1918, "uid": "fe4bea22-94d5-4bb4-80b2-619b4996d9f7"}
2026-03-24 11:01:48 | INFO     | [QUESTION_ATTEMPT] {"attempt": 20, "max_questions": 400, "question_idx": 1918, "uid": "fe4bea22-94d5-4bb4-80b2-619b4996d9f7"}
2026-03-24 11:02:29 | INFO     | [QUESTION_SENT] {"question_idx": 1919, "uid": "b7c89aaf-8afc-4f7b-a40f-768125a2bd40"}
2026-03-24 11:03:05 | INFO     | [QUESTION_ATTEMPT] {"attempt": 21, "max_questions": 400, "question_idx": 1919, "uid": "b7c89aaf-8afc-4f7b-a40f-768125a2bd40"}
2026-03-24 11:03:57 | INFO     | [QUESTION_SENT] {"question_idx": 1920, "uid": "fae4b2f9-1d78-4eb4-a5dc-9981dfcc5965"}
2026-03-24 11:05:25 | INFO     | [QUESTION_SENT] {"question_idx": 1920, "uid": "fae4b2f9-1d78-4eb4-a5dc-9981dfcc5965"}
2026-03-24 11:06:03 | INFO     | [QUESTION_ATTEMPT] {"attempt": 22, "max_questions": 400, "question_idx": 1920, "uid": "fae4b2f9-1d78-4eb4-a5dc-9981dfcc5965"}
2026-03-24 11:06:54 | INFO     | [QUESTION_SENT] {"question_idx": 1921, "uid": "a03eb74d-bd5a-4ca0-ae0d-041af223d009"}
2026-03-24 11:07:38 | INFO     | [QUESTION_ATTEMPT] {"attempt": 23, "max_questions": 400, "question_idx": 1921, "uid": "a03eb74d-bd5a-4ca0-ae0d-041af223d009"}
2026-03-24 11:08:22 | INFO     | [QUESTION_SENT] {"question_idx": 1922, "uid": "f4db4bf8-46d2-4e9c-a94a-65e99ac7bbac"}
2026-03-24 11:08:59 | INFO     | [QUESTION_ATTEMPT] {"attempt": 24, "max_questions": 400, "question_idx": 1922, "uid": "f4db4bf8-46d2-4e9c-a94a-65e99ac7bbac"}
2026-03-24 11:09:50 | INFO     | [QUESTION_SENT] {"question_idx": 1923, "uid": "b8777fbb-cf45-451b-afe3-2adb53b691c1"}
2026-03-24 11:10:29 | INFO     | [QUESTION_ATTEMPT] {"attempt": 25, "max_questions": 400, "question_idx": 1923, "uid": "b8777fbb-cf45-451b-afe3-2adb53b691c1"}
2026-03-24 11:11:18 | INFO     | [QUESTION_SENT] {"question_idx": 1924, "uid": "86bc5212-ca07-41f6-b9db-b6e72a71cb4b"}
2026-03-24 11:12:00 | INFO     | [QUESTION_ATTEMPT] {"attempt": 26, "max_questions": 400, "question_idx": 1924, "uid": "86bc5212-ca07-41f6-b9db-b6e72a71cb4b"}
2026-03-24 11:12:46 | INFO     | [QUESTION_SENT] {"question_idx": 1925, "uid": "9eb32f9d-4c2b-4d9f-9875-f1679bf94dbc"}
2026-03-24 11:13:27 | INFO     | [QUESTION_ATTEMPT] {"attempt": 27, "max_questions": 400, "question_idx": 1925, "uid": "9eb32f9d-4c2b-4d9f-9875-f1679bf94dbc"}
2026-03-24 11:14:15 | INFO     | [QUESTION_SENT] {"question_idx": 1926, "uid": "55f97af8-cb6b-4b28-b6cf-0b8e521e078b"}
2026-03-24 11:15:11 | INFO     | [QUESTION_ATTEMPT] {"attempt": 28, "max_questions": 400, "question_idx": 1926, "uid": "55f97af8-cb6b-4b28-b6cf-0b8e521e078b"}
2026-03-24 11:15:40 | INFO     | [QUESTION_SENT] {"question_idx": 1927, "uid": "2af71d9d-1867-4e8b-8997-82f9cb42e045"}
2026-03-24 11:16:27 | INFO     | [QUESTION_ATTEMPT] {"attempt": 29, "max_questions": 400, "question_idx": 1927, "uid": "2af71d9d-1867-4e8b-8997-82f9cb42e045"}
2026-03-24 11:17:08 | INFO     | [QUESTION_SENT] {"question_idx": 1928, "uid": "eac8c620-3ee5-4826-8bde-cc1b9c18e2f0"}
2026-03-24 11:17:42 | INFO     | [QUESTION_ATTEMPT] {"attempt": 30, "max_questions": 400, "question_idx": 1928, "uid": "eac8c620-3ee5-4826-8bde-cc1b9c18e2f0"}
2026-03-24 11:18:37 | INFO     | [QUESTION_SENT] {"question_idx": 1929, "uid": "bf4c394b-8d36-48b2-a871-7e9ebcf596a4"}
2026-03-24 11:19:07 | INFO     | [QUESTION_ATTEMPT] {"attempt": 31, "max_questions": 400, "question_idx": 1929, "uid": "bf4c394b-8d36-48b2-a871-7e9ebcf596a4"}
2026-03-24 11:20:05 | INFO     | [QUESTION_SENT] {"question_idx": 1930, "uid": "299df878-4c5e-426c-80f5-4af5f770aa8f"}
2026-03-24 11:20:29 | INFO     | [QUESTION_ATTEMPT] {"attempt": 32, "max_questions": 400, "question_idx": 1930, "uid": "299df878-4c5e-426c-80f5-4af5f770aa8f"}
2026-03-24 11:20:43 | INFO     | [QUESTION_SENT] {"question_idx": 1930, "uid": "299df878-4c5e-426c-80f5-4af5f770aa8f"}
2026-03-24 11:21:07 | INFO     | [QUESTION_ATTEMPT] {"attempt": 33, "max_questions": 400, "question_idx": 1930, "uid": "299df878-4c5e-426c-80f5-4af5f770aa8f"}
2026-03-24 11:22:11 | INFO     | [QUESTION_SENT] {"question_idx": 1931, "uid": "7569a5d8-af27-4f74-9c32-ec43771f638e"}
2026-03-24 11:22:45 | INFO     | [QUESTION_ATTEMPT] {"attempt": 34, "max_questions": 400, "question_idx": 1931, "uid": "7569a5d8-af27-4f74-9c32-ec43771f638e"}
2026-03-24 11:23:39 | INFO     | [QUESTION_SENT] {"question_idx": 1932, "uid": "b1f4e906-b1b8-481a-9036-fc36caae8205"}
2026-03-24 11:24:12 | INFO     | [QUESTION_ATTEMPT] {"attempt": 35, "max_questions": 400, "question_idx": 1932, "uid": "b1f4e906-b1b8-481a-9036-fc36caae8205"}
2026-03-24 11:25:08 | INFO     | [QUESTION_SENT] {"question_idx": 1933, "uid": "105d8dac-7580-4127-a975-2b8993c88b57"}
2026-03-24 11:25:51 | INFO     | [QUESTION_ATTEMPT] {"attempt": 36, "max_questions": 400, "question_idx": 1933, "uid": "105d8dac-7580-4127-a975-2b8993c88b57"}
2026-03-24 11:26:04 | INFO     | [QUESTION_SENT] {"question_idx": 1933, "uid": "105d8dac-7580-4127-a975-2b8993c88b57"}
2026-03-24 11:26:23 | INFO     | [QUESTION_ATTEMPT] {"attempt": 37, "max_questions": 400, "question_idx": 1933, "uid": "105d8dac-7580-4127-a975-2b8993c88b57"}
2026-03-24 11:27:33 | INFO     | [QUESTION_SENT] {"question_idx": 1934, "uid": "9677db93-1108-4036-8886-d21d26b11ea3"}
2026-03-24 11:28:08 | INFO     | [QUESTION_ATTEMPT] {"attempt": 38, "max_questions": 400, "question_idx": 1934, "uid": "9677db93-1108-4036-8886-d21d26b11ea3"}
2026-03-24 11:29:02 | INFO     | [QUESTION_SENT] {"question_idx": 1935, "uid": "040b77df-9a88-49d7-9d37-ba3da0d6b503"}
2026-03-24 11:29:33 | INFO     | [QUESTION_ATTEMPT] {"attempt": 39, "max_questions": 400, "question_idx": 1935, "uid": "040b77df-9a88-49d7-9d37-ba3da0d6b503"}
2026-03-24 11:30:31 | INFO     | [QUESTION_SENT] {"question_idx": 1936, "uid": "6aa400a5-559e-4eb4-ba73-271291b84415"}
2026-03-24 11:31:08 | INFO     | [QUESTION_ATTEMPT] {"attempt": 40, "max_questions": 400, "question_idx": 1936, "uid": "6aa400a5-559e-4eb4-ba73-271291b84415"}
2026-03-24 11:32:00 | INFO     | [QUESTION_SENT] {"question_idx": 1937, "uid": "9d942cf7-ec11-4735-8fa2-f57b950bbd9e"}
2026-03-24 11:32:31 | INFO     | [QUESTION_ATTEMPT] {"attempt": 41, "max_questions": 400, "question_idx": 1937, "uid": "9d942cf7-ec11-4735-8fa2-f57b950bbd9e"}
2026-03-24 11:33:29 | INFO     | [QUESTION_SENT] {"question_idx": 1938, "uid": "475500c7-0c4f-4f4a-8fd5-9499c49276df"}
2026-03-24 11:34:06 | INFO     | [QUESTION_ATTEMPT] {"attempt": 42, "max_questions": 400, "question_idx": 1938, "uid": "475500c7-0c4f-4f4a-8fd5-9499c49276df"}
2026-03-24 11:34:58 | INFO     | [QUESTION_SENT] {"question_idx": 1939, "uid": "ae640640-658e-4d16-9535-70bc89c8c7e3"}
2026-03-24 11:35:32 | INFO     | [QUESTION_ATTEMPT] {"attempt": 43, "max_questions": 400, "question_idx": 1939, "uid": "ae640640-658e-4d16-9535-70bc89c8c7e3"}
2026-03-24 11:36:26 | INFO     | [QUESTION_SENT] {"question_idx": 1940, "uid": "deea4ed6-2071-4007-8e5f-e570dbd113c4"}
2026-03-24 11:36:59 | INFO     | [QUESTION_ATTEMPT] {"attempt": 44, "max_questions": 400, "question_idx": 1940, "uid": "deea4ed6-2071-4007-8e5f-e570dbd113c4"}
2026-03-24 11:37:54 | INFO     | [QUESTION_SENT] {"question_idx": 1941, "uid": "40eeac00-a3b7-45b2-aa46-37f68440a839"}
2026-03-24 11:38:26 | INFO     | [QUESTION_ATTEMPT] {"attempt": 45, "max_questions": 400, "question_idx": 1941, "uid": "40eeac00-a3b7-45b2-aa46-37f68440a839"}
2026-03-24 11:39:22 | INFO     | [QUESTION_SENT] {"question_idx": 1942, "uid": "34fe19f6-a886-40a1-82f6-0f39b893606d"}
2026-03-24 11:39:49 | INFO     | [QUESTION_ATTEMPT] {"attempt": 46, "max_questions": 400, "question_idx": 1942, "uid": "34fe19f6-a886-40a1-82f6-0f39b893606d"}
2026-03-24 11:40:51 | INFO     | [QUESTION_SENT] {"question_idx": 1943, "uid": "51343ad7-4236-444d-9179-467dbb5243e5"}
2026-03-24 11:41:24 | INFO     | [QUESTION_ATTEMPT] {"attempt": 47, "max_questions": 400, "question_idx": 1943, "uid": "51343ad7-4236-444d-9179-467dbb5243e5"}
2026-03-24 11:42:19 | INFO     | [QUESTION_SENT] {"question_idx": 1944, "uid": "e282672b-222f-431b-bce1-96247d4d31c5"}
2026-03-24 11:42:53 | INFO     | [QUESTION_ATTEMPT] {"attempt": 48, "max_questions": 400, "question_idx": 1944, "uid": "e282672b-222f-431b-bce1-96247d4d31c5"}
2026-03-24 11:43:48 | INFO     | [QUESTION_SENT] {"question_idx": 1945, "uid": "a4952059-22e4-4055-bcc0-f392fea48351"}
2026-03-24 11:44:15 | INFO     | [QUESTION_ATTEMPT] {"attempt": 49, "max_questions": 400, "question_idx": 1945, "uid": "a4952059-22e4-4055-bcc0-f392fea48351"}
2026-03-24 11:44:27 | INFO     | [QUESTION_SENT] {"question_idx": 1945, "uid": "a4952059-22e4-4055-bcc0-f392fea48351"}
2026-03-24 11:44:49 | INFO     | [QUESTION_ATTEMPT] {"attempt": 50, "max_questions": 400, "question_idx": 1945, "uid": "a4952059-22e4-4055-bcc0-f392fea48351"}
2026-03-24 11:45:56 | INFO     | [QUESTION_SENT] {"question_idx": 1946, "uid": "079683ef-1f91-4a0d-9afa-72de0f93e3c6"}
2026-03-24 11:46:11 | INFO     | [QUESTION_ATTEMPT] {"attempt": 51, "max_questions": 400, "question_idx": 1946, "uid": "079683ef-1f91-4a0d-9afa-72de0f93e3c6"}
2026-03-24 11:46:24 | INFO     | [QUESTION_SENT] {"question_idx": 1946, "uid": "079683ef-1f91-4a0d-9afa-72de0f93e3c6"}
2026-03-24 11:46:37 | INFO     | [QUESTION_ATTEMPT] {"attempt": 52, "max_questions": 400, "question_idx": 1946, "uid": "079683ef-1f91-4a0d-9afa-72de0f93e3c6"}
2026-03-24 11:47:53 | INFO     | [QUESTION_SENT] {"question_idx": 1946, "uid": "079683ef-1f91-4a0d-9afa-72de0f93e3c6"}
2026-03-24 11:48:25 | INFO     | [QUESTION_ATTEMPT] {"attempt": 53, "max_questions": 400, "question_idx": 1946, "uid": "079683ef-1f91-4a0d-9afa-72de0f93e3c6"}
2026-03-24 11:49:21 | INFO     | [QUESTION_SENT] {"question_idx": 1947, "uid": "4f6e00ee-1fd0-4434-8609-791d2cea8c46"}
2026-03-24 11:49:55 | INFO     | [QUESTION_ATTEMPT] {"attempt": 54, "max_questions": 400, "question_idx": 1947, "uid": "4f6e00ee-1fd0-4434-8609-791d2cea8c46"}
2026-03-24 11:50:50 | INFO     | [QUESTION_SENT] {"question_idx": 1948, "uid": "b7a3a497-b434-46ec-8c41-01d32d94a03b"}
2026-03-24 11:51:22 | INFO     | [QUESTION_ATTEMPT] {"attempt": 55, "max_questions": 400, "question_idx": 1948, "uid": "b7a3a497-b434-46ec-8c41-01d32d94a03b"}
2026-03-24 11:52:18 | INFO     | [QUESTION_SENT] {"question_idx": 1949, "uid": "eebe282a-637e-4028-8c5a-47e80eda2141"}
2026-03-24 11:52:48 | INFO     | [QUESTION_ATTEMPT] {"attempt": 56, "max_questions": 400, "question_idx": 1949, "uid": "eebe282a-637e-4028-8c5a-47e80eda2141"}
2026-03-24 11:53:01 | INFO     | [QUESTION_SENT] {"question_idx": 1949, "uid": "eebe282a-637e-4028-8c5a-47e80eda2141"}
2026-03-24 11:53:22 | INFO     | [QUESTION_ATTEMPT] {"attempt": 57, "max_questions": 400, "question_idx": 1949, "uid": "eebe282a-637e-4028-8c5a-47e80eda2141"}
2026-03-24 11:54:29 | INFO     | [QUESTION_SENT] {"question_idx": 1950, "uid": "4d23535f-b42e-4af0-89c6-02b667e31098"}
2026-03-24 11:55:14 | INFO     | [QUESTION_ATTEMPT] {"attempt": 58, "max_questions": 400, "question_idx": 1950, "uid": "4d23535f-b42e-4af0-89c6-02b667e31098"}
2026-03-24 11:58:02 | INFO     | [QUESTION_SENT] {"question_idx": 1951, "uid": "97d9e4a7-60b3-4b6c-98a5-41aac0828a49"}
2026-03-24 11:58:33 | INFO     | [QUESTION_ATTEMPT] {"attempt": 59, "max_questions": 400, "question_idx": 1951, "uid": "97d9e4a7-60b3-4b6c-98a5-41aac0828a49"}
2026-03-24 11:59:30 | INFO     | [QUESTION_SENT] {"question_idx": 1952, "uid": "ae7060ad-137f-4774-b815-41acd7fab0b5"}
2026-03-24 12:00:00 | INFO     | [QUESTION_ATTEMPT] {"attempt": 60, "max_questions": 400, "question_idx": 1952, "uid": "ae7060ad-137f-4774-b815-41acd7fab0b5"}
2026-03-24 12:00:59 | INFO     | [QUESTION_SENT] {"question_idx": 1953, "uid": "c7a951df-599e-4b2c-a804-018b15c58ae1"}
2026-03-24 12:01:33 | INFO     | [QUESTION_ATTEMPT] {"attempt": 61, "max_questions": 400, "question_idx": 1953, "uid": "c7a951df-599e-4b2c-a804-018b15c58ae1"}
2026-03-24 12:02:27 | INFO     | [QUESTION_SENT] {"question_idx": 1954, "uid": "3c2069a4-826d-4316-84d9-a8a2eabaf7fc"}
2026-03-24 12:02:59 | INFO     | [QUESTION_ATTEMPT] {"attempt": 62, "max_questions": 400, "question_idx": 1954, "uid": "3c2069a4-826d-4316-84d9-a8a2eabaf7fc"}
2026-03-24 12:03:56 | INFO     | [QUESTION_SENT] {"question_idx": 1955, "uid": "e8daeb45-f0d9-4620-b132-18492d86ac5e"}
2026-03-24 12:04:27 | INFO     | [QUESTION_ATTEMPT] {"attempt": 63, "max_questions": 400, "question_idx": 1955, "uid": "e8daeb45-f0d9-4620-b132-18492d86ac5e"}
2026-03-24 12:05:24 | INFO     | [QUESTION_SENT] {"question_idx": 1956, "uid": "36b855d6-c4fc-43bc-b2a4-7d739b6dd296"}
2026-03-24 12:05:56 | INFO     | [QUESTION_ATTEMPT] {"attempt": 64, "max_questions": 400, "question_idx": 1956, "uid": "36b855d6-c4fc-43bc-b2a4-7d739b6dd296"}
2026-03-24 12:06:52 | INFO     | [QUESTION_SENT] {"question_idx": 1957, "uid": "2cc65072-05bf-47fb-a757-bfd52aed5437"}
2026-03-24 12:07:26 | INFO     | [QUESTION_ATTEMPT] {"attempt": 65, "max_questions": 400, "question_idx": 1957, "uid": "2cc65072-05bf-47fb-a757-bfd52aed5437"}
2026-03-24 12:08:20 | INFO     | [QUESTION_SENT] {"question_idx": 1958, "uid": "82e2a2e0-4fa5-4ae3-8c61-ebd5f16b3447"}
2026-03-24 12:08:51 | INFO     | [QUESTION_ATTEMPT] {"attempt": 66, "max_questions": 400, "question_idx": 1958, "uid": "82e2a2e0-4fa5-4ae3-8c61-ebd5f16b3447"}
2026-03-24 12:09:49 | INFO     | [QUESTION_SENT] {"question_idx": 1959, "uid": "fccce35b-bffb-4cf1-8dd5-7b16e852b851"}
2026-03-24 12:10:20 | INFO     | [QUESTION_ATTEMPT] {"attempt": 67, "max_questions": 400, "question_idx": 1959, "uid": "fccce35b-bffb-4cf1-8dd5-7b16e852b851"}
2026-03-24 12:11:17 | INFO     | [QUESTION_SENT] {"question_idx": 1960, "uid": "937ffe12-9dad-44c6-a6c0-45533bb6031f"}
2026-03-24 12:11:48 | INFO     | [QUESTION_ATTEMPT] {"attempt": 68, "max_questions": 400, "question_idx": 1960, "uid": "937ffe12-9dad-44c6-a6c0-45533bb6031f"}
2026-03-24 12:12:46 | INFO     | [QUESTION_SENT] {"question_idx": 1961, "uid": "5c4dfeb7-3892-489b-8d89-801b5792cb87"}
2026-03-24 12:13:16 | INFO     | [QUESTION_ATTEMPT] {"attempt": 69, "max_questions": 400, "question_idx": 1961, "uid": "5c4dfeb7-3892-489b-8d89-801b5792cb87"}
2026-03-24 12:14:14 | INFO     | [QUESTION_SENT] {"question_idx": 1962, "uid": "215071d4-2d29-4be8-bc05-2e5e8e278045"}
2026-03-24 12:14:46 | INFO     | [QUESTION_ATTEMPT] {"attempt": 70, "max_questions": 400, "question_idx": 1962, "uid": "215071d4-2d29-4be8-bc05-2e5e8e278045"}
2026-03-24 12:15:43 | INFO     | [QUESTION_SENT] {"question_idx": 1963, "uid": "6a30390b-2035-4904-aec3-c052934c9e8c"}
2026-03-24 12:16:20 | INFO     | [QUESTION_ATTEMPT] {"attempt": 71, "max_questions": 400, "question_idx": 1963, "uid": "6a30390b-2035-4904-aec3-c052934c9e8c"}
2026-03-24 12:17:11 | INFO     | [QUESTION_SENT] {"question_idx": 1964, "uid": "393efef0-56d6-4015-a3c4-a236fbe6f494"}
2026-03-24 12:17:40 | INFO     | [QUESTION_ATTEMPT] {"attempt": 72, "max_questions": 400, "question_idx": 1964, "uid": "393efef0-56d6-4015-a3c4-a236fbe6f494"}
2026-03-24 12:18:39 | INFO     | [QUESTION_SENT] {"question_idx": 1965, "uid": "84107aaa-887c-4669-b71f-896cd14198a5"}
2026-03-24 12:19:10 | INFO     | [QUESTION_ATTEMPT] {"attempt": 73, "max_questions": 400, "question_idx": 1965, "uid": "84107aaa-887c-4669-b71f-896cd14198a5"}
2026-03-24 12:20:07 | INFO     | [QUESTION_SENT] {"question_idx": 1966, "uid": "bbd6ba2a-4ef1-4e5d-80be-1e3cc842d8eb"}
2026-03-24 12:20:37 | INFO     | [QUESTION_ATTEMPT] {"attempt": 74, "max_questions": 400, "question_idx": 1966, "uid": "bbd6ba2a-4ef1-4e5d-80be-1e3cc842d8eb"}
2026-03-24 12:20:50 | INFO     | [QUESTION_SENT] {"question_idx": 1966, "uid": "bbd6ba2a-4ef1-4e5d-80be-1e3cc842d8eb"}
2026-03-24 12:21:09 | INFO     | [QUESTION_ATTEMPT] {"attempt": 75, "max_questions": 400, "question_idx": 1966, "uid": "bbd6ba2a-4ef1-4e5d-80be-1e3cc842d8eb"}
2026-03-24 12:22:18 | INFO     | [QUESTION_SENT] {"question_idx": 1967, "uid": "4e08fa87-51fe-435c-b02e-886759629297"}
2026-03-24 12:22:49 | INFO     | [QUESTION_ATTEMPT] {"attempt": 76, "max_questions": 400, "question_idx": 1967, "uid": "4e08fa87-51fe-435c-b02e-886759629297"}
2026-03-24 12:23:46 | INFO     | [QUESTION_SENT] {"question_idx": 1968, "uid": "d01952ef-0983-4b54-bf78-9ab80bc4b1d4"}
2026-03-24 12:24:22 | INFO     | [QUESTION_ATTEMPT] {"attempt": 77, "max_questions": 400, "question_idx": 1968, "uid": "d01952ef-0983-4b54-bf78-9ab80bc4b1d4"}
2026-03-24 12:25:15 | INFO     | [QUESTION_SENT] {"question_idx": 1969, "uid": "325ee868-ab93-440b-b546-1510003c23fc"}
2026-03-24 12:25:47 | INFO     | [QUESTION_ATTEMPT] {"attempt": 78, "max_questions": 400, "question_idx": 1969, "uid": "325ee868-ab93-440b-b546-1510003c23fc"}
2026-03-24 12:26:43 | INFO     | [QUESTION_SENT] {"question_idx": 1970, "uid": "13f52f5f-aa08-462b-a3dd-8ef1094987c0"}
2026-03-24 12:27:18 | INFO     | [QUESTION_ATTEMPT] {"attempt": 79, "max_questions": 400, "question_idx": 1970, "uid": "13f52f5f-aa08-462b-a3dd-8ef1094987c0"}
2026-03-24 12:28:11 | INFO     | [QUESTION_SENT] {"question_idx": 1971, "uid": "afe0083c-3a7c-420c-8aa4-15a19da37f37"}
2026-03-24 12:28:42 | INFO     | [QUESTION_ATTEMPT] {"attempt": 80, "max_questions": 400, "question_idx": 1971, "uid": "afe0083c-3a7c-420c-8aa4-15a19da37f37"}
2026-03-24 12:29:40 | INFO     | [QUESTION_SENT] {"question_idx": 1972, "uid": "d54b0c68-e23e-40df-a33a-65b8969fd907"}
2026-03-24 12:30:12 | INFO     | [QUESTION_ATTEMPT] {"attempt": 81, "max_questions": 400, "question_idx": 1972, "uid": "d54b0c68-e23e-40df-a33a-65b8969fd907"}
2026-03-24 12:31:08 | INFO     | [QUESTION_SENT] {"question_idx": 1973, "uid": "1c7d2626-7f43-441d-91b7-ddeb2a73e4e2"}
2026-03-24 12:31:39 | INFO     | [QUESTION_ATTEMPT] {"attempt": 82, "max_questions": 400, "question_idx": 1973, "uid": "1c7d2626-7f43-441d-91b7-ddeb2a73e4e2"}
2026-03-24 12:32:36 | INFO     | [QUESTION_SENT] {"question_idx": 1974, "uid": "2cfdb387-4bb7-463c-b66d-68a5be7b420c"}
2026-03-24 12:33:09 | INFO     | [QUESTION_ATTEMPT] {"attempt": 83, "max_questions": 400, "question_idx": 1974, "uid": "2cfdb387-4bb7-463c-b66d-68a5be7b420c"}
2026-03-24 12:34:04 | INFO     | [QUESTION_SENT] {"question_idx": 1975, "uid": "bcf6eb80-5e67-4840-92a1-43dbfb466348"}
2026-03-24 12:34:35 | INFO     | [QUESTION_ATTEMPT] {"attempt": 84, "max_questions": 400, "question_idx": 1975, "uid": "bcf6eb80-5e67-4840-92a1-43dbfb466348"}
2026-03-24 12:35:33 | INFO     | [QUESTION_SENT] {"question_idx": 1976, "uid": "fe3ad15a-7545-4ba4-8bd2-cbce08c812d1"}
2026-03-24 12:36:05 | INFO     | [QUESTION_ATTEMPT] {"attempt": 85, "max_questions": 400, "question_idx": 1976, "uid": "fe3ad15a-7545-4ba4-8bd2-cbce08c812d1"}
2026-03-24 12:37:01 | INFO     | [QUESTION_SENT] {"question_idx": 1977, "uid": "5060b4cc-61bc-41a7-b6e8-1c6c5fdfb41c"}
2026-03-24 12:38:30 | INFO     | [QUESTION_SENT] {"question_idx": 1977, "uid": "5060b4cc-61bc-41a7-b6e8-1c6c5fdfb41c"}
2026-03-24 12:39:04 | INFO     | [QUESTION_ATTEMPT] {"attempt": 86, "max_questions": 400, "question_idx": 1977, "uid": "5060b4cc-61bc-41a7-b6e8-1c6c5fdfb41c"}
2026-03-24 12:39:58 | INFO     | [QUESTION_SENT] {"question_idx": 1978, "uid": "e714c1fe-d87f-4a4a-9d56-b6deed804ac7"}
2026-03-24 12:40:32 | INFO     | [QUESTION_ATTEMPT] {"attempt": 87, "max_questions": 400, "question_idx": 1978, "uid": "e714c1fe-d87f-4a4a-9d56-b6deed804ac7"}
2026-03-24 12:41:26 | INFO     | [QUESTION_SENT] {"question_idx": 1979, "uid": "31b226d3-6b9a-427a-bd74-0f834f9d151c"}
2026-03-24 12:42:55 | INFO     | [QUESTION_SENT] {"question_idx": 1979, "uid": "31b226d3-6b9a-427a-bd74-0f834f9d151c"}
2026-03-24 12:43:27 | INFO     | [QUESTION_ATTEMPT] {"attempt": 88, "max_questions": 400, "question_idx": 1979, "uid": "31b226d3-6b9a-427a-bd74-0f834f9d151c"}
2026-03-24 12:44:23 | INFO     | [QUESTION_SENT] {"question_idx": 1980, "uid": "ab8ca922-1d38-4214-9f41-44e89a2f9039"}
2026-03-24 12:44:50 | INFO     | [QUESTION_ATTEMPT] {"attempt": 89, "max_questions": 400, "question_idx": 1980, "uid": "ab8ca922-1d38-4214-9f41-44e89a2f9039"}
2026-03-24 12:45:02 | INFO     | [QUESTION_SENT] {"question_idx": 1980, "uid": "ab8ca922-1d38-4214-9f41-44e89a2f9039"}
2026-03-24 12:45:25 | INFO     | [QUESTION_ATTEMPT] {"attempt": 90, "max_questions": 400, "question_idx": 1980, "uid": "ab8ca922-1d38-4214-9f41-44e89a2f9039"}
2026-03-24 12:46:31 | INFO     | [QUESTION_SENT] {"question_idx": 1981, "uid": "3ededcb0-3146-41c6-a6bb-3ac4893c581b"}
2026-03-24 12:47:06 | INFO     | [QUESTION_ATTEMPT] {"attempt": 91, "max_questions": 400, "question_idx": 1981, "uid": "3ededcb0-3146-41c6-a6bb-3ac4893c581b"}
2026-03-24 12:47:59 | INFO     | [QUESTION_SENT] {"question_idx": 1982, "uid": "b119d41b-4640-452b-8164-5efcdd5e229b"}
2026-03-24 12:48:32 | INFO     | [QUESTION_ATTEMPT] {"attempt": 92, "max_questions": 400, "question_idx": 1982, "uid": "b119d41b-4640-452b-8164-5efcdd5e229b"}
2026-03-24 12:49:28 | INFO     | [QUESTION_SENT] {"question_idx": 1983, "uid": "783b655a-8713-4c41-a24e-3dc10877d84a"}
2026-03-24 12:50:06 | INFO     | [QUESTION_ATTEMPT] {"attempt": 93, "max_questions": 400, "question_idx": 1983, "uid": "783b655a-8713-4c41-a24e-3dc10877d84a"}
2026-03-24 12:50:56 | INFO     | [QUESTION_SENT] {"question_idx": 1984, "uid": "a74cbd4f-0bca-46aa-a0cc-6d08c451de26"}
2026-03-24 12:51:28 | INFO     | [QUESTION_ATTEMPT] {"attempt": 94, "max_questions": 400, "question_idx": 1984, "uid": "a74cbd4f-0bca-46aa-a0cc-6d08c451de26"}
2026-03-24 12:52:24 | INFO     | [QUESTION_SENT] {"question_idx": 1985, "uid": "e0191e8e-f2be-4c38-b688-bd5ca4a199aa"}
2026-03-24 12:52:54 | INFO     | [QUESTION_ATTEMPT] {"attempt": 95, "max_questions": 400, "question_idx": 1985, "uid": "e0191e8e-f2be-4c38-b688-bd5ca4a199aa"}
2026-03-24 12:53:52 | INFO     | [QUESTION_SENT] {"question_idx": 1986, "uid": "db1b3957-34a1-48a7-b76c-fedb30291e61"}
2026-03-24 12:54:26 | INFO     | [QUESTION_ATTEMPT] {"attempt": 96, "max_questions": 400, "question_idx": 1986, "uid": "db1b3957-34a1-48a7-b76c-fedb30291e61"}
2026-03-24 12:55:21 | INFO     | [QUESTION_SENT] {"question_idx": 1987, "uid": "ebdc14b9-5c8b-46b1-86e8-0d03c919f179"}
2026-03-24 12:55:51 | INFO     | [QUESTION_ATTEMPT] {"attempt": 97, "max_questions": 400, "question_idx": 1987, "uid": "ebdc14b9-5c8b-46b1-86e8-0d03c919f179"}
2026-03-24 12:56:49 | INFO     | [QUESTION_SENT] {"question_idx": 1988, "uid": "1fabc195-46ad-4fdc-908c-2279477c245e"}
2026-03-24 12:57:18 | INFO     | [QUESTION_ATTEMPT] {"attempt": 98, "max_questions": 400, "question_idx": 1988, "uid": "1fabc195-46ad-4fdc-908c-2279477c245e"}
2026-03-24 12:58:18 | INFO     | [QUESTION_SENT] {"question_idx": 1989, "uid": "f588986e-62b9-41bb-9917-fabdd425877f"}
2026-03-24 12:58:43 | INFO     | [QUESTION_ATTEMPT] {"attempt": 99, "max_questions": 400, "question_idx": 1989, "uid": "f588986e-62b9-41bb-9917-fabdd425877f"}
2026-03-24 12:58:55 | INFO     | [QUESTION_SENT] {"question_idx": 1989, "uid": "f588986e-62b9-41bb-9917-fabdd425877f"}
2026-03-24 12:59:18 | INFO     | [QUESTION_ATTEMPT] {"attempt": 100, "max_questions": 400, "question_idx": 1989, "uid": "f588986e-62b9-41bb-9917-fabdd425877f"}
2026-03-24 13:00:24 | INFO     | [QUESTION_SENT] {"question_idx": 1990, "uid": "1a9673f9-ec63-4c3e-a79b-afea84a1e987"}
2026-03-24 13:00:57 | INFO     | [QUESTION_ATTEMPT] {"attempt": 101, "max_questions": 400, "question_idx": 1990, "uid": "1a9673f9-ec63-4c3e-a79b-afea84a1e987"}
2026-03-24 13:01:52 | INFO     | [QUESTION_SENT] {"question_idx": 1991, "uid": "b7c7dedf-c368-42dd-a1c0-434294294719"}
2026-03-24 13:02:24 | INFO     | [QUESTION_ATTEMPT] {"attempt": 102, "max_questions": 400, "question_idx": 1991, "uid": "b7c7dedf-c368-42dd-a1c0-434294294719"}
2026-03-24 13:03:20 | INFO     | [QUESTION_SENT] {"question_idx": 1992, "uid": "613db337-a113-46fa-83f9-cbce35d3a471"}
2026-03-24 13:03:47 | INFO     | [QUESTION_ATTEMPT] {"attempt": 103, "max_questions": 400, "question_idx": 1992, "uid": "613db337-a113-46fa-83f9-cbce35d3a471"}
2026-03-24 13:04:49 | INFO     | [QUESTION_SENT] {"question_idx": 1993, "uid": "5ed71f95-cbd5-4cd8-8079-f5fdb58e8298"}
2026-03-24 13:06:17 | INFO     | [QUESTION_SENT] {"question_idx": 1993, "uid": "5ed71f95-cbd5-4cd8-8079-f5fdb58e8298"}
2026-03-24 13:06:51 | INFO     | [QUESTION_ATTEMPT] {"attempt": 104, "max_questions": 400, "question_idx": 1993, "uid": "5ed71f95-cbd5-4cd8-8079-f5fdb58e8298"}
2026-03-24 13:07:46 | INFO     | [QUESTION_SENT] {"question_idx": 1994, "uid": "9aa7a7dd-fc39-40d5-a822-154d00adeb7e"}
2026-03-24 13:08:18 | INFO     | [QUESTION_ATTEMPT] {"attempt": 105, "max_questions": 400, "question_idx": 1994, "uid": "9aa7a7dd-fc39-40d5-a822-154d00adeb7e"}
2026-03-24 13:09:14 | INFO     | [QUESTION_SENT] {"question_idx": 1995, "uid": "b0a112d7-255a-4c29-8b92-41b16f526888"}
2026-03-24 13:09:48 | INFO     | [QUESTION_ATTEMPT] {"attempt": 106, "max_questions": 400, "question_idx": 1995, "uid": "b0a112d7-255a-4c29-8b92-41b16f526888"}
2026-03-24 13:10:42 | INFO     | [QUESTION_SENT] {"question_idx": 1996, "uid": "bd2694b7-3b26-4658-b531-15305badf541"}
2026-03-24 13:11:21 | INFO     | [QUESTION_ATTEMPT] {"attempt": 107, "max_questions": 400, "question_idx": 1996, "uid": "bd2694b7-3b26-4658-b531-15305badf541"}
2026-03-24 13:12:11 | INFO     | [QUESTION_SENT] {"question_idx": 1997, "uid": "367bb32e-e5eb-4127-ab93-0a8586fedc90"}
2026-03-24 13:12:44 | INFO     | [QUESTION_ATTEMPT] {"attempt": 108, "max_questions": 400, "question_idx": 1997, "uid": "367bb32e-e5eb-4127-ab93-0a8586fedc90"}
2026-03-24 13:13:39 | INFO     | [QUESTION_SENT] {"question_idx": 1998, "uid": "a1f586d6-12b2-4378-ba39-c1c9c779e868"}
2026-03-24 13:14:09 | INFO     | [QUESTION_ATTEMPT] {"attempt": 109, "max_questions": 400, "question_idx": 1998, "uid": "a1f586d6-12b2-4378-ba39-c1c9c779e868"}
2026-03-24 13:15:07 | INFO     | [QUESTION_SENT] {"question_idx": 1999, "uid": "5a245d88-b48c-4dee-9133-95bed5595774"}
2026-03-24 13:15:38 | INFO     | [QUESTION_ATTEMPT] {"attempt": 110, "max_questions": 400, "question_idx": 1999, "uid": "5a245d88-b48c-4dee-9133-95bed5595774"}
2026-03-24 13:16:36 | INFO     | [QUESTION_SENT] {"question_idx": 2000, "uid": "2c3d430a-6119-42c9-969a-99703931544a"}
2026-03-24 13:17:06 | INFO     | [QUESTION_ATTEMPT] {"attempt": 111, "max_questions": 400, "question_idx": 2000, "uid": "2c3d430a-6119-42c9-969a-99703931544a"}
2026-03-24 13:17:19 | INFO     | [QUESTION_SENT] {"question_idx": 2000, "uid": "2c3d430a-6119-42c9-969a-99703931544a"}
2026-03-24 13:17:37 | INFO     | [QUESTION_ATTEMPT] {"attempt": 112, "max_questions": 400, "question_idx": 2000, "uid": "2c3d430a-6119-42c9-969a-99703931544a"}
2026-03-24 13:17:50 | INFO     | [QUESTION_SENT] {"question_idx": 2000, "uid": "2c3d430a-6119-42c9-969a-99703931544a"}
2026-03-24 13:18:06 | INFO     | [QUESTION_ATTEMPT] {"attempt": 113, "max_questions": 400, "question_idx": 2000, "uid": "2c3d430a-6119-42c9-969a-99703931544a"}
2026-03-24 13:18:19 | INFO     | [QUESTION_SENT] {"question_idx": 2000, "uid": "2c3d430a-6119-42c9-969a-99703931544a"}
2026-03-24 13:18:38 | INFO     | [QUESTION_ATTEMPT] {"attempt": 114, "max_questions": 400, "question_idx": 2000, "uid": "2c3d430a-6119-42c9-969a-99703931544a"}
2026-03-24 13:19:47 | INFO     | [QUESTION_SENT] {"question_idx": 2000, "uid": "2c3d430a-6119-42c9-969a-99703931544a"}
2026-03-24 13:20:32 | INFO     | [QUESTION_ATTEMPT] {"attempt": 115, "max_questions": 400, "question_idx": 2000, "uid": "2c3d430a-6119-42c9-969a-99703931544a"}
2026-03-24 13:20:45 | INFO     | [QUESTION_SENT] {"question_idx": 2000, "uid": "2c3d430a-6119-42c9-969a-99703931544a"}
2026-03-24 13:22:13 | INFO     | [QUESTION_SENT] {"question_idx": 2000, "uid": "2c3d430a-6119-42c9-969a-99703931544a"}
2026-03-24 13:22:45 | INFO     | [QUESTION_ATTEMPT] {"attempt": 116, "max_questions": 400, "question_idx": 2000, "uid": "2c3d430a-6119-42c9-969a-99703931544a"}
2026-03-24 13:23:42 | INFO     | [QUESTION_SENT] {"question_idx": 2001, "uid": "3d149d82-96f9-46b4-ad70-77972b28e416"}
2026-03-24 13:24:17 | INFO     | [QUESTION_ATTEMPT] {"attempt": 117, "max_questions": 400, "question_idx": 2001, "uid": "3d149d82-96f9-46b4-ad70-77972b28e416"}
2026-03-24 13:24:30 | INFO     | [QUESTION_SENT] {"question_idx": 2001, "uid": "3d149d82-96f9-46b4-ad70-77972b28e416"}
2026-03-24 13:24:58 | INFO     | [QUESTION_ATTEMPT] {"attempt": 118, "max_questions": 400, "question_idx": 2001, "uid": "3d149d82-96f9-46b4-ad70-77972b28e416"}
2026-03-24 13:25:58 | INFO     | [QUESTION_SENT] {"question_idx": 2002, "uid": "07ccd736-8724-400b-b876-635706e1136f"}
2026-03-24 13:26:33 | INFO     | [QUESTION_ATTEMPT] {"attempt": 119, "max_questions": 400, "question_idx": 2002, "uid": "07ccd736-8724-400b-b876-635706e1136f"}
2026-03-24 13:27:26 | INFO     | [QUESTION_SENT] {"question_idx": 2003, "uid": "df168fab-aabb-4e01-b469-72e374497ac3"}
2026-03-24 13:27:54 | INFO     | [QUESTION_ATTEMPT] {"attempt": 120, "max_questions": 400, "question_idx": 2003, "uid": "df168fab-aabb-4e01-b469-72e374497ac3"}
2026-03-24 13:28:07 | INFO     | [QUESTION_SENT] {"question_idx": 2003, "uid": "df168fab-aabb-4e01-b469-72e374497ac3"}
2026-03-24 13:28:30 | INFO     | [QUESTION_ATTEMPT] {"attempt": 121, "max_questions": 400, "question_idx": 2003, "uid": "df168fab-aabb-4e01-b469-72e374497ac3"}
2026-03-24 13:29:35 | INFO     | [QUESTION_SENT] {"question_idx": 2004, "uid": "27690fc5-bf7b-40af-a478-1f60c3241a11"}
2026-03-24 13:31:03 | INFO     | [QUESTION_SENT] {"question_idx": 2004, "uid": "27690fc5-bf7b-40af-a478-1f60c3241a11"}
2026-03-24 13:31:40 | INFO     | [QUESTION_ATTEMPT] {"attempt": 122, "max_questions": 400, "question_idx": 2004, "uid": "27690fc5-bf7b-40af-a478-1f60c3241a11"}
2026-03-24 13:31:53 | INFO     | [QUESTION_SENT] {"question_idx": 2004, "uid": "27690fc5-bf7b-40af-a478-1f60c3241a11"}
2026-03-24 13:32:09 | INFO     | [QUESTION_ATTEMPT] {"attempt": 123, "max_questions": 400, "question_idx": 2004, "uid": "27690fc5-bf7b-40af-a478-1f60c3241a11"}
2026-03-24 13:32:22 | INFO     | [QUESTION_SENT] {"question_idx": 2004, "uid": "27690fc5-bf7b-40af-a478-1f60c3241a11"}
2026-03-24 13:32:44 | INFO     | [QUESTION_ATTEMPT] {"attempt": 124, "max_questions": 400, "question_idx": 2004, "uid": "27690fc5-bf7b-40af-a478-1f60c3241a11"}
2026-03-24 13:33:50 | INFO     | [QUESTION_SENT] {"question_idx": 2005, "uid": "689ad2f0-b500-40dc-8e67-ea2221760adb"}
2026-03-24 13:34:21 | INFO     | [QUESTION_ATTEMPT] {"attempt": 125, "max_questions": 400, "question_idx": 2005, "uid": "689ad2f0-b500-40dc-8e67-ea2221760adb"}
2026-03-24 13:35:19 | INFO     | [QUESTION_SENT] {"question_idx": 2006, "uid": "c610dcc9-bcf6-484b-876f-6d60c63905ef"}
2026-03-24 13:35:50 | INFO     | [QUESTION_ATTEMPT] {"attempt": 126, "max_questions": 400, "question_idx": 2006, "uid": "c610dcc9-bcf6-484b-876f-6d60c63905ef"}
2026-03-24 13:37:00 | INFO     | [QUESTION_SENT] {"question_idx": 2007, "uid": "177cd5f8-ced2-44eb-8dea-71373fc67a26"}
2026-03-24 13:37:26 | INFO     | [QUESTION_ATTEMPT] {"attempt": 127, "max_questions": 400, "question_idx": 2007, "uid": "177cd5f8-ced2-44eb-8dea-71373fc67a26"}
2026-03-24 13:38:28 | INFO     | [QUESTION_SENT] {"question_idx": 2007, "uid": "177cd5f8-ced2-44eb-8dea-71373fc67a26"}
2026-03-24 13:39:02 | INFO     | [QUESTION_ATTEMPT] {"attempt": 128, "max_questions": 400, "question_idx": 2007, "uid": "177cd5f8-ced2-44eb-8dea-71373fc67a26"}
2026-03-24 13:39:56 | INFO     | [QUESTION_SENT] {"question_idx": 2008, "uid": "6dbaa432-7c6f-419a-b62d-5bf5677dea50"}
2026-03-24 13:40:30 | INFO     | [QUESTION_ATTEMPT] {"attempt": 129, "max_questions": 400, "question_idx": 2008, "uid": "6dbaa432-7c6f-419a-b62d-5bf5677dea50"}
2026-03-24 13:41:24 | INFO     | [QUESTION_SENT] {"question_idx": 2009, "uid": "ff9bd1e5-6f26-4414-9362-a4b23d9509b0"}
2026-03-24 13:42:53 | INFO     | [QUESTION_SENT] {"question_idx": 2009, "uid": "ff9bd1e5-6f26-4414-9362-a4b23d9509b0"}
2026-03-24 13:43:26 | INFO     | [QUESTION_ATTEMPT] {"attempt": 130, "max_questions": 400, "question_idx": 2009, "uid": "ff9bd1e5-6f26-4414-9362-a4b23d9509b0"}
2026-03-24 13:44:21 | INFO     | [QUESTION_SENT] {"question_idx": 2010, "uid": "f41a8383-ca58-4360-8bfd-6f6c8216629a"}
2026-03-24 13:45:50 | INFO     | [QUESTION_SENT] {"question_idx": 2010, "uid": "f41a8383-ca58-4360-8bfd-6f6c8216629a"}
2026-03-24 13:46:33 | INFO     | [QUESTION_ATTEMPT] {"attempt": 131, "max_questions": 400, "question_idx": 2010, "uid": "f41a8383-ca58-4360-8bfd-6f6c8216629a"}
2026-03-24 13:47:18 | INFO     | [QUESTION_SENT] {"question_idx": 2011, "uid": "840143c8-4fed-43cd-b7e3-2e23138c12fd"}
2026-03-24 13:47:53 | INFO     | [QUESTION_ATTEMPT] {"attempt": 132, "max_questions": 400, "question_idx": 2011, "uid": "840143c8-4fed-43cd-b7e3-2e23138c12fd"}
2026-03-24 13:48:46 | INFO     | [QUESTION_SENT] {"question_idx": 2012, "uid": "a4876453-6433-4899-bf1b-cbfae27f087e"}
2026-03-24 13:49:17 | INFO     | [QUESTION_ATTEMPT] {"attempt": 133, "max_questions": 400, "question_idx": 2012, "uid": "a4876453-6433-4899-bf1b-cbfae27f087e"}
2026-03-24 13:50:15 | INFO     | [QUESTION_SENT] {"question_idx": 2013, "uid": "a33ea6ec-d6a9-43c3-9cd1-c96ea8b54564"}
2026-03-24 13:50:45 | INFO     | [QUESTION_ATTEMPT] {"attempt": 134, "max_questions": 400, "question_idx": 2013, "uid": "a33ea6ec-d6a9-43c3-9cd1-c96ea8b54564"}
2026-03-24 13:51:43 | INFO     | [QUESTION_SENT] {"question_idx": 2014, "uid": "9d786c83-9fc8-44eb-add0-f6b9117d3bda"}
2026-03-24 13:52:03 | INFO     | [QUESTION_ATTEMPT] {"attempt": 135, "max_questions": 400, "question_idx": 2014, "uid": "9d786c83-9fc8-44eb-add0-f6b9117d3bda"}
2026-03-24 13:52:15 | INFO     | [QUESTION_SENT] {"question_idx": 2014, "uid": "9d786c83-9fc8-44eb-add0-f6b9117d3bda"}
2026-03-24 13:52:34 | INFO     | [QUESTION_ATTEMPT] {"attempt": 136, "max_questions": 400, "question_idx": 2014, "uid": "9d786c83-9fc8-44eb-add0-f6b9117d3bda"}
2026-03-24 13:52:47 | INFO     | [QUESTION_SENT] {"question_idx": 2014, "uid": "9d786c83-9fc8-44eb-add0-f6b9117d3bda"}
2026-03-24 13:53:06 | INFO     | [QUESTION_ATTEMPT] {"attempt": 137, "max_questions": 400, "question_idx": 2014, "uid": "9d786c83-9fc8-44eb-add0-f6b9117d3bda"}
2026-03-24 13:53:19 | INFO     | [QUESTION_SENT] {"question_idx": 2014, "uid": "9d786c83-9fc8-44eb-add0-f6b9117d3bda"}
2026-03-24 13:53:40 | INFO     | [QUESTION_ATTEMPT] {"attempt": 138, "max_questions": 400, "question_idx": 2014, "uid": "9d786c83-9fc8-44eb-add0-f6b9117d3bda"}
2026-03-24 13:53:52 | INFO     | [QUESTION_SENT] {"question_idx": 2014, "uid": "9d786c83-9fc8-44eb-add0-f6b9117d3bda"}
2026-03-24 13:54:12 | INFO     | [QUESTION_ATTEMPT] {"attempt": 139, "max_questions": 400, "question_idx": 2014, "uid": "9d786c83-9fc8-44eb-add0-f6b9117d3bda"}
2026-03-24 13:55:41 | INFO     | [QUESTION_SENT] {"question_idx": 2014, "uid": "9d786c83-9fc8-44eb-add0-f6b9117d3bda"}
2026-03-24 13:56:15 | INFO     | [QUESTION_ATTEMPT] {"attempt": 140, "max_questions": 400, "question_idx": 2014, "uid": "9d786c83-9fc8-44eb-add0-f6b9117d3bda"}
2026-03-24 13:57:10 | INFO     | [QUESTION_SENT] {"question_idx": 2015, "uid": "46bdf00a-f7f1-4173-b0be-8381d4f71596"}
2026-03-24 13:57:43 | INFO     | [QUESTION_ATTEMPT] {"attempt": 141, "max_questions": 400, "question_idx": 2015, "uid": "46bdf00a-f7f1-4173-b0be-8381d4f71596"}
2026-03-24 13:58:38 | INFO     | [QUESTION_SENT] {"question_idx": 2016, "uid": "836752fa-edef-45c7-acd0-cc98969df72e"}
2026-03-24 13:59:11 | INFO     | [QUESTION_ATTEMPT] {"attempt": 142, "max_questions": 400, "question_idx": 2016, "uid": "836752fa-edef-45c7-acd0-cc98969df72e"}
2026-03-24 14:01:56 | INFO     | [QUESTION_SENT] {"question_idx": 2016, "uid": "836752fa-edef-45c7-acd0-cc98969df72e"}
2026-03-24 14:02:27 | INFO     | [QUESTION_ATTEMPT] {"attempt": 143, "max_questions": 400, "question_idx": 2016, "uid": "836752fa-edef-45c7-acd0-cc98969df72e"}
2026-03-24 14:03:25 | INFO     | [QUESTION_SENT] {"question_idx": 2017, "uid": "0ec5493b-526c-4b48-be2a-20aefa3de46f"}
2026-03-24 14:03:59 | INFO     | [QUESTION_ATTEMPT] {"attempt": 144, "max_questions": 400, "question_idx": 2017, "uid": "0ec5493b-526c-4b48-be2a-20aefa3de46f"}
2026-03-24 14:04:53 | INFO     | [QUESTION_SENT] {"question_idx": 2018, "uid": "4179157e-de9d-4fa0-8e47-bb7ed03fa24a"}
2026-03-24 14:05:25 | INFO     | [QUESTION_ATTEMPT] {"attempt": 145, "max_questions": 400, "question_idx": 2018, "uid": "4179157e-de9d-4fa0-8e47-bb7ed03fa24a"}
2026-03-24 14:06:22 | INFO     | [QUESTION_SENT] {"question_idx": 2019, "uid": "dd721661-ab93-41c8-9dc0-8100e199a752"}
2026-03-24 14:07:01 | INFO     | [QUESTION_ATTEMPT] {"attempt": 146, "max_questions": 400, "question_idx": 2019, "uid": "dd721661-ab93-41c8-9dc0-8100e199a752"}
2026-03-24 14:08:03 | INFO     | [QUESTION_SENT] {"question_idx": 2020, "uid": "0be2814e-c5af-47fc-964d-a8736d6ce4ac"}
2026-03-24 14:15:31 | INFO     | [QUESTION_SENT] {"question_idx": 2020, "uid": "0be2814e-c5af-47fc-964d-a8736d6ce4ac"}
2026-03-24 14:16:00 | INFO     | [QUESTION_ATTEMPT] {"attempt": 147, "max_questions": 400, "question_idx": 2020, "uid": "0be2814e-c5af-47fc-964d-a8736d6ce4ac"}
2026-03-24 14:16:13 | INFO     | [QUESTION_SENT] {"question_idx": 2020, "uid": "0be2814e-c5af-47fc-964d-a8736d6ce4ac"}
2026-03-24 14:16:36 | INFO     | [QUESTION_ATTEMPT] {"attempt": 148, "max_questions": 400, "question_idx": 2020, "uid": "0be2814e-c5af-47fc-964d-a8736d6ce4ac"}
2026-03-24 14:17:41 | INFO     | [QUESTION_SENT] {"question_idx": 2021, "uid": "0a5f2606-b638-408b-be32-53e6cd8642af"}
2026-03-24 14:18:10 | INFO     | [QUESTION_ATTEMPT] {"attempt": 149, "max_questions": 400, "question_idx": 2021, "uid": "0a5f2606-b638-408b-be32-53e6cd8642af"}
2026-03-24 14:19:09 | INFO     | [QUESTION_SENT] {"question_idx": 2022, "uid": "40c84a56-b428-485b-bbd7-aa0f917391ec"}
2026-03-24 14:19:41 | INFO     | [QUESTION_ATTEMPT] {"attempt": 150, "max_questions": 400, "question_idx": 2022, "uid": "40c84a56-b428-485b-bbd7-aa0f917391ec"}
2026-03-24 14:20:37 | INFO     | [QUESTION_SENT] {"question_idx": 2023, "uid": "8da79f47-21a5-447a-8ab4-190655eda193"}
2026-03-24 14:21:05 | INFO     | [QUESTION_ATTEMPT] {"attempt": 151, "max_questions": 400, "question_idx": 2023, "uid": "8da79f47-21a5-447a-8ab4-190655eda193"}
2026-03-24 14:22:05 | INFO     | [QUESTION_SENT] {"question_idx": 2024, "uid": "0f94bddd-36ea-4875-9c0e-c9eb0d1162f7"}
2026-03-24 14:22:34 | INFO     | [QUESTION_ATTEMPT] {"attempt": 152, "max_questions": 400, "question_idx": 2024, "uid": "0f94bddd-36ea-4875-9c0e-c9eb0d1162f7"}
2026-03-24 14:22:47 | INFO     | [QUESTION_SENT] {"question_idx": 2024, "uid": "0f94bddd-36ea-4875-9c0e-c9eb0d1162f7"}
2026-03-24 14:24:15 | INFO     | [QUESTION_SENT] {"question_idx": 2024, "uid": "0f94bddd-36ea-4875-9c0e-c9eb0d1162f7"}
2026-03-24 14:24:44 | INFO     | [QUESTION_ATTEMPT] {"attempt": 153, "max_questions": 400, "question_idx": 2024, "uid": "0f94bddd-36ea-4875-9c0e-c9eb0d1162f7"}
2026-03-24 14:25:44 | INFO     | [QUESTION_SENT] {"question_idx": 2025, "uid": "29e53128-8672-4696-aac4-743a3d78c842"}
2026-03-24 14:26:16 | INFO     | [QUESTION_ATTEMPT] {"attempt": 154, "max_questions": 400, "question_idx": 2025, "uid": "29e53128-8672-4696-aac4-743a3d78c842"}
2026-03-24 14:27:12 | INFO     | [QUESTION_SENT] {"question_idx": 2026, "uid": "b9721255-0dde-4f4b-8600-6d259ff462cd"}
2026-03-24 14:27:37 | INFO     | [QUESTION_ATTEMPT] {"attempt": 155, "max_questions": 400, "question_idx": 2026, "uid": "b9721255-0dde-4f4b-8600-6d259ff462cd"}
2026-03-24 14:27:49 | INFO     | [QUESTION_SENT] {"question_idx": 2026, "uid": "b9721255-0dde-4f4b-8600-6d259ff462cd"}
2026-03-24 14:28:11 | INFO     | [QUESTION_ATTEMPT] {"attempt": 156, "max_questions": 400, "question_idx": 2026, "uid": "b9721255-0dde-4f4b-8600-6d259ff462cd"}
2026-03-24 14:29:18 | INFO     | [QUESTION_SENT] {"question_idx": 2027, "uid": "b708863d-f79e-4db1-999d-5ac9b0eee34e"}
2026-03-24 14:29:54 | INFO     | [QUESTION_ATTEMPT] {"attempt": 157, "max_questions": 400, "question_idx": 2027, "uid": "b708863d-f79e-4db1-999d-5ac9b0eee34e"}
2026-03-24 14:30:07 | INFO     | [QUESTION_SENT] {"question_idx": 2027, "uid": "b708863d-f79e-4db1-999d-5ac9b0eee34e"}
2026-03-24 14:30:28 | INFO     | [QUESTION_ATTEMPT] {"attempt": 158, "max_questions": 400, "question_idx": 2027, "uid": "b708863d-f79e-4db1-999d-5ac9b0eee34e"}
2026-03-24 14:30:41 | INFO     | [QUESTION_SENT] {"question_idx": 2027, "uid": "b708863d-f79e-4db1-999d-5ac9b0eee34e"}
2026-03-24 14:31:14 | INFO     | [QUESTION_ATTEMPT] {"attempt": 159, "max_questions": 400, "question_idx": 2027, "uid": "b708863d-f79e-4db1-999d-5ac9b0eee34e"}
2026-03-24 14:31:27 | INFO     | [QUESTION_SENT] {"question_idx": 2027, "uid": "b708863d-f79e-4db1-999d-5ac9b0eee34e"}
2026-03-24 14:31:47 | INFO     | [QUESTION_ATTEMPT] {"attempt": 160, "max_questions": 400, "question_idx": 2027, "uid": "b708863d-f79e-4db1-999d-5ac9b0eee34e"}
2026-03-24 14:33:20 | INFO     | [QUESTION_SENT] {"question_idx": 2028, "uid": "eed0084b-a05f-4331-b77b-e95607147cf4"}
2026-03-24 14:33:57 | INFO     | [QUESTION_ATTEMPT] {"attempt": 161, "max_questions": 400, "question_idx": 2028, "uid": "eed0084b-a05f-4331-b77b-e95607147cf4"}
2026-03-24 14:34:48 | INFO     | [QUESTION_SENT] {"question_idx": 2029, "uid": "d5dc6c67-d49c-4fd4-92a1-3cd448395816"}
2026-03-24 14:35:03 | INFO     | [QUESTION_ATTEMPT] {"attempt": 162, "max_questions": 400, "question_idx": 2029, "uid": "d5dc6c67-d49c-4fd4-92a1-3cd448395816"}
2026-03-24 14:35:16 | INFO     | [QUESTION_SENT] {"question_idx": 2029, "uid": "d5dc6c67-d49c-4fd4-92a1-3cd448395816"}
2026-03-24 14:35:29 | INFO     | [QUESTION_ATTEMPT] {"attempt": 163, "max_questions": 400, "question_idx": 2029, "uid": "d5dc6c67-d49c-4fd4-92a1-3cd448395816"}
2026-03-24 14:35:42 | INFO     | [QUESTION_SENT] {"question_idx": 2029, "uid": "d5dc6c67-d49c-4fd4-92a1-3cd448395816"}
2026-03-24 14:35:57 | INFO     | [QUESTION_ATTEMPT] {"attempt": 164, "max_questions": 400, "question_idx": 2029, "uid": "d5dc6c67-d49c-4fd4-92a1-3cd448395816"}
2026-03-24 14:38:18 | INFO     | [QUESTION_SENT] {"question_idx": 2029, "uid": "d5dc6c67-d49c-4fd4-92a1-3cd448395816"}
2026-03-24 14:38:48 | INFO     | [QUESTION_ATTEMPT] {"attempt": 165, "max_questions": 400, "question_idx": 2029, "uid": "d5dc6c67-d49c-4fd4-92a1-3cd448395816"}
2026-03-24 14:39:46 | INFO     | [QUESTION_SENT] {"question_idx": 2030, "uid": "ef035ac8-b57e-467c-bcfc-5d5e0b2045e1"}
2026-03-24 14:40:18 | INFO     | [QUESTION_ATTEMPT] {"attempt": 166, "max_questions": 400, "question_idx": 2030, "uid": "ef035ac8-b57e-467c-bcfc-5d5e0b2045e1"}
2026-03-24 14:41:14 | INFO     | [QUESTION_SENT] {"question_idx": 2031, "uid": "147abbeb-e57f-42e5-87f8-6a4efa0254e0"}
2026-03-24 14:41:45 | INFO     | [QUESTION_ATTEMPT] {"attempt": 167, "max_questions": 400, "question_idx": 2031, "uid": "147abbeb-e57f-42e5-87f8-6a4efa0254e0"}
2026-03-24 14:42:42 | INFO     | [QUESTION_SENT] {"question_idx": 2032, "uid": "0eeef5bb-cf47-4bd5-8f4c-11819c841a13"}
2026-03-24 14:43:16 | INFO     | [QUESTION_ATTEMPT] {"attempt": 168, "max_questions": 400, "question_idx": 2032, "uid": "0eeef5bb-cf47-4bd5-8f4c-11819c841a13"}
2026-03-24 14:44:10 | INFO     | [QUESTION_SENT] {"question_idx": 2033, "uid": "a5133ab8-1fc8-4a86-9f84-3ac57cb3c380"}
2026-03-24 14:44:41 | INFO     | [QUESTION_ATTEMPT] {"attempt": 169, "max_questions": 400, "question_idx": 2033, "uid": "a5133ab8-1fc8-4a86-9f84-3ac57cb3c380"}
2026-03-24 14:45:39 | INFO     | [QUESTION_SENT] {"question_idx": 2034, "uid": "43440296-4041-4edf-b158-43e897371864"}
2026-03-24 14:46:07 | INFO     | [QUESTION_ATTEMPT] {"attempt": 170, "max_questions": 400, "question_idx": 2034, "uid": "43440296-4041-4edf-b158-43e897371864"}
2026-03-24 14:47:07 | INFO     | [QUESTION_SENT] {"question_idx": 2035, "uid": "d9b95745-8f22-4a50-ac23-6cde9e8049a1"}
2026-03-24 14:47:37 | INFO     | [QUESTION_ATTEMPT] {"attempt": 171, "max_questions": 400, "question_idx": 2035, "uid": "d9b95745-8f22-4a50-ac23-6cde9e8049a1"}
2026-03-24 14:48:35 | INFO     | [QUESTION_SENT] {"question_idx": 2036, "uid": "283938e4-c2f1-4c68-b4e7-cd5b5ec99846"}
2026-03-24 14:49:00 | INFO     | [QUESTION_ATTEMPT] {"attempt": 172, "max_questions": 400, "question_idx": 2036, "uid": "283938e4-c2f1-4c68-b4e7-cd5b5ec99846"}
2026-03-24 14:49:13 | INFO     | [QUESTION_SENT] {"question_idx": 2036, "uid": "283938e4-c2f1-4c68-b4e7-cd5b5ec99846"}
2026-03-24 14:50:41 | INFO     | [QUESTION_SENT] {"question_idx": 2036, "uid": "283938e4-c2f1-4c68-b4e7-cd5b5ec99846"}
2026-03-24 14:51:04 | INFO     | [QUESTION_ATTEMPT] {"attempt": 173, "max_questions": 400, "question_idx": 2036, "uid": "283938e4-c2f1-4c68-b4e7-cd5b5ec99846"}
2026-03-24 14:51:17 | INFO     | [QUESTION_SENT] {"question_idx": 2036, "uid": "283938e4-c2f1-4c68-b4e7-cd5b5ec99846"}
2026-03-24 14:51:36 | INFO     | [QUESTION_ATTEMPT] {"attempt": 174, "max_questions": 400, "question_idx": 2036, "uid": "283938e4-c2f1-4c68-b4e7-cd5b5ec99846"}
2026-03-24 14:52:45 | INFO     | [QUESTION_SENT] {"question_idx": 2037, "uid": "1e7a563f-3376-4141-bb11-3419e6d34e1e"}
2026-03-24 14:53:18 | INFO     | [QUESTION_ATTEMPT] {"attempt": 175, "max_questions": 400, "question_idx": 2037, "uid": "1e7a563f-3376-4141-bb11-3419e6d34e1e"}
2026-03-24 14:54:13 | INFO     | [QUESTION_SENT] {"question_idx": 2038, "uid": "a8b0a332-b06c-4ab2-b77b-d998d1e502d6"}
2026-03-24 14:54:58 | INFO     | [QUESTION_ATTEMPT] {"attempt": 176, "max_questions": 400, "question_idx": 2038, "uid": "a8b0a332-b06c-4ab2-b77b-d998d1e502d6"}
2026-03-24 14:55:42 | INFO     | [QUESTION_SENT] {"question_idx": 2039, "uid": "067510e6-8e5b-4356-a4f7-156600fec955"}
2026-03-24 14:56:17 | INFO     | [QUESTION_ATTEMPT] {"attempt": 177, "max_questions": 400, "question_idx": 2039, "uid": "067510e6-8e5b-4356-a4f7-156600fec955"}
2026-03-24 14:57:10 | INFO     | [QUESTION_SENT] {"question_idx": 2040, "uid": "e7ee7f28-c80b-4a23-acd0-bf41d69c782d"}
2026-03-24 14:57:47 | INFO     | [QUESTION_ATTEMPT] {"attempt": 178, "max_questions": 400, "question_idx": 2040, "uid": "e7ee7f28-c80b-4a23-acd0-bf41d69c782d"}
2026-03-24 14:58:00 | INFO     | [QUESTION_SENT] {"question_idx": 2040, "uid": "e7ee7f28-c80b-4a23-acd0-bf41d69c782d"}
2026-03-24 14:58:22 | INFO     | [QUESTION_ATTEMPT] {"attempt": 179, "max_questions": 400, "question_idx": 2040, "uid": "e7ee7f28-c80b-4a23-acd0-bf41d69c782d"}
2026-03-24 14:59:28 | INFO     | [QUESTION_SENT] {"question_idx": 2041, "uid": "d3d88f00-e2c3-46f9-9bae-7a879b4ada6b"}
2026-03-24 14:59:55 | INFO     | [QUESTION_ATTEMPT] {"attempt": 180, "max_questions": 400, "question_idx": 2041, "uid": "d3d88f00-e2c3-46f9-9bae-7a879b4ada6b"}
2026-03-24 15:00:08 | INFO     | [QUESTION_SENT] {"question_idx": 2041, "uid": "d3d88f00-e2c3-46f9-9bae-7a879b4ada6b"}
2026-03-24 15:00:24 | INFO     | [QUESTION_ATTEMPT] {"attempt": 181, "max_questions": 400, "question_idx": 2041, "uid": "d3d88f00-e2c3-46f9-9bae-7a879b4ada6b"}
2026-03-24 15:01:36 | INFO     | [QUESTION_SENT] {"question_idx": 2041, "uid": "d3d88f00-e2c3-46f9-9bae-7a879b4ada6b"}
2026-03-24 15:02:10 | INFO     | [QUESTION_ATTEMPT] {"attempt": 182, "max_questions": 400, "question_idx": 2041, "uid": "d3d88f00-e2c3-46f9-9bae-7a879b4ada6b"}
2026-03-24 15:03:05 | INFO     | [QUESTION_SENT] {"question_idx": 2042, "uid": "93037af8-405d-4366-aad9-a6b0782de24a"}
2026-03-24 15:03:37 | INFO     | [QUESTION_ATTEMPT] {"attempt": 183, "max_questions": 400, "question_idx": 2042, "uid": "93037af8-405d-4366-aad9-a6b0782de24a"}
2026-03-24 15:04:33 | INFO     | [QUESTION_SENT] {"question_idx": 2043, "uid": "63bf3bff-075c-4512-be18-089fd17353f8"}
2026-03-24 15:06:01 | INFO     | [QUESTION_SENT] {"question_idx": 2043, "uid": "63bf3bff-075c-4512-be18-089fd17353f8"}
2026-03-24 15:06:40 | INFO     | [QUESTION_ATTEMPT] {"attempt": 184, "max_questions": 400, "question_idx": 2043, "uid": "63bf3bff-075c-4512-be18-089fd17353f8"}
2026-03-24 15:07:30 | INFO     | [QUESTION_SENT] {"question_idx": 2044, "uid": "ca3f75b3-0cc7-4e1a-ab7e-423450d08389"}
2026-03-24 15:08:02 | INFO     | [QUESTION_ATTEMPT] {"attempt": 185, "max_questions": 400, "question_idx": 2044, "uid": "ca3f75b3-0cc7-4e1a-ab7e-423450d08389"}
2026-03-24 15:08:58 | INFO     | [QUESTION_SENT] {"question_idx": 2045, "uid": "3daea79f-079b-4dcd-bfb9-5aaf138f472c"}
2026-03-24 15:09:28 | INFO     | [QUESTION_ATTEMPT] {"attempt": 186, "max_questions": 400, "question_idx": 2045, "uid": "3daea79f-079b-4dcd-bfb9-5aaf138f472c"}
2026-03-24 15:10:27 | INFO     | [QUESTION_SENT] {"question_idx": 2046, "uid": "61fbdae6-5122-46c7-86fe-4b969744f837"}
2026-03-24 15:11:01 | INFO     | [QUESTION_ATTEMPT] {"attempt": 187, "max_questions": 400, "question_idx": 2046, "uid": "61fbdae6-5122-46c7-86fe-4b969744f837"}
2026-03-24 15:11:55 | INFO     | [QUESTION_SENT] {"question_idx": 2047, "uid": "58676b7d-5a62-4985-a01d-07ce16989c20"}
2026-03-24 15:14:35 | INFO     | [QUESTION_SENT] {"question_idx": 2047, "uid": "58676b7d-5a62-4985-a01d-07ce16989c20"}
2026-03-24 15:15:08 | INFO     | [QUESTION_ATTEMPT] {"attempt": 188, "max_questions": 400, "question_idx": 2047, "uid": "58676b7d-5a62-4985-a01d-07ce16989c20"}
2026-03-24 15:16:03 | INFO     | [QUESTION_SENT] {"question_idx": 2048, "uid": "fa44b66c-4458-4f43-a9ec-07e19068acf1"}
2026-03-24 15:16:26 | INFO     | [QUESTION_ATTEMPT] {"attempt": 189, "max_questions": 400, "question_idx": 2048, "uid": "fa44b66c-4458-4f43-a9ec-07e19068acf1"}
2026-03-24 15:16:39 | INFO     | [QUESTION_SENT] {"question_idx": 2048, "uid": "fa44b66c-4458-4f43-a9ec-07e19068acf1"}
2026-03-24 15:17:05 | INFO     | [QUESTION_ATTEMPT] {"attempt": 190, "max_questions": 400, "question_idx": 2048, "uid": "fa44b66c-4458-4f43-a9ec-07e19068acf1"}
2026-03-24 15:18:07 | INFO     | [QUESTION_SENT] {"question_idx": 2049, "uid": "4b63ab0b-4806-4989-ab41-bbc73fa67fb9"}
2026-03-24 15:18:36 | INFO     | [QUESTION_ATTEMPT] {"attempt": 191, "max_questions": 400, "question_idx": 2049, "uid": "4b63ab0b-4806-4989-ab41-bbc73fa67fb9"}
2026-03-24 15:19:35 | INFO     | [QUESTION_SENT] {"question_idx": 2050, "uid": "b2c405d0-2867-4a81-84a1-64eec7a34a35"}
2026-03-24 15:20:15 | INFO     | [QUESTION_ATTEMPT] {"attempt": 192, "max_questions": 400, "question_idx": 2050, "uid": "b2c405d0-2867-4a81-84a1-64eec7a34a35"}
2026-03-24 15:20:16 | INFO     | [BOT_STOP] {"bot_id": 13, "total_questions": 192}
