2026-04-01 10:43:58 | INFO     | [BOT_START] {"bot_id": 13, "project": "hypos_norm", "timestamp": "2026-04-01T10:43:58.369332", "log_dir": "/home/dmitrii/Documents/projects/clicker_3.0/logs/bot_13"}
2026-04-01 10:44:04 | INFO     | [RESTART] {"bot_id": 13, "note": "first_start"}
2026-04-01 10:44:04 | INFO     | [FSM_INITIALIZED] {"site": "gpt", "scenario": "web_search", "start_state": "start_question"}
2026-04-01 10:46:50 | INFO     | [QUESTION_SENT] {"question_idx": 2301, "uid": "519efdd7-fb18-4123-aafe-1d1b10b53aba"}
2026-04-01 10:50:23 | INFO     | [QUESTION_SENT] {"question_idx": 2301, "uid": "519efdd7-fb18-4123-aafe-1d1b10b53aba"}
2026-04-01 10:51:03 | INFO     | [QUESTION_ATTEMPT] {"attempt": 1, "max_questions": 300, "question_idx": 2301, "uid": "519efdd7-fb18-4123-aafe-1d1b10b53aba"}
2026-04-01 10:53:56 | INFO     | [QUESTION_SENT] {"question_idx": 2302, "uid": "c70ec7ba-5336-486d-a291-b3ef4917a544"}
2026-04-01 10:54:37 | INFO     | [QUESTION_ATTEMPT] {"attempt": 2, "max_questions": 300, "question_idx": 2302, "uid": "c70ec7ba-5336-486d-a291-b3ef4917a544"}
2026-04-01 10:57:29 | INFO     | [QUESTION_SENT] {"question_idx": 2303, "uid": "e29e3611-0546-4adc-a310-8beca2f023f3"}
2026-04-01 10:58:10 | INFO     | [QUESTION_ATTEMPT] {"attempt": 3, "max_questions": 300, "question_idx": 2303, "uid": "e29e3611-0546-4adc-a310-8beca2f023f3"}
2026-04-01 11:01:01 | INFO     | [QUESTION_SENT] {"question_idx": 2304, "uid": "09317f17-f304-4e1a-b5ed-310ab44680a5"}
2026-04-01 11:01:41 | INFO     | [QUESTION_ATTEMPT] {"attempt": 4, "max_questions": 300, "question_idx": 2304, "uid": "09317f17-f304-4e1a-b5ed-310ab44680a5"}
2026-04-01 11:04:34 | INFO     | [QUESTION_SENT] {"question_idx": 2305, "uid": "511103ee-297d-4ab8-a254-967e36abf18b"}
2026-04-01 11:05:10 | INFO     | [QUESTION_ATTEMPT] {"attempt": 5, "max_questions": 300, "question_idx": 2305, "uid": "511103ee-297d-4ab8-a254-967e36abf18b"}
2026-04-01 11:08:07 | INFO     | [QUESTION_SENT] {"question_idx": 2306, "uid": "8ca08924-a538-48d6-9da4-a50c595572b9"}
2026-04-01 11:08:50 | INFO     | [QUESTION_ATTEMPT] {"attempt": 6, "max_questions": 300, "question_idx": 2306, "uid": "8ca08924-a538-48d6-9da4-a50c595572b9"}
2026-04-01 11:11:40 | INFO     | [QUESTION_SENT] {"question_idx": 2307, "uid": "a99397bb-e561-460c-9fef-59f01972242b"}
2026-04-01 11:12:23 | INFO     | [QUESTION_ATTEMPT] {"attempt": 7, "max_questions": 300, "question_idx": 2307, "uid": "a99397bb-e561-460c-9fef-59f01972242b"}
2026-04-01 11:15:14 | INFO     | [QUESTION_SENT] {"question_idx": 2308, "uid": "e9618ae0-986a-4c40-91cd-fb638831945d"}
2026-04-01 11:15:58 | INFO     | [QUESTION_ATTEMPT] {"attempt": 8, "max_questions": 300, "question_idx": 2308, "uid": "e9618ae0-986a-4c40-91cd-fb638831945d"}
2026-04-01 11:18:47 | INFO     | [QUESTION_SENT] {"question_idx": 2309, "uid": "470ddde4-0c3b-4ab7-93fd-48a9c88804c7"}
2026-04-01 11:19:18 | INFO     | [QUESTION_ATTEMPT] {"attempt": 9, "max_questions": 300, "question_idx": 2309, "uid": "470ddde4-0c3b-4ab7-93fd-48a9c88804c7"}
2026-04-01 11:19:31 | INFO     | [QUESTION_SENT] {"question_idx": 2309, "uid": "470ddde4-0c3b-4ab7-93fd-48a9c88804c7"}
2026-04-01 11:20:01 | INFO     | [QUESTION_ATTEMPT] {"attempt": 10, "max_questions": 300, "question_idx": 2309, "uid": "470ddde4-0c3b-4ab7-93fd-48a9c88804c7"}
2026-04-01 11:23:06 | INFO     | [QUESTION_SENT] {"question_idx": 2310, "uid": "94f2c837-0d81-4202-b552-0a70f76db4ca"}
2026-04-01 11:26:39 | INFO     | [QUESTION_SENT] {"question_idx": 2310, "uid": "94f2c837-0d81-4202-b552-0a70f76db4ca"}
2026-04-01 11:27:20 | INFO     | [QUESTION_ATTEMPT] {"attempt": 11, "max_questions": 300, "question_idx": 2310, "uid": "94f2c837-0d81-4202-b552-0a70f76db4ca"}
2026-04-01 11:30:12 | INFO     | [QUESTION_SENT] {"question_idx": 2311, "uid": "10302dac-9dcb-4f98-ba94-8c1f0da537ea"}
2026-04-01 11:30:55 | INFO     | [QUESTION_ATTEMPT] {"attempt": 12, "max_questions": 300, "question_idx": 2311, "uid": "10302dac-9dcb-4f98-ba94-8c1f0da537ea"}
2026-04-01 11:33:45 | INFO     | [QUESTION_SENT] {"question_idx": 2312, "uid": "99a8a800-2b56-464f-81da-d7fe8ace6293"}
2026-04-01 11:34:26 | INFO     | [QUESTION_ATTEMPT] {"attempt": 13, "max_questions": 300, "question_idx": 2312, "uid": "99a8a800-2b56-464f-81da-d7fe8ace6293"}
2026-04-01 11:37:18 | INFO     | [QUESTION_SENT] {"question_idx": 2313, "uid": "304649f9-5bb2-480d-8c17-d3c96dcd1476"}
2026-04-01 11:37:58 | INFO     | [QUESTION_ATTEMPT] {"attempt": 14, "max_questions": 300, "question_idx": 2313, "uid": "304649f9-5bb2-480d-8c17-d3c96dcd1476"}
2026-04-01 11:40:50 | INFO     | [QUESTION_SENT] {"question_idx": 2314, "uid": "982aad71-9aa4-40e0-8e5b-e76bbd7a474a"}
2026-04-01 11:41:23 | INFO     | [QUESTION_ATTEMPT] {"attempt": 15, "max_questions": 300, "question_idx": 2314, "uid": "982aad71-9aa4-40e0-8e5b-e76bbd7a474a"}
2026-04-01 11:41:36 | INFO     | [QUESTION_SENT] {"question_idx": 2314, "uid": "982aad71-9aa4-40e0-8e5b-e76bbd7a474a"}
2026-04-01 11:42:05 | INFO     | [QUESTION_ATTEMPT] {"attempt": 16, "max_questions": 300, "question_idx": 2314, "uid": "982aad71-9aa4-40e0-8e5b-e76bbd7a474a"}
2026-04-01 11:45:11 | INFO     | [QUESTION_SENT] {"question_idx": 2315, "uid": "63cce0be-652d-4afb-b4b8-ff447885b27f"}
2026-04-01 11:45:51 | INFO     | [QUESTION_ATTEMPT] {"attempt": 17, "max_questions": 300, "question_idx": 2315, "uid": "63cce0be-652d-4afb-b4b8-ff447885b27f"}
2026-04-01 11:48:44 | INFO     | [QUESTION_SENT] {"question_idx": 2316, "uid": "2dfba091-90cd-449c-b0c3-86952d7f0c1e"}
2026-04-01 11:49:24 | INFO     | [QUESTION_ATTEMPT] {"attempt": 18, "max_questions": 300, "question_idx": 2316, "uid": "2dfba091-90cd-449c-b0c3-86952d7f0c1e"}
2026-04-01 11:52:17 | INFO     | [QUESTION_SENT] {"question_idx": 2317, "uid": "a3e4321a-666d-4cb1-9a07-48c4b6a76f02"}
2026-04-01 11:52:56 | INFO     | [QUESTION_ATTEMPT] {"attempt": 19, "max_questions": 300, "question_idx": 2317, "uid": "a3e4321a-666d-4cb1-9a07-48c4b6a76f02"}
2026-04-01 11:55:50 | INFO     | [QUESTION_SENT] {"question_idx": 2318, "uid": "b6672da4-d1e0-406c-8c20-f3d6ddfe8de8"}
2026-04-01 11:56:31 | INFO     | [QUESTION_ATTEMPT] {"attempt": 20, "max_questions": 300, "question_idx": 2318, "uid": "b6672da4-d1e0-406c-8c20-f3d6ddfe8de8"}
2026-04-01 11:59:23 | INFO     | [QUESTION_SENT] {"question_idx": 2319, "uid": "40438878-2062-4823-9356-1067bb913ebf"}
2026-04-01 12:00:06 | INFO     | [QUESTION_ATTEMPT] {"attempt": 21, "max_questions": 300, "question_idx": 2319, "uid": "40438878-2062-4823-9356-1067bb913ebf"}
2026-04-01 12:02:56 | INFO     | [QUESTION_SENT] {"question_idx": 2320, "uid": "dba7f78b-1b79-47aa-8e4c-3a4b23873fbd"}
2026-04-01 12:03:40 | INFO     | [QUESTION_ATTEMPT] {"attempt": 22, "max_questions": 300, "question_idx": 2320, "uid": "dba7f78b-1b79-47aa-8e4c-3a4b23873fbd"}
2026-04-01 12:06:29 | INFO     | [QUESTION_SENT] {"question_idx": 2321, "uid": "fb8ec9ce-d897-4646-81ba-8dcb4c911d72"}
2026-04-01 12:07:08 | INFO     | [QUESTION_ATTEMPT] {"attempt": 23, "max_questions": 300, "question_idx": 2321, "uid": "fb8ec9ce-d897-4646-81ba-8dcb4c911d72"}
2026-04-01 12:10:02 | INFO     | [QUESTION_SENT] {"question_idx": 2322, "uid": "5294def4-2411-48fe-9cdf-0dcbcd060b4f"}
2026-04-01 12:10:45 | INFO     | [QUESTION_ATTEMPT] {"attempt": 24, "max_questions": 300, "question_idx": 2322, "uid": "5294def4-2411-48fe-9cdf-0dcbcd060b4f"}
2026-04-01 12:13:35 | INFO     | [QUESTION_SENT] {"question_idx": 2323, "uid": "c3b87416-0429-4a20-bf66-726f4e52e315"}
2026-04-01 12:14:18 | INFO     | [QUESTION_ATTEMPT] {"attempt": 25, "max_questions": 300, "question_idx": 2323, "uid": "c3b87416-0429-4a20-bf66-726f4e52e315"}
2026-04-01 12:17:08 | INFO     | [QUESTION_SENT] {"question_idx": 2324, "uid": "e94d4e17-b9b7-4f47-bfb9-dcf942c977bf"}
2026-04-01 12:17:55 | INFO     | [QUESTION_ATTEMPT] {"attempt": 26, "max_questions": 300, "question_idx": 2324, "uid": "e94d4e17-b9b7-4f47-bfb9-dcf942c977bf"}
2026-04-01 12:20:41 | INFO     | [QUESTION_SENT] {"question_idx": 2325, "uid": "905f347d-8fe9-4a18-96f6-3d5aa295c9af"}
2026-04-01 12:21:25 | INFO     | [QUESTION_ATTEMPT] {"attempt": 27, "max_questions": 300, "question_idx": 2325, "uid": "905f347d-8fe9-4a18-96f6-3d5aa295c9af"}
2026-04-01 12:24:14 | INFO     | [QUESTION_SENT] {"question_idx": 2326, "uid": "a05e1a73-4c59-4014-bb10-d3b8773ab990"}
2026-04-01 12:24:54 | INFO     | [QUESTION_ATTEMPT] {"attempt": 28, "max_questions": 300, "question_idx": 2326, "uid": "a05e1a73-4c59-4014-bb10-d3b8773ab990"}
2026-04-01 12:27:47 | INFO     | [QUESTION_SENT] {"question_idx": 2327, "uid": "0686e9e8-3f4e-4a67-a648-55b56419454c"}
2026-04-01 12:28:31 | INFO     | [QUESTION_ATTEMPT] {"attempt": 29, "max_questions": 300, "question_idx": 2327, "uid": "0686e9e8-3f4e-4a67-a648-55b56419454c"}
2026-04-01 12:31:20 | INFO     | [QUESTION_SENT] {"question_idx": 2328, "uid": "5af5a0dd-ce3c-42bd-83dd-4f263ddfd7fa"}
2026-04-01 12:32:01 | INFO     | [QUESTION_ATTEMPT] {"attempt": 30, "max_questions": 300, "question_idx": 2328, "uid": "5af5a0dd-ce3c-42bd-83dd-4f263ddfd7fa"}
2026-04-01 12:34:53 | INFO     | [QUESTION_SENT] {"question_idx": 2329, "uid": "864b30c4-c4d1-4170-b235-0cd7f0f9464f"}
2026-04-01 12:35:37 | INFO     | [QUESTION_ATTEMPT] {"attempt": 31, "max_questions": 300, "question_idx": 2329, "uid": "864b30c4-c4d1-4170-b235-0cd7f0f9464f"}
2026-04-01 12:38:26 | INFO     | [QUESTION_SENT] {"question_idx": 2330, "uid": "3ef41544-489d-4cc5-bb50-23e9e192cba8"}
2026-04-01 12:39:10 | INFO     | [QUESTION_ATTEMPT] {"attempt": 32, "max_questions": 300, "question_idx": 2330, "uid": "3ef41544-489d-4cc5-bb50-23e9e192cba8"}
2026-04-01 12:41:59 | INFO     | [QUESTION_SENT] {"question_idx": 2331, "uid": "fdb0bd7a-9e5b-48ff-a376-067f1ea25783"}
2026-04-01 12:42:42 | INFO     | [QUESTION_ATTEMPT] {"attempt": 33, "max_questions": 300, "question_idx": 2331, "uid": "fdb0bd7a-9e5b-48ff-a376-067f1ea25783"}
2026-04-01 12:45:32 | INFO     | [QUESTION_SENT] {"question_idx": 2332, "uid": "0bcc85bb-e30d-43dd-ada4-dfd8bd871b56"}
2026-04-01 12:46:08 | INFO     | [QUESTION_ATTEMPT] {"attempt": 34, "max_questions": 300, "question_idx": 2332, "uid": "0bcc85bb-e30d-43dd-ada4-dfd8bd871b56"}
2026-04-01 12:49:05 | INFO     | [QUESTION_SENT] {"question_idx": 2333, "uid": "eb1ff9ba-297d-40f7-9bbb-7fbe1a95da79"}
2026-04-01 12:49:47 | INFO     | [QUESTION_ATTEMPT] {"attempt": 35, "max_questions": 300, "question_idx": 2333, "uid": "eb1ff9ba-297d-40f7-9bbb-7fbe1a95da79"}
2026-04-01 12:52:38 | INFO     | [QUESTION_SENT] {"question_idx": 2334, "uid": "c24a7a62-96b1-4f9c-9741-ff9dae6d867e"}
2026-04-01 12:53:17 | INFO     | [QUESTION_ATTEMPT] {"attempt": 36, "max_questions": 300, "question_idx": 2334, "uid": "c24a7a62-96b1-4f9c-9741-ff9dae6d867e"}
2026-04-01 12:56:11 | INFO     | [QUESTION_SENT] {"question_idx": 2335, "uid": "f672bf26-62fc-41ab-8bf3-e844e2a93750"}
2026-04-01 12:56:51 | INFO     | [QUESTION_ATTEMPT] {"attempt": 37, "max_questions": 300, "question_idx": 2335, "uid": "f672bf26-62fc-41ab-8bf3-e844e2a93750"}
2026-04-01 12:59:44 | INFO     | [QUESTION_SENT] {"question_idx": 2336, "uid": "fde6b209-6175-4faf-96a6-51965c111155"}
2026-04-01 13:00:27 | INFO     | [QUESTION_ATTEMPT] {"attempt": 38, "max_questions": 300, "question_idx": 2336, "uid": "fde6b209-6175-4faf-96a6-51965c111155"}
2026-04-01 13:03:17 | INFO     | [QUESTION_SENT] {"question_idx": 2337, "uid": "67cf3655-53ac-4d52-909d-4f2190b80db6"}
2026-04-01 13:03:54 | INFO     | [QUESTION_ATTEMPT] {"attempt": 39, "max_questions": 300, "question_idx": 2337, "uid": "67cf3655-53ac-4d52-909d-4f2190b80db6"}
2026-04-01 13:06:50 | INFO     | [QUESTION_SENT] {"question_idx": 2338, "uid": "c580bc1c-f167-4af4-bb6c-dd66b4868f92"}
2026-04-01 13:07:27 | INFO     | [QUESTION_ATTEMPT] {"attempt": 40, "max_questions": 300, "question_idx": 2338, "uid": "c580bc1c-f167-4af4-bb6c-dd66b4868f92"}
2026-04-01 13:10:23 | INFO     | [QUESTION_SENT] {"question_idx": 2339, "uid": "de6f28ce-55b5-4ae9-b74a-f350ce0729cb"}
2026-04-01 13:11:04 | INFO     | [QUESTION_ATTEMPT] {"attempt": 41, "max_questions": 300, "question_idx": 2339, "uid": "de6f28ce-55b5-4ae9-b74a-f350ce0729cb"}
2026-04-01 13:13:55 | INFO     | [QUESTION_SENT] {"question_idx": 2340, "uid": "e14bbfe0-47a0-4a58-93f7-478d93c608dd"}
2026-04-01 13:14:36 | INFO     | [QUESTION_ATTEMPT] {"attempt": 42, "max_questions": 300, "question_idx": 2340, "uid": "e14bbfe0-47a0-4a58-93f7-478d93c608dd"}
2026-04-01 13:17:28 | INFO     | [QUESTION_SENT] {"question_idx": 2341, "uid": "043ddfee-b2f9-4433-8a29-436ebd398f5f"}
2026-04-01 13:18:10 | INFO     | [QUESTION_ATTEMPT] {"attempt": 43, "max_questions": 300, "question_idx": 2341, "uid": "043ddfee-b2f9-4433-8a29-436ebd398f5f"}
2026-04-01 13:21:01 | INFO     | [QUESTION_SENT] {"question_idx": 2342, "uid": "27bebf20-c806-4730-9f5f-da3528bcdb47"}
2026-04-01 13:21:41 | INFO     | [QUESTION_ATTEMPT] {"attempt": 44, "max_questions": 300, "question_idx": 2342, "uid": "27bebf20-c806-4730-9f5f-da3528bcdb47"}
2026-04-01 13:24:34 | INFO     | [QUESTION_SENT] {"question_idx": 2343, "uid": "a1857f23-7a7c-4912-8756-e20693ca55c1"}
2026-04-01 13:25:17 | INFO     | [QUESTION_ATTEMPT] {"attempt": 45, "max_questions": 300, "question_idx": 2343, "uid": "a1857f23-7a7c-4912-8756-e20693ca55c1"}
2026-04-01 13:28:07 | INFO     | [QUESTION_SENT] {"question_idx": 2344, "uid": "44e13b89-a58f-4a91-b517-cca4b0872bab"}
2026-04-01 13:28:49 | INFO     | [QUESTION_ATTEMPT] {"attempt": 46, "max_questions": 300, "question_idx": 2344, "uid": "44e13b89-a58f-4a91-b517-cca4b0872bab"}
2026-04-01 13:31:40 | INFO     | [QUESTION_SENT] {"question_idx": 2345, "uid": "be6819c8-8a51-4ade-b846-77d361b2bf4b"}
2026-04-01 13:32:26 | INFO     | [QUESTION_ATTEMPT] {"attempt": 47, "max_questions": 300, "question_idx": 2345, "uid": "be6819c8-8a51-4ade-b846-77d361b2bf4b"}
2026-04-01 13:35:13 | INFO     | [QUESTION_SENT] {"question_idx": 2346, "uid": "0d93d63b-8f54-45f7-830a-808a283705e0"}
2026-04-01 13:38:46 | INFO     | [QUESTION_SENT] {"question_idx": 2346, "uid": "0d93d63b-8f54-45f7-830a-808a283705e0"}
2026-04-01 13:39:30 | INFO     | [QUESTION_ATTEMPT] {"attempt": 48, "max_questions": 300, "question_idx": 2346, "uid": "0d93d63b-8f54-45f7-830a-808a283705e0"}
2026-04-01 13:42:19 | INFO     | [QUESTION_SENT] {"question_idx": 2347, "uid": "45151318-1227-4a55-b3aa-167c0bb83b34"}
2026-04-01 13:42:59 | INFO     | [QUESTION_ATTEMPT] {"attempt": 49, "max_questions": 300, "question_idx": 2347, "uid": "45151318-1227-4a55-b3aa-167c0bb83b34"}
2026-04-01 13:45:52 | INFO     | [QUESTION_SENT] {"question_idx": 2348, "uid": "1bd763ee-6c8b-4099-ac1b-0766d112c42b"}
2026-04-01 13:46:35 | INFO     | [QUESTION_ATTEMPT] {"attempt": 50, "max_questions": 300, "question_idx": 2348, "uid": "1bd763ee-6c8b-4099-ac1b-0766d112c42b"}
2026-04-01 13:49:25 | INFO     | [QUESTION_SENT] {"question_idx": 2349, "uid": "f37915bd-09d9-40b5-932f-c6cb432fd9a6"}
2026-04-01 13:50:05 | INFO     | [QUESTION_ATTEMPT] {"attempt": 51, "max_questions": 300, "question_idx": 2349, "uid": "f37915bd-09d9-40b5-932f-c6cb432fd9a6"}
2026-04-01 13:52:58 | INFO     | [QUESTION_SENT] {"question_idx": 2350, "uid": "ce7a5777-939c-40e2-9933-967543562e7e"}
2026-04-01 13:53:41 | INFO     | [QUESTION_ATTEMPT] {"attempt": 52, "max_questions": 300, "question_idx": 2350, "uid": "ce7a5777-939c-40e2-9933-967543562e7e"}
2026-04-01 13:56:31 | INFO     | [QUESTION_SENT] {"question_idx": 2351, "uid": "6c99e5db-ee52-461d-b65a-9233e328cfe8"}
2026-04-01 13:57:11 | INFO     | [QUESTION_ATTEMPT] {"attempt": 53, "max_questions": 300, "question_idx": 2351, "uid": "6c99e5db-ee52-461d-b65a-9233e328cfe8"}
2026-04-01 14:00:04 | INFO     | [QUESTION_SENT] {"question_idx": 2352, "uid": "949c5f2d-32a4-4ee5-b587-e13c194ad3dc"}
2026-04-01 14:00:47 | INFO     | [QUESTION_ATTEMPT] {"attempt": 54, "max_questions": 300, "question_idx": 2352, "uid": "949c5f2d-32a4-4ee5-b587-e13c194ad3dc"}
2026-04-01 14:03:36 | INFO     | [QUESTION_SENT] {"question_idx": 2353, "uid": "f3ddc868-2eff-4db7-83c5-501a32fde361"}
2026-04-01 14:04:21 | INFO     | [QUESTION_ATTEMPT] {"attempt": 55, "max_questions": 300, "question_idx": 2353, "uid": "f3ddc868-2eff-4db7-83c5-501a32fde361"}
2026-04-01 14:07:10 | INFO     | [QUESTION_SENT] {"question_idx": 2354, "uid": "27e37985-fb7d-4d49-a54d-a66e72c67719"}
2026-04-01 14:07:54 | INFO     | [QUESTION_ATTEMPT] {"attempt": 56, "max_questions": 300, "question_idx": 2354, "uid": "27e37985-fb7d-4d49-a54d-a66e72c67719"}
2026-04-01 14:10:43 | INFO     | [QUESTION_SENT] {"question_idx": 2355, "uid": "dab51832-1035-43aa-a1ca-c6a2803666b9"}
2026-04-01 14:11:33 | INFO     | [QUESTION_ATTEMPT] {"attempt": 57, "max_questions": 300, "question_idx": 2355, "uid": "dab51832-1035-43aa-a1ca-c6a2803666b9"}
2026-04-01 14:14:15 | INFO     | [QUESTION_SENT] {"question_idx": 2356, "uid": "5dea2293-10bd-4880-9d19-968423b07878"}
2026-04-01 14:15:01 | INFO     | [QUESTION_ATTEMPT] {"attempt": 58, "max_questions": 300, "question_idx": 2356, "uid": "5dea2293-10bd-4880-9d19-968423b07878"}
2026-04-01 14:17:49 | INFO     | [QUESTION_SENT] {"question_idx": 2357, "uid": "481a33f5-6c24-4575-8c12-0a965ec9fb6e"}
2026-04-01 14:18:40 | INFO     | [QUESTION_ATTEMPT] {"attempt": 59, "max_questions": 300, "question_idx": 2357, "uid": "481a33f5-6c24-4575-8c12-0a965ec9fb6e"}
2026-04-01 14:21:22 | INFO     | [QUESTION_SENT] {"question_idx": 2358, "uid": "97408ecc-3036-4f23-8871-c8b10dcf2f01"}
2026-04-01 14:22:02 | INFO     | [QUESTION_ATTEMPT] {"attempt": 60, "max_questions": 300, "question_idx": 2358, "uid": "97408ecc-3036-4f23-8871-c8b10dcf2f01"}
2026-04-01 14:24:55 | INFO     | [QUESTION_SENT] {"question_idx": 2359, "uid": "7b1363ab-6d1b-4c1e-81f2-6d34b94f8929"}
2026-04-01 14:25:49 | INFO     | [QUESTION_ATTEMPT] {"attempt": 61, "max_questions": 300, "question_idx": 2359, "uid": "7b1363ab-6d1b-4c1e-81f2-6d34b94f8929"}
2026-04-01 14:28:28 | INFO     | [QUESTION_SENT] {"question_idx": 2360, "uid": "ec595b0e-cee5-44f6-ac0b-cd2c26b9baf2"}
2026-04-01 14:29:12 | INFO     | [QUESTION_ATTEMPT] {"attempt": 62, "max_questions": 300, "question_idx": 2360, "uid": "ec595b0e-cee5-44f6-ac0b-cd2c26b9baf2"}
2026-04-01 14:32:01 | INFO     | [QUESTION_SENT] {"question_idx": 2361, "uid": "daa0d47e-f5ca-49b3-9fe1-426040191212"}
2026-04-01 14:32:31 | INFO     | [QUESTION_ATTEMPT] {"attempt": 63, "max_questions": 300, "question_idx": 2361, "uid": "daa0d47e-f5ca-49b3-9fe1-426040191212"}
2026-04-01 14:32:43 | INFO     | [QUESTION_SENT] {"question_idx": 2361, "uid": "daa0d47e-f5ca-49b3-9fe1-426040191212"}
2026-04-01 14:33:12 | INFO     | [QUESTION_ATTEMPT] {"attempt": 64, "max_questions": 300, "question_idx": 2361, "uid": "daa0d47e-f5ca-49b3-9fe1-426040191212"}
2026-04-01 14:36:19 | INFO     | [QUESTION_SENT] {"question_idx": 2362, "uid": "7c73e20c-abbe-4cf9-a77a-7a68bd5261a0"}
2026-04-01 14:37:02 | INFO     | [QUESTION_ATTEMPT] {"attempt": 65, "max_questions": 300, "question_idx": 2362, "uid": "7c73e20c-abbe-4cf9-a77a-7a68bd5261a0"}
2026-04-01 14:39:52 | INFO     | [QUESTION_SENT] {"question_idx": 2363, "uid": "11efba91-2a91-4dda-a7c1-c6e1268264e2"}
2026-04-01 14:40:32 | INFO     | [QUESTION_ATTEMPT] {"attempt": 66, "max_questions": 300, "question_idx": 2363, "uid": "11efba91-2a91-4dda-a7c1-c6e1268264e2"}
2026-04-01 14:43:25 | INFO     | [QUESTION_SENT] {"question_idx": 2364, "uid": "410d0def-d7ec-470e-8200-31e943d3266b"}
2026-04-01 14:44:08 | INFO     | [QUESTION_ATTEMPT] {"attempt": 67, "max_questions": 300, "question_idx": 2364, "uid": "410d0def-d7ec-470e-8200-31e943d3266b"}
2026-04-01 14:46:58 | INFO     | [QUESTION_SENT] {"question_idx": 2365, "uid": "ce896a2d-f7ab-474f-85ca-ffbcefc75a5b"}
2026-04-01 14:47:38 | INFO     | [QUESTION_ATTEMPT] {"attempt": 68, "max_questions": 300, "question_idx": 2365, "uid": "ce896a2d-f7ab-474f-85ca-ffbcefc75a5b"}
2026-04-01 14:50:31 | INFO     | [QUESTION_SENT] {"question_idx": 2366, "uid": "1561669a-a481-40a9-bf07-e616a387e568"}
2026-04-01 14:51:10 | INFO     | [QUESTION_ATTEMPT] {"attempt": 69, "max_questions": 300, "question_idx": 2366, "uid": "1561669a-a481-40a9-bf07-e616a387e568"}
2026-04-01 14:54:04 | INFO     | [QUESTION_SENT] {"question_idx": 2367, "uid": "abbc927a-aec8-4d09-997f-ec523efa5636"}
2026-04-01 14:54:50 | INFO     | [QUESTION_ATTEMPT] {"attempt": 70, "max_questions": 300, "question_idx": 2367, "uid": "abbc927a-aec8-4d09-997f-ec523efa5636"}
2026-04-01 14:57:37 | INFO     | [QUESTION_SENT] {"question_idx": 2368, "uid": "4fb44124-df1e-4f6b-a3a8-406bf642c35c"}
2026-04-01 14:58:18 | INFO     | [QUESTION_ATTEMPT] {"attempt": 71, "max_questions": 300, "question_idx": 2368, "uid": "4fb44124-df1e-4f6b-a3a8-406bf642c35c"}
2026-04-01 15:01:10 | INFO     | [QUESTION_SENT] {"question_idx": 2369, "uid": "55a85088-6f37-4d90-bb75-ff354c1db8e7"}
2026-04-01 15:01:55 | INFO     | [QUESTION_ATTEMPT] {"attempt": 72, "max_questions": 300, "question_idx": 2369, "uid": "55a85088-6f37-4d90-bb75-ff354c1db8e7"}
2026-04-01 15:04:43 | INFO     | [QUESTION_SENT] {"question_idx": 2370, "uid": "ba4db927-323e-4f61-8e13-4fc0c5baf379"}
2026-04-01 15:05:31 | INFO     | [QUESTION_ATTEMPT] {"attempt": 73, "max_questions": 300, "question_idx": 2370, "uid": "ba4db927-323e-4f61-8e13-4fc0c5baf379"}
2026-04-01 15:08:15 | INFO     | [QUESTION_SENT] {"question_idx": 2371, "uid": "2f5f1244-eb2d-400e-bc44-f45fbb025242"}
2026-04-01 15:09:01 | INFO     | [QUESTION_ATTEMPT] {"attempt": 74, "max_questions": 300, "question_idx": 2371, "uid": "2f5f1244-eb2d-400e-bc44-f45fbb025242"}
2026-04-01 15:11:48 | INFO     | [QUESTION_SENT] {"question_idx": 2372, "uid": "c0f611fc-a068-42cb-84dc-514690d4f7b0"}
2026-04-01 15:12:31 | INFO     | [QUESTION_ATTEMPT] {"attempt": 75, "max_questions": 300, "question_idx": 2372, "uid": "c0f611fc-a068-42cb-84dc-514690d4f7b0"}
2026-04-01 15:15:22 | INFO     | [QUESTION_SENT] {"question_idx": 2373, "uid": "d75bfb00-e593-4bc4-abd2-fa750ed1391e"}
2026-04-01 15:16:07 | INFO     | [QUESTION_ATTEMPT] {"attempt": 76, "max_questions": 300, "question_idx": 2373, "uid": "d75bfb00-e593-4bc4-abd2-fa750ed1391e"}
2026-04-01 15:18:55 | INFO     | [QUESTION_SENT] {"question_idx": 2374, "uid": "c9bf5e8a-0b06-4b06-b401-0e5d196431ea"}
2026-04-01 15:19:48 | INFO     | [QUESTION_ATTEMPT] {"attempt": 77, "max_questions": 300, "question_idx": 2374, "uid": "c9bf5e8a-0b06-4b06-b401-0e5d196431ea"}
2026-04-01 15:22:28 | INFO     | [QUESTION_SENT] {"question_idx": 2375, "uid": "76f870a2-f90e-4c06-8067-663288eddf48"}
2026-04-01 15:23:12 | INFO     | [QUESTION_ATTEMPT] {"attempt": 78, "max_questions": 300, "question_idx": 2375, "uid": "76f870a2-f90e-4c06-8067-663288eddf48"}
2026-04-01 15:26:01 | INFO     | [QUESTION_SENT] {"question_idx": 2376, "uid": "f9a77fea-5f75-4e29-9121-c8d99c42ef5d"}
2026-04-01 15:26:47 | INFO     | [QUESTION_ATTEMPT] {"attempt": 79, "max_questions": 300, "question_idx": 2376, "uid": "f9a77fea-5f75-4e29-9121-c8d99c42ef5d"}
2026-04-01 15:29:34 | INFO     | [QUESTION_SENT] {"question_idx": 2377, "uid": "ecb740f0-cbad-4748-bcda-dd8ddd9b55e1"}
2026-04-01 15:30:20 | INFO     | [QUESTION_ATTEMPT] {"attempt": 80, "max_questions": 300, "question_idx": 2377, "uid": "ecb740f0-cbad-4748-bcda-dd8ddd9b55e1"}
2026-04-01 15:33:07 | INFO     | [QUESTION_SENT] {"question_idx": 2378, "uid": "fe67e1e0-f228-401d-a3f3-c242ad98de39"}
2026-04-01 15:33:50 | INFO     | [QUESTION_ATTEMPT] {"attempt": 81, "max_questions": 300, "question_idx": 2378, "uid": "fe67e1e0-f228-401d-a3f3-c242ad98de39"}
2026-04-01 15:36:40 | INFO     | [QUESTION_SENT] {"question_idx": 2379, "uid": "caba1e1b-1aff-45b4-802e-65d1ee38442c"}
2026-04-01 15:37:17 | INFO     | [QUESTION_ATTEMPT] {"attempt": 82, "max_questions": 300, "question_idx": 2379, "uid": "caba1e1b-1aff-45b4-802e-65d1ee38442c"}
2026-04-01 15:40:13 | INFO     | [QUESTION_SENT] {"question_idx": 2380, "uid": "2170950b-3f7e-438f-9ece-d53412f19a9b"}
2026-04-01 15:40:57 | INFO     | [QUESTION_ATTEMPT] {"attempt": 83, "max_questions": 300, "question_idx": 2380, "uid": "2170950b-3f7e-438f-9ece-d53412f19a9b"}
2026-04-01 15:43:46 | INFO     | [QUESTION_SENT] {"question_idx": 2381, "uid": "e71fff52-6965-4365-8879-5c4000cf2a8a"}
2026-04-01 15:44:31 | INFO     | [QUESTION_ATTEMPT] {"attempt": 84, "max_questions": 300, "question_idx": 2381, "uid": "e71fff52-6965-4365-8879-5c4000cf2a8a"}
2026-04-01 15:47:19 | INFO     | [QUESTION_SENT] {"question_idx": 2382, "uid": "09b5eb9a-128f-4da4-9750-bf646f1e2334"}
2026-04-01 15:48:04 | INFO     | [QUESTION_ATTEMPT] {"attempt": 85, "max_questions": 300, "question_idx": 2382, "uid": "09b5eb9a-128f-4da4-9750-bf646f1e2334"}
2026-04-01 15:50:52 | INFO     | [QUESTION_SENT] {"question_idx": 2383, "uid": "12a14342-fe8a-4529-b1e7-a0a2c8b2295b"}
2026-04-01 15:51:34 | INFO     | [QUESTION_ATTEMPT] {"attempt": 86, "max_questions": 300, "question_idx": 2383, "uid": "12a14342-fe8a-4529-b1e7-a0a2c8b2295b"}
2026-04-01 15:54:25 | INFO     | [QUESTION_SENT] {"question_idx": 2384, "uid": "b243afb6-a321-467c-bd0f-477bfd899889"}
2026-04-01 15:55:12 | INFO     | [QUESTION_ATTEMPT] {"attempt": 87, "max_questions": 300, "question_idx": 2384, "uid": "b243afb6-a321-467c-bd0f-477bfd899889"}
2026-04-01 15:57:58 | INFO     | [QUESTION_SENT] {"question_idx": 2385, "uid": "738b3ea9-e585-4eb3-adfa-d296adfda7ba"}
2026-04-01 15:58:47 | INFO     | [QUESTION_ATTEMPT] {"attempt": 88, "max_questions": 300, "question_idx": 2385, "uid": "738b3ea9-e585-4eb3-adfa-d296adfda7ba"}
2026-04-01 16:01:31 | INFO     | [QUESTION_SENT] {"question_idx": 2386, "uid": "6bd52196-58e6-4f7d-9a57-80779d4706d8"}
2026-04-01 16:02:17 | INFO     | [QUESTION_ATTEMPT] {"attempt": 89, "max_questions": 300, "question_idx": 2386, "uid": "6bd52196-58e6-4f7d-9a57-80779d4706d8"}
2026-04-01 16:05:04 | INFO     | [QUESTION_SENT] {"question_idx": 2387, "uid": "3ea4b391-5b32-4933-a347-058207d9dee1"}
2026-04-01 16:08:57 | INFO     | [QUESTION_SENT] {"question_idx": 2387, "uid": "3ea4b391-5b32-4933-a347-058207d9dee1"}
2026-04-01 16:09:40 | INFO     | [QUESTION_ATTEMPT] {"attempt": 90, "max_questions": 300, "question_idx": 2387, "uid": "3ea4b391-5b32-4933-a347-058207d9dee1"}
2026-04-01 16:12:31 | INFO     | [QUESTION_SENT] {"question_idx": 2388, "uid": "9745b2e2-2fd8-4333-9fde-b61a3335177d"}
2026-04-01 16:13:15 | INFO     | [QUESTION_ATTEMPT] {"attempt": 91, "max_questions": 300, "question_idx": 2388, "uid": "9745b2e2-2fd8-4333-9fde-b61a3335177d"}
2026-04-01 16:16:04 | INFO     | [QUESTION_SENT] {"question_idx": 2389, "uid": "5a37d552-74a2-4f7f-82dc-2417bf214769"}
2026-04-01 16:16:47 | INFO     | [QUESTION_ATTEMPT] {"attempt": 92, "max_questions": 300, "question_idx": 2389, "uid": "5a37d552-74a2-4f7f-82dc-2417bf214769"}
2026-04-01 16:19:37 | INFO     | [QUESTION_SENT] {"question_idx": 2390, "uid": "8e43b5b8-dc06-40a0-a2b8-2ccf39520964"}
2026-04-01 16:20:21 | INFO     | [QUESTION_ATTEMPT] {"attempt": 93, "max_questions": 300, "question_idx": 2390, "uid": "8e43b5b8-dc06-40a0-a2b8-2ccf39520964"}
2026-04-01 16:23:10 | INFO     | [QUESTION_SENT] {"question_idx": 2391, "uid": "f3276d38-690e-464f-a912-e581ca0df841"}
2026-04-01 16:23:54 | INFO     | [QUESTION_ATTEMPT] {"attempt": 94, "max_questions": 300, "question_idx": 2391, "uid": "f3276d38-690e-464f-a912-e581ca0df841"}
2026-04-01 16:26:43 | INFO     | [QUESTION_SENT] {"question_idx": 2392, "uid": "db01b54a-4833-4ffa-add9-8b1ea00dccdb"}
2026-04-01 16:27:37 | INFO     | [QUESTION_ATTEMPT] {"attempt": 95, "max_questions": 300, "question_idx": 2392, "uid": "db01b54a-4833-4ffa-add9-8b1ea00dccdb"}
2026-04-01 16:30:16 | INFO     | [QUESTION_SENT] {"question_idx": 2393, "uid": "5f3004e0-acde-4f93-927a-6e1647f6726f"}
2026-04-01 16:31:05 | INFO     | [QUESTION_ATTEMPT] {"attempt": 96, "max_questions": 300, "question_idx": 2393, "uid": "5f3004e0-acde-4f93-927a-6e1647f6726f"}
2026-04-01 16:33:49 | INFO     | [QUESTION_SENT] {"question_idx": 2394, "uid": "76de3cfa-6d1c-4916-a1fa-152392d1a1a7"}
2026-04-01 16:34:36 | INFO     | [QUESTION_ATTEMPT] {"attempt": 97, "max_questions": 300, "question_idx": 2394, "uid": "76de3cfa-6d1c-4916-a1fa-152392d1a1a7"}
2026-04-01 16:37:22 | INFO     | [QUESTION_SENT] {"question_idx": 2395, "uid": "6c2032a3-8f28-4d83-9c1e-d7f0363328f6"}
2026-04-01 16:38:05 | INFO     | [QUESTION_ATTEMPT] {"attempt": 98, "max_questions": 300, "question_idx": 2395, "uid": "6c2032a3-8f28-4d83-9c1e-d7f0363328f6"}
2026-04-01 16:40:55 | INFO     | [QUESTION_SENT] {"question_idx": 2396, "uid": "c250310a-970d-4c84-8dc5-3ce61eb9448d"}
2026-04-01 16:41:39 | INFO     | [QUESTION_ATTEMPT] {"attempt": 99, "max_questions": 300, "question_idx": 2396, "uid": "c250310a-970d-4c84-8dc5-3ce61eb9448d"}
2026-04-01 16:44:28 | INFO     | [QUESTION_SENT] {"question_idx": 2397, "uid": "66116b4a-43a9-4895-9086-81b660fef1b1"}
2026-04-01 16:45:10 | INFO     | [QUESTION_ATTEMPT] {"attempt": 100, "max_questions": 300, "question_idx": 2397, "uid": "66116b4a-43a9-4895-9086-81b660fef1b1"}
2026-04-01 16:48:01 | INFO     | [QUESTION_SENT] {"question_idx": 2398, "uid": "219dd1f0-8d4f-4362-8edb-c9aa08b2f1bb"}
2026-04-01 16:48:50 | INFO     | [QUESTION_ATTEMPT] {"attempt": 101, "max_questions": 300, "question_idx": 2398, "uid": "219dd1f0-8d4f-4362-8edb-c9aa08b2f1bb"}
2026-04-01 16:51:34 | INFO     | [QUESTION_SENT] {"question_idx": 2399, "uid": "5f55bf0d-8cd0-463d-afcc-ace84325757e"}
2026-04-01 16:52:20 | INFO     | [QUESTION_ATTEMPT] {"attempt": 102, "max_questions": 300, "question_idx": 2399, "uid": "5f55bf0d-8cd0-463d-afcc-ace84325757e"}
2026-04-01 16:55:07 | INFO     | [QUESTION_SENT] {"question_idx": 2400, "uid": "820a1290-1baf-4f1e-8828-6fc3a8e526ef"}
2026-04-01 16:55:47 | INFO     | [QUESTION_ATTEMPT] {"attempt": 103, "max_questions": 300, "question_idx": 2400, "uid": "820a1290-1baf-4f1e-8828-6fc3a8e526ef"}
2026-04-01 16:58:40 | INFO     | [QUESTION_SENT] {"question_idx": 2401, "uid": "5c199ad9-fd19-45ac-b3ea-4bcae14e6f67"}
2026-04-01 16:59:20 | INFO     | [QUESTION_ATTEMPT] {"attempt": 104, "max_questions": 300, "question_idx": 2401, "uid": "5c199ad9-fd19-45ac-b3ea-4bcae14e6f67"}
2026-04-01 17:02:12 | INFO     | [QUESTION_SENT] {"question_idx": 2402, "uid": "dc3d5598-954a-4e7e-a126-5d262b447ac0"}
2026-04-01 17:02:54 | INFO     | [QUESTION_ATTEMPT] {"attempt": 105, "max_questions": 300, "question_idx": 2402, "uid": "dc3d5598-954a-4e7e-a126-5d262b447ac0"}
2026-04-01 17:05:45 | INFO     | [QUESTION_SENT] {"question_idx": 2403, "uid": "c8d82df7-c99f-445b-8842-6fa1e1e33617"}
2026-04-01 17:06:28 | INFO     | [QUESTION_ATTEMPT] {"attempt": 106, "max_questions": 300, "question_idx": 2403, "uid": "c8d82df7-c99f-445b-8842-6fa1e1e33617"}
2026-04-01 17:09:18 | INFO     | [QUESTION_SENT] {"question_idx": 2404, "uid": "53239a69-cf12-4395-b5cc-48530db4ae46"}
2026-04-01 17:10:01 | INFO     | [QUESTION_ATTEMPT] {"attempt": 107, "max_questions": 300, "question_idx": 2404, "uid": "53239a69-cf12-4395-b5cc-48530db4ae46"}
2026-04-01 17:12:52 | INFO     | [QUESTION_SENT] {"question_idx": 2405, "uid": "59c6a519-92c4-4820-b34e-59246fa55b20"}
2026-04-01 17:13:35 | INFO     | [QUESTION_ATTEMPT] {"attempt": 108, "max_questions": 300, "question_idx": 2405, "uid": "59c6a519-92c4-4820-b34e-59246fa55b20"}
2026-04-01 17:16:25 | INFO     | [QUESTION_SENT] {"question_idx": 2406, "uid": "8e65481f-c6a3-4925-bd1f-41d8922ce19d"}
2026-04-01 17:17:15 | INFO     | [QUESTION_ATTEMPT] {"attempt": 109, "max_questions": 300, "question_idx": 2406, "uid": "8e65481f-c6a3-4925-bd1f-41d8922ce19d"}
2026-04-01 17:19:58 | INFO     | [QUESTION_SENT] {"question_idx": 2407, "uid": "e90e298c-f3a8-45da-ba68-f53047f0dd58"}
2026-04-01 17:20:38 | INFO     | [QUESTION_ATTEMPT] {"attempt": 110, "max_questions": 300, "question_idx": 2407, "uid": "e90e298c-f3a8-45da-ba68-f53047f0dd58"}
2026-04-01 17:23:30 | INFO     | [QUESTION_SENT] {"question_idx": 2408, "uid": "978fb855-2bb2-4f7a-8576-d9ce884b66e0"}
2026-04-01 17:24:13 | INFO     | [QUESTION_ATTEMPT] {"attempt": 111, "max_questions": 300, "question_idx": 2408, "uid": "978fb855-2bb2-4f7a-8576-d9ce884b66e0"}
2026-04-01 17:27:04 | INFO     | [QUESTION_SENT] {"question_idx": 2409, "uid": "1d468694-d099-4c61-8735-00a8e72fc125"}
2026-04-01 17:27:35 | INFO     | [QUESTION_ATTEMPT] {"attempt": 112, "max_questions": 300, "question_idx": 2409, "uid": "1d468694-d099-4c61-8735-00a8e72fc125"}
2026-04-01 17:27:48 | INFO     | [QUESTION_SENT] {"question_idx": 2409, "uid": "1d468694-d099-4c61-8735-00a8e72fc125"}
2026-04-01 17:28:22 | INFO     | [QUESTION_ATTEMPT] {"attempt": 113, "max_questions": 300, "question_idx": 2409, "uid": "1d468694-d099-4c61-8735-00a8e72fc125"}
2026-04-01 17:31:23 | INFO     | [QUESTION_SENT] {"question_idx": 2410, "uid": "67b2a718-4aa1-44f5-8484-07214b958449"}
2026-04-01 17:32:09 | INFO     | [QUESTION_ATTEMPT] {"attempt": 114, "max_questions": 300, "question_idx": 2410, "uid": "67b2a718-4aa1-44f5-8484-07214b958449"}
2026-04-01 17:34:56 | INFO     | [QUESTION_SENT] {"question_idx": 2411, "uid": "1e5d9ecd-6404-492a-a610-d985001e94d1"}
2026-04-01 17:35:35 | INFO     | [QUESTION_ATTEMPT] {"attempt": 115, "max_questions": 300, "question_idx": 2411, "uid": "1e5d9ecd-6404-492a-a610-d985001e94d1"}
2026-04-01 17:38:29 | INFO     | [QUESTION_SENT] {"question_idx": 2412, "uid": "a759a5d8-82be-4526-b396-a52d3e9e8aad"}
2026-04-01 17:39:12 | INFO     | [QUESTION_ATTEMPT] {"attempt": 116, "max_questions": 300, "question_idx": 2412, "uid": "a759a5d8-82be-4526-b396-a52d3e9e8aad"}
2026-04-01 17:42:02 | INFO     | [QUESTION_SENT] {"question_idx": 2413, "uid": "51e62d30-a7ce-4589-8ef6-abbe6cd70a37"}
2026-04-01 17:42:45 | INFO     | [QUESTION_ATTEMPT] {"attempt": 117, "max_questions": 300, "question_idx": 2413, "uid": "51e62d30-a7ce-4589-8ef6-abbe6cd70a37"}
2026-04-01 17:45:36 | INFO     | [QUESTION_SENT] {"question_idx": 2414, "uid": "95fe7868-2dcd-464d-91db-e461f8151812"}
2026-04-01 17:46:23 | INFO     | [QUESTION_ATTEMPT] {"attempt": 118, "max_questions": 300, "question_idx": 2414, "uid": "95fe7868-2dcd-464d-91db-e461f8151812"}
2026-04-01 17:46:35 | INFO     | [QUESTION_SENT] {"question_idx": 2414, "uid": "95fe7868-2dcd-464d-91db-e461f8151812"}
2026-04-01 17:47:04 | INFO     | [QUESTION_ATTEMPT] {"attempt": 119, "max_questions": 300, "question_idx": 2414, "uid": "95fe7868-2dcd-464d-91db-e461f8151812"}
2026-04-01 17:50:11 | INFO     | [QUESTION_SENT] {"question_idx": 2415, "uid": "9039f801-6d7e-4d99-8e54-d467da6b91a4"}
2026-04-01 17:53:44 | INFO     | [QUESTION_SENT] {"question_idx": 2415, "uid": "9039f801-6d7e-4d99-8e54-d467da6b91a4"}
2026-04-01 17:54:35 | INFO     | [QUESTION_ATTEMPT] {"attempt": 120, "max_questions": 300, "question_idx": 2415, "uid": "9039f801-6d7e-4d99-8e54-d467da6b91a4"}
2026-04-01 17:57:17 | INFO     | [QUESTION_SENT] {"question_idx": 2416, "uid": "d3dec7b7-3aaa-4fde-806b-5cf81b8e9f2d"}
2026-04-01 17:58:11 | INFO     | [QUESTION_ATTEMPT] {"attempt": 121, "max_questions": 300, "question_idx": 2416, "uid": "d3dec7b7-3aaa-4fde-806b-5cf81b8e9f2d"}
2026-04-01 18:00:50 | INFO     | [QUESTION_SENT] {"question_idx": 2417, "uid": "fa1300a2-776d-409d-9b4a-6281aced3405"}
2026-04-01 18:01:29 | INFO     | [QUESTION_ATTEMPT] {"attempt": 122, "max_questions": 300, "question_idx": 2417, "uid": "fa1300a2-776d-409d-9b4a-6281aced3405"}
2026-04-01 18:04:23 | INFO     | [QUESTION_SENT] {"question_idx": 2418, "uid": "f725cfdf-b8f2-47f1-8c4e-b2f3200cee5b"}
2026-04-01 18:05:11 | INFO     | [QUESTION_ATTEMPT] {"attempt": 123, "max_questions": 300, "question_idx": 2418, "uid": "f725cfdf-b8f2-47f1-8c4e-b2f3200cee5b"}
2026-04-01 18:07:56 | INFO     | [QUESTION_SENT] {"question_idx": 2419, "uid": "222695b1-3cf6-4f0c-b949-669331f0ad12"}
2026-04-01 18:08:44 | INFO     | [QUESTION_ATTEMPT] {"attempt": 124, "max_questions": 300, "question_idx": 2419, "uid": "222695b1-3cf6-4f0c-b949-669331f0ad12"}
2026-04-01 18:11:28 | INFO     | [QUESTION_SENT] {"question_idx": 2420, "uid": "200a1b65-c455-41b2-a134-6570f9f4fb2c"}
2026-04-01 18:12:13 | INFO     | [QUESTION_ATTEMPT] {"attempt": 125, "max_questions": 300, "question_idx": 2420, "uid": "200a1b65-c455-41b2-a134-6570f9f4fb2c"}
2026-04-01 18:15:02 | INFO     | [QUESTION_SENT] {"question_idx": 2421, "uid": "3a65227c-f6ff-45a1-a682-b56f9c57b9db"}
2026-04-01 18:15:42 | INFO     | [QUESTION_ATTEMPT] {"attempt": 126, "max_questions": 300, "question_idx": 2421, "uid": "3a65227c-f6ff-45a1-a682-b56f9c57b9db"}
2026-04-01 18:18:34 | INFO     | [QUESTION_SENT] {"question_idx": 2422, "uid": "795ea4a7-c293-4004-97f1-d5358f59159f"}
2026-04-01 18:19:06 | INFO     | [QUESTION_ATTEMPT] {"attempt": 127, "max_questions": 300, "question_idx": 2422, "uid": "795ea4a7-c293-4004-97f1-d5358f59159f"}
2026-04-01 18:22:07 | INFO     | [QUESTION_SENT] {"question_idx": 2423, "uid": "0c13ea9b-8936-4ab5-9472-2505b9b860a6"}
2026-04-01 18:22:40 | INFO     | [QUESTION_ATTEMPT] {"attempt": 128, "max_questions": 300, "question_idx": 2423, "uid": "0c13ea9b-8936-4ab5-9472-2505b9b860a6"}
2026-04-01 18:25:40 | INFO     | [QUESTION_SENT] {"question_idx": 2424, "uid": "212fcd84-240d-4d19-888f-ebc04a5282ab"}
2026-04-01 18:26:10 | INFO     | [QUESTION_ATTEMPT] {"attempt": 129, "max_questions": 300, "question_idx": 2424, "uid": "212fcd84-240d-4d19-888f-ebc04a5282ab"}
2026-04-01 18:29:13 | INFO     | [QUESTION_SENT] {"question_idx": 2425, "uid": "867d2b2c-84bb-418a-a4b4-afcbd9800317"}
2026-04-01 18:29:43 | INFO     | [QUESTION_ATTEMPT] {"attempt": 130, "max_questions": 300, "question_idx": 2425, "uid": "867d2b2c-84bb-418a-a4b4-afcbd9800317"}
2026-04-01 18:29:55 | INFO     | [QUESTION_SENT] {"question_idx": 2425, "uid": "867d2b2c-84bb-418a-a4b4-afcbd9800317"}
2026-04-01 18:30:14 | INFO     | [QUESTION_ATTEMPT] {"attempt": 131, "max_questions": 300, "question_idx": 2425, "uid": "867d2b2c-84bb-418a-a4b4-afcbd9800317"}
2026-04-01 18:33:31 | INFO     | [QUESTION_SENT] {"question_idx": 2426, "uid": "e8d61259-d976-41b5-85a4-3e89373ea396"}
2026-04-01 18:34:01 | INFO     | [QUESTION_ATTEMPT] {"attempt": 132, "max_questions": 300, "question_idx": 2426, "uid": "e8d61259-d976-41b5-85a4-3e89373ea396"}
2026-04-01 18:37:04 | INFO     | [QUESTION_SENT] {"question_idx": 2427, "uid": "0f2bc9a3-7b28-4ac4-9bdf-b8569886baad"}
2026-04-01 18:37:43 | INFO     | [QUESTION_ATTEMPT] {"attempt": 133, "max_questions": 300, "question_idx": 2427, "uid": "0f2bc9a3-7b28-4ac4-9bdf-b8569886baad"}
2026-04-01 18:40:37 | INFO     | [QUESTION_SENT] {"question_idx": 2428, "uid": "0745190c-8cb5-4b80-a793-0f591ae6ac18"}
2026-04-01 18:41:08 | INFO     | [QUESTION_ATTEMPT] {"attempt": 134, "max_questions": 300, "question_idx": 2428, "uid": "0745190c-8cb5-4b80-a793-0f591ae6ac18"}
2026-04-01 18:44:10 | INFO     | [QUESTION_SENT] {"question_idx": 2429, "uid": "c31f0aa4-defc-4a65-ba80-c68afd2ebd45"}
2026-04-01 18:44:44 | INFO     | [QUESTION_ATTEMPT] {"attempt": 135, "max_questions": 300, "question_idx": 2429, "uid": "c31f0aa4-defc-4a65-ba80-c68afd2ebd45"}
2026-04-01 18:47:43 | INFO     | [QUESTION_SENT] {"question_idx": 2430, "uid": "90920486-c76e-4b04-97b7-738dc5058924"}
2026-04-01 18:48:13 | INFO     | [QUESTION_ATTEMPT] {"attempt": 136, "max_questions": 300, "question_idx": 2430, "uid": "90920486-c76e-4b04-97b7-738dc5058924"}
2026-04-01 18:51:16 | INFO     | [QUESTION_SENT] {"question_idx": 2431, "uid": "e4dfd17d-6f76-4f92-b3a0-8c1ef6400ba9"}
2026-04-01 18:51:43 | INFO     | [QUESTION_ATTEMPT] {"attempt": 137, "max_questions": 300, "question_idx": 2431, "uid": "e4dfd17d-6f76-4f92-b3a0-8c1ef6400ba9"}
2026-04-01 18:51:55 | INFO     | [QUESTION_SENT] {"question_idx": 2431, "uid": "e4dfd17d-6f76-4f92-b3a0-8c1ef6400ba9"}
2026-04-01 18:52:20 | INFO     | [QUESTION_ATTEMPT] {"attempt": 138, "max_questions": 300, "question_idx": 2431, "uid": "e4dfd17d-6f76-4f92-b3a0-8c1ef6400ba9"}
2026-04-01 18:55:31 | INFO     | [QUESTION_SENT] {"question_idx": 2432, "uid": "90a68068-c5b9-497b-bc83-72d660969e57"}
2026-04-01 18:56:03 | INFO     | [QUESTION_ATTEMPT] {"attempt": 139, "max_questions": 300, "question_idx": 2432, "uid": "90a68068-c5b9-497b-bc83-72d660969e57"}
2026-04-01 18:59:04 | INFO     | [QUESTION_SENT] {"question_idx": 2433, "uid": "d26db6ba-d75b-48fe-8f4b-6357d3c3492e"}
2026-04-01 19:02:37 | INFO     | [QUESTION_SENT] {"question_idx": 2433, "uid": "d26db6ba-d75b-48fe-8f4b-6357d3c3492e"}
2026-04-01 19:06:10 | INFO     | [QUESTION_SENT] {"question_idx": 2433, "uid": "d26db6ba-d75b-48fe-8f4b-6357d3c3492e"}
2026-04-01 19:09:43 | INFO     | [QUESTION_SENT] {"question_idx": 2433, "uid": "d26db6ba-d75b-48fe-8f4b-6357d3c3492e"}
2026-04-01 19:13:15 | INFO     | [QUESTION_SENT] {"question_idx": 2433, "uid": "d26db6ba-d75b-48fe-8f4b-6357d3c3492e"}
2026-04-01 19:16:48 | INFO     | [QUESTION_SENT] {"question_idx": 2433, "uid": "d26db6ba-d75b-48fe-8f4b-6357d3c3492e"}
2026-04-01 19:20:21 | INFO     | [QUESTION_SENT] {"question_idx": 2433, "uid": "d26db6ba-d75b-48fe-8f4b-6357d3c3492e"}
2026-04-01 19:23:54 | INFO     | [QUESTION_SENT] {"question_idx": 2433, "uid": "d26db6ba-d75b-48fe-8f4b-6357d3c3492e"}
2026-04-01 19:27:27 | INFO     | [QUESTION_SENT] {"question_idx": 2433, "uid": "d26db6ba-d75b-48fe-8f4b-6357d3c3492e"}
2026-04-01 19:31:00 | INFO     | [QUESTION_SENT] {"question_idx": 2433, "uid": "d26db6ba-d75b-48fe-8f4b-6357d3c3492e"}
2026-04-01 19:34:33 | INFO     | [QUESTION_SENT] {"question_idx": 2433, "uid": "d26db6ba-d75b-48fe-8f4b-6357d3c3492e"}
2026-04-01 19:36:37 | INFO     | [BOT_STOP] {"bot_id": 13, "total_questions": 139}
