2026-04-04 09:18:47 | INFO     | [BOT_START] {"bot_id": 13, "project": "hypos_norm", "timestamp": "2026-04-04T09:18:47.500794", "log_dir": "/home/dmitrii/Documents/projects/clicker_3.0/logs/bot_13"}
2026-04-04 09:18:53 | INFO     | [RESTART] {"bot_id": 13, "note": "first_start"}
2026-04-04 09:18:53 | INFO     | [FSM_INITIALIZED] {"site": "gpt", "scenario": "web_search", "start_state": "start_question"}
2026-04-04 09:22:57 | INFO     | [BOT_STOP] {"bot_id": 13, "total_questions": 0}
2026-04-04 09:23:01 | INFO     | [BOT_START] {"bot_id": 13, "project": "hypos_norm", "timestamp": "2026-04-04T09:23:01.521287", "log_dir": "/home/dmitrii/Documents/projects/clicker_3.0/logs/bot_13"}
2026-04-04 09:23:07 | INFO     | [RESTART] {"bot_id": 13, "note": "first_start"}
2026-04-04 09:23:07 | INFO     | [FSM_INITIALIZED] {"site": "gpt", "scenario": "web_search", "start_state": "start_question"}
2026-04-04 09:23:58 | INFO     | [QUESTION_SENT] {"question_idx": 3286, "uid": "c71b645b-260e-4a4b-9658-619b2f96912c"}
2026-04-04 09:24:31 | INFO     | [QUESTION_ATTEMPT] {"attempt": 1, "max_questions": 300, "question_idx": 3286, "uid": "c71b645b-260e-4a4b-9658-619b2f96912c"}
2026-04-04 09:27:31 | INFO     | [QUESTION_SENT] {"question_idx": 3287, "uid": "7040cee2-a9b1-4a6a-8631-c0620ccaf3db"}
2026-04-04 09:27:57 | INFO     | [QUESTION_ATTEMPT] {"attempt": 2, "max_questions": 300, "question_idx": 3287, "uid": "7040cee2-a9b1-4a6a-8631-c0620ccaf3db"}
2026-04-04 09:31:04 | INFO     | [QUESTION_SENT] {"question_idx": 3288, "uid": "1e1ec4bb-793f-45ee-9760-757f5302c2c5"}
2026-04-04 09:31:34 | INFO     | [QUESTION_ATTEMPT] {"attempt": 3, "max_questions": 300, "question_idx": 3288, "uid": "1e1ec4bb-793f-45ee-9760-757f5302c2c5"}
2026-04-04 09:34:37 | INFO     | [QUESTION_SENT] {"question_idx": 3289, "uid": "8f8ae4fa-5784-402f-b03e-0230bc25daa8"}
2026-04-04 09:35:07 | INFO     | [QUESTION_ATTEMPT] {"attempt": 4, "max_questions": 300, "question_idx": 3289, "uid": "8f8ae4fa-5784-402f-b03e-0230bc25daa8"}
2026-04-04 09:38:10 | INFO     | [QUESTION_SENT] {"question_idx": 3290, "uid": "9023b345-c738-4010-aa47-702ce0e91d92"}
2026-04-04 09:38:40 | INFO     | [QUESTION_ATTEMPT] {"attempt": 5, "max_questions": 300, "question_idx": 3290, "uid": "9023b345-c738-4010-aa47-702ce0e91d92"}
2026-04-04 09:41:43 | INFO     | [QUESTION_SENT] {"question_idx": 3291, "uid": "342356c2-eb0f-4d2b-bb01-e9d2fb18c245"}
2026-04-04 09:42:14 | INFO     | [QUESTION_ATTEMPT] {"attempt": 6, "max_questions": 300, "question_idx": 3291, "uid": "342356c2-eb0f-4d2b-bb01-e9d2fb18c245"}
2026-04-04 09:45:16 | INFO     | [QUESTION_SENT] {"question_idx": 3292, "uid": "e300d271-8610-4e34-a65d-5063fc6de2cb"}
2026-04-04 09:45:47 | INFO     | [QUESTION_ATTEMPT] {"attempt": 7, "max_questions": 300, "question_idx": 3292, "uid": "e300d271-8610-4e34-a65d-5063fc6de2cb"}
2026-04-04 09:48:48 | INFO     | [QUESTION_SENT] {"question_idx": 3293, "uid": "3048e969-7bdc-4bbd-aa21-ba8df5955afa"}
2026-04-04 09:49:16 | INFO     | [QUESTION_ATTEMPT] {"attempt": 8, "max_questions": 300, "question_idx": 3293, "uid": "3048e969-7bdc-4bbd-aa21-ba8df5955afa"}
2026-04-04 09:52:21 | INFO     | [QUESTION_SENT] {"question_idx": 3294, "uid": "58a16a35-4045-474a-a421-a9bd9224b08b"}
2026-04-04 09:52:52 | INFO     | [QUESTION_ATTEMPT] {"attempt": 9, "max_questions": 300, "question_idx": 3294, "uid": "58a16a35-4045-474a-a421-a9bd9224b08b"}
2026-04-04 09:55:54 | INFO     | [QUESTION_SENT] {"question_idx": 3295, "uid": "7e15f9f5-a09f-4265-bd69-1cce3cf76a7a"}
2026-04-04 09:56:25 | INFO     | [QUESTION_ATTEMPT] {"attempt": 10, "max_questions": 300, "question_idx": 3295, "uid": "7e15f9f5-a09f-4265-bd69-1cce3cf76a7a"}
2026-04-04 09:59:27 | INFO     | [QUESTION_SENT] {"question_idx": 3296, "uid": "86727c4a-5368-47ba-a468-82d0ca87b788"}
2026-04-04 10:00:00 | INFO     | [QUESTION_ATTEMPT] {"attempt": 11, "max_questions": 300, "question_idx": 3296, "uid": "86727c4a-5368-47ba-a468-82d0ca87b788"}
2026-04-04 10:03:01 | INFO     | [QUESTION_SENT] {"question_idx": 3297, "uid": "c4e12593-da38-44f1-9671-3559879b0732"}
2026-04-04 10:03:29 | INFO     | [QUESTION_ATTEMPT] {"attempt": 12, "max_questions": 300, "question_idx": 3297, "uid": "c4e12593-da38-44f1-9671-3559879b0732"}
2026-04-04 10:06:33 | INFO     | [QUESTION_SENT] {"question_idx": 3298, "uid": "acabee7a-dc80-4ad7-a8eb-fc4dbdea448c"}
2026-04-04 10:07:05 | INFO     | [QUESTION_ATTEMPT] {"attempt": 13, "max_questions": 300, "question_idx": 3298, "uid": "acabee7a-dc80-4ad7-a8eb-fc4dbdea448c"}
2026-04-04 10:10:06 | INFO     | [QUESTION_SENT] {"question_idx": 3299, "uid": "5f84ead9-e3a0-4be2-9cd3-6c8926c7c759"}
2026-04-04 10:13:39 | INFO     | [QUESTION_SENT] {"question_idx": 3299, "uid": "5f84ead9-e3a0-4be2-9cd3-6c8926c7c759"}
2026-04-04 10:14:10 | INFO     | [QUESTION_ATTEMPT] {"attempt": 14, "max_questions": 300, "question_idx": 3299, "uid": "5f84ead9-e3a0-4be2-9cd3-6c8926c7c759"}
2026-04-04 10:17:12 | INFO     | [QUESTION_SENT] {"question_idx": 3300, "uid": "508cbbd6-853e-4974-9ed3-cf6eba6930cc"}
2026-04-04 10:20:45 | INFO     | [QUESTION_SENT] {"question_idx": 3300, "uid": "508cbbd6-853e-4974-9ed3-cf6eba6930cc"}
2026-04-04 10:21:17 | INFO     | [QUESTION_ATTEMPT] {"attempt": 15, "max_questions": 300, "question_idx": 3300, "uid": "508cbbd6-853e-4974-9ed3-cf6eba6930cc"}
2026-04-04 10:24:18 | INFO     | [QUESTION_SENT] {"question_idx": 3301, "uid": "8efc509a-848c-4a6b-bc4a-55faae8bb3f5"}
2026-04-04 10:24:50 | INFO     | [QUESTION_ATTEMPT] {"attempt": 16, "max_questions": 300, "question_idx": 3301, "uid": "8efc509a-848c-4a6b-bc4a-55faae8bb3f5"}
2026-04-04 10:27:51 | INFO     | [QUESTION_SENT] {"question_idx": 3302, "uid": "343abfdc-c287-4dd7-a2a5-632fc6fd10bb"}
2026-04-04 10:28:22 | INFO     | [QUESTION_ATTEMPT] {"attempt": 17, "max_questions": 300, "question_idx": 3302, "uid": "343abfdc-c287-4dd7-a2a5-632fc6fd10bb"}
2026-04-04 10:31:24 | INFO     | [QUESTION_SENT] {"question_idx": 3303, "uid": "d6a2fb6f-68d8-435e-be35-e49731587de7"}
2026-04-04 10:31:54 | INFO     | [QUESTION_ATTEMPT] {"attempt": 18, "max_questions": 300, "question_idx": 3303, "uid": "d6a2fb6f-68d8-435e-be35-e49731587de7"}
2026-04-04 10:34:56 | INFO     | [QUESTION_SENT] {"question_idx": 3304, "uid": "dcdbfa36-d37c-4c2c-b709-6e66766ff93b"}
2026-04-04 10:35:25 | INFO     | [QUESTION_ATTEMPT] {"attempt": 19, "max_questions": 300, "question_idx": 3304, "uid": "dcdbfa36-d37c-4c2c-b709-6e66766ff93b"}
2026-04-04 10:35:38 | INFO     | [QUESTION_SENT] {"question_idx": 3304, "uid": "dcdbfa36-d37c-4c2c-b709-6e66766ff93b"}
2026-04-04 10:35:59 | INFO     | [QUESTION_ATTEMPT] {"attempt": 20, "max_questions": 300, "question_idx": 3304, "uid": "dcdbfa36-d37c-4c2c-b709-6e66766ff93b"}
2026-04-04 10:39:13 | INFO     | [QUESTION_SENT] {"question_idx": 3305, "uid": "2341675d-c763-4141-ab27-9751d55fbc74"}
2026-04-04 10:39:45 | INFO     | [QUESTION_ATTEMPT] {"attempt": 21, "max_questions": 300, "question_idx": 3305, "uid": "2341675d-c763-4141-ab27-9751d55fbc74"}
2026-04-04 10:42:46 | INFO     | [QUESTION_SENT] {"question_idx": 3306, "uid": "31823995-a6f6-431e-96aa-0258267ed850"}
2026-04-04 10:43:19 | INFO     | [QUESTION_ATTEMPT] {"attempt": 22, "max_questions": 300, "question_idx": 3306, "uid": "31823995-a6f6-431e-96aa-0258267ed850"}
2026-04-04 10:46:19 | INFO     | [QUESTION_SENT] {"question_idx": 3307, "uid": "b9e112e7-1900-456e-aff8-e4b6c25ee468"}
2026-04-04 10:46:49 | INFO     | [QUESTION_ATTEMPT] {"attempt": 23, "max_questions": 300, "question_idx": 3307, "uid": "b9e112e7-1900-456e-aff8-e4b6c25ee468"}
2026-04-04 10:49:51 | INFO     | [QUESTION_SENT] {"question_idx": 3308, "uid": "f3c46ef8-ae1d-453d-abca-8e67abcdd36c"}
2026-04-04 10:50:23 | INFO     | [QUESTION_ATTEMPT] {"attempt": 24, "max_questions": 300, "question_idx": 3308, "uid": "f3c46ef8-ae1d-453d-abca-8e67abcdd36c"}
2026-04-04 10:53:24 | INFO     | [QUESTION_SENT] {"question_idx": 3309, "uid": "7dabf4cc-dbc6-4692-93e4-d4d87104cabf"}
2026-04-04 10:53:54 | INFO     | [QUESTION_ATTEMPT] {"attempt": 25, "max_questions": 300, "question_idx": 3309, "uid": "7dabf4cc-dbc6-4692-93e4-d4d87104cabf"}
2026-04-04 10:56:57 | INFO     | [QUESTION_SENT] {"question_idx": 3310, "uid": "6abe0dfe-94ba-4261-989f-1739be235125"}
2026-04-04 10:57:23 | INFO     | [QUESTION_ATTEMPT] {"attempt": 26, "max_questions": 300, "question_idx": 3310, "uid": "6abe0dfe-94ba-4261-989f-1739be235125"}
2026-04-04 10:57:35 | INFO     | [QUESTION_SENT] {"question_idx": 3310, "uid": "6abe0dfe-94ba-4261-989f-1739be235125"}
2026-04-04 10:57:58 | INFO     | [QUESTION_ATTEMPT] {"attempt": 27, "max_questions": 300, "question_idx": 3310, "uid": "6abe0dfe-94ba-4261-989f-1739be235125"}
2026-04-04 11:01:11 | INFO     | [QUESTION_SENT] {"question_idx": 3311, "uid": "8afbc613-f286-47ff-9bab-75a2ce7c7ffe"}
2026-04-04 11:01:39 | INFO     | [QUESTION_ATTEMPT] {"attempt": 28, "max_questions": 300, "question_idx": 3311, "uid": "8afbc613-f286-47ff-9bab-75a2ce7c7ffe"}
2026-04-04 11:04:44 | INFO     | [QUESTION_SENT] {"question_idx": 3312, "uid": "e2f968e3-7559-4217-86fa-f5c12718fc2e"}
2026-04-04 11:05:15 | INFO     | [QUESTION_ATTEMPT] {"attempt": 29, "max_questions": 300, "question_idx": 3312, "uid": "e2f968e3-7559-4217-86fa-f5c12718fc2e"}
2026-04-04 11:08:17 | INFO     | [QUESTION_SENT] {"question_idx": 3313, "uid": "02e4cdcf-d63d-46df-8ada-e6f8e8792f0f"}
2026-04-04 11:08:50 | INFO     | [QUESTION_ATTEMPT] {"attempt": 30, "max_questions": 300, "question_idx": 3313, "uid": "02e4cdcf-d63d-46df-8ada-e6f8e8792f0f"}
2026-04-04 11:11:49 | INFO     | [QUESTION_SENT] {"question_idx": 3314, "uid": "76f9af2e-a23c-44ff-b45d-038818ca3d2d"}
2026-04-04 11:12:19 | INFO     | [QUESTION_ATTEMPT] {"attempt": 31, "max_questions": 300, "question_idx": 3314, "uid": "76f9af2e-a23c-44ff-b45d-038818ca3d2d"}
2026-04-04 11:15:22 | INFO     | [QUESTION_SENT] {"question_idx": 3315, "uid": "98ed00d1-1529-4ed4-bc00-796605f60aa3"}
2026-04-04 11:15:51 | INFO     | [QUESTION_ATTEMPT] {"attempt": 32, "max_questions": 300, "question_idx": 3315, "uid": "98ed00d1-1529-4ed4-bc00-796605f60aa3"}
2026-04-04 11:18:55 | INFO     | [QUESTION_SENT] {"question_idx": 3316, "uid": "5d307c18-0ffe-4e0a-b1b6-ef22d7fd8ed0"}
2026-04-04 11:19:27 | INFO     | [QUESTION_ATTEMPT] {"attempt": 33, "max_questions": 300, "question_idx": 3316, "uid": "5d307c18-0ffe-4e0a-b1b6-ef22d7fd8ed0"}
2026-04-04 11:19:39 | INFO     | [QUESTION_SENT] {"question_idx": 3316, "uid": "5d307c18-0ffe-4e0a-b1b6-ef22d7fd8ed0"}
2026-04-04 11:20:02 | INFO     | [QUESTION_ATTEMPT] {"attempt": 34, "max_questions": 300, "question_idx": 3316, "uid": "5d307c18-0ffe-4e0a-b1b6-ef22d7fd8ed0"}
2026-04-04 11:23:14 | INFO     | [QUESTION_SENT] {"question_idx": 3317, "uid": "1d38ea95-dac1-41e7-a444-980ab30825a8"}
2026-04-04 11:23:37 | INFO     | [QUESTION_ATTEMPT] {"attempt": 35, "max_questions": 300, "question_idx": 3317, "uid": "1d38ea95-dac1-41e7-a444-980ab30825a8"}
2026-04-04 11:23:50 | INFO     | [QUESTION_SENT] {"question_idx": 3317, "uid": "1d38ea95-dac1-41e7-a444-980ab30825a8"}
2026-04-04 11:24:10 | INFO     | [QUESTION_ATTEMPT] {"attempt": 36, "max_questions": 300, "question_idx": 3317, "uid": "1d38ea95-dac1-41e7-a444-980ab30825a8"}
2026-04-04 11:27:25 | INFO     | [QUESTION_SENT] {"question_idx": 3318, "uid": "271ddf46-6692-4359-a953-2a55ec73ce7a"}
2026-04-04 11:27:57 | INFO     | [QUESTION_ATTEMPT] {"attempt": 37, "max_questions": 300, "question_idx": 3318, "uid": "271ddf46-6692-4359-a953-2a55ec73ce7a"}
2026-04-04 11:30:58 | INFO     | [QUESTION_SENT] {"question_idx": 3319, "uid": "5767b606-2b09-4846-b16b-5eb96c9e14d8"}
2026-04-04 11:31:27 | INFO     | [QUESTION_ATTEMPT] {"attempt": 38, "max_questions": 300, "question_idx": 3319, "uid": "5767b606-2b09-4846-b16b-5eb96c9e14d8"}
2026-04-04 11:34:31 | INFO     | [QUESTION_SENT] {"question_idx": 3320, "uid": "4536dd74-6aad-4a29-803e-114e1d53b761"}
2026-04-04 11:38:04 | INFO     | [QUESTION_SENT] {"question_idx": 3320, "uid": "4536dd74-6aad-4a29-803e-114e1d53b761"}
2026-04-04 11:38:36 | INFO     | [QUESTION_ATTEMPT] {"attempt": 39, "max_questions": 300, "question_idx": 3320, "uid": "4536dd74-6aad-4a29-803e-114e1d53b761"}
2026-04-04 11:41:37 | INFO     | [QUESTION_SENT] {"question_idx": 3321, "uid": "44538aa9-0ae5-4e75-80f3-214e4dbe2e17"}
2026-04-04 11:42:06 | INFO     | [QUESTION_ATTEMPT] {"attempt": 40, "max_questions": 300, "question_idx": 3321, "uid": "44538aa9-0ae5-4e75-80f3-214e4dbe2e17"}
2026-04-04 11:45:10 | INFO     | [QUESTION_SENT] {"question_idx": 3322, "uid": "57125913-5481-4d09-82ee-fb881ce5d23f"}
2026-04-04 11:45:40 | INFO     | [QUESTION_ATTEMPT] {"attempt": 41, "max_questions": 300, "question_idx": 3322, "uid": "57125913-5481-4d09-82ee-fb881ce5d23f"}
2026-04-04 11:48:43 | INFO     | [QUESTION_SENT] {"question_idx": 3323, "uid": "fea5b95d-fbba-4179-934a-a261570bab49"}
2026-04-04 11:49:10 | INFO     | [QUESTION_ATTEMPT] {"attempt": 42, "max_questions": 300, "question_idx": 3323, "uid": "fea5b95d-fbba-4179-934a-a261570bab49"}
2026-04-04 11:49:23 | INFO     | [QUESTION_SENT] {"question_idx": 3323, "uid": "fea5b95d-fbba-4179-934a-a261570bab49"}
2026-04-04 11:49:42 | INFO     | [QUESTION_ATTEMPT] {"attempt": 43, "max_questions": 300, "question_idx": 3323, "uid": "fea5b95d-fbba-4179-934a-a261570bab49"}
2026-04-04 11:52:58 | INFO     | [QUESTION_SENT] {"question_idx": 3324, "uid": "fe62ebd6-9cf8-47b8-82d4-a8ed109de30f"}
2026-04-04 11:53:28 | INFO     | [QUESTION_ATTEMPT] {"attempt": 44, "max_questions": 300, "question_idx": 3324, "uid": "fe62ebd6-9cf8-47b8-82d4-a8ed109de30f"}
2026-04-04 11:56:31 | INFO     | [QUESTION_SENT] {"question_idx": 3325, "uid": "60d6b993-bcd9-43df-8d9d-917a90a29e9d"}
2026-04-04 11:56:57 | INFO     | [QUESTION_ATTEMPT] {"attempt": 45, "max_questions": 300, "question_idx": 3325, "uid": "60d6b993-bcd9-43df-8d9d-917a90a29e9d"}
2026-04-04 12:00:04 | INFO     | [QUESTION_SENT] {"question_idx": 3326, "uid": "84c91f98-625f-40fa-a1f8-014c5e25915a"}
2026-04-04 12:00:36 | INFO     | [QUESTION_ATTEMPT] {"attempt": 46, "max_questions": 300, "question_idx": 3326, "uid": "84c91f98-625f-40fa-a1f8-014c5e25915a"}
2026-04-04 12:03:37 | INFO     | [QUESTION_SENT] {"question_idx": 3327, "uid": "e3a4e93a-8685-4606-a0ae-5b0d501c8fff"}
2026-04-04 12:04:07 | INFO     | [QUESTION_ATTEMPT] {"attempt": 47, "max_questions": 300, "question_idx": 3327, "uid": "e3a4e93a-8685-4606-a0ae-5b0d501c8fff"}
2026-04-04 12:07:10 | INFO     | [QUESTION_SENT] {"question_idx": 3328, "uid": "bec172d6-4d43-4591-94d6-d1dd0eee58e2"}
2026-04-04 12:07:42 | INFO     | [QUESTION_ATTEMPT] {"attempt": 48, "max_questions": 300, "question_idx": 3328, "uid": "bec172d6-4d43-4591-94d6-d1dd0eee58e2"}
2026-04-04 12:10:43 | INFO     | [QUESTION_SENT] {"question_idx": 3329, "uid": "c103e430-8be8-48d8-86ec-4c396e248537"}
2026-04-04 12:11:16 | INFO     | [QUESTION_ATTEMPT] {"attempt": 49, "max_questions": 300, "question_idx": 3329, "uid": "c103e430-8be8-48d8-86ec-4c396e248537"}
2026-04-04 12:14:16 | INFO     | [QUESTION_SENT] {"question_idx": 3330, "uid": "08fb1f09-edf7-4016-bf77-7d0c940b3c66"}
2026-04-04 12:14:47 | INFO     | [QUESTION_ATTEMPT] {"attempt": 50, "max_questions": 300, "question_idx": 3330, "uid": "08fb1f09-edf7-4016-bf77-7d0c940b3c66"}
2026-04-04 12:17:49 | INFO     | [QUESTION_SENT] {"question_idx": 3331, "uid": "f739a978-5e8d-413f-b2a7-3d754f221fbd"}
2026-04-04 12:18:19 | INFO     | [QUESTION_ATTEMPT] {"attempt": 51, "max_questions": 300, "question_idx": 3331, "uid": "f739a978-5e8d-413f-b2a7-3d754f221fbd"}
2026-04-04 12:21:22 | INFO     | [QUESTION_SENT] {"question_idx": 3332, "uid": "790da44b-8dde-44f3-84db-ad9cda28fcd9"}
2026-04-04 12:21:50 | INFO     | [QUESTION_ATTEMPT] {"attempt": 52, "max_questions": 300, "question_idx": 3332, "uid": "790da44b-8dde-44f3-84db-ad9cda28fcd9"}
2026-04-04 12:22:03 | INFO     | [QUESTION_SENT] {"question_idx": 3332, "uid": "790da44b-8dde-44f3-84db-ad9cda28fcd9"}
2026-04-04 12:22:27 | INFO     | [QUESTION_ATTEMPT] {"attempt": 53, "max_questions": 300, "question_idx": 3332, "uid": "790da44b-8dde-44f3-84db-ad9cda28fcd9"}
2026-04-04 12:25:38 | INFO     | [QUESTION_SENT] {"question_idx": 3333, "uid": "9b3e9708-4863-407d-936b-d5ab5b42ca6b"}
2026-04-04 12:26:06 | INFO     | [QUESTION_ATTEMPT] {"attempt": 54, "max_questions": 300, "question_idx": 3333, "uid": "9b3e9708-4863-407d-936b-d5ab5b42ca6b"}
2026-04-04 12:29:11 | INFO     | [QUESTION_SENT] {"question_idx": 3334, "uid": "156996fb-db30-4502-93ac-971d72b78207"}
2026-04-04 12:29:43 | INFO     | [QUESTION_ATTEMPT] {"attempt": 55, "max_questions": 300, "question_idx": 3334, "uid": "156996fb-db30-4502-93ac-971d72b78207"}
2026-04-04 12:32:44 | INFO     | [QUESTION_SENT] {"question_idx": 3335, "uid": "4e2f903c-28af-4b36-a7a7-73defd3ae489"}
2026-04-04 12:33:17 | INFO     | [QUESTION_ATTEMPT] {"attempt": 56, "max_questions": 300, "question_idx": 3335, "uid": "4e2f903c-28af-4b36-a7a7-73defd3ae489"}
2026-04-04 12:36:17 | INFO     | [QUESTION_SENT] {"question_idx": 3336, "uid": "fbcb5d8c-fbe9-4ca9-b2ae-9d4b5e8e52ff"}
2026-04-04 12:36:39 | INFO     | [QUESTION_ATTEMPT] {"attempt": 57, "max_questions": 300, "question_idx": 3336, "uid": "fbcb5d8c-fbe9-4ca9-b2ae-9d4b5e8e52ff"}
2026-04-04 12:36:51 | INFO     | [QUESTION_SENT] {"question_idx": 3336, "uid": "fbcb5d8c-fbe9-4ca9-b2ae-9d4b5e8e52ff"}
2026-04-04 12:37:04 | INFO     | [QUESTION_ATTEMPT] {"attempt": 58, "max_questions": 300, "question_idx": 3336, "uid": "fbcb5d8c-fbe9-4ca9-b2ae-9d4b5e8e52ff"}
2026-04-04 12:39:38 | INFO     | [QUESTION_SENT] {"question_idx": 3336, "uid": "fbcb5d8c-fbe9-4ca9-b2ae-9d4b5e8e52ff"}
2026-04-04 12:40:30 | INFO     | [QUESTION_ATTEMPT] {"attempt": 59, "max_questions": 300, "question_idx": 3336, "uid": "fbcb5d8c-fbe9-4ca9-b2ae-9d4b5e8e52ff"}
2026-04-04 12:40:43 | INFO     | [QUESTION_SENT] {"question_idx": 3336, "uid": "fbcb5d8c-fbe9-4ca9-b2ae-9d4b5e8e52ff"}
2026-04-04 12:41:06 | INFO     | [QUESTION_ATTEMPT] {"attempt": 60, "max_questions": 300, "question_idx": 3336, "uid": "fbcb5d8c-fbe9-4ca9-b2ae-9d4b5e8e52ff"}
2026-04-04 12:44:18 | INFO     | [QUESTION_SENT] {"question_idx": 3337, "uid": "70924fbe-6ee4-438d-bc00-f8ce3fafe483"}
2026-04-04 12:47:51 | INFO     | [QUESTION_SENT] {"question_idx": 3337, "uid": "70924fbe-6ee4-438d-bc00-f8ce3fafe483"}
2026-04-04 12:48:24 | INFO     | [QUESTION_ATTEMPT] {"attempt": 61, "max_questions": 300, "question_idx": 3337, "uid": "70924fbe-6ee4-438d-bc00-f8ce3fafe483"}
2026-04-04 12:51:24 | INFO     | [QUESTION_SENT] {"question_idx": 3338, "uid": "482e8c42-d4c4-4b20-a087-08db4ad2bd79"}
2026-04-04 12:51:56 | INFO     | [QUESTION_ATTEMPT] {"attempt": 62, "max_questions": 300, "question_idx": 3338, "uid": "482e8c42-d4c4-4b20-a087-08db4ad2bd79"}
2026-04-04 12:54:57 | INFO     | [QUESTION_SENT] {"question_idx": 3339, "uid": "3eb8ea98-ce4f-4f54-a1bd-f0950be32c92"}
2026-04-04 12:55:25 | INFO     | [QUESTION_ATTEMPT] {"attempt": 63, "max_questions": 300, "question_idx": 3339, "uid": "3eb8ea98-ce4f-4f54-a1bd-f0950be32c92"}
2026-04-04 12:58:30 | INFO     | [QUESTION_SENT] {"question_idx": 3339, "uid": "3eb8ea98-ce4f-4f54-a1bd-f0950be32c92"}
2026-04-04 12:58:59 | INFO     | [QUESTION_ATTEMPT] {"attempt": 64, "max_questions": 300, "question_idx": 3339, "uid": "3eb8ea98-ce4f-4f54-a1bd-f0950be32c92"}
2026-04-04 12:59:12 | INFO     | [QUESTION_SENT] {"question_idx": 3339, "uid": "3eb8ea98-ce4f-4f54-a1bd-f0950be32c92"}
2026-04-04 12:59:37 | INFO     | [QUESTION_ATTEMPT] {"attempt": 65, "max_questions": 300, "question_idx": 3339, "uid": "3eb8ea98-ce4f-4f54-a1bd-f0950be32c92"}
2026-04-04 13:02:47 | INFO     | [QUESTION_SENT] {"question_idx": 3340, "uid": "a9c88e2b-177b-4c6b-aa7e-60466161623e"}
2026-04-04 13:03:16 | INFO     | [QUESTION_ATTEMPT] {"attempt": 66, "max_questions": 300, "question_idx": 3340, "uid": "a9c88e2b-177b-4c6b-aa7e-60466161623e"}
2026-04-04 13:06:20 | INFO     | [QUESTION_SENT] {"question_idx": 3341, "uid": "2eaf9327-ce16-4215-93ae-8c9be2f9acc0"}
2026-04-04 13:06:53 | INFO     | [QUESTION_ATTEMPT] {"attempt": 67, "max_questions": 300, "question_idx": 3341, "uid": "2eaf9327-ce16-4215-93ae-8c9be2f9acc0"}
2026-04-04 13:09:53 | INFO     | [QUESTION_SENT] {"question_idx": 3342, "uid": "84c013cf-ee89-4adb-a37e-d7aa4dff0bd2"}
2026-04-04 13:10:25 | INFO     | [QUESTION_ATTEMPT] {"attempt": 68, "max_questions": 300, "question_idx": 3342, "uid": "84c013cf-ee89-4adb-a37e-d7aa4dff0bd2"}
2026-04-04 13:13:26 | INFO     | [QUESTION_SENT] {"question_idx": 3343, "uid": "13b27d25-f03c-4c92-a454-9632186664dc"}
2026-04-04 13:13:59 | INFO     | [QUESTION_ATTEMPT] {"attempt": 69, "max_questions": 300, "question_idx": 3343, "uid": "13b27d25-f03c-4c92-a454-9632186664dc"}
2026-04-04 13:16:59 | INFO     | [QUESTION_SENT] {"question_idx": 3344, "uid": "8be3b493-4110-45f7-b029-b8dbfca3aed5"}
2026-04-04 13:17:34 | INFO     | [QUESTION_ATTEMPT] {"attempt": 70, "max_questions": 300, "question_idx": 3344, "uid": "8be3b493-4110-45f7-b029-b8dbfca3aed5"}
2026-04-04 13:20:32 | INFO     | [QUESTION_SENT] {"question_idx": 3345, "uid": "aa298cfe-9d65-470d-9b8b-77673a420a8e"}
2026-04-04 13:21:02 | INFO     | [QUESTION_ATTEMPT] {"attempt": 71, "max_questions": 300, "question_idx": 3345, "uid": "aa298cfe-9d65-470d-9b8b-77673a420a8e"}
2026-04-04 13:24:05 | INFO     | [QUESTION_SENT] {"question_idx": 3346, "uid": "81ae5531-d550-4408-96fa-dec653cf6297"}
2026-04-04 13:24:35 | INFO     | [QUESTION_ATTEMPT] {"attempt": 72, "max_questions": 300, "question_idx": 3346, "uid": "81ae5531-d550-4408-96fa-dec653cf6297"}
2026-04-04 13:27:38 | INFO     | [QUESTION_SENT] {"question_idx": 3347, "uid": "8ea1472b-e8b4-48be-a31e-ee7545d71e5f"}
2026-04-04 13:28:07 | INFO     | [QUESTION_ATTEMPT] {"attempt": 73, "max_questions": 300, "question_idx": 3347, "uid": "8ea1472b-e8b4-48be-a31e-ee7545d71e5f"}
2026-04-04 13:31:11 | INFO     | [QUESTION_SENT] {"question_idx": 3348, "uid": "d1fe8c36-d101-45a1-8aa1-b234310ed538"}
2026-04-04 13:31:43 | INFO     | [QUESTION_ATTEMPT] {"attempt": 74, "max_questions": 300, "question_idx": 3348, "uid": "d1fe8c36-d101-45a1-8aa1-b234310ed538"}
2026-04-04 13:31:55 | INFO     | [QUESTION_SENT] {"question_idx": 3348, "uid": "d1fe8c36-d101-45a1-8aa1-b234310ed538"}
2026-04-04 13:32:15 | INFO     | [QUESTION_ATTEMPT] {"attempt": 75, "max_questions": 300, "question_idx": 3348, "uid": "d1fe8c36-d101-45a1-8aa1-b234310ed538"}
2026-04-04 13:35:31 | INFO     | [QUESTION_SENT] {"question_idx": 3349, "uid": "f901d759-d890-45f2-b4f7-e56974fa275c"}
2026-04-04 13:36:02 | INFO     | [QUESTION_ATTEMPT] {"attempt": 76, "max_questions": 300, "question_idx": 3349, "uid": "f901d759-d890-45f2-b4f7-e56974fa275c"}
2026-04-04 13:39:04 | INFO     | [QUESTION_SENT] {"question_idx": 3350, "uid": "cdfeb999-b88a-4d61-8baa-03917f237ba6"}
2026-04-04 13:39:37 | INFO     | [QUESTION_ATTEMPT] {"attempt": 77, "max_questions": 300, "question_idx": 3350, "uid": "cdfeb999-b88a-4d61-8baa-03917f237ba6"}
2026-04-04 13:39:49 | INFO     | [QUESTION_SENT] {"question_idx": 3350, "uid": "cdfeb999-b88a-4d61-8baa-03917f237ba6"}
2026-04-04 13:40:09 | INFO     | [QUESTION_ATTEMPT] {"attempt": 78, "max_questions": 300, "question_idx": 3350, "uid": "cdfeb999-b88a-4d61-8baa-03917f237ba6"}
2026-04-04 13:43:25 | INFO     | [QUESTION_SENT] {"question_idx": 3351, "uid": "ebb17465-f76f-4601-bce8-8cde06ab9dbc"}
2026-04-04 13:43:56 | INFO     | [QUESTION_ATTEMPT] {"attempt": 79, "max_questions": 300, "question_idx": 3351, "uid": "ebb17465-f76f-4601-bce8-8cde06ab9dbc"}
2026-04-04 13:46:58 | INFO     | [QUESTION_SENT] {"question_idx": 3352, "uid": "cc605803-db8e-447f-870c-804e1708d0ef"}
2026-04-04 13:47:24 | INFO     | [QUESTION_ATTEMPT] {"attempt": 80, "max_questions": 300, "question_idx": 3352, "uid": "cc605803-db8e-447f-870c-804e1708d0ef"}
2026-04-04 13:47:36 | INFO     | [QUESTION_SENT] {"question_idx": 3352, "uid": "cc605803-db8e-447f-870c-804e1708d0ef"}
2026-04-04 13:47:59 | INFO     | [QUESTION_ATTEMPT] {"attempt": 81, "max_questions": 300, "question_idx": 3352, "uid": "cc605803-db8e-447f-870c-804e1708d0ef"}
2026-04-04 13:51:11 | INFO     | [QUESTION_SENT] {"question_idx": 3353, "uid": "3ab43356-9138-4d1d-a6aa-5388eb7acb53"}
2026-04-04 13:51:43 | INFO     | [QUESTION_ATTEMPT] {"attempt": 82, "max_questions": 300, "question_idx": 3353, "uid": "3ab43356-9138-4d1d-a6aa-5388eb7acb53"}
2026-04-04 13:54:44 | INFO     | [QUESTION_SENT] {"question_idx": 3354, "uid": "1fe7340f-7be3-4c88-901a-5578c52b7020"}
2026-04-04 13:55:16 | INFO     | [QUESTION_ATTEMPT] {"attempt": 83, "max_questions": 300, "question_idx": 3354, "uid": "1fe7340f-7be3-4c88-901a-5578c52b7020"}
2026-04-04 13:58:17 | INFO     | [QUESTION_SENT] {"question_idx": 3355, "uid": "1bbf06c7-9132-4fd5-affb-28c85836bd29"}
2026-04-04 13:58:43 | INFO     | [QUESTION_ATTEMPT] {"attempt": 84, "max_questions": 300, "question_idx": 3355, "uid": "1bbf06c7-9132-4fd5-affb-28c85836bd29"}
2026-04-04 14:01:50 | INFO     | [QUESTION_SENT] {"question_idx": 3356, "uid": "f7985efd-af66-48e0-84c6-63cb480eb80d"}
2026-04-04 14:02:19 | INFO     | [QUESTION_ATTEMPT] {"attempt": 85, "max_questions": 300, "question_idx": 3356, "uid": "f7985efd-af66-48e0-84c6-63cb480eb80d"}
2026-04-04 14:05:23 | INFO     | [QUESTION_SENT] {"question_idx": 3357, "uid": "cfe5a7cd-073c-4a57-9eec-74964934d941"}
2026-04-04 14:05:52 | INFO     | [QUESTION_ATTEMPT] {"attempt": 86, "max_questions": 300, "question_idx": 3357, "uid": "cfe5a7cd-073c-4a57-9eec-74964934d941"}
2026-04-04 14:08:56 | INFO     | [QUESTION_SENT] {"question_idx": 3358, "uid": "1ce4161b-58d6-4d21-8e2c-ba1fee34996c"}
2026-04-04 14:09:28 | INFO     | [QUESTION_ATTEMPT] {"attempt": 87, "max_questions": 300, "question_idx": 3358, "uid": "1ce4161b-58d6-4d21-8e2c-ba1fee34996c"}
2026-04-04 14:12:29 | INFO     | [QUESTION_SENT] {"question_idx": 3359, "uid": "f2e56f83-f5c0-4a3c-b1a8-ce62ec3930c5"}
2026-04-04 14:12:58 | INFO     | [QUESTION_ATTEMPT] {"attempt": 88, "max_questions": 300, "question_idx": 3359, "uid": "f2e56f83-f5c0-4a3c-b1a8-ce62ec3930c5"}
2026-04-04 14:16:02 | INFO     | [QUESTION_SENT] {"question_idx": 3360, "uid": "60972f00-0a40-4d4a-a8c7-1d2f3511589d"}
2026-04-04 14:16:30 | INFO     | [QUESTION_ATTEMPT] {"attempt": 89, "max_questions": 300, "question_idx": 3360, "uid": "60972f00-0a40-4d4a-a8c7-1d2f3511589d"}
2026-04-04 14:19:35 | INFO     | [QUESTION_SENT] {"question_idx": 3361, "uid": "ce3ad36c-578a-4c5f-aa10-c61339036774"}
2026-04-04 14:20:04 | INFO     | [QUESTION_ATTEMPT] {"attempt": 90, "max_questions": 300, "question_idx": 3361, "uid": "ce3ad36c-578a-4c5f-aa10-c61339036774"}
2026-04-04 14:23:08 | INFO     | [QUESTION_SENT] {"question_idx": 3362, "uid": "245b760e-a900-4e03-aec1-1a9bc40c6e4d"}
2026-04-04 14:23:36 | INFO     | [QUESTION_ATTEMPT] {"attempt": 91, "max_questions": 300, "question_idx": 3362, "uid": "245b760e-a900-4e03-aec1-1a9bc40c6e4d"}
2026-04-04 14:26:42 | INFO     | [QUESTION_SENT] {"question_idx": 3363, "uid": "e9851dfe-fefa-47a3-839b-67db972ecbd4"}
2026-04-04 14:27:12 | INFO     | [QUESTION_ATTEMPT] {"attempt": 92, "max_questions": 300, "question_idx": 3363, "uid": "e9851dfe-fefa-47a3-839b-67db972ecbd4"}
2026-04-04 14:30:15 | INFO     | [QUESTION_SENT] {"question_idx": 3364, "uid": "d098da7a-4c24-494d-832f-8a371fab9584"}
2026-04-04 14:30:46 | INFO     | [QUESTION_ATTEMPT] {"attempt": 93, "max_questions": 300, "question_idx": 3364, "uid": "d098da7a-4c24-494d-832f-8a371fab9584"}
2026-04-04 14:33:47 | INFO     | [QUESTION_SENT] {"question_idx": 3365, "uid": "2db66652-6e82-4eab-a672-beab67699c48"}
2026-04-04 14:34:13 | INFO     | [QUESTION_ATTEMPT] {"attempt": 94, "max_questions": 300, "question_idx": 3365, "uid": "2db66652-6e82-4eab-a672-beab67699c48"}
2026-04-04 14:34:26 | INFO     | [QUESTION_SENT] {"question_idx": 3365, "uid": "2db66652-6e82-4eab-a672-beab67699c48"}
2026-04-04 14:34:42 | INFO     | [QUESTION_ATTEMPT] {"attempt": 95, "max_questions": 300, "question_idx": 3365, "uid": "2db66652-6e82-4eab-a672-beab67699c48"}
2026-04-04 14:38:02 | INFO     | [QUESTION_SENT] {"question_idx": 3365, "uid": "2db66652-6e82-4eab-a672-beab67699c48"}
2026-04-04 14:38:28 | INFO     | [QUESTION_ATTEMPT] {"attempt": 96, "max_questions": 300, "question_idx": 3365, "uid": "2db66652-6e82-4eab-a672-beab67699c48"}
2026-04-04 14:41:35 | INFO     | [QUESTION_SENT] {"question_idx": 3366, "uid": "234b8cc6-c693-4ac8-a754-2f04f4dbb845"}
2026-04-04 14:42:06 | INFO     | [QUESTION_ATTEMPT] {"attempt": 97, "max_questions": 300, "question_idx": 3366, "uid": "234b8cc6-c693-4ac8-a754-2f04f4dbb845"}
2026-04-04 14:45:08 | INFO     | [QUESTION_SENT] {"question_idx": 3367, "uid": "851397d0-345d-43a6-83d9-f1d566a48e40"}
2026-04-04 14:48:41 | INFO     | [QUESTION_SENT] {"question_idx": 3367, "uid": "851397d0-345d-43a6-83d9-f1d566a48e40"}
2026-04-04 14:49:11 | INFO     | [QUESTION_ATTEMPT] {"attempt": 98, "max_questions": 300, "question_idx": 3367, "uid": "851397d0-345d-43a6-83d9-f1d566a48e40"}
2026-04-04 14:52:14 | INFO     | [QUESTION_SENT] {"question_idx": 3368, "uid": "05a2a734-72e0-4e07-885f-eb299f7d67d8"}
2026-04-04 14:52:41 | INFO     | [QUESTION_ATTEMPT] {"attempt": 99, "max_questions": 300, "question_idx": 3368, "uid": "05a2a734-72e0-4e07-885f-eb299f7d67d8"}
2026-04-04 14:52:53 | INFO     | [QUESTION_SENT] {"question_idx": 3368, "uid": "05a2a734-72e0-4e07-885f-eb299f7d67d8"}
2026-04-04 14:53:14 | INFO     | [QUESTION_ATTEMPT] {"attempt": 100, "max_questions": 300, "question_idx": 3368, "uid": "05a2a734-72e0-4e07-885f-eb299f7d67d8"}
2026-04-04 14:56:29 | INFO     | [QUESTION_SENT] {"question_idx": 3369, "uid": "6c9d2cef-dd99-45f9-8b9f-95807fd80354"}
2026-04-04 14:56:56 | INFO     | [QUESTION_ATTEMPT] {"attempt": 101, "max_questions": 300, "question_idx": 3369, "uid": "6c9d2cef-dd99-45f9-8b9f-95807fd80354"}
2026-04-04 15:00:02 | INFO     | [QUESTION_SENT] {"question_idx": 3370, "uid": "6a1709db-2ece-4367-8216-7570602a8c26"}
2026-04-04 15:00:34 | INFO     | [QUESTION_ATTEMPT] {"attempt": 102, "max_questions": 300, "question_idx": 3370, "uid": "6a1709db-2ece-4367-8216-7570602a8c26"}
2026-04-04 15:03:35 | INFO     | [QUESTION_SENT] {"question_idx": 3371, "uid": "708f92f0-114d-4170-8e63-4f31fafc678e"}
2026-04-04 15:04:05 | INFO     | [QUESTION_ATTEMPT] {"attempt": 103, "max_questions": 300, "question_idx": 3371, "uid": "708f92f0-114d-4170-8e63-4f31fafc678e"}
2026-04-04 15:07:08 | INFO     | [QUESTION_SENT] {"question_idx": 3372, "uid": "5719e4c2-d90c-40e0-9836-3508f1be3a8a"}
2026-04-04 15:07:44 | INFO     | [QUESTION_ATTEMPT] {"attempt": 104, "max_questions": 300, "question_idx": 3372, "uid": "5719e4c2-d90c-40e0-9836-3508f1be3a8a"}
2026-04-04 15:10:41 | INFO     | [QUESTION_SENT] {"question_idx": 3373, "uid": "fee2b60d-ba59-46f9-a633-b70a3f5e5737"}
2026-04-04 15:11:09 | INFO     | [QUESTION_ATTEMPT] {"attempt": 105, "max_questions": 300, "question_idx": 3373, "uid": "fee2b60d-ba59-46f9-a633-b70a3f5e5737"}
2026-04-04 15:14:14 | INFO     | [QUESTION_SENT] {"question_idx": 3374, "uid": "1273a106-ae21-4bd6-86f2-9c263949a626"}
2026-04-04 15:14:45 | INFO     | [QUESTION_ATTEMPT] {"attempt": 106, "max_questions": 300, "question_idx": 3374, "uid": "1273a106-ae21-4bd6-86f2-9c263949a626"}
2026-04-04 15:17:47 | INFO     | [QUESTION_SENT] {"question_idx": 3375, "uid": "6db65197-0036-4597-8ab9-0427f3b0e39b"}
2026-04-04 15:18:19 | INFO     | [QUESTION_ATTEMPT] {"attempt": 107, "max_questions": 300, "question_idx": 3375, "uid": "6db65197-0036-4597-8ab9-0427f3b0e39b"}
2026-04-04 15:21:20 | INFO     | [QUESTION_SENT] {"question_idx": 3376, "uid": "68224554-937a-4873-a22f-874f7d63b0ad"}
2026-04-04 15:21:53 | INFO     | [QUESTION_ATTEMPT] {"attempt": 108, "max_questions": 300, "question_idx": 3376, "uid": "68224554-937a-4873-a22f-874f7d63b0ad"}
2026-04-04 15:24:53 | INFO     | [QUESTION_SENT] {"question_idx": 3377, "uid": "b4465ff9-63e3-48a8-ad0c-01682e280714"}
2026-04-04 15:25:22 | INFO     | [QUESTION_ATTEMPT] {"attempt": 109, "max_questions": 300, "question_idx": 3377, "uid": "b4465ff9-63e3-48a8-ad0c-01682e280714"}
2026-04-04 15:28:26 | INFO     | [QUESTION_SENT] {"question_idx": 3378, "uid": "2e714ba3-e995-4d47-9f6f-1b1ee54cb8b5"}
2026-04-04 15:29:05 | INFO     | [QUESTION_ATTEMPT] {"attempt": 110, "max_questions": 300, "question_idx": 3378, "uid": "2e714ba3-e995-4d47-9f6f-1b1ee54cb8b5"}
2026-04-04 15:31:59 | INFO     | [QUESTION_SENT] {"question_idx": 3379, "uid": "3d4eaf8c-cda7-48cd-900f-c693b3f3df49"}
2026-04-04 15:32:28 | INFO     | [QUESTION_ATTEMPT] {"attempt": 111, "max_questions": 300, "question_idx": 3379, "uid": "3d4eaf8c-cda7-48cd-900f-c693b3f3df49"}
2026-04-04 15:35:32 | INFO     | [QUESTION_SENT] {"question_idx": 3380, "uid": "a81a11e1-5f62-45d5-af18-ed89c50ba536"}
2026-04-04 15:36:01 | INFO     | [QUESTION_ATTEMPT] {"attempt": 112, "max_questions": 300, "question_idx": 3380, "uid": "a81a11e1-5f62-45d5-af18-ed89c50ba536"}
2026-04-04 15:39:05 | INFO     | [QUESTION_SENT] {"question_idx": 3381, "uid": "7edb968b-4d0e-4529-a7eb-07abd19dd970"}
2026-04-04 15:39:28 | INFO     | [QUESTION_ATTEMPT] {"attempt": 113, "max_questions": 300, "question_idx": 3381, "uid": "7edb968b-4d0e-4529-a7eb-07abd19dd970"}
2026-04-04 15:39:41 | INFO     | [QUESTION_SENT] {"question_idx": 3381, "uid": "7edb968b-4d0e-4529-a7eb-07abd19dd970"}
2026-04-04 15:40:02 | INFO     | [QUESTION_ATTEMPT] {"attempt": 114, "max_questions": 300, "question_idx": 3381, "uid": "7edb968b-4d0e-4529-a7eb-07abd19dd970"}
2026-04-04 15:43:16 | INFO     | [QUESTION_SENT] {"question_idx": 3382, "uid": "64eeef3b-8414-4376-9bc6-fba3c246d5a7"}
2026-04-04 15:46:49 | INFO     | [QUESTION_SENT] {"question_idx": 3382, "uid": "64eeef3b-8414-4376-9bc6-fba3c246d5a7"}
2026-04-04 15:47:48 | INFO     | [QUESTION_ATTEMPT] {"attempt": 115, "max_questions": 300, "question_idx": 3382, "uid": "64eeef3b-8414-4376-9bc6-fba3c246d5a7"}
2026-04-04 15:50:22 | INFO     | [QUESTION_SENT] {"question_idx": 3383, "uid": "d60fc3e8-28ad-478c-8019-a3920348ab33"}
2026-04-04 15:50:52 | INFO     | [QUESTION_ATTEMPT] {"attempt": 116, "max_questions": 300, "question_idx": 3383, "uid": "d60fc3e8-28ad-478c-8019-a3920348ab33"}
2026-04-04 15:53:55 | INFO     | [QUESTION_SENT] {"question_idx": 3384, "uid": "4bd9b0be-c4e4-4326-92b1-f41b4012ceb6"}
2026-04-04 15:54:22 | INFO     | [QUESTION_ATTEMPT] {"attempt": 117, "max_questions": 300, "question_idx": 3384, "uid": "4bd9b0be-c4e4-4326-92b1-f41b4012ceb6"}
2026-04-04 15:57:28 | INFO     | [QUESTION_SENT] {"question_idx": 3385, "uid": "443e781e-82b6-47b4-a99b-0dd563f84d7e"}
2026-04-04 15:57:55 | INFO     | [QUESTION_ATTEMPT] {"attempt": 118, "max_questions": 300, "question_idx": 3385, "uid": "443e781e-82b6-47b4-a99b-0dd563f84d7e"}
2026-04-04 16:01:01 | INFO     | [QUESTION_SENT] {"question_idx": 3386, "uid": "b364f165-0f90-4d49-938d-0b6aa7c6922b"}
2026-04-04 16:01:33 | INFO     | [QUESTION_ATTEMPT] {"attempt": 119, "max_questions": 300, "question_idx": 3386, "uid": "b364f165-0f90-4d49-938d-0b6aa7c6922b"}
2026-04-04 16:04:34 | INFO     | [QUESTION_SENT] {"question_idx": 3387, "uid": "840824d2-a87d-43db-bda2-c82ed6e39ff2"}
2026-04-04 16:05:04 | INFO     | [QUESTION_ATTEMPT] {"attempt": 120, "max_questions": 300, "question_idx": 3387, "uid": "840824d2-a87d-43db-bda2-c82ed6e39ff2"}
2026-04-04 16:08:07 | INFO     | [QUESTION_SENT] {"question_idx": 3388, "uid": "7af23045-3e82-4268-a4f8-3f38daf22f5c"}
2026-04-04 16:08:33 | INFO     | [QUESTION_ATTEMPT] {"attempt": 121, "max_questions": 300, "question_idx": 3388, "uid": "7af23045-3e82-4268-a4f8-3f38daf22f5c"}
2026-04-04 16:08:45 | INFO     | [QUESTION_SENT] {"question_idx": 3388, "uid": "7af23045-3e82-4268-a4f8-3f38daf22f5c"}
2026-04-04 16:09:07 | INFO     | [QUESTION_ATTEMPT] {"attempt": 122, "max_questions": 300, "question_idx": 3388, "uid": "7af23045-3e82-4268-a4f8-3f38daf22f5c"}
2026-04-04 16:12:21 | INFO     | [QUESTION_SENT] {"question_idx": 3389, "uid": "a023f180-7a6f-4fac-b332-e55aa04d6c9b"}
2026-04-04 16:12:46 | INFO     | [QUESTION_ATTEMPT] {"attempt": 123, "max_questions": 300, "question_idx": 3389, "uid": "a023f180-7a6f-4fac-b332-e55aa04d6c9b"}
2026-04-04 16:12:59 | INFO     | [QUESTION_SENT] {"question_idx": 3389, "uid": "a023f180-7a6f-4fac-b332-e55aa04d6c9b"}
2026-04-04 16:13:21 | INFO     | [QUESTION_ATTEMPT] {"attempt": 124, "max_questions": 300, "question_idx": 3389, "uid": "a023f180-7a6f-4fac-b332-e55aa04d6c9b"}
2026-04-04 16:16:34 | INFO     | [QUESTION_SENT] {"question_idx": 3390, "uid": "ff086b59-a145-4867-93ed-69543f065a24"}
2026-04-04 16:17:04 | INFO     | [QUESTION_ATTEMPT] {"attempt": 125, "max_questions": 300, "question_idx": 3390, "uid": "ff086b59-a145-4867-93ed-69543f065a24"}
2026-04-04 16:20:07 | INFO     | [QUESTION_SENT] {"question_idx": 3391, "uid": "714432d6-77f2-432a-ab6c-8f4b93f7e446"}
2026-04-04 16:20:37 | INFO     | [QUESTION_ATTEMPT] {"attempt": 126, "max_questions": 300, "question_idx": 3391, "uid": "714432d6-77f2-432a-ab6c-8f4b93f7e446"}
2026-04-04 16:23:40 | INFO     | [QUESTION_SENT] {"question_idx": 3392, "uid": "3d26d477-d640-4c7f-a5cf-62c45ce35d07"}
2026-04-04 16:24:07 | INFO     | [QUESTION_ATTEMPT] {"attempt": 127, "max_questions": 300, "question_idx": 3392, "uid": "3d26d477-d640-4c7f-a5cf-62c45ce35d07"}
2026-04-04 16:27:13 | INFO     | [QUESTION_SENT] {"question_idx": 3393, "uid": "e2681b8b-403c-4881-a79e-a62ed79224c5"}
2026-04-04 16:27:45 | INFO     | [QUESTION_ATTEMPT] {"attempt": 128, "max_questions": 300, "question_idx": 3393, "uid": "e2681b8b-403c-4881-a79e-a62ed79224c5"}
2026-04-04 16:30:46 | INFO     | [QUESTION_SENT] {"question_idx": 3394, "uid": "3414ec01-e2c5-4af9-9b2f-88c78d8ee5e6"}
2026-04-04 16:31:16 | INFO     | [QUESTION_ATTEMPT] {"attempt": 129, "max_questions": 300, "question_idx": 3394, "uid": "3414ec01-e2c5-4af9-9b2f-88c78d8ee5e6"}
2026-04-04 16:34:19 | INFO     | [QUESTION_SENT] {"question_idx": 3395, "uid": "c4707029-2d16-4b8a-a1e6-eb053a31f9fc"}
2026-04-04 16:37:52 | INFO     | [QUESTION_SENT] {"question_idx": 3395, "uid": "c4707029-2d16-4b8a-a1e6-eb053a31f9fc"}
2026-04-04 16:38:14 | INFO     | [QUESTION_ATTEMPT] {"attempt": 130, "max_questions": 300, "question_idx": 3395, "uid": "c4707029-2d16-4b8a-a1e6-eb053a31f9fc"}
2026-04-04 16:41:25 | INFO     | [QUESTION_SENT] {"question_idx": 3395, "uid": "c4707029-2d16-4b8a-a1e6-eb053a31f9fc"}
2026-04-04 16:41:55 | INFO     | [QUESTION_ATTEMPT] {"attempt": 131, "max_questions": 300, "question_idx": 3395, "uid": "c4707029-2d16-4b8a-a1e6-eb053a31f9fc"}
2026-04-04 16:44:58 | INFO     | [QUESTION_SENT] {"question_idx": 3396, "uid": "a6596655-791c-48e0-9e90-75c9b3043d01"}
2026-04-04 16:45:29 | INFO     | [QUESTION_ATTEMPT] {"attempt": 132, "max_questions": 300, "question_idx": 3396, "uid": "a6596655-791c-48e0-9e90-75c9b3043d01"}
2026-04-04 16:48:31 | INFO     | [QUESTION_SENT] {"question_idx": 3397, "uid": "bfb952de-6213-4c15-9e0f-eb28207be4c4"}
2026-04-04 16:48:58 | INFO     | [QUESTION_ATTEMPT] {"attempt": 133, "max_questions": 300, "question_idx": 3397, "uid": "bfb952de-6213-4c15-9e0f-eb28207be4c4"}
2026-04-04 16:49:10 | INFO     | [QUESTION_SENT] {"question_idx": 3397, "uid": "bfb952de-6213-4c15-9e0f-eb28207be4c4"}
2026-04-04 16:49:31 | INFO     | [QUESTION_ATTEMPT] {"attempt": 134, "max_questions": 300, "question_idx": 3397, "uid": "bfb952de-6213-4c15-9e0f-eb28207be4c4"}
2026-04-04 16:52:46 | INFO     | [QUESTION_SENT] {"question_idx": 3398, "uid": "552b81e6-5816-43bd-af5c-d3482ea42fa9"}
2026-04-04 16:53:27 | INFO     | [QUESTION_ATTEMPT] {"attempt": 135, "max_questions": 300, "question_idx": 3398, "uid": "552b81e6-5816-43bd-af5c-d3482ea42fa9"}
2026-04-04 16:56:19 | INFO     | [QUESTION_SENT] {"question_idx": 3399, "uid": "4e33abfd-62d5-44dd-8f2d-fb4d9dd99937"}
2026-04-04 16:56:49 | INFO     | [QUESTION_ATTEMPT] {"attempt": 136, "max_questions": 300, "question_idx": 3399, "uid": "4e33abfd-62d5-44dd-8f2d-fb4d9dd99937"}
2026-04-04 16:59:52 | INFO     | [QUESTION_SENT] {"question_idx": 3400, "uid": "c70f9b05-f0ec-47cd-9839-97debe8f7ba7"}
2026-04-04 17:00:25 | INFO     | [QUESTION_ATTEMPT] {"attempt": 137, "max_questions": 300, "question_idx": 3400, "uid": "c70f9b05-f0ec-47cd-9839-97debe8f7ba7"}
2026-04-04 17:00:26 | INFO     | [BOT_STOP] {"bot_id": 13, "total_questions": 137}
