2026-04-10 11:25:01 | INFO     | [BOT_START] {"bot_id": 13, "project": "hypos_norm", "timestamp": "2026-04-10T11:25:01.924940", "log_dir": "/home/dmitrii/Documents/projects/clicker_3.0/logs/bot_13"}
2026-04-10 11:25:08 | INFO     | [RESTART] {"bot_id": 13, "note": "first_start"}
2026-04-10 11:25:08 | INFO     | [FSM_INITIALIZED] {"site": "gpt", "scenario": "web_search", "start_state": "start_question"}
2026-04-10 11:26:33 | INFO     | [QUESTION_ATTEMPT] {"attempt": 1, "max_questions": 300, "question_idx": 1771, "uid": "f6b360a2-0507-4e38-ab13-ff9550e13cf8"}
2026-04-10 11:26:33 | INFO     | [QUESTION_SENT] {"question_idx": 1771, "uid": "f6b360a2-0507-4e38-ab13-ff9550e13cf8"}
2026-04-10 11:30:07 | INFO     | [QUESTION_ATTEMPT] {"attempt": 2, "max_questions": 300, "question_idx": 1772, "uid": "1b5c66b1-fa7f-41fd-a1ef-6106e4f26a81"}
2026-04-10 11:30:07 | INFO     | [QUESTION_SENT] {"question_idx": 1772, "uid": "1b5c66b1-fa7f-41fd-a1ef-6106e4f26a81"}
2026-04-10 11:37:27 | INFO     | [QUESTION_ATTEMPT] {"attempt": 3, "max_questions": 300, "question_idx": 1772, "uid": "1b5c66b1-fa7f-41fd-a1ef-6106e4f26a81"}
2026-04-10 11:37:27 | INFO     | [QUESTION_SENT] {"question_idx": 1772, "uid": "1b5c66b1-fa7f-41fd-a1ef-6106e4f26a81"}
2026-04-10 11:41:01 | INFO     | [QUESTION_ATTEMPT] {"attempt": 4, "max_questions": 300, "question_idx": 1773, "uid": "019db2f5-7823-42e3-b35f-79abc817da1b"}
2026-04-10 11:41:01 | INFO     | [QUESTION_SENT] {"question_idx": 1773, "uid": "019db2f5-7823-42e3-b35f-79abc817da1b"}
2026-04-10 11:44:36 | INFO     | [QUESTION_ATTEMPT] {"attempt": 5, "max_questions": 300, "question_idx": 1774, "uid": "9a567bea-300a-42d4-81ea-ba0f4c5feb41"}
2026-04-10 11:44:36 | INFO     | [QUESTION_SENT] {"question_idx": 1774, "uid": "9a567bea-300a-42d4-81ea-ba0f4c5feb41"}
2026-04-10 12:02:20 | INFO     | [QUESTION_ATTEMPT] {"attempt": 6, "max_questions": 300, "question_idx": 1774, "uid": "9a567bea-300a-42d4-81ea-ba0f4c5feb41"}
2026-04-10 12:02:20 | INFO     | [QUESTION_SENT] {"question_idx": 1774, "uid": "9a567bea-300a-42d4-81ea-ba0f4c5feb41"}
2026-04-10 12:05:53 | INFO     | [QUESTION_ATTEMPT] {"attempt": 7, "max_questions": 300, "question_idx": 1775, "uid": "fe91dae6-1782-4dfc-a055-23f7dc59ea2c"}
2026-04-10 12:05:53 | INFO     | [QUESTION_SENT] {"question_idx": 1775, "uid": "fe91dae6-1782-4dfc-a055-23f7dc59ea2c"}
2026-04-10 12:09:27 | INFO     | [QUESTION_ATTEMPT] {"attempt": 8, "max_questions": 300, "question_idx": 1776, "uid": "e528fa07-f6bc-4425-af67-e6edb48948f6"}
2026-04-10 12:09:27 | INFO     | [QUESTION_SENT] {"question_idx": 1776, "uid": "e528fa07-f6bc-4425-af67-e6edb48948f6"}
2026-04-10 12:13:01 | INFO     | [QUESTION_ATTEMPT] {"attempt": 9, "max_questions": 300, "question_idx": 1777, "uid": "ff38b2fb-78f6-499d-b0b0-f7f45479468b"}
2026-04-10 12:13:01 | INFO     | [QUESTION_SENT] {"question_idx": 1777, "uid": "ff38b2fb-78f6-499d-b0b0-f7f45479468b"}
2026-04-10 12:16:36 | INFO     | [QUESTION_ATTEMPT] {"attempt": 10, "max_questions": 300, "question_idx": 1778, "uid": "b425d649-bb8b-431f-ba71-0fa33dc48393"}
2026-04-10 12:16:36 | INFO     | [QUESTION_SENT] {"question_idx": 1778, "uid": "b425d649-bb8b-431f-ba71-0fa33dc48393"}
2026-04-10 12:20:11 | INFO     | [QUESTION_ATTEMPT] {"attempt": 11, "max_questions": 300, "question_idx": 1779, "uid": "d95070c0-c795-4a41-a9dc-c888645e53ea"}
2026-04-10 12:20:11 | INFO     | [QUESTION_SENT] {"question_idx": 1779, "uid": "d95070c0-c795-4a41-a9dc-c888645e53ea"}
2026-04-10 12:23:45 | INFO     | [QUESTION_ATTEMPT] {"attempt": 12, "max_questions": 300, "question_idx": 1780, "uid": "24eb5786-d9bd-4cee-814c-a6326912a29a"}
2026-04-10 12:23:45 | INFO     | [QUESTION_SENT] {"question_idx": 1780, "uid": "24eb5786-d9bd-4cee-814c-a6326912a29a"}
2026-04-10 12:27:19 | INFO     | [QUESTION_ATTEMPT] {"attempt": 13, "max_questions": 300, "question_idx": 1781, "uid": "efc54500-9f20-45d5-a277-99673f07c623"}
2026-04-10 12:27:19 | INFO     | [QUESTION_SENT] {"question_idx": 1781, "uid": "efc54500-9f20-45d5-a277-99673f07c623"}
2026-04-10 12:30:53 | INFO     | [QUESTION_ATTEMPT] {"attempt": 14, "max_questions": 300, "question_idx": 1782, "uid": "0df3c934-86b8-422a-859b-ff3de9d63baf"}
2026-04-10 12:30:53 | INFO     | [QUESTION_SENT] {"question_idx": 1782, "uid": "0df3c934-86b8-422a-859b-ff3de9d63baf"}
2026-04-10 12:31:40 | INFO     | [QUESTION_ATTEMPT] {"attempt": 15, "max_questions": 300, "question_idx": 1782, "uid": "0df3c934-86b8-422a-859b-ff3de9d63baf"}
2026-04-10 12:31:40 | INFO     | [QUESTION_SENT] {"question_idx": 1782, "uid": "0df3c934-86b8-422a-859b-ff3de9d63baf"}
2026-04-10 12:34:09 | INFO     | [QUESTION_ATTEMPT] {"attempt": 16, "max_questions": 300, "question_idx": 1782, "uid": "0df3c934-86b8-422a-859b-ff3de9d63baf"}
2026-04-10 12:34:09 | INFO     | [QUESTION_SENT] {"question_idx": 1782, "uid": "0df3c934-86b8-422a-859b-ff3de9d63baf"}
2026-04-10 12:34:58 | INFO     | [QUESTION_ATTEMPT] {"attempt": 17, "max_questions": 300, "question_idx": 1782, "uid": "0df3c934-86b8-422a-859b-ff3de9d63baf"}
2026-04-10 12:34:58 | INFO     | [QUESTION_SENT] {"question_idx": 1782, "uid": "0df3c934-86b8-422a-859b-ff3de9d63baf"}
2026-04-10 12:38:35 | INFO     | [QUESTION_ATTEMPT] {"attempt": 18, "max_questions": 300, "question_idx": 1783, "uid": "119febd3-c3a6-4b93-812f-ea207845c7bd"}
2026-04-10 12:38:35 | INFO     | [QUESTION_SENT] {"question_idx": 1783, "uid": "119febd3-c3a6-4b93-812f-ea207845c7bd"}
2026-04-10 12:42:09 | INFO     | [QUESTION_ATTEMPT] {"attempt": 19, "max_questions": 300, "question_idx": 1784, "uid": "16102b54-e05e-4b70-957b-17d607bb2221"}
2026-04-10 12:42:09 | INFO     | [QUESTION_SENT] {"question_idx": 1784, "uid": "16102b54-e05e-4b70-957b-17d607bb2221"}
2026-04-10 12:45:43 | INFO     | [QUESTION_ATTEMPT] {"attempt": 20, "max_questions": 300, "question_idx": 1784, "uid": "16102b54-e05e-4b70-957b-17d607bb2221"}
2026-04-10 12:45:43 | INFO     | [QUESTION_SENT] {"question_idx": 1784, "uid": "16102b54-e05e-4b70-957b-17d607bb2221"}
2026-04-10 12:49:17 | INFO     | [QUESTION_ATTEMPT] {"attempt": 21, "max_questions": 300, "question_idx": 1785, "uid": "e0d20129-9245-445e-8f16-0d2387a525d8"}
2026-04-10 12:49:17 | INFO     | [QUESTION_SENT] {"question_idx": 1785, "uid": "e0d20129-9245-445e-8f16-0d2387a525d8"}
2026-04-10 12:50:06 | INFO     | [QUESTION_ATTEMPT] {"attempt": 22, "max_questions": 300, "question_idx": 1785, "uid": "e0d20129-9245-445e-8f16-0d2387a525d8"}
2026-04-10 12:50:06 | INFO     | [QUESTION_SENT] {"question_idx": 1785, "uid": "e0d20129-9245-445e-8f16-0d2387a525d8"}
2026-04-10 12:53:42 | INFO     | [QUESTION_ATTEMPT] {"attempt": 23, "max_questions": 300, "question_idx": 1786, "uid": "73e1d518-98a2-4dbb-8719-82108a06d694"}
2026-04-10 12:53:42 | INFO     | [QUESTION_SENT] {"question_idx": 1786, "uid": "73e1d518-98a2-4dbb-8719-82108a06d694"}
2026-04-10 12:57:15 | INFO     | [QUESTION_ATTEMPT] {"attempt": 24, "max_questions": 300, "question_idx": 1787, "uid": "766f0137-2b51-429b-9fb9-40b86bd9b58d"}
2026-04-10 12:57:15 | INFO     | [QUESTION_SENT] {"question_idx": 1787, "uid": "766f0137-2b51-429b-9fb9-40b86bd9b58d"}
2026-04-10 13:00:49 | INFO     | [QUESTION_ATTEMPT] {"attempt": 25, "max_questions": 300, "question_idx": 1788, "uid": "732adbc8-e283-4856-8105-f39abeda5f16"}
2026-04-10 13:00:49 | INFO     | [QUESTION_SENT] {"question_idx": 1788, "uid": "732adbc8-e283-4856-8105-f39abeda5f16"}
2026-04-10 13:04:24 | INFO     | [QUESTION_ATTEMPT] {"attempt": 26, "max_questions": 300, "question_idx": 1789, "uid": "96a71a8a-6124-4ec7-b91c-7e0c46694f8f"}
2026-04-10 13:04:24 | INFO     | [QUESTION_SENT] {"question_idx": 1789, "uid": "96a71a8a-6124-4ec7-b91c-7e0c46694f8f"}
2026-04-10 13:07:58 | INFO     | [QUESTION_ATTEMPT] {"attempt": 27, "max_questions": 300, "question_idx": 1790, "uid": "306c91ac-4027-4287-b4a9-4538ca7f7d2a"}
2026-04-10 13:07:58 | INFO     | [QUESTION_SENT] {"question_idx": 1790, "uid": "306c91ac-4027-4287-b4a9-4538ca7f7d2a"}
2026-04-10 13:11:33 | INFO     | [QUESTION_ATTEMPT] {"attempt": 28, "max_questions": 300, "question_idx": 1791, "uid": "955d1280-c31f-4f5e-967b-8e8ae3c8597e"}
2026-04-10 13:11:33 | INFO     | [QUESTION_SENT] {"question_idx": 1791, "uid": "955d1280-c31f-4f5e-967b-8e8ae3c8597e"}
2026-04-10 13:15:07 | INFO     | [QUESTION_ATTEMPT] {"attempt": 29, "max_questions": 300, "question_idx": 1792, "uid": "0aa0d1ee-36a2-4197-a568-613e8d6d922d"}
2026-04-10 13:15:07 | INFO     | [QUESTION_SENT] {"question_idx": 1792, "uid": "0aa0d1ee-36a2-4197-a568-613e8d6d922d"}
2026-04-10 13:18:41 | INFO     | [QUESTION_ATTEMPT] {"attempt": 30, "max_questions": 300, "question_idx": 1793, "uid": "6c686727-e17a-4a33-8b80-7af7f69a09ca"}
2026-04-10 13:18:41 | INFO     | [QUESTION_SENT] {"question_idx": 1793, "uid": "6c686727-e17a-4a33-8b80-7af7f69a09ca"}
2026-04-10 13:22:15 | INFO     | [QUESTION_ATTEMPT] {"attempt": 31, "max_questions": 300, "question_idx": 1794, "uid": "bf6a7be9-9f6b-4e6f-ad8d-27ba47acdf72"}
2026-04-10 13:22:15 | INFO     | [QUESTION_SENT] {"question_idx": 1794, "uid": "bf6a7be9-9f6b-4e6f-ad8d-27ba47acdf72"}
2026-04-10 13:25:49 | INFO     | [QUESTION_ATTEMPT] {"attempt": 32, "max_questions": 300, "question_idx": 1795, "uid": "ea85b661-ca56-49a8-b5e8-d055e8e1972d"}
2026-04-10 13:25:49 | INFO     | [QUESTION_SENT] {"question_idx": 1795, "uid": "ea85b661-ca56-49a8-b5e8-d055e8e1972d"}
2026-04-10 13:29:22 | INFO     | [QUESTION_ATTEMPT] {"attempt": 33, "max_questions": 300, "question_idx": 1796, "uid": "adc9cd14-ed6a-4460-96e8-9f93b5405e70"}
2026-04-10 13:29:22 | INFO     | [QUESTION_SENT] {"question_idx": 1796, "uid": "adc9cd14-ed6a-4460-96e8-9f93b5405e70"}
2026-04-10 13:32:55 | INFO     | [QUESTION_ATTEMPT] {"attempt": 34, "max_questions": 300, "question_idx": 1797, "uid": "173254bb-9b4e-4c6f-93be-41a794d62665"}
2026-04-10 13:32:55 | INFO     | [QUESTION_SENT] {"question_idx": 1797, "uid": "173254bb-9b4e-4c6f-93be-41a794d62665"}
2026-04-10 13:36:28 | INFO     | [QUESTION_ATTEMPT] {"attempt": 35, "max_questions": 300, "question_idx": 1798, "uid": "b9807b65-ef86-46ab-ae9f-8b7b5f18fdd9"}
2026-04-10 13:36:28 | INFO     | [QUESTION_SENT] {"question_idx": 1798, "uid": "b9807b65-ef86-46ab-ae9f-8b7b5f18fdd9"}
2026-04-10 13:40:02 | INFO     | [QUESTION_ATTEMPT] {"attempt": 36, "max_questions": 300, "question_idx": 1799, "uid": "c41dc27f-cd10-4208-bc17-e9cecf10b082"}
2026-04-10 13:40:02 | INFO     | [QUESTION_SENT] {"question_idx": 1799, "uid": "c41dc27f-cd10-4208-bc17-e9cecf10b082"}
2026-04-10 13:43:35 | INFO     | [QUESTION_ATTEMPT] {"attempt": 37, "max_questions": 300, "question_idx": 1800, "uid": "7f8e88f8-61eb-4bf3-a008-2db49c0d7372"}
2026-04-10 13:43:35 | INFO     | [QUESTION_SENT] {"question_idx": 1800, "uid": "7f8e88f8-61eb-4bf3-a008-2db49c0d7372"}
2026-04-10 13:47:08 | INFO     | [QUESTION_ATTEMPT] {"attempt": 38, "max_questions": 300, "question_idx": 1800, "uid": "7f8e88f8-61eb-4bf3-a008-2db49c0d7372"}
2026-04-10 13:47:08 | INFO     | [QUESTION_SENT] {"question_idx": 1800, "uid": "7f8e88f8-61eb-4bf3-a008-2db49c0d7372"}
2026-04-10 13:50:41 | INFO     | [QUESTION_ATTEMPT] {"attempt": 39, "max_questions": 300, "question_idx": 1801, "uid": "42885dd6-06c8-4ec8-bd30-43a479bc807e"}
2026-04-10 13:50:41 | INFO     | [QUESTION_SENT] {"question_idx": 1801, "uid": "42885dd6-06c8-4ec8-bd30-43a479bc807e"}
2026-04-10 13:54:14 | INFO     | [QUESTION_ATTEMPT] {"attempt": 40, "max_questions": 300, "question_idx": 1802, "uid": "e673f306-2e07-4cf0-81e7-daa32a84513a"}
2026-04-10 13:54:14 | INFO     | [QUESTION_SENT] {"question_idx": 1802, "uid": "e673f306-2e07-4cf0-81e7-daa32a84513a"}
2026-04-10 13:57:48 | INFO     | [QUESTION_ATTEMPT] {"attempt": 41, "max_questions": 300, "question_idx": 1803, "uid": "8a7dcc0c-76fa-4c01-a21d-e54c1489546e"}
2026-04-10 13:57:48 | INFO     | [QUESTION_SENT] {"question_idx": 1803, "uid": "8a7dcc0c-76fa-4c01-a21d-e54c1489546e"}
2026-04-10 14:01:21 | INFO     | [QUESTION_ATTEMPT] {"attempt": 42, "max_questions": 300, "question_idx": 1804, "uid": "799c4888-cb75-4a38-83f7-a1312070aaf6"}
2026-04-10 14:01:21 | INFO     | [QUESTION_SENT] {"question_idx": 1804, "uid": "799c4888-cb75-4a38-83f7-a1312070aaf6"}
2026-04-10 14:04:54 | INFO     | [QUESTION_ATTEMPT] {"attempt": 43, "max_questions": 300, "question_idx": 1805, "uid": "682f224b-ad60-4799-b6e5-66f05a8deda7"}
2026-04-10 14:04:54 | INFO     | [QUESTION_SENT] {"question_idx": 1805, "uid": "682f224b-ad60-4799-b6e5-66f05a8deda7"}
2026-04-10 14:08:27 | INFO     | [QUESTION_ATTEMPT] {"attempt": 44, "max_questions": 300, "question_idx": 1806, "uid": "a84a9545-a078-4d37-a759-22a960130fe8"}
2026-04-10 14:08:27 | INFO     | [QUESTION_SENT] {"question_idx": 1806, "uid": "a84a9545-a078-4d37-a759-22a960130fe8"}
2026-04-10 14:12:01 | INFO     | [QUESTION_ATTEMPT] {"attempt": 45, "max_questions": 300, "question_idx": 1807, "uid": "a573e627-353e-4b7f-bd34-cca4c47e1a9e"}
2026-04-10 14:12:01 | INFO     | [QUESTION_SENT] {"question_idx": 1807, "uid": "a573e627-353e-4b7f-bd34-cca4c47e1a9e"}
2026-04-10 14:15:34 | INFO     | [QUESTION_ATTEMPT] {"attempt": 46, "max_questions": 300, "question_idx": 1808, "uid": "22300d64-715d-4501-8b5b-a8cf2373293b"}
2026-04-10 14:15:34 | INFO     | [QUESTION_SENT] {"question_idx": 1808, "uid": "22300d64-715d-4501-8b5b-a8cf2373293b"}
2026-04-10 14:19:07 | INFO     | [QUESTION_ATTEMPT] {"attempt": 47, "max_questions": 300, "question_idx": 1809, "uid": "6fb7e347-e8b4-4f3e-b850-c5da5d08b632"}
2026-04-10 14:19:07 | INFO     | [QUESTION_SENT] {"question_idx": 1809, "uid": "6fb7e347-e8b4-4f3e-b850-c5da5d08b632"}
2026-04-10 14:22:40 | INFO     | [QUESTION_ATTEMPT] {"attempt": 48, "max_questions": 300, "question_idx": 1810, "uid": "d4797526-12b3-4523-8061-97c6a94ed9a4"}
2026-04-10 14:22:40 | INFO     | [QUESTION_SENT] {"question_idx": 1810, "uid": "d4797526-12b3-4523-8061-97c6a94ed9a4"}
2026-04-10 14:26:13 | INFO     | [QUESTION_ATTEMPT] {"attempt": 49, "max_questions": 300, "question_idx": 1811, "uid": "957e2f7d-083f-4345-8fca-465ffbc0acae"}
2026-04-10 14:26:13 | INFO     | [QUESTION_SENT] {"question_idx": 1811, "uid": "957e2f7d-083f-4345-8fca-465ffbc0acae"}
2026-04-10 14:29:46 | INFO     | [QUESTION_ATTEMPT] {"attempt": 50, "max_questions": 300, "question_idx": 1812, "uid": "a3f6131b-3204-4b72-be81-12fe8aea7222"}
2026-04-10 14:29:46 | INFO     | [QUESTION_SENT] {"question_idx": 1812, "uid": "a3f6131b-3204-4b72-be81-12fe8aea7222"}
2026-04-10 14:33:20 | INFO     | [QUESTION_ATTEMPT] {"attempt": 51, "max_questions": 300, "question_idx": 1813, "uid": "4a6bd2be-5d1b-45c5-b91e-afdc06a270fb"}
2026-04-10 14:33:20 | INFO     | [QUESTION_SENT] {"question_idx": 1813, "uid": "4a6bd2be-5d1b-45c5-b91e-afdc06a270fb"}
2026-04-10 14:36:53 | INFO     | [QUESTION_ATTEMPT] {"attempt": 52, "max_questions": 300, "question_idx": 1813, "uid": "4a6bd2be-5d1b-45c5-b91e-afdc06a270fb"}
2026-04-10 14:36:53 | INFO     | [QUESTION_SENT] {"question_idx": 1813, "uid": "4a6bd2be-5d1b-45c5-b91e-afdc06a270fb"}
2026-04-10 14:40:26 | INFO     | [QUESTION_ATTEMPT] {"attempt": 53, "max_questions": 300, "question_idx": 1813, "uid": "4a6bd2be-5d1b-45c5-b91e-afdc06a270fb"}
2026-04-10 14:40:26 | INFO     | [QUESTION_SENT] {"question_idx": 1813, "uid": "4a6bd2be-5d1b-45c5-b91e-afdc06a270fb"}
2026-04-10 14:43:59 | INFO     | [QUESTION_ATTEMPT] {"attempt": 54, "max_questions": 300, "question_idx": 1814, "uid": "8fd9b9b0-4bbe-401d-a8d5-ba5cb04aec52"}
2026-04-10 14:43:59 | INFO     | [QUESTION_SENT] {"question_idx": 1814, "uid": "8fd9b9b0-4bbe-401d-a8d5-ba5cb04aec52"}
2026-04-10 14:47:32 | INFO     | [QUESTION_ATTEMPT] {"attempt": 55, "max_questions": 300, "question_idx": 1815, "uid": "11d3553a-9fed-4be1-bbf0-a9860172eb7e"}
2026-04-10 14:47:32 | INFO     | [QUESTION_SENT] {"question_idx": 1815, "uid": "11d3553a-9fed-4be1-bbf0-a9860172eb7e"}
2026-04-10 14:51:05 | INFO     | [QUESTION_ATTEMPT] {"attempt": 56, "max_questions": 300, "question_idx": 1816, "uid": "f6205dea-0ad8-448c-bdca-d04e8bc48e22"}
2026-04-10 14:51:05 | INFO     | [QUESTION_SENT] {"question_idx": 1816, "uid": "f6205dea-0ad8-448c-bdca-d04e8bc48e22"}
2026-04-10 14:54:39 | INFO     | [QUESTION_ATTEMPT] {"attempt": 57, "max_questions": 300, "question_idx": 1817, "uid": "033a4c53-3d2b-4fa0-8c80-6e13bcf07942"}
2026-04-10 14:54:39 | INFO     | [QUESTION_SENT] {"question_idx": 1817, "uid": "033a4c53-3d2b-4fa0-8c80-6e13bcf07942"}
2026-04-10 14:58:12 | INFO     | [QUESTION_ATTEMPT] {"attempt": 58, "max_questions": 300, "question_idx": 1818, "uid": "7bba1cb8-7d11-43c8-9e26-6bd48a665f8e"}
2026-04-10 14:58:12 | INFO     | [QUESTION_SENT] {"question_idx": 1818, "uid": "7bba1cb8-7d11-43c8-9e26-6bd48a665f8e"}
2026-04-10 15:01:45 | INFO     | [QUESTION_ATTEMPT] {"attempt": 59, "max_questions": 300, "question_idx": 1819, "uid": "2d989901-6d25-4c1a-8215-2ba2887749de"}
2026-04-10 15:01:45 | INFO     | [QUESTION_SENT] {"question_idx": 1819, "uid": "2d989901-6d25-4c1a-8215-2ba2887749de"}
2026-04-10 15:05:18 | INFO     | [QUESTION_ATTEMPT] {"attempt": 60, "max_questions": 300, "question_idx": 1820, "uid": "b7f6cf55-07c2-4d3d-a282-b4f7ce53569b"}
2026-04-10 15:05:18 | INFO     | [QUESTION_SENT] {"question_idx": 1820, "uid": "b7f6cf55-07c2-4d3d-a282-b4f7ce53569b"}
2026-04-10 15:08:51 | INFO     | [QUESTION_ATTEMPT] {"attempt": 61, "max_questions": 300, "question_idx": 1820, "uid": "b7f6cf55-07c2-4d3d-a282-b4f7ce53569b"}
2026-04-10 15:08:51 | INFO     | [QUESTION_SENT] {"question_idx": 1820, "uid": "b7f6cf55-07c2-4d3d-a282-b4f7ce53569b"}
2026-04-10 15:09:34 | INFO     | [BOT_STOP] {"bot_id": 13, "total_questions": 61}
