2026-04-07 10:18:13 | INFO     | [BOT_START] {"bot_id": 13, "project": "hypos_norm", "timestamp": "2026-04-07T10:18:13.464665", "log_dir": "/home/dmitrii/Documents/projects/clicker_3.0/logs/bot_13"}
2026-04-07 10:18:19 | INFO     | [RESTART] {"bot_id": 13, "note": "first_start"}
2026-04-07 10:18:19 | INFO     | [FSM_INITIALIZED] {"site": "gpt", "scenario": "web_search", "start_state": "start_question"}
2026-04-07 10:19:02 | INFO     | [QUESTION_ATTEMPT] {"attempt": 1, "max_questions": 300, "question_idx": 1565, "uid": "095f139f-35c1-4f3d-975c-e6a4223e4dfd"}
2026-04-07 10:19:02 | INFO     | [QUESTION_SENT] {"question_idx": 1565, "uid": "095f139f-35c1-4f3d-975c-e6a4223e4dfd"}
2026-04-07 10:22:35 | INFO     | [QUESTION_ATTEMPT] {"attempt": 2, "max_questions": 300, "question_idx": 1566, "uid": "e4560b24-77f7-475f-b70b-5b6c6b923d8b"}
2026-04-07 10:22:35 | INFO     | [QUESTION_SENT] {"question_idx": 1566, "uid": "e4560b24-77f7-475f-b70b-5b6c6b923d8b"}
2026-04-07 10:26:08 | INFO     | [QUESTION_ATTEMPT] {"attempt": 3, "max_questions": 300, "question_idx": 1567, "uid": "5d5b0e94-5906-49c0-a7b2-9e7a47a8c864"}
2026-04-07 10:26:08 | INFO     | [QUESTION_SENT] {"question_idx": 1567, "uid": "5d5b0e94-5906-49c0-a7b2-9e7a47a8c864"}
2026-04-07 10:29:42 | INFO     | [QUESTION_ATTEMPT] {"attempt": 4, "max_questions": 300, "question_idx": 1568, "uid": "c5b81337-4b7a-47ce-b457-60a336a88763"}
2026-04-07 10:29:42 | INFO     | [QUESTION_SENT] {"question_idx": 1568, "uid": "c5b81337-4b7a-47ce-b457-60a336a88763"}
2026-04-07 10:33:15 | INFO     | [QUESTION_ATTEMPT] {"attempt": 5, "max_questions": 300, "question_idx": 1569, "uid": "7bf7c8a7-b519-458d-9236-89b98ddc32a1"}
2026-04-07 10:33:15 | INFO     | [QUESTION_SENT] {"question_idx": 1569, "uid": "7bf7c8a7-b519-458d-9236-89b98ddc32a1"}
2026-04-07 10:36:48 | INFO     | [QUESTION_ATTEMPT] {"attempt": 6, "max_questions": 300, "question_idx": 1570, "uid": "d09626b5-2e56-405e-995c-10630b98ea65"}
2026-04-07 10:36:48 | INFO     | [QUESTION_SENT] {"question_idx": 1570, "uid": "d09626b5-2e56-405e-995c-10630b98ea65"}
2026-04-07 10:40:21 | INFO     | [QUESTION_ATTEMPT] {"attempt": 7, "max_questions": 300, "question_idx": 1571, "uid": "7c3bf9eb-a714-4897-be17-e4aca2677164"}
2026-04-07 10:40:21 | INFO     | [QUESTION_SENT] {"question_idx": 1571, "uid": "7c3bf9eb-a714-4897-be17-e4aca2677164"}
2026-04-07 10:43:54 | INFO     | [QUESTION_ATTEMPT] {"attempt": 8, "max_questions": 300, "question_idx": 1572, "uid": "63d2a172-245a-4e20-b7b2-672890f949a9"}
2026-04-07 10:43:54 | INFO     | [QUESTION_SENT] {"question_idx": 1572, "uid": "63d2a172-245a-4e20-b7b2-672890f949a9"}
2026-04-07 10:47:27 | INFO     | [QUESTION_ATTEMPT] {"attempt": 9, "max_questions": 300, "question_idx": 1573, "uid": "a33b7b38-b37e-457c-822b-2b05cae9478f"}
2026-04-07 10:47:27 | INFO     | [QUESTION_SENT] {"question_idx": 1573, "uid": "a33b7b38-b37e-457c-822b-2b05cae9478f"}
2026-04-07 10:51:00 | INFO     | [QUESTION_ATTEMPT] {"attempt": 10, "max_questions": 300, "question_idx": 1574, "uid": "399964d4-8ff1-4d2a-9200-ce01abb48cb8"}
2026-04-07 10:51:00 | INFO     | [QUESTION_SENT] {"question_idx": 1574, "uid": "399964d4-8ff1-4d2a-9200-ce01abb48cb8"}
2026-04-07 10:54:33 | INFO     | [QUESTION_ATTEMPT] {"attempt": 11, "max_questions": 300, "question_idx": 1575, "uid": "d95387c4-7334-4c73-b8ed-8f56dd47f5af"}
2026-04-07 10:54:33 | INFO     | [QUESTION_SENT] {"question_idx": 1575, "uid": "d95387c4-7334-4c73-b8ed-8f56dd47f5af"}
2026-04-07 10:58:06 | INFO     | [QUESTION_ATTEMPT] {"attempt": 12, "max_questions": 300, "question_idx": 1576, "uid": "4d6a0ddc-ab71-40a0-b048-b55bfd08c5b7"}
2026-04-07 10:58:06 | INFO     | [QUESTION_SENT] {"question_idx": 1576, "uid": "4d6a0ddc-ab71-40a0-b048-b55bfd08c5b7"}
2026-04-07 11:01:39 | INFO     | [QUESTION_ATTEMPT] {"attempt": 13, "max_questions": 300, "question_idx": 1577, "uid": "bfdd0d64-45ce-411d-a7ff-b0748398fb7c"}
2026-04-07 11:01:39 | INFO     | [QUESTION_SENT] {"question_idx": 1577, "uid": "bfdd0d64-45ce-411d-a7ff-b0748398fb7c"}
2026-04-07 11:05:12 | INFO     | [QUESTION_ATTEMPT] {"attempt": 14, "max_questions": 300, "question_idx": 1578, "uid": "8ba62bfd-a6db-4ef5-a4e3-4efdaa358814"}
2026-04-07 11:05:12 | INFO     | [QUESTION_SENT] {"question_idx": 1578, "uid": "8ba62bfd-a6db-4ef5-a4e3-4efdaa358814"}
2026-04-07 11:08:46 | INFO     | [QUESTION_ATTEMPT] {"attempt": 15, "max_questions": 300, "question_idx": 1579, "uid": "414cd370-8205-4753-a629-a1fa09ce524d"}
2026-04-07 11:08:46 | INFO     | [QUESTION_SENT] {"question_idx": 1579, "uid": "414cd370-8205-4753-a629-a1fa09ce524d"}
2026-04-07 11:12:19 | INFO     | [QUESTION_ATTEMPT] {"attempt": 16, "max_questions": 300, "question_idx": 1580, "uid": "b2d8d640-73aa-42c8-8523-9f8b028284a0"}
2026-04-07 11:12:19 | INFO     | [QUESTION_SENT] {"question_idx": 1580, "uid": "b2d8d640-73aa-42c8-8523-9f8b028284a0"}
2026-04-07 11:15:52 | INFO     | [QUESTION_ATTEMPT] {"attempt": 17, "max_questions": 300, "question_idx": 1581, "uid": "68247a5c-3b96-40d2-a805-c6d8e989de7a"}
2026-04-07 11:15:52 | INFO     | [QUESTION_SENT] {"question_idx": 1581, "uid": "68247a5c-3b96-40d2-a805-c6d8e989de7a"}
2026-04-07 11:19:25 | INFO     | [QUESTION_ATTEMPT] {"attempt": 18, "max_questions": 300, "question_idx": 1582, "uid": "fcca6b57-88e1-4db3-aa3e-bfed8bf04a2c"}
2026-04-07 11:19:25 | INFO     | [QUESTION_SENT] {"question_idx": 1582, "uid": "fcca6b57-88e1-4db3-aa3e-bfed8bf04a2c"}
2026-04-07 11:22:58 | INFO     | [QUESTION_ATTEMPT] {"attempt": 19, "max_questions": 300, "question_idx": 1583, "uid": "3d79a19e-a357-4e1c-8b1c-34ed0d3ac696"}
2026-04-07 11:22:58 | INFO     | [QUESTION_SENT] {"question_idx": 1583, "uid": "3d79a19e-a357-4e1c-8b1c-34ed0d3ac696"}
2026-04-07 11:26:31 | INFO     | [QUESTION_ATTEMPT] {"attempt": 20, "max_questions": 300, "question_idx": 1584, "uid": "cd906e70-e98a-483c-8925-01f6f1914609"}
2026-04-07 11:26:31 | INFO     | [QUESTION_SENT] {"question_idx": 1584, "uid": "cd906e70-e98a-483c-8925-01f6f1914609"}
2026-04-07 11:30:05 | INFO     | [QUESTION_ATTEMPT] {"attempt": 21, "max_questions": 300, "question_idx": 1585, "uid": "02278a5f-f39b-4e0c-ac80-6b3694c4827e"}
2026-04-07 11:30:05 | INFO     | [QUESTION_SENT] {"question_idx": 1585, "uid": "02278a5f-f39b-4e0c-ac80-6b3694c4827e"}
2026-04-07 11:33:38 | INFO     | [QUESTION_ATTEMPT] {"attempt": 22, "max_questions": 300, "question_idx": 1586, "uid": "1ff48f12-6e90-48df-b62c-b32269c6e85b"}
2026-04-07 11:33:38 | INFO     | [QUESTION_SENT] {"question_idx": 1586, "uid": "1ff48f12-6e90-48df-b62c-b32269c6e85b"}
2026-04-07 11:37:11 | INFO     | [QUESTION_ATTEMPT] {"attempt": 23, "max_questions": 300, "question_idx": 1587, "uid": "0847824e-83a3-4d6f-a98a-c83270b71d46"}
2026-04-07 11:37:11 | INFO     | [QUESTION_SENT] {"question_idx": 1587, "uid": "0847824e-83a3-4d6f-a98a-c83270b71d46"}
2026-04-07 11:40:44 | INFO     | [QUESTION_ATTEMPT] {"attempt": 24, "max_questions": 300, "question_idx": 1588, "uid": "e467b402-93e6-4c65-8bc9-05f11dfc62f4"}
2026-04-07 11:40:44 | INFO     | [QUESTION_SENT] {"question_idx": 1588, "uid": "e467b402-93e6-4c65-8bc9-05f11dfc62f4"}
2026-04-07 11:44:17 | INFO     | [QUESTION_ATTEMPT] {"attempt": 25, "max_questions": 300, "question_idx": 1589, "uid": "66a98ee1-e60f-4804-b8f2-1651e872eb61"}
2026-04-07 11:44:17 | INFO     | [QUESTION_SENT] {"question_idx": 1589, "uid": "66a98ee1-e60f-4804-b8f2-1651e872eb61"}
2026-04-07 11:47:50 | INFO     | [QUESTION_ATTEMPT] {"attempt": 26, "max_questions": 300, "question_idx": 1590, "uid": "1531e657-def8-46fa-95dd-6945e8562c40"}
2026-04-07 11:47:50 | INFO     | [QUESTION_SENT] {"question_idx": 1590, "uid": "1531e657-def8-46fa-95dd-6945e8562c40"}
2026-04-07 11:51:23 | INFO     | [QUESTION_ATTEMPT] {"attempt": 27, "max_questions": 300, "question_idx": 1591, "uid": "0c0830df-bcbb-4956-96f4-017bc7166f46"}
2026-04-07 11:51:23 | INFO     | [QUESTION_SENT] {"question_idx": 1591, "uid": "0c0830df-bcbb-4956-96f4-017bc7166f46"}
2026-04-07 11:54:56 | INFO     | [QUESTION_ATTEMPT] {"attempt": 28, "max_questions": 300, "question_idx": 1592, "uid": "a2ca7bc9-c313-4de5-8f3d-c670f19b868c"}
2026-04-07 11:54:56 | INFO     | [QUESTION_SENT] {"question_idx": 1592, "uid": "a2ca7bc9-c313-4de5-8f3d-c670f19b868c"}
2026-04-07 11:58:29 | INFO     | [QUESTION_ATTEMPT] {"attempt": 29, "max_questions": 300, "question_idx": 1593, "uid": "671c28d9-d6ac-441c-8c4f-0b4fbc2936c3"}
2026-04-07 11:58:29 | INFO     | [QUESTION_SENT] {"question_idx": 1593, "uid": "671c28d9-d6ac-441c-8c4f-0b4fbc2936c3"}
2026-04-07 12:02:03 | INFO     | [QUESTION_ATTEMPT] {"attempt": 30, "max_questions": 300, "question_idx": 1594, "uid": "a1584324-7f86-44dd-9ba9-9852189484a0"}
2026-04-07 12:02:03 | INFO     | [QUESTION_SENT] {"question_idx": 1594, "uid": "a1584324-7f86-44dd-9ba9-9852189484a0"}
2026-04-07 12:05:36 | INFO     | [QUESTION_ATTEMPT] {"attempt": 31, "max_questions": 300, "question_idx": 1595, "uid": "50f52a56-8203-43ca-b577-20745efec5a1"}
2026-04-07 12:05:36 | INFO     | [QUESTION_SENT] {"question_idx": 1595, "uid": "50f52a56-8203-43ca-b577-20745efec5a1"}
2026-04-07 12:09:09 | INFO     | [QUESTION_ATTEMPT] {"attempt": 32, "max_questions": 300, "question_idx": 1596, "uid": "e5697e3e-6225-4ea9-b936-db440628d6a5"}
2026-04-07 12:09:09 | INFO     | [QUESTION_SENT] {"question_idx": 1596, "uid": "e5697e3e-6225-4ea9-b936-db440628d6a5"}
2026-04-07 12:12:42 | INFO     | [QUESTION_ATTEMPT] {"attempt": 33, "max_questions": 300, "question_idx": 1597, "uid": "a60d32de-7a87-4bca-a0e2-c3f3fef6d056"}
2026-04-07 12:12:42 | INFO     | [QUESTION_SENT] {"question_idx": 1597, "uid": "a60d32de-7a87-4bca-a0e2-c3f3fef6d056"}
2026-04-07 12:16:15 | INFO     | [QUESTION_ATTEMPT] {"attempt": 34, "max_questions": 300, "question_idx": 1598, "uid": "c9a09870-9db0-443d-bdda-2e3f54a4feb6"}
2026-04-07 12:16:15 | INFO     | [QUESTION_SENT] {"question_idx": 1598, "uid": "c9a09870-9db0-443d-bdda-2e3f54a4feb6"}
2026-04-07 12:19:49 | INFO     | [QUESTION_ATTEMPT] {"attempt": 35, "max_questions": 300, "question_idx": 1599, "uid": "47e6957d-3ad3-4885-8796-34859e3e7d90"}
2026-04-07 12:19:49 | INFO     | [QUESTION_SENT] {"question_idx": 1599, "uid": "47e6957d-3ad3-4885-8796-34859e3e7d90"}
2026-04-07 12:23:22 | INFO     | [QUESTION_ATTEMPT] {"attempt": 36, "max_questions": 300, "question_idx": 1600, "uid": "717eb98f-ac2b-406d-8a29-b4625ea55c7a"}
2026-04-07 12:23:22 | INFO     | [QUESTION_SENT] {"question_idx": 1600, "uid": "717eb98f-ac2b-406d-8a29-b4625ea55c7a"}
2026-04-07 12:24:06 | INFO     | [BOT_STOP] {"bot_id": 13, "total_questions": 36}
