2026-04-03 09:54:46 | INFO     | [BOT_START] {"bot_id": 13, "project": "hypos_norm", "timestamp": "2026-04-03T09:54:46.369666", "log_dir": "/home/dmitrii/Documents/projects/clicker_3.0/logs/bot_13"}
2026-04-03 09:54:52 | INFO     | [RESTART] {"bot_id": 13, "note": "first_start"}
2026-04-03 09:54:52 | INFO     | [FSM_INITIALIZED] {"site": "gpt", "scenario": "web_search", "start_state": "start_question"}
2026-04-03 09:55:34 | INFO     | [QUESTION_SENT] {"question_idx": 2433, "uid": "d26db6ba-d75b-48fe-8f4b-6357d3c3492e"}
2026-04-03 09:56:13 | INFO     | [QUESTION_ATTEMPT] {"attempt": 1, "max_questions": 300, "question_idx": 2433, "uid": "d26db6ba-d75b-48fe-8f4b-6357d3c3492e"}
2026-04-03 09:57:39 | INFO     | [BOT_STOP] {"bot_id": 13, "total_questions": 1}
2026-04-03 09:58:00 | INFO     | [BOT_START] {"bot_id": 13, "project": "hypos_norm", "timestamp": "2026-04-03T09:58:00.843523", "log_dir": "/home/dmitrii/Documents/projects/clicker_3.0/logs/bot_13"}
2026-04-03 09:58:06 | INFO     | [RESTART] {"bot_id": 13, "note": "first_start"}
2026-04-03 09:58:06 | INFO     | [FSM_INITIALIZED] {"site": "gpt", "scenario": "web_search", "start_state": "start_question"}
2026-04-03 09:58:41 | INFO     | [QUESTION_SENT] {"question_idx": 2434, "uid": "6171b115-2672-40c2-98a3-61f6b841ee5c"}
2026-04-03 09:59:23 | INFO     | [QUESTION_ATTEMPT] {"attempt": 1, "max_questions": 300, "question_idx": 2434, "uid": "6171b115-2672-40c2-98a3-61f6b841ee5c"}
2026-04-03 10:02:14 | INFO     | [QUESTION_SENT] {"question_idx": 2435, "uid": "f43de883-dc3f-4c6b-a69a-588b81d20b7b"}
2026-04-03 10:02:55 | INFO     | [QUESTION_ATTEMPT] {"attempt": 2, "max_questions": 300, "question_idx": 2435, "uid": "f43de883-dc3f-4c6b-a69a-588b81d20b7b"}
2026-04-03 10:05:48 | INFO     | [QUESTION_SENT] {"question_idx": 2436, "uid": "c5b39513-2fb5-4fc3-9f33-98a6223f2bb1"}
2026-04-03 10:06:29 | INFO     | [QUESTION_ATTEMPT] {"attempt": 3, "max_questions": 300, "question_idx": 2436, "uid": "c5b39513-2fb5-4fc3-9f33-98a6223f2bb1"}
2026-04-03 10:09:21 | INFO     | [QUESTION_SENT] {"question_idx": 2437, "uid": "5db7b539-621b-4057-b611-f572236e97ae"}
2026-04-03 10:10:03 | INFO     | [QUESTION_ATTEMPT] {"attempt": 4, "max_questions": 300, "question_idx": 2437, "uid": "5db7b539-621b-4057-b611-f572236e97ae"}
2026-04-03 10:12:54 | INFO     | [QUESTION_SENT] {"question_idx": 2438, "uid": "3d84eac9-4fe0-43a3-a609-a8290f63821b"}
2026-04-03 10:13:35 | INFO     | [QUESTION_ATTEMPT] {"attempt": 5, "max_questions": 300, "question_idx": 2438, "uid": "3d84eac9-4fe0-43a3-a609-a8290f63821b"}
2026-04-03 10:16:27 | INFO     | [QUESTION_SENT] {"question_idx": 2439, "uid": "bd7f4635-5d8b-429e-bd8b-dc47855d7fa8"}
2026-04-03 10:17:08 | INFO     | [QUESTION_ATTEMPT] {"attempt": 6, "max_questions": 300, "question_idx": 2439, "uid": "bd7f4635-5d8b-429e-bd8b-dc47855d7fa8"}
2026-04-03 10:20:00 | INFO     | [QUESTION_SENT] {"question_idx": 2440, "uid": "5efcad05-01c1-4adc-b17f-81cdc803c68f"}
2026-04-03 10:20:39 | INFO     | [QUESTION_ATTEMPT] {"attempt": 7, "max_questions": 300, "question_idx": 2440, "uid": "5efcad05-01c1-4adc-b17f-81cdc803c68f"}
2026-04-03 10:23:34 | INFO     | [QUESTION_SENT] {"question_idx": 2441, "uid": "dbefb1d0-ea79-4201-a365-83eccf3accfc"}
2026-04-03 10:24:15 | INFO     | [QUESTION_ATTEMPT] {"attempt": 8, "max_questions": 300, "question_idx": 2441, "uid": "dbefb1d0-ea79-4201-a365-83eccf3accfc"}
2026-04-03 10:27:07 | INFO     | [QUESTION_SENT] {"question_idx": 2442, "uid": "366349f2-90fb-47e5-bd5d-8f2e74f9946d"}
2026-04-03 10:27:46 | INFO     | [QUESTION_ATTEMPT] {"attempt": 9, "max_questions": 300, "question_idx": 2442, "uid": "366349f2-90fb-47e5-bd5d-8f2e74f9946d"}
2026-04-03 10:30:40 | INFO     | [QUESTION_SENT] {"question_idx": 2443, "uid": "5ecae1bf-ab3b-402c-91a2-2cf793e307e7"}
2026-04-03 10:31:20 | INFO     | [QUESTION_ATTEMPT] {"attempt": 10, "max_questions": 300, "question_idx": 2443, "uid": "5ecae1bf-ab3b-402c-91a2-2cf793e307e7"}
2026-04-03 10:34:13 | INFO     | [QUESTION_SENT] {"question_idx": 2444, "uid": "85545448-28d4-4fee-a4be-0ae2b84b14a3"}
2026-04-03 10:34:55 | INFO     | [QUESTION_ATTEMPT] {"attempt": 11, "max_questions": 300, "question_idx": 2444, "uid": "85545448-28d4-4fee-a4be-0ae2b84b14a3"}
2026-04-03 10:37:47 | INFO     | [QUESTION_SENT] {"question_idx": 2445, "uid": "a2e969fa-091e-4da1-8382-1903e4c2bee9"}
2026-04-03 10:41:20 | INFO     | [QUESTION_SENT] {"question_idx": 2445, "uid": "a2e969fa-091e-4da1-8382-1903e4c2bee9"}
2026-04-03 10:42:00 | INFO     | [QUESTION_ATTEMPT] {"attempt": 12, "max_questions": 300, "question_idx": 2445, "uid": "a2e969fa-091e-4da1-8382-1903e4c2bee9"}
2026-04-03 10:44:53 | INFO     | [QUESTION_SENT] {"question_idx": 2446, "uid": "239b9809-0bce-4e0c-8bc5-50d8a6b2cb41"}
2026-04-03 10:45:32 | INFO     | [QUESTION_ATTEMPT] {"attempt": 13, "max_questions": 300, "question_idx": 2446, "uid": "239b9809-0bce-4e0c-8bc5-50d8a6b2cb41"}
2026-04-03 10:48:26 | INFO     | [QUESTION_SENT] {"question_idx": 2447, "uid": "5f78bc5e-db0a-440e-982f-712c3536ccb9"}
2026-04-03 10:49:06 | INFO     | [QUESTION_ATTEMPT] {"attempt": 14, "max_questions": 300, "question_idx": 2447, "uid": "5f78bc5e-db0a-440e-982f-712c3536ccb9"}
2026-04-03 10:51:59 | INFO     | [QUESTION_SENT] {"question_idx": 2448, "uid": "8c67a243-93fd-4d69-a6ed-a9dfb69727ec"}
2026-04-03 10:52:41 | INFO     | [QUESTION_ATTEMPT] {"attempt": 15, "max_questions": 300, "question_idx": 2448, "uid": "8c67a243-93fd-4d69-a6ed-a9dfb69727ec"}
2026-04-03 10:55:32 | INFO     | [QUESTION_SENT] {"question_idx": 2449, "uid": "a360be79-4cd9-4c94-ab68-0bad86806e97"}
2026-04-03 10:56:14 | INFO     | [QUESTION_ATTEMPT] {"attempt": 16, "max_questions": 300, "question_idx": 2449, "uid": "a360be79-4cd9-4c94-ab68-0bad86806e97"}
2026-04-03 10:59:05 | INFO     | [QUESTION_SENT] {"question_idx": 2450, "uid": "955a39a8-9b10-42c0-abc3-50934352b3f8"}
2026-04-03 10:59:49 | INFO     | [QUESTION_ATTEMPT] {"attempt": 17, "max_questions": 300, "question_idx": 2450, "uid": "955a39a8-9b10-42c0-abc3-50934352b3f8"}
2026-04-03 10:59:50 | INFO     | [BOT_STOP] {"bot_id": 13, "total_questions": 17}
2026-04-03 11:51:08 | INFO     | [BOT_START] {"bot_id": 13, "project": "hypos_norm", "timestamp": "2026-04-03T11:51:08.039103", "log_dir": "/home/dmitrii/Documents/projects/clicker_3.0/logs/bot_13"}
2026-04-03 11:51:13 | INFO     | [RESTART] {"bot_id": 13, "note": "first_start"}
2026-04-03 11:51:13 | INFO     | [FSM_INITIALIZED] {"site": "gpt", "scenario": "web_search", "start_state": "start_question"}
2026-04-03 11:52:25 | INFO     | [QUESTION_SENT] {"question_idx": 2751, "uid": "9d506131-6c2d-4336-8864-3cd7181f73fc"}
2026-04-03 11:53:09 | INFO     | [QUESTION_ATTEMPT] {"attempt": 1, "max_questions": 300, "question_idx": 2751, "uid": "9d506131-6c2d-4336-8864-3cd7181f73fc"}
2026-04-03 11:55:58 | INFO     | [QUESTION_SENT] {"question_idx": 2752, "uid": "9b0e7f7a-f11f-4c86-a16b-12033488f4e7"}
2026-04-03 11:56:40 | INFO     | [QUESTION_ATTEMPT] {"attempt": 2, "max_questions": 300, "question_idx": 2752, "uid": "9b0e7f7a-f11f-4c86-a16b-12033488f4e7"}
2026-04-03 11:59:31 | INFO     | [QUESTION_SENT] {"question_idx": 2753, "uid": "15b3ccb0-dc2a-4c44-ae1f-308c8e364c61"}
2026-04-03 12:00:12 | INFO     | [QUESTION_ATTEMPT] {"attempt": 3, "max_questions": 300, "question_idx": 2753, "uid": "15b3ccb0-dc2a-4c44-ae1f-308c8e364c61"}
2026-04-03 12:03:05 | INFO     | [QUESTION_SENT] {"question_idx": 2754, "uid": "0d1d3406-98db-4cdf-acfa-49299224fa38"}
2026-04-03 12:03:42 | INFO     | [QUESTION_ATTEMPT] {"attempt": 4, "max_questions": 300, "question_idx": 2754, "uid": "0d1d3406-98db-4cdf-acfa-49299224fa38"}
2026-04-03 12:06:38 | INFO     | [QUESTION_SENT] {"question_idx": 2755, "uid": "20f8e948-2dcc-4d2c-9247-5dfbef25d954"}
2026-04-03 12:07:24 | INFO     | [QUESTION_ATTEMPT] {"attempt": 5, "max_questions": 300, "question_idx": 2755, "uid": "20f8e948-2dcc-4d2c-9247-5dfbef25d954"}
2026-04-03 12:10:11 | INFO     | [QUESTION_SENT] {"question_idx": 2756, "uid": "76e6ee1b-e357-47ea-baa8-963abd54c6eb"}
2026-04-03 12:10:51 | INFO     | [QUESTION_ATTEMPT] {"attempt": 6, "max_questions": 300, "question_idx": 2756, "uid": "76e6ee1b-e357-47ea-baa8-963abd54c6eb"}
2026-04-03 12:13:44 | INFO     | [QUESTION_SENT] {"question_idx": 2757, "uid": "ea43e590-107a-45b8-bade-92d26c8c567f"}
2026-04-03 12:14:29 | INFO     | [QUESTION_ATTEMPT] {"attempt": 7, "max_questions": 300, "question_idx": 2757, "uid": "ea43e590-107a-45b8-bade-92d26c8c567f"}
2026-04-03 12:17:17 | INFO     | [QUESTION_SENT] {"question_idx": 2758, "uid": "ff47cddd-3617-4458-b15c-55c9ca8dbb21"}
2026-04-03 12:17:56 | INFO     | [QUESTION_ATTEMPT] {"attempt": 8, "max_questions": 300, "question_idx": 2758, "uid": "ff47cddd-3617-4458-b15c-55c9ca8dbb21"}
2026-04-03 12:20:50 | INFO     | [QUESTION_SENT] {"question_idx": 2759, "uid": "8ade4074-7736-49d1-8c33-b7d05f8b0dd6"}
2026-04-03 12:21:42 | INFO     | [QUESTION_ATTEMPT] {"attempt": 9, "max_questions": 300, "question_idx": 2759, "uid": "8ade4074-7736-49d1-8c33-b7d05f8b0dd6"}
2026-04-03 12:24:23 | INFO     | [QUESTION_SENT] {"question_idx": 2760, "uid": "41305fca-08a4-49c1-88ca-b3a845404483"}
2026-04-03 12:25:04 | INFO     | [QUESTION_ATTEMPT] {"attempt": 10, "max_questions": 300, "question_idx": 2760, "uid": "41305fca-08a4-49c1-88ca-b3a845404483"}
2026-04-03 12:27:57 | INFO     | [QUESTION_SENT] {"question_idx": 2761, "uid": "44da7098-c8aa-4b85-bd2e-b4b57f5f06ff"}
2026-04-03 12:28:38 | INFO     | [QUESTION_ATTEMPT] {"attempt": 11, "max_questions": 300, "question_idx": 2761, "uid": "44da7098-c8aa-4b85-bd2e-b4b57f5f06ff"}
2026-04-03 12:31:30 | INFO     | [QUESTION_SENT] {"question_idx": 2762, "uid": "7a6e9cbc-43b6-41c0-88f8-7b45d4898433"}
2026-04-03 12:32:15 | INFO     | [QUESTION_ATTEMPT] {"attempt": 12, "max_questions": 300, "question_idx": 2762, "uid": "7a6e9cbc-43b6-41c0-88f8-7b45d4898433"}
2026-04-03 12:35:03 | INFO     | [QUESTION_SENT] {"question_idx": 2763, "uid": "83fc5aff-14b1-40ce-bc4b-fed517d50ae6"}
2026-04-03 12:35:42 | INFO     | [QUESTION_ATTEMPT] {"attempt": 13, "max_questions": 300, "question_idx": 2763, "uid": "83fc5aff-14b1-40ce-bc4b-fed517d50ae6"}
2026-04-03 12:38:36 | INFO     | [QUESTION_SENT] {"question_idx": 2764, "uid": "6b211802-bd87-4454-9d73-d59ba9195c50"}
2026-04-03 12:39:21 | INFO     | [QUESTION_ATTEMPT] {"attempt": 14, "max_questions": 300, "question_idx": 2764, "uid": "6b211802-bd87-4454-9d73-d59ba9195c50"}
2026-04-03 12:42:09 | INFO     | [QUESTION_SENT] {"question_idx": 2765, "uid": "ab9da96b-7417-449d-a172-cac14285167a"}
2026-04-03 12:45:42 | INFO     | [QUESTION_SENT] {"question_idx": 2765, "uid": "ab9da96b-7417-449d-a172-cac14285167a"}
2026-04-03 12:46:23 | INFO     | [QUESTION_ATTEMPT] {"attempt": 15, "max_questions": 300, "question_idx": 2765, "uid": "ab9da96b-7417-449d-a172-cac14285167a"}
2026-04-03 12:49:16 | INFO     | [QUESTION_SENT] {"question_idx": 2766, "uid": "42822268-7c44-4c98-bcac-f6aace07030a"}
2026-04-03 12:50:02 | INFO     | [QUESTION_ATTEMPT] {"attempt": 16, "max_questions": 300, "question_idx": 2766, "uid": "42822268-7c44-4c98-bcac-f6aace07030a"}
2026-04-03 12:52:49 | INFO     | [QUESTION_SENT] {"question_idx": 2767, "uid": "9c95097a-7645-4d16-8888-e7d3c8ae4f13"}
2026-04-03 12:53:36 | INFO     | [QUESTION_ATTEMPT] {"attempt": 17, "max_questions": 300, "question_idx": 2767, "uid": "9c95097a-7645-4d16-8888-e7d3c8ae4f13"}
2026-04-03 12:56:22 | INFO     | [QUESTION_SENT] {"question_idx": 2768, "uid": "3df4566e-224d-455c-ae6a-3c24b0cc4e98"}
2026-04-03 12:57:02 | INFO     | [QUESTION_ATTEMPT] {"attempt": 18, "max_questions": 300, "question_idx": 2768, "uid": "3df4566e-224d-455c-ae6a-3c24b0cc4e98"}
2026-04-03 12:59:55 | INFO     | [QUESTION_SENT] {"question_idx": 2769, "uid": "d2592730-b015-4293-86db-e39540bf4c53"}
2026-04-03 13:00:35 | INFO     | [QUESTION_ATTEMPT] {"attempt": 19, "max_questions": 300, "question_idx": 2769, "uid": "d2592730-b015-4293-86db-e39540bf4c53"}
2026-04-03 13:03:28 | INFO     | [QUESTION_SENT] {"question_idx": 2770, "uid": "4fde4286-0812-4e5e-873c-8ba9f7443e53"}
2026-04-03 13:04:13 | INFO     | [QUESTION_ATTEMPT] {"attempt": 20, "max_questions": 300, "question_idx": 2770, "uid": "4fde4286-0812-4e5e-873c-8ba9f7443e53"}
2026-04-03 13:07:01 | INFO     | [QUESTION_SENT] {"question_idx": 2771, "uid": "734ab09e-48d3-4a11-a454-9773674bd53b"}
2026-04-03 13:07:42 | INFO     | [QUESTION_ATTEMPT] {"attempt": 21, "max_questions": 300, "question_idx": 2771, "uid": "734ab09e-48d3-4a11-a454-9773674bd53b"}
2026-04-03 13:10:35 | INFO     | [QUESTION_SENT] {"question_idx": 2772, "uid": "975c58e0-e6c6-4422-9b6e-34aaeaa6a6fe"}
2026-04-03 13:11:18 | INFO     | [QUESTION_ATTEMPT] {"attempt": 22, "max_questions": 300, "question_idx": 2772, "uid": "975c58e0-e6c6-4422-9b6e-34aaeaa6a6fe"}
2026-04-03 13:14:08 | INFO     | [QUESTION_SENT] {"question_idx": 2773, "uid": "0b333954-b105-484e-aad5-db79e21b6a91"}
2026-04-03 13:14:48 | INFO     | [QUESTION_ATTEMPT] {"attempt": 23, "max_questions": 300, "question_idx": 2773, "uid": "0b333954-b105-484e-aad5-db79e21b6a91"}
2026-04-03 13:17:41 | INFO     | [QUESTION_SENT] {"question_idx": 2774, "uid": "c067ffed-2cb8-4f13-9f4c-fffef8666e0f"}
2026-04-03 13:18:19 | INFO     | [QUESTION_ATTEMPT] {"attempt": 24, "max_questions": 300, "question_idx": 2774, "uid": "c067ffed-2cb8-4f13-9f4c-fffef8666e0f"}
2026-04-03 13:21:14 | INFO     | [QUESTION_SENT] {"question_idx": 2775, "uid": "727b59a9-d5bd-4c01-b85e-5bd1ce0cf7d4"}
2026-04-03 13:21:55 | INFO     | [QUESTION_ATTEMPT] {"attempt": 25, "max_questions": 300, "question_idx": 2775, "uid": "727b59a9-d5bd-4c01-b85e-5bd1ce0cf7d4"}
2026-04-03 13:24:47 | INFO     | [QUESTION_SENT] {"question_idx": 2776, "uid": "ce41dd84-360c-4721-b94e-5dc070f04cba"}
2026-04-03 13:25:25 | INFO     | [QUESTION_ATTEMPT] {"attempt": 26, "max_questions": 300, "question_idx": 2776, "uid": "ce41dd84-360c-4721-b94e-5dc070f04cba"}
2026-04-03 13:28:20 | INFO     | [QUESTION_SENT] {"question_idx": 2777, "uid": "94053301-0837-4ca5-b18e-9b39662e9cb6"}
2026-04-03 13:29:02 | INFO     | [QUESTION_ATTEMPT] {"attempt": 27, "max_questions": 300, "question_idx": 2777, "uid": "94053301-0837-4ca5-b18e-9b39662e9cb6"}
2026-04-03 13:31:54 | INFO     | [QUESTION_SENT] {"question_idx": 2778, "uid": "9643b1ab-34ab-4bdb-8e7c-3dd62efacb2b"}
2026-04-03 13:32:35 | INFO     | [QUESTION_ATTEMPT] {"attempt": 28, "max_questions": 300, "question_idx": 2778, "uid": "9643b1ab-34ab-4bdb-8e7c-3dd62efacb2b"}
2026-04-03 13:35:27 | INFO     | [QUESTION_SENT] {"question_idx": 2779, "uid": "9839e00d-3a1b-4dd8-9240-9cc1801a6b3f"}
2026-04-03 13:36:07 | INFO     | [QUESTION_ATTEMPT] {"attempt": 29, "max_questions": 300, "question_idx": 2779, "uid": "9839e00d-3a1b-4dd8-9240-9cc1801a6b3f"}
2026-04-03 13:39:00 | INFO     | [QUESTION_SENT] {"question_idx": 2780, "uid": "8024be60-4269-4501-a7d9-01c2c7fa6871"}
2026-04-03 13:39:44 | INFO     | [QUESTION_ATTEMPT] {"attempt": 30, "max_questions": 300, "question_idx": 2780, "uid": "8024be60-4269-4501-a7d9-01c2c7fa6871"}
2026-04-03 13:42:33 | INFO     | [QUESTION_SENT] {"question_idx": 2781, "uid": "2d10891d-d380-4b10-842a-7204413ec9b4"}
2026-04-03 13:43:15 | INFO     | [QUESTION_ATTEMPT] {"attempt": 31, "max_questions": 300, "question_idx": 2781, "uid": "2d10891d-d380-4b10-842a-7204413ec9b4"}
2026-04-03 13:46:07 | INFO     | [QUESTION_SENT] {"question_idx": 2782, "uid": "0e721821-78c3-4cdd-9fe9-58bfbf2891b5"}
2026-04-03 13:46:36 | INFO     | [QUESTION_ATTEMPT] {"attempt": 32, "max_questions": 300, "question_idx": 2782, "uid": "0e721821-78c3-4cdd-9fe9-58bfbf2891b5"}
2026-04-03 13:46:48 | INFO     | [QUESTION_SENT] {"question_idx": 2782, "uid": "0e721821-78c3-4cdd-9fe9-58bfbf2891b5"}
2026-04-03 13:47:27 | INFO     | [QUESTION_ATTEMPT] {"attempt": 33, "max_questions": 300, "question_idx": 2782, "uid": "0e721821-78c3-4cdd-9fe9-58bfbf2891b5"}
2026-04-03 13:50:24 | INFO     | [QUESTION_SENT] {"question_idx": 2783, "uid": "172e3b0b-2b54-4cbe-8b7b-a158eb89b81e"}
2026-04-03 13:51:08 | INFO     | [QUESTION_ATTEMPT] {"attempt": 34, "max_questions": 300, "question_idx": 2783, "uid": "172e3b0b-2b54-4cbe-8b7b-a158eb89b81e"}
2026-04-03 13:53:57 | INFO     | [QUESTION_SENT] {"question_idx": 2784, "uid": "0a0afd1c-9abc-4ae3-887f-20dd96702b2b"}
2026-04-03 13:54:42 | INFO     | [QUESTION_ATTEMPT] {"attempt": 35, "max_questions": 300, "question_idx": 2784, "uid": "0a0afd1c-9abc-4ae3-887f-20dd96702b2b"}
2026-04-03 13:57:30 | INFO     | [QUESTION_SENT] {"question_idx": 2785, "uid": "6cbfaec2-ba2d-4ff7-aa84-404e591f2fa6"}
2026-04-03 13:58:12 | INFO     | [QUESTION_ATTEMPT] {"attempt": 36, "max_questions": 300, "question_idx": 2785, "uid": "6cbfaec2-ba2d-4ff7-aa84-404e591f2fa6"}
2026-04-03 14:01:03 | INFO     | [QUESTION_SENT] {"question_idx": 2786, "uid": "4b60021e-1562-4f79-9cfb-afbc27a4c63d"}
2026-04-03 14:01:47 | INFO     | [QUESTION_ATTEMPT] {"attempt": 37, "max_questions": 300, "question_idx": 2786, "uid": "4b60021e-1562-4f79-9cfb-afbc27a4c63d"}
2026-04-03 14:04:37 | INFO     | [QUESTION_SENT] {"question_idx": 2787, "uid": "decb0097-fc44-4bd3-ada3-a2e88b28c6c2"}
2026-04-03 14:05:17 | INFO     | [QUESTION_ATTEMPT] {"attempt": 38, "max_questions": 300, "question_idx": 2787, "uid": "decb0097-fc44-4bd3-ada3-a2e88b28c6c2"}
2026-04-03 14:08:10 | INFO     | [QUESTION_SENT] {"question_idx": 2788, "uid": "95d03bc6-9b81-4388-9a37-2bc4a2daa669"}
2026-04-03 14:08:49 | INFO     | [QUESTION_ATTEMPT] {"attempt": 39, "max_questions": 300, "question_idx": 2788, "uid": "95d03bc6-9b81-4388-9a37-2bc4a2daa669"}
2026-04-03 14:11:43 | INFO     | [QUESTION_SENT] {"question_idx": 2789, "uid": "87627d64-8737-4633-a564-d748386e53ad"}
2026-04-03 14:12:25 | INFO     | [QUESTION_ATTEMPT] {"attempt": 40, "max_questions": 300, "question_idx": 2789, "uid": "87627d64-8737-4633-a564-d748386e53ad"}
2026-04-03 14:15:16 | INFO     | [QUESTION_SENT] {"question_idx": 2790, "uid": "600550f4-cfbc-4fb5-ad1a-5ae229bdd30c"}
2026-04-03 14:15:58 | INFO     | [QUESTION_ATTEMPT] {"attempt": 41, "max_questions": 300, "question_idx": 2790, "uid": "600550f4-cfbc-4fb5-ad1a-5ae229bdd30c"}
2026-04-03 14:18:49 | INFO     | [QUESTION_SENT] {"question_idx": 2791, "uid": "989fd7f3-3e3c-49a3-bd36-26f7f21a386c"}
2026-04-03 14:19:34 | INFO     | [QUESTION_ATTEMPT] {"attempt": 42, "max_questions": 300, "question_idx": 2791, "uid": "989fd7f3-3e3c-49a3-bd36-26f7f21a386c"}
2026-04-03 14:22:23 | INFO     | [QUESTION_SENT] {"question_idx": 2792, "uid": "733d1d5d-aa83-427c-9f72-0ff53a37e497"}
2026-04-03 14:23:04 | INFO     | [QUESTION_ATTEMPT] {"attempt": 43, "max_questions": 300, "question_idx": 2792, "uid": "733d1d5d-aa83-427c-9f72-0ff53a37e497"}
2026-04-03 14:25:56 | INFO     | [QUESTION_SENT] {"question_idx": 2793, "uid": "c195c555-ef4b-4750-8ccd-5b5a5783ef16"}
2026-04-03 14:26:34 | INFO     | [QUESTION_ATTEMPT] {"attempt": 44, "max_questions": 300, "question_idx": 2793, "uid": "c195c555-ef4b-4750-8ccd-5b5a5783ef16"}
2026-04-03 14:29:29 | INFO     | [QUESTION_SENT] {"question_idx": 2794, "uid": "7e3d9e22-8a7a-4dca-92f1-bc81ca0cc515"}
2026-04-03 14:30:11 | INFO     | [QUESTION_ATTEMPT] {"attempt": 45, "max_questions": 300, "question_idx": 2794, "uid": "7e3d9e22-8a7a-4dca-92f1-bc81ca0cc515"}
2026-04-03 14:33:02 | INFO     | [QUESTION_SENT] {"question_idx": 2795, "uid": "94775e13-7d1e-408f-88c6-531bb0c37928"}
2026-04-03 14:33:44 | INFO     | [QUESTION_ATTEMPT] {"attempt": 46, "max_questions": 300, "question_idx": 2795, "uid": "94775e13-7d1e-408f-88c6-531bb0c37928"}
2026-04-03 14:36:36 | INFO     | [QUESTION_SENT] {"question_idx": 2796, "uid": "c85555f1-fa84-49c6-984d-a6831a1a4538"}
2026-04-03 14:37:19 | INFO     | [QUESTION_ATTEMPT] {"attempt": 47, "max_questions": 300, "question_idx": 2796, "uid": "c85555f1-fa84-49c6-984d-a6831a1a4538"}
2026-04-03 14:40:09 | INFO     | [QUESTION_SENT] {"question_idx": 2797, "uid": "be28b1b7-62a4-465e-9114-fd65f8be34fc"}
2026-04-03 14:40:50 | INFO     | [QUESTION_ATTEMPT] {"attempt": 48, "max_questions": 300, "question_idx": 2797, "uid": "be28b1b7-62a4-465e-9114-fd65f8be34fc"}
2026-04-03 14:43:43 | INFO     | [QUESTION_SENT] {"question_idx": 2798, "uid": "6c70b795-0920-48ae-8207-29416d612a1e"}
2026-04-03 14:44:29 | INFO     | [QUESTION_ATTEMPT] {"attempt": 49, "max_questions": 300, "question_idx": 2798, "uid": "6c70b795-0920-48ae-8207-29416d612a1e"}
2026-04-03 14:47:16 | INFO     | [QUESTION_SENT] {"question_idx": 2799, "uid": "e532b434-fbe4-478b-a102-94f1a425e22b"}
2026-04-03 14:47:54 | INFO     | [QUESTION_ATTEMPT] {"attempt": 50, "max_questions": 300, "question_idx": 2799, "uid": "e532b434-fbe4-478b-a102-94f1a425e22b"}
2026-04-03 14:50:49 | INFO     | [QUESTION_SENT] {"question_idx": 2800, "uid": "a66add88-2963-496c-822a-9eceb779e23c"}
2026-04-03 14:51:31 | INFO     | [QUESTION_ATTEMPT] {"attempt": 51, "max_questions": 300, "question_idx": 2800, "uid": "a66add88-2963-496c-822a-9eceb779e23c"}
2026-04-03 14:54:23 | INFO     | [QUESTION_SENT] {"question_idx": 2801, "uid": "7465f4d3-bbe7-4e25-a0db-a7e2428cc909"}
2026-04-03 14:55:03 | INFO     | [QUESTION_ATTEMPT] {"attempt": 52, "max_questions": 300, "question_idx": 2801, "uid": "7465f4d3-bbe7-4e25-a0db-a7e2428cc909"}
2026-04-03 14:57:56 | INFO     | [QUESTION_SENT] {"question_idx": 2802, "uid": "85eb9c2f-4667-4790-b514-1b77ef5d8428"}
2026-04-03 14:58:39 | INFO     | [QUESTION_ATTEMPT] {"attempt": 53, "max_questions": 300, "question_idx": 2802, "uid": "85eb9c2f-4667-4790-b514-1b77ef5d8428"}
2026-04-03 15:01:29 | INFO     | [QUESTION_SENT] {"question_idx": 2803, "uid": "1862b68d-2338-4158-b3ec-c585fa14bbca"}
2026-04-03 15:02:11 | INFO     | [QUESTION_ATTEMPT] {"attempt": 54, "max_questions": 300, "question_idx": 2803, "uid": "1862b68d-2338-4158-b3ec-c585fa14bbca"}
2026-04-03 15:05:02 | INFO     | [QUESTION_SENT] {"question_idx": 2804, "uid": "a039fa38-4f92-462a-9cc0-6a7d474aefae"}
2026-04-03 15:05:46 | INFO     | [QUESTION_ATTEMPT] {"attempt": 55, "max_questions": 300, "question_idx": 2804, "uid": "a039fa38-4f92-462a-9cc0-6a7d474aefae"}
2026-04-03 15:08:36 | INFO     | [QUESTION_SENT] {"question_idx": 2805, "uid": "aa9cf90e-62e1-4801-a254-db6f0866d8f5"}
2026-04-03 15:09:21 | INFO     | [QUESTION_ATTEMPT] {"attempt": 56, "max_questions": 300, "question_idx": 2805, "uid": "aa9cf90e-62e1-4801-a254-db6f0866d8f5"}
2026-04-03 15:12:09 | INFO     | [QUESTION_SENT] {"question_idx": 2806, "uid": "5bf61e3a-cb78-44bc-9c09-b2d0e34811d3"}
2026-04-03 15:12:52 | INFO     | [QUESTION_ATTEMPT] {"attempt": 57, "max_questions": 300, "question_idx": 2806, "uid": "5bf61e3a-cb78-44bc-9c09-b2d0e34811d3"}
2026-04-03 15:15:43 | INFO     | [QUESTION_SENT] {"question_idx": 2807, "uid": "ba266be7-36cc-47d5-9e68-80c375126212"}
2026-04-03 15:16:25 | INFO     | [QUESTION_ATTEMPT] {"attempt": 58, "max_questions": 300, "question_idx": 2807, "uid": "ba266be7-36cc-47d5-9e68-80c375126212"}
2026-04-03 15:19:16 | INFO     | [QUESTION_SENT] {"question_idx": 2808, "uid": "65e8c9bb-406b-4328-a2fb-02ab16a1a9b8"}
2026-04-03 15:19:57 | INFO     | [QUESTION_ATTEMPT] {"attempt": 59, "max_questions": 300, "question_idx": 2808, "uid": "65e8c9bb-406b-4328-a2fb-02ab16a1a9b8"}
2026-04-03 15:22:49 | INFO     | [QUESTION_SENT] {"question_idx": 2809, "uid": "aaefa6ba-a3b1-4908-a64b-8badc5ec3c46"}
2026-04-03 15:23:27 | INFO     | [QUESTION_ATTEMPT] {"attempt": 60, "max_questions": 300, "question_idx": 2809, "uid": "aaefa6ba-a3b1-4908-a64b-8badc5ec3c46"}
2026-04-03 15:26:22 | INFO     | [QUESTION_SENT] {"question_idx": 2810, "uid": "3300a2ce-8756-4885-8504-341189644c0d"}
2026-04-03 15:27:03 | INFO     | [QUESTION_ATTEMPT] {"attempt": 61, "max_questions": 300, "question_idx": 2810, "uid": "3300a2ce-8756-4885-8504-341189644c0d"}
2026-04-03 15:29:55 | INFO     | [QUESTION_SENT] {"question_idx": 2811, "uid": "c3d7bb62-d7dd-416c-bf05-13555ae799b9"}
2026-04-03 15:30:37 | INFO     | [QUESTION_ATTEMPT] {"attempt": 62, "max_questions": 300, "question_idx": 2811, "uid": "c3d7bb62-d7dd-416c-bf05-13555ae799b9"}
2026-04-03 15:33:29 | INFO     | [QUESTION_SENT] {"question_idx": 2812, "uid": "c7357e6f-5a08-44a2-a26f-e0185b1cced9"}
2026-04-03 15:34:09 | INFO     | [QUESTION_ATTEMPT] {"attempt": 63, "max_questions": 300, "question_idx": 2812, "uid": "c7357e6f-5a08-44a2-a26f-e0185b1cced9"}
2026-04-03 15:37:02 | INFO     | [QUESTION_SENT] {"question_idx": 2813, "uid": "e1d4fe0d-885c-4b82-97e5-be3125679f78"}
2026-04-03 15:37:44 | INFO     | [QUESTION_ATTEMPT] {"attempt": 64, "max_questions": 300, "question_idx": 2813, "uid": "e1d4fe0d-885c-4b82-97e5-be3125679f78"}
2026-04-03 15:40:35 | INFO     | [QUESTION_SENT] {"question_idx": 2814, "uid": "3b6be2da-2ed1-4d9e-8bdf-ef7cb1c3cc1c"}
2026-04-03 15:41:20 | INFO     | [QUESTION_ATTEMPT] {"attempt": 65, "max_questions": 300, "question_idx": 2814, "uid": "3b6be2da-2ed1-4d9e-8bdf-ef7cb1c3cc1c"}
2026-04-03 15:44:08 | INFO     | [QUESTION_SENT] {"question_idx": 2815, "uid": "be9d32a7-3fdc-4ad6-9433-2a340bde4eff"}
2026-04-03 15:44:47 | INFO     | [QUESTION_ATTEMPT] {"attempt": 66, "max_questions": 300, "question_idx": 2815, "uid": "be9d32a7-3fdc-4ad6-9433-2a340bde4eff"}
2026-04-03 15:47:42 | INFO     | [QUESTION_SENT] {"question_idx": 2816, "uid": "c5114ea7-6863-40eb-94a6-c5e35727aaee"}
2026-04-03 15:48:29 | INFO     | [QUESTION_ATTEMPT] {"attempt": 67, "max_questions": 300, "question_idx": 2816, "uid": "c5114ea7-6863-40eb-94a6-c5e35727aaee"}
2026-04-03 15:51:15 | INFO     | [QUESTION_SENT] {"question_idx": 2817, "uid": "72cea710-2d3d-4bea-b370-152b89d360a0"}
2026-04-03 15:52:00 | INFO     | [QUESTION_ATTEMPT] {"attempt": 68, "max_questions": 300, "question_idx": 2817, "uid": "72cea710-2d3d-4bea-b370-152b89d360a0"}
2026-04-03 15:54:48 | INFO     | [QUESTION_SENT] {"question_idx": 2818, "uid": "2259e41d-3212-4674-8c86-7744de30b144"}
2026-04-03 15:55:37 | INFO     | [QUESTION_ATTEMPT] {"attempt": 69, "max_questions": 300, "question_idx": 2818, "uid": "2259e41d-3212-4674-8c86-7744de30b144"}
2026-04-03 15:58:21 | INFO     | [QUESTION_SENT] {"question_idx": 2819, "uid": "f3eb2122-dd28-40de-966f-651466e5d9c2"}
2026-04-03 15:59:04 | INFO     | [QUESTION_ATTEMPT] {"attempt": 70, "max_questions": 300, "question_idx": 2819, "uid": "f3eb2122-dd28-40de-966f-651466e5d9c2"}
2026-04-03 16:01:54 | INFO     | [QUESTION_SENT] {"question_idx": 2820, "uid": "29ab7db5-e8a1-4610-9833-1176a8d2884d"}
2026-04-03 16:02:33 | INFO     | [QUESTION_ATTEMPT] {"attempt": 71, "max_questions": 300, "question_idx": 2820, "uid": "29ab7db5-e8a1-4610-9833-1176a8d2884d"}
2026-04-03 16:05:28 | INFO     | [QUESTION_SENT] {"question_idx": 2821, "uid": "0298380e-e11e-4876-8514-442e9d9d0ca0"}
2026-04-03 16:06:14 | INFO     | [QUESTION_ATTEMPT] {"attempt": 72, "max_questions": 300, "question_idx": 2821, "uid": "0298380e-e11e-4876-8514-442e9d9d0ca0"}
2026-04-03 16:09:01 | INFO     | [QUESTION_SENT] {"question_idx": 2822, "uid": "53e66852-df39-4d82-9064-39a7011b6c2e"}
2026-04-03 16:09:44 | INFO     | [QUESTION_ATTEMPT] {"attempt": 73, "max_questions": 300, "question_idx": 2822, "uid": "53e66852-df39-4d82-9064-39a7011b6c2e"}
2026-04-03 16:12:34 | INFO     | [QUESTION_SENT] {"question_idx": 2823, "uid": "0e21cf89-b55a-461f-83e4-5680356e523c"}
2026-04-03 16:13:21 | INFO     | [QUESTION_ATTEMPT] {"attempt": 74, "max_questions": 300, "question_idx": 2823, "uid": "0e21cf89-b55a-461f-83e4-5680356e523c"}
2026-04-03 16:16:08 | INFO     | [QUESTION_SENT] {"question_idx": 2824, "uid": "408d331f-a14c-478c-a7f0-d299203e910b"}
2026-04-03 16:16:50 | INFO     | [QUESTION_ATTEMPT] {"attempt": 75, "max_questions": 300, "question_idx": 2824, "uid": "408d331f-a14c-478c-a7f0-d299203e910b"}
2026-04-03 16:19:41 | INFO     | [QUESTION_SENT] {"question_idx": 2825, "uid": "d19f13f5-76c6-43c3-8e90-5fc31b5d7398"}
2026-04-03 16:20:27 | INFO     | [QUESTION_ATTEMPT] {"attempt": 76, "max_questions": 300, "question_idx": 2825, "uid": "d19f13f5-76c6-43c3-8e90-5fc31b5d7398"}
2026-04-03 16:23:14 | INFO     | [QUESTION_SENT] {"question_idx": 2826, "uid": "3f7632ad-8f86-4947-b83a-dbee0f63f57b"}
2026-04-03 16:26:47 | INFO     | [QUESTION_SENT] {"question_idx": 2826, "uid": "3f7632ad-8f86-4947-b83a-dbee0f63f57b"}
2026-04-03 16:27:29 | INFO     | [QUESTION_ATTEMPT] {"attempt": 77, "max_questions": 300, "question_idx": 2826, "uid": "3f7632ad-8f86-4947-b83a-dbee0f63f57b"}
2026-04-03 16:30:20 | INFO     | [QUESTION_SENT] {"question_idx": 2827, "uid": "b571eeff-9408-4a06-ae4f-40266d45a6fa"}
2026-04-03 16:31:05 | INFO     | [QUESTION_ATTEMPT] {"attempt": 78, "max_questions": 300, "question_idx": 2827, "uid": "b571eeff-9408-4a06-ae4f-40266d45a6fa"}
2026-04-03 16:31:14 | INFO     | [BOT_STOP] {"bot_id": 13, "total_questions": 78}
