2026-03-22 21:39:09 | INFO     | [BOT_START] {"bot_id": 13, "project": "hypos_norm", "timestamp": "2026-03-22T21:39:09.834241", "log_dir": "/home/dmitrii/Documents/projects/clicker_3.0/logs/bot_13"}
2026-03-22 21:39:15 | INFO     | [RESTART] {"bot_id": 13, "note": "first_start"}
2026-03-22 21:39:15 | INFO     | [FSM_INITIALIZED] {"site": "gpt", "scenario": "web_search", "start_state": "start_question"}
2026-03-22 21:39:42 | INFO     | [QUESTION_SENT] {"question_idx": 1575, "uid": "c07ccaf6-c993-462d-8d80-6154498cb535"}
2026-03-22 21:40:06 | INFO     | [QUESTION_ATTEMPT] {"attempt": 1, "max_questions": 400, "question_idx": 1575, "uid": "c07ccaf6-c993-462d-8d80-6154498cb535"}
2026-03-22 21:40:19 | INFO     | [QUESTION_SENT] {"question_idx": 1575, "uid": "c07ccaf6-c993-462d-8d80-6154498cb535"}
2026-03-22 21:40:32 | INFO     | [QUESTION_ATTEMPT] {"attempt": 2, "max_questions": 400, "question_idx": 1575, "uid": "c07ccaf6-c993-462d-8d80-6154498cb535"}
2026-03-22 21:40:44 | INFO     | [QUESTION_SENT] {"question_idx": 1575, "uid": "c07ccaf6-c993-462d-8d80-6154498cb535"}
2026-03-22 21:40:57 | INFO     | [QUESTION_ATTEMPT] {"attempt": 3, "max_questions": 400, "question_idx": 1575, "uid": "c07ccaf6-c993-462d-8d80-6154498cb535"}
2026-03-22 21:41:10 | INFO     | [QUESTION_SENT] {"question_idx": 1575, "uid": "c07ccaf6-c993-462d-8d80-6154498cb535"}
2026-03-22 21:41:46 | INFO     | [QUESTION_SENT] {"question_idx": 1575, "uid": "c07ccaf6-c993-462d-8d80-6154498cb535"}
2026-03-22 21:42:09 | INFO     | [QUESTION_ATTEMPT] {"attempt": 4, "max_questions": 400, "question_idx": 1575, "uid": "c07ccaf6-c993-462d-8d80-6154498cb535"}
2026-03-22 21:42:21 | INFO     | [QUESTION_SENT] {"question_idx": 1575, "uid": "c07ccaf6-c993-462d-8d80-6154498cb535"}
2026-03-22 21:42:34 | INFO     | [QUESTION_ATTEMPT] {"attempt": 5, "max_questions": 400, "question_idx": 1575, "uid": "c07ccaf6-c993-462d-8d80-6154498cb535"}
2026-03-22 21:42:47 | INFO     | [QUESTION_SENT] {"question_idx": 1575, "uid": "c07ccaf6-c993-462d-8d80-6154498cb535"}
2026-03-22 21:43:00 | INFO     | [QUESTION_ATTEMPT] {"attempt": 6, "max_questions": 400, "question_idx": 1575, "uid": "c07ccaf6-c993-462d-8d80-6154498cb535"}
2026-03-22 21:43:30 | INFO     | [QUESTION_SENT] {"question_idx": 1575, "uid": "c07ccaf6-c993-462d-8d80-6154498cb535"}
2026-03-22 21:43:57 | INFO     | [QUESTION_ATTEMPT] {"attempt": 7, "max_questions": 400, "question_idx": 1575, "uid": "c07ccaf6-c993-462d-8d80-6154498cb535"}
2026-03-22 21:44:28 | INFO     | [QUESTION_SENT] {"question_idx": 1576, "uid": "a8d31457-aa8e-4baf-98c8-eaf2ea20030f"}
2026-03-22 21:44:58 | INFO     | [QUESTION_ATTEMPT] {"attempt": 8, "max_questions": 400, "question_idx": 1576, "uid": "a8d31457-aa8e-4baf-98c8-eaf2ea20030f"}
2026-03-22 21:45:28 | INFO     | [QUESTION_SENT] {"question_idx": 1577, "uid": "02736843-ba8c-4f06-a1ad-d1ad148b91c9"}
2026-03-22 21:45:58 | INFO     | [QUESTION_ATTEMPT] {"attempt": 9, "max_questions": 400, "question_idx": 1577, "uid": "02736843-ba8c-4f06-a1ad-d1ad148b91c9"}
2026-03-22 21:46:29 | INFO     | [QUESTION_SENT] {"question_idx": 1578, "uid": "48fd2380-0ead-4e31-8c6e-551d0e5611b1"}
2026-03-22 21:46:52 | INFO     | [QUESTION_ATTEMPT] {"attempt": 10, "max_questions": 400, "question_idx": 1578, "uid": "48fd2380-0ead-4e31-8c6e-551d0e5611b1"}
2026-03-22 21:47:22 | INFO     | [QUESTION_SENT] {"question_idx": 1579, "uid": "d08841e7-e95e-4926-a427-137d8d034245"}
2026-03-22 21:47:52 | INFO     | [QUESTION_ATTEMPT] {"attempt": 11, "max_questions": 400, "question_idx": 1579, "uid": "d08841e7-e95e-4926-a427-137d8d034245"}
2026-03-22 21:48:05 | INFO     | [QUESTION_SENT] {"question_idx": 1579, "uid": "d08841e7-e95e-4926-a427-137d8d034245"}
2026-03-22 21:48:29 | INFO     | [QUESTION_ATTEMPT] {"attempt": 12, "max_questions": 400, "question_idx": 1579, "uid": "d08841e7-e95e-4926-a427-137d8d034245"}
2026-03-22 21:48:59 | INFO     | [QUESTION_SENT] {"question_idx": 1580, "uid": "2dc4302f-66c3-4db1-aa7c-e778ccb26fdd"}
2026-03-22 21:50:09 | INFO     | [QUESTION_SENT] {"question_idx": 1580, "uid": "2dc4302f-66c3-4db1-aa7c-e778ccb26fdd"}
2026-03-22 21:50:49 | INFO     | [QUESTION_ATTEMPT] {"attempt": 13, "max_questions": 400, "question_idx": 1580, "uid": "2dc4302f-66c3-4db1-aa7c-e778ccb26fdd"}
2026-03-22 21:51:20 | INFO     | [QUESTION_SENT] {"question_idx": 1581, "uid": "b70aaad0-a7b7-4e18-889d-9c9e5a9502e4"}
2026-03-22 21:52:24 | INFO     | [QUESTION_SENT] {"question_idx": 1581, "uid": "b70aaad0-a7b7-4e18-889d-9c9e5a9502e4"}
2026-03-22 21:53:07 | INFO     | [QUESTION_ATTEMPT] {"attempt": 14, "max_questions": 400, "question_idx": 1581, "uid": "b70aaad0-a7b7-4e18-889d-9c9e5a9502e4"}
2026-03-22 21:53:37 | INFO     | [QUESTION_SENT] {"question_idx": 1582, "uid": "008aa992-830f-40b6-84ac-d10409cf116e"}
2026-03-22 21:54:35 | INFO     | [QUESTION_SENT] {"question_idx": 1582, "uid": "008aa992-830f-40b6-84ac-d10409cf116e"}
2026-03-22 21:55:21 | INFO     | [QUESTION_ATTEMPT] {"attempt": 15, "max_questions": 400, "question_idx": 1582, "uid": "008aa992-830f-40b6-84ac-d10409cf116e"}
2026-03-22 21:55:51 | INFO     | [QUESTION_SENT] {"question_idx": 1583, "uid": "e259abf5-cd03-411d-ae52-eba2eb453959"}
2026-03-22 21:56:55 | INFO     | [QUESTION_SENT] {"question_idx": 1583, "uid": "e259abf5-cd03-411d-ae52-eba2eb453959"}
2026-03-22 21:57:35 | INFO     | [QUESTION_ATTEMPT] {"attempt": 16, "max_questions": 400, "question_idx": 1583, "uid": "e259abf5-cd03-411d-ae52-eba2eb453959"}
2026-03-22 21:58:06 | INFO     | [QUESTION_SENT] {"question_idx": 1584, "uid": "f119ed7c-cb22-4dd9-83a4-eea983908519"}
2026-03-22 21:58:46 | INFO     | [QUESTION_ATTEMPT] {"attempt": 17, "max_questions": 400, "question_idx": 1584, "uid": "f119ed7c-cb22-4dd9-83a4-eea983908519"}
2026-03-22 21:59:16 | INFO     | [QUESTION_SENT] {"question_idx": 1585, "uid": "b89af73d-c144-48f7-88a2-4705d6c26f51"}
2026-03-22 21:59:53 | INFO     | [QUESTION_ATTEMPT] {"attempt": 18, "max_questions": 400, "question_idx": 1585, "uid": "b89af73d-c144-48f7-88a2-4705d6c26f51"}
2026-03-22 22:00:24 | INFO     | [QUESTION_SENT] {"question_idx": 1586, "uid": "0cf21dd5-c828-450c-84d8-ade4a082c0ce"}
2026-03-22 22:01:12 | INFO     | [QUESTION_ATTEMPT] {"attempt": 19, "max_questions": 400, "question_idx": 1586, "uid": "0cf21dd5-c828-450c-84d8-ade4a082c0ce"}
2026-03-22 22:01:41 | INFO     | [QUESTION_SENT] {"question_idx": 1587, "uid": "76b29df3-7f6d-43d8-95ac-9aba81ed20ea"}
2026-03-22 22:02:19 | INFO     | [QUESTION_ATTEMPT] {"attempt": 20, "max_questions": 400, "question_idx": 1587, "uid": "76b29df3-7f6d-43d8-95ac-9aba81ed20ea"}
2026-03-22 22:02:50 | INFO     | [QUESTION_SENT] {"question_idx": 1588, "uid": "2f95e51a-52f7-4192-a365-b36926dcb38f"}
2026-03-22 22:03:26 | INFO     | [QUESTION_ATTEMPT] {"attempt": 21, "max_questions": 400, "question_idx": 1588, "uid": "2f95e51a-52f7-4192-a365-b36926dcb38f"}
2026-03-22 22:03:38 | INFO     | [QUESTION_SENT] {"question_idx": 1588, "uid": "2f95e51a-52f7-4192-a365-b36926dcb38f"}
2026-03-22 22:04:00 | INFO     | [QUESTION_ATTEMPT] {"attempt": 22, "max_questions": 400, "question_idx": 1588, "uid": "2f95e51a-52f7-4192-a365-b36926dcb38f"}
2026-03-22 22:04:30 | INFO     | [QUESTION_SENT] {"question_idx": 1589, "uid": "93fc4673-12e0-4170-b16b-182e036aacec"}
2026-03-22 22:05:11 | INFO     | [QUESTION_ATTEMPT] {"attempt": 23, "max_questions": 400, "question_idx": 1589, "uid": "93fc4673-12e0-4170-b16b-182e036aacec"}
2026-03-22 22:05:42 | INFO     | [QUESTION_SENT] {"question_idx": 1590, "uid": "cbc79ed1-3319-4f52-a914-e96dd25b29b7"}
2026-03-22 22:06:03 | INFO     | [QUESTION_ATTEMPT] {"attempt": 24, "max_questions": 400, "question_idx": 1590, "uid": "cbc79ed1-3319-4f52-a914-e96dd25b29b7"}
2026-03-22 22:06:16 | INFO     | [QUESTION_SENT] {"question_idx": 1590, "uid": "cbc79ed1-3319-4f52-a914-e96dd25b29b7"}
2026-03-22 22:06:29 | INFO     | [QUESTION_ATTEMPT] {"attempt": 25, "max_questions": 400, "question_idx": 1590, "uid": "cbc79ed1-3319-4f52-a914-e96dd25b29b7"}
2026-03-22 22:06:41 | INFO     | [QUESTION_SENT] {"question_idx": 1590, "uid": "cbc79ed1-3319-4f52-a914-e96dd25b29b7"}
2026-03-22 22:06:54 | INFO     | [QUESTION_ATTEMPT] {"attempt": 26, "max_questions": 400, "question_idx": 1590, "uid": "cbc79ed1-3319-4f52-a914-e96dd25b29b7"}
2026-03-22 22:07:07 | INFO     | [QUESTION_SENT] {"question_idx": 1590, "uid": "cbc79ed1-3319-4f52-a914-e96dd25b29b7"}
2026-03-22 22:07:31 | INFO     | [QUESTION_ATTEMPT] {"attempt": 27, "max_questions": 400, "question_idx": 1590, "uid": "cbc79ed1-3319-4f52-a914-e96dd25b29b7"}
2026-03-22 22:08:02 | INFO     | [QUESTION_SENT] {"question_idx": 1591, "uid": "01730a56-fb21-4d7c-bd46-52fbc6dee1e3"}
2026-03-22 22:08:29 | INFO     | [QUESTION_ATTEMPT] {"attempt": 28, "max_questions": 400, "question_idx": 1591, "uid": "01730a56-fb21-4d7c-bd46-52fbc6dee1e3"}
2026-03-22 22:08:59 | INFO     | [QUESTION_SENT] {"question_idx": 1592, "uid": "0feb51a2-c6f4-4460-8ad3-0e566e9dbfb7"}
2026-03-22 22:09:25 | INFO     | [QUESTION_ATTEMPT] {"attempt": 29, "max_questions": 400, "question_idx": 1592, "uid": "0feb51a2-c6f4-4460-8ad3-0e566e9dbfb7"}
2026-03-22 22:09:38 | INFO     | [QUESTION_SENT] {"question_idx": 1592, "uid": "0feb51a2-c6f4-4460-8ad3-0e566e9dbfb7"}
2026-03-22 22:09:54 | INFO     | [QUESTION_ATTEMPT] {"attempt": 30, "max_questions": 400, "question_idx": 1592, "uid": "0feb51a2-c6f4-4460-8ad3-0e566e9dbfb7"}
2026-03-22 22:10:06 | INFO     | [QUESTION_SENT] {"question_idx": 1592, "uid": "0feb51a2-c6f4-4460-8ad3-0e566e9dbfb7"}
2026-03-22 22:10:20 | INFO     | [QUESTION_ATTEMPT] {"attempt": 31, "max_questions": 400, "question_idx": 1592, "uid": "0feb51a2-c6f4-4460-8ad3-0e566e9dbfb7"}
2026-03-22 22:10:51 | INFO     | [QUESTION_SENT] {"question_idx": 1592, "uid": "0feb51a2-c6f4-4460-8ad3-0e566e9dbfb7"}
2026-03-22 22:11:25 | INFO     | [QUESTION_ATTEMPT] {"attempt": 32, "max_questions": 400, "question_idx": 1592, "uid": "0feb51a2-c6f4-4460-8ad3-0e566e9dbfb7"}
2026-03-22 22:11:38 | INFO     | [QUESTION_SENT] {"question_idx": 1592, "uid": "0feb51a2-c6f4-4460-8ad3-0e566e9dbfb7"}
2026-03-22 22:12:22 | INFO     | [QUESTION_SENT] {"question_idx": 1592, "uid": "0feb51a2-c6f4-4460-8ad3-0e566e9dbfb7"}
2026-03-22 22:13:14 | INFO     | [QUESTION_SENT] {"question_idx": 1592, "uid": "0feb51a2-c6f4-4460-8ad3-0e566e9dbfb7"}
2026-03-22 22:13:43 | INFO     | [QUESTION_ATTEMPT] {"attempt": 33, "max_questions": 400, "question_idx": 1592, "uid": "0feb51a2-c6f4-4460-8ad3-0e566e9dbfb7"}
2026-03-22 22:14:13 | INFO     | [QUESTION_SENT] {"question_idx": 1593, "uid": "b6b2e6ee-4c07-4e87-8a95-9ae4787bd9b4"}
2026-03-22 22:14:43 | INFO     | [QUESTION_ATTEMPT] {"attempt": 34, "max_questions": 400, "question_idx": 1593, "uid": "b6b2e6ee-4c07-4e87-8a95-9ae4787bd9b4"}
2026-03-22 22:15:13 | INFO     | [QUESTION_SENT] {"question_idx": 1594, "uid": "16345de7-ce81-4137-9c70-fe5a2705cf86"}
2026-03-22 22:15:41 | INFO     | [QUESTION_ATTEMPT] {"attempt": 35, "max_questions": 400, "question_idx": 1594, "uid": "16345de7-ce81-4137-9c70-fe5a2705cf86"}
2026-03-22 22:16:11 | INFO     | [QUESTION_SENT] {"question_idx": 1595, "uid": "09215785-7439-4173-a820-8c4430c0c98e"}
2026-03-22 22:16:33 | INFO     | [QUESTION_ATTEMPT] {"attempt": 36, "max_questions": 400, "question_idx": 1595, "uid": "09215785-7439-4173-a820-8c4430c0c98e"}
2026-03-22 22:16:45 | INFO     | [QUESTION_SENT] {"question_idx": 1595, "uid": "09215785-7439-4173-a820-8c4430c0c98e"}
2026-03-22 22:22:46 | INFO     | [QUESTION_SENT] {"question_idx": 1595, "uid": "09215785-7439-4173-a820-8c4430c0c98e"}
2026-03-22 22:23:30 | INFO     | [QUESTION_SENT] {"question_idx": 1595, "uid": "09215785-7439-4173-a820-8c4430c0c98e"}
2026-03-22 22:23:54 | INFO     | [QUESTION_ATTEMPT] {"attempt": 37, "max_questions": 400, "question_idx": 1595, "uid": "09215785-7439-4173-a820-8c4430c0c98e"}
2026-03-22 22:24:06 | INFO     | [QUESTION_SENT] {"question_idx": 1595, "uid": "09215785-7439-4173-a820-8c4430c0c98e"}
2026-03-22 22:24:19 | INFO     | [QUESTION_ATTEMPT] {"attempt": 38, "max_questions": 400, "question_idx": 1595, "uid": "09215785-7439-4173-a820-8c4430c0c98e"}
2026-03-22 22:24:32 | INFO     | [QUESTION_SENT] {"question_idx": 1595, "uid": "09215785-7439-4173-a820-8c4430c0c98e"}
2026-03-22 22:24:58 | INFO     | [QUESTION_SENT] {"question_idx": 1595, "uid": "09215785-7439-4173-a820-8c4430c0c98e"}
2026-03-22 22:26:04 | INFO     | [QUESTION_SENT] {"question_idx": 1595, "uid": "09215785-7439-4173-a820-8c4430c0c98e"}
2026-03-22 22:26:27 | INFO     | [QUESTION_ATTEMPT] {"attempt": 39, "max_questions": 400, "question_idx": 1595, "uid": "09215785-7439-4173-a820-8c4430c0c98e"}
2026-03-22 22:26:40 | INFO     | [QUESTION_SENT] {"question_idx": 1595, "uid": "09215785-7439-4173-a820-8c4430c0c98e"}
2026-03-22 22:26:53 | INFO     | [QUESTION_ATTEMPT] {"attempt": 40, "max_questions": 400, "question_idx": 1595, "uid": "09215785-7439-4173-a820-8c4430c0c98e"}
2026-03-22 22:27:05 | INFO     | [QUESTION_SENT] {"question_idx": 1595, "uid": "09215785-7439-4173-a820-8c4430c0c98e"}
2026-03-22 22:27:38 | INFO     | [QUESTION_SENT] {"question_idx": 1595, "uid": "09215785-7439-4173-a820-8c4430c0c98e"}
2026-03-22 22:28:00 | INFO     | [QUESTION_ATTEMPT] {"attempt": 41, "max_questions": 400, "question_idx": 1595, "uid": "09215785-7439-4173-a820-8c4430c0c98e"}
2026-03-22 22:28:12 | INFO     | [QUESTION_SENT] {"question_idx": 1595, "uid": "09215785-7439-4173-a820-8c4430c0c98e"}
2026-03-22 22:28:33 | INFO     | [QUESTION_ATTEMPT] {"attempt": 42, "max_questions": 400, "question_idx": 1595, "uid": "09215785-7439-4173-a820-8c4430c0c98e"}
2026-03-22 22:28:45 | INFO     | [QUESTION_SENT] {"question_idx": 1595, "uid": "09215785-7439-4173-a820-8c4430c0c98e"}
2026-03-22 22:29:10 | INFO     | [QUESTION_ATTEMPT] {"attempt": 43, "max_questions": 400, "question_idx": 1595, "uid": "09215785-7439-4173-a820-8c4430c0c98e"}
2026-03-22 22:29:40 | INFO     | [QUESTION_SENT] {"question_idx": 1596, "uid": "31f13fa7-28ec-4dad-aff5-e1b8f5f6e780"}
2026-03-22 22:30:06 | INFO     | [QUESTION_ATTEMPT] {"attempt": 44, "max_questions": 400, "question_idx": 1596, "uid": "31f13fa7-28ec-4dad-aff5-e1b8f5f6e780"}
2026-03-22 22:30:18 | INFO     | [QUESTION_SENT] {"question_idx": 1596, "uid": "31f13fa7-28ec-4dad-aff5-e1b8f5f6e780"}
2026-03-22 22:30:41 | INFO     | [QUESTION_ATTEMPT] {"attempt": 45, "max_questions": 400, "question_idx": 1596, "uid": "31f13fa7-28ec-4dad-aff5-e1b8f5f6e780"}
2026-03-22 22:31:11 | INFO     | [QUESTION_SENT] {"question_idx": 1597, "uid": "ea244d9c-70d5-4030-9c1d-3f213ad4f6dc"}
2026-03-22 22:32:02 | INFO     | [QUESTION_SENT] {"question_idx": 1597, "uid": "ea244d9c-70d5-4030-9c1d-3f213ad4f6dc"}
2026-03-22 22:32:25 | INFO     | [QUESTION_ATTEMPT] {"attempt": 46, "max_questions": 400, "question_idx": 1597, "uid": "ea244d9c-70d5-4030-9c1d-3f213ad4f6dc"}
2026-03-22 22:32:37 | INFO     | [QUESTION_SENT] {"question_idx": 1597, "uid": "ea244d9c-70d5-4030-9c1d-3f213ad4f6dc"}
2026-03-22 22:33:30 | INFO     | [QUESTION_SENT] {"question_idx": 1597, "uid": "ea244d9c-70d5-4030-9c1d-3f213ad4f6dc"}
2026-03-22 22:33:52 | INFO     | [QUESTION_ATTEMPT] {"attempt": 47, "max_questions": 400, "question_idx": 1597, "uid": "ea244d9c-70d5-4030-9c1d-3f213ad4f6dc"}
2026-03-22 22:34:04 | INFO     | [QUESTION_SENT] {"question_idx": 1597, "uid": "ea244d9c-70d5-4030-9c1d-3f213ad4f6dc"}
2026-03-22 22:34:30 | INFO     | [QUESTION_ATTEMPT] {"attempt": 48, "max_questions": 400, "question_idx": 1597, "uid": "ea244d9c-70d5-4030-9c1d-3f213ad4f6dc"}
2026-03-22 22:35:01 | INFO     | [QUESTION_SENT] {"question_idx": 1598, "uid": "55a907aa-d1d4-4600-bbf7-f826a80bbbcd"}
2026-03-22 22:35:24 | INFO     | [QUESTION_ATTEMPT] {"attempt": 49, "max_questions": 400, "question_idx": 1598, "uid": "55a907aa-d1d4-4600-bbf7-f826a80bbbcd"}
2026-03-22 22:35:54 | INFO     | [QUESTION_SENT] {"question_idx": 1598, "uid": "55a907aa-d1d4-4600-bbf7-f826a80bbbcd"}
2026-03-22 22:36:21 | INFO     | [QUESTION_ATTEMPT] {"attempt": 50, "max_questions": 400, "question_idx": 1598, "uid": "55a907aa-d1d4-4600-bbf7-f826a80bbbcd"}
2026-03-22 22:36:52 | INFO     | [QUESTION_SENT] {"question_idx": 1599, "uid": "7f10eaa3-8094-45c1-971b-aa413f817b38"}
2026-03-22 22:37:17 | INFO     | [QUESTION_ATTEMPT] {"attempt": 51, "max_questions": 400, "question_idx": 1599, "uid": "7f10eaa3-8094-45c1-971b-aa413f817b38"}
2026-03-22 22:37:30 | INFO     | [QUESTION_SENT] {"question_idx": 1599, "uid": "7f10eaa3-8094-45c1-971b-aa413f817b38"}
2026-03-22 22:37:59 | INFO     | [QUESTION_ATTEMPT] {"attempt": 52, "max_questions": 400, "question_idx": 1599, "uid": "7f10eaa3-8094-45c1-971b-aa413f817b38"}
2026-03-22 22:38:29 | INFO     | [QUESTION_SENT] {"question_idx": 1600, "uid": "abe60980-6b5e-462a-9647-f9b2a8fbd8df"}
2026-03-22 22:38:52 | INFO     | [QUESTION_ATTEMPT] {"attempt": 53, "max_questions": 400, "question_idx": 1600, "uid": "abe60980-6b5e-462a-9647-f9b2a8fbd8df"}
2026-03-22 22:39:04 | INFO     | [QUESTION_SENT] {"question_idx": 1600, "uid": "abe60980-6b5e-462a-9647-f9b2a8fbd8df"}
2026-03-22 22:39:23 | INFO     | [QUESTION_ATTEMPT] {"attempt": 54, "max_questions": 400, "question_idx": 1600, "uid": "abe60980-6b5e-462a-9647-f9b2a8fbd8df"}
2026-03-22 22:39:36 | INFO     | [QUESTION_SENT] {"question_idx": 1600, "uid": "abe60980-6b5e-462a-9647-f9b2a8fbd8df"}
2026-03-22 22:39:59 | INFO     | [QUESTION_ATTEMPT] {"attempt": 55, "max_questions": 400, "question_idx": 1600, "uid": "abe60980-6b5e-462a-9647-f9b2a8fbd8df"}
2026-03-22 22:40:11 | INFO     | [QUESTION_SENT] {"question_idx": 1600, "uid": "abe60980-6b5e-462a-9647-f9b2a8fbd8df"}
2026-03-22 22:40:54 | INFO     | [QUESTION_SENT] {"question_idx": 1600, "uid": "abe60980-6b5e-462a-9647-f9b2a8fbd8df"}
2026-03-22 22:41:17 | INFO     | [QUESTION_ATTEMPT] {"attempt": 56, "max_questions": 400, "question_idx": 1600, "uid": "abe60980-6b5e-462a-9647-f9b2a8fbd8df"}
2026-03-22 22:41:30 | INFO     | [QUESTION_SENT] {"question_idx": 1600, "uid": "abe60980-6b5e-462a-9647-f9b2a8fbd8df"}
2026-03-22 22:42:06 | INFO     | [QUESTION_SENT] {"question_idx": 1600, "uid": "abe60980-6b5e-462a-9647-f9b2a8fbd8df"}
2026-03-22 22:42:29 | INFO     | [QUESTION_ATTEMPT] {"attempt": 57, "max_questions": 400, "question_idx": 1600, "uid": "abe60980-6b5e-462a-9647-f9b2a8fbd8df"}
2026-03-22 22:42:41 | INFO     | [QUESTION_SENT] {"question_idx": 1600, "uid": "abe60980-6b5e-462a-9647-f9b2a8fbd8df"}
2026-03-22 22:42:54 | INFO     | [QUESTION_ATTEMPT] {"attempt": 58, "max_questions": 400, "question_idx": 1600, "uid": "abe60980-6b5e-462a-9647-f9b2a8fbd8df"}
2026-03-22 22:43:25 | INFO     | [QUESTION_SENT] {"question_idx": 1600, "uid": "abe60980-6b5e-462a-9647-f9b2a8fbd8df"}
2026-03-22 22:44:01 | INFO     | [QUESTION_ATTEMPT] {"attempt": 59, "max_questions": 400, "question_idx": 1600, "uid": "abe60980-6b5e-462a-9647-f9b2a8fbd8df"}
2026-03-22 22:44:13 | INFO     | [QUESTION_SENT] {"question_idx": 1600, "uid": "abe60980-6b5e-462a-9647-f9b2a8fbd8df"}
2026-03-22 22:44:26 | INFO     | [QUESTION_ATTEMPT] {"attempt": 60, "max_questions": 400, "question_idx": 1600, "uid": "abe60980-6b5e-462a-9647-f9b2a8fbd8df"}
2026-03-22 22:44:38 | INFO     | [QUESTION_SENT] {"question_idx": 1600, "uid": "abe60980-6b5e-462a-9647-f9b2a8fbd8df"}
2026-03-22 22:50:07 | INFO     | [QUESTION_SENT] {"question_idx": 1600, "uid": "abe60980-6b5e-462a-9647-f9b2a8fbd8df"}
2026-03-22 22:50:28 | INFO     | [QUESTION_ATTEMPT] {"attempt": 61, "max_questions": 400, "question_idx": 1600, "uid": "abe60980-6b5e-462a-9647-f9b2a8fbd8df"}
2026-03-22 22:50:41 | INFO     | [QUESTION_SENT] {"question_idx": 1600, "uid": "abe60980-6b5e-462a-9647-f9b2a8fbd8df"}
2026-03-22 22:51:07 | INFO     | [QUESTION_ATTEMPT] {"attempt": 62, "max_questions": 400, "question_idx": 1600, "uid": "abe60980-6b5e-462a-9647-f9b2a8fbd8df"}
2026-03-22 22:51:37 | INFO     | [QUESTION_SENT] {"question_idx": 1601, "uid": "507c5d44-67b6-443b-9a8c-7bd97a288571"}
2026-03-22 22:52:06 | INFO     | [QUESTION_ATTEMPT] {"attempt": 63, "max_questions": 400, "question_idx": 1601, "uid": "507c5d44-67b6-443b-9a8c-7bd97a288571"}
2026-03-22 22:52:36 | INFO     | [QUESTION_SENT] {"question_idx": 1602, "uid": "d6465a64-2f08-48cb-89dc-92eb167137f0"}
2026-03-22 22:53:08 | INFO     | [QUESTION_ATTEMPT] {"attempt": 64, "max_questions": 400, "question_idx": 1602, "uid": "d6465a64-2f08-48cb-89dc-92eb167137f0"}
2026-03-22 22:53:38 | INFO     | [QUESTION_SENT] {"question_idx": 1603, "uid": "791884fb-09b8-4dba-baac-5e3b1625dbc3"}
2026-03-22 22:53:59 | INFO     | [QUESTION_ATTEMPT] {"attempt": 65, "max_questions": 400, "question_idx": 1603, "uid": "791884fb-09b8-4dba-baac-5e3b1625dbc3"}
2026-03-22 22:54:12 | INFO     | [QUESTION_SENT] {"question_idx": 1603, "uid": "791884fb-09b8-4dba-baac-5e3b1625dbc3"}
2026-03-22 22:54:33 | INFO     | [QUESTION_ATTEMPT] {"attempt": 66, "max_questions": 400, "question_idx": 1603, "uid": "791884fb-09b8-4dba-baac-5e3b1625dbc3"}
2026-03-22 22:54:46 | INFO     | [QUESTION_SENT] {"question_idx": 1603, "uid": "791884fb-09b8-4dba-baac-5e3b1625dbc3"}
2026-03-22 22:55:09 | INFO     | [QUESTION_ATTEMPT] {"attempt": 67, "max_questions": 400, "question_idx": 1603, "uid": "791884fb-09b8-4dba-baac-5e3b1625dbc3"}
2026-03-22 22:55:39 | INFO     | [QUESTION_SENT] {"question_idx": 1604, "uid": "ca4e49aa-296f-4c41-8ce1-d1c2db112e8c"}
2026-03-22 22:56:08 | INFO     | [QUESTION_ATTEMPT] {"attempt": 68, "max_questions": 400, "question_idx": 1604, "uid": "ca4e49aa-296f-4c41-8ce1-d1c2db112e8c"}
2026-03-22 22:56:20 | INFO     | [QUESTION_SENT] {"question_idx": 1604, "uid": "ca4e49aa-296f-4c41-8ce1-d1c2db112e8c"}
2026-03-22 22:56:47 | INFO     | [QUESTION_SENT] {"question_idx": 1604, "uid": "ca4e49aa-296f-4c41-8ce1-d1c2db112e8c"}
2026-03-22 22:57:16 | INFO     | [QUESTION_ATTEMPT] {"attempt": 69, "max_questions": 400, "question_idx": 1604, "uid": "ca4e49aa-296f-4c41-8ce1-d1c2db112e8c"}
2026-03-22 22:57:46 | INFO     | [QUESTION_SENT] {"question_idx": 1605, "uid": "4582210e-1572-4af3-9d36-3665f1d661b8"}
2026-03-22 22:58:09 | INFO     | [QUESTION_ATTEMPT] {"attempt": 70, "max_questions": 400, "question_idx": 1605, "uid": "4582210e-1572-4af3-9d36-3665f1d661b8"}
2026-03-22 22:58:22 | INFO     | [QUESTION_SENT] {"question_idx": 1605, "uid": "4582210e-1572-4af3-9d36-3665f1d661b8"}
2026-03-22 22:58:42 | INFO     | [QUESTION_ATTEMPT] {"attempt": 71, "max_questions": 400, "question_idx": 1605, "uid": "4582210e-1572-4af3-9d36-3665f1d661b8"}
2026-03-22 22:59:12 | INFO     | [QUESTION_SENT] {"question_idx": 1606, "uid": "bcce0178-ce03-4964-9450-eada57c6c4ab"}
2026-03-22 22:59:39 | INFO     | [QUESTION_ATTEMPT] {"attempt": 72, "max_questions": 400, "question_idx": 1606, "uid": "bcce0178-ce03-4964-9450-eada57c6c4ab"}
2026-03-22 23:00:10 | INFO     | [QUESTION_SENT] {"question_idx": 1607, "uid": "289d0751-f6c6-471d-bb95-57f7050b2049"}
2026-03-22 23:00:34 | INFO     | [QUESTION_ATTEMPT] {"attempt": 73, "max_questions": 400, "question_idx": 1607, "uid": "289d0751-f6c6-471d-bb95-57f7050b2049"}
2026-03-22 23:00:47 | INFO     | [QUESTION_SENT] {"question_idx": 1607, "uid": "289d0751-f6c6-471d-bb95-57f7050b2049"}
2026-03-22 23:01:04 | INFO     | [QUESTION_ATTEMPT] {"attempt": 74, "max_questions": 400, "question_idx": 1607, "uid": "289d0751-f6c6-471d-bb95-57f7050b2049"}
2026-03-22 23:01:34 | INFO     | [QUESTION_SENT] {"question_idx": 1608, "uid": "3d7af8e2-f186-43b3-a0da-9f3191b7e192"}
2026-03-22 23:01:59 | INFO     | [QUESTION_ATTEMPT] {"attempt": 75, "max_questions": 400, "question_idx": 1608, "uid": "3d7af8e2-f186-43b3-a0da-9f3191b7e192"}
2026-03-22 23:02:29 | INFO     | [QUESTION_SENT] {"question_idx": 1609, "uid": "04ff9d34-0a8c-4be7-80e3-55159581158e"}
2026-03-22 23:02:52 | INFO     | [QUESTION_ATTEMPT] {"attempt": 76, "max_questions": 400, "question_idx": 1609, "uid": "04ff9d34-0a8c-4be7-80e3-55159581158e"}
2026-03-22 23:03:05 | INFO     | [QUESTION_SENT] {"question_idx": 1609, "uid": "04ff9d34-0a8c-4be7-80e3-55159581158e"}
2026-03-22 23:03:18 | INFO     | [QUESTION_ATTEMPT] {"attempt": 77, "max_questions": 400, "question_idx": 1609, "uid": "04ff9d34-0a8c-4be7-80e3-55159581158e"}
2026-03-22 23:03:48 | INFO     | [QUESTION_SENT] {"question_idx": 1609, "uid": "04ff9d34-0a8c-4be7-80e3-55159581158e"}
2026-03-22 23:04:12 | INFO     | [QUESTION_ATTEMPT] {"attempt": 78, "max_questions": 400, "question_idx": 1609, "uid": "04ff9d34-0a8c-4be7-80e3-55159581158e"}
2026-03-22 23:04:43 | INFO     | [QUESTION_SENT] {"question_idx": 1610, "uid": "582f4051-14bc-4d7e-90c5-ee17eaac6091"}
2026-03-22 23:05:13 | INFO     | [QUESTION_ATTEMPT] {"attempt": 79, "max_questions": 400, "question_idx": 1610, "uid": "582f4051-14bc-4d7e-90c5-ee17eaac6091"}
2026-03-22 23:05:43 | INFO     | [QUESTION_SENT] {"question_idx": 1611, "uid": "d44a24a2-a6cd-417c-9927-bcc9c8114127"}
2026-03-22 23:06:06 | INFO     | [QUESTION_ATTEMPT] {"attempt": 80, "max_questions": 400, "question_idx": 1611, "uid": "d44a24a2-a6cd-417c-9927-bcc9c8114127"}
2026-03-22 23:06:19 | INFO     | [QUESTION_SENT] {"question_idx": 1611, "uid": "d44a24a2-a6cd-417c-9927-bcc9c8114127"}
2026-03-22 23:06:44 | INFO     | [QUESTION_ATTEMPT] {"attempt": 81, "max_questions": 400, "question_idx": 1611, "uid": "d44a24a2-a6cd-417c-9927-bcc9c8114127"}
2026-03-22 23:06:57 | INFO     | [QUESTION_SENT] {"question_idx": 1611, "uid": "d44a24a2-a6cd-417c-9927-bcc9c8114127"}
2026-03-22 23:07:19 | INFO     | [QUESTION_ATTEMPT] {"attempt": 82, "max_questions": 400, "question_idx": 1611, "uid": "d44a24a2-a6cd-417c-9927-bcc9c8114127"}
2026-03-22 23:07:31 | INFO     | [QUESTION_SENT] {"question_idx": 1611, "uid": "d44a24a2-a6cd-417c-9927-bcc9c8114127"}
2026-03-22 23:07:47 | INFO     | [QUESTION_ATTEMPT] {"attempt": 83, "max_questions": 400, "question_idx": 1611, "uid": "d44a24a2-a6cd-417c-9927-bcc9c8114127"}
2026-03-22 23:07:59 | INFO     | [QUESTION_SENT] {"question_idx": 1611, "uid": "d44a24a2-a6cd-417c-9927-bcc9c8114127"}
2026-03-22 23:08:54 | INFO     | [QUESTION_SENT] {"question_idx": 1611, "uid": "d44a24a2-a6cd-417c-9927-bcc9c8114127"}
2026-03-22 23:09:16 | INFO     | [QUESTION_ATTEMPT] {"attempt": 84, "max_questions": 400, "question_idx": 1611, "uid": "d44a24a2-a6cd-417c-9927-bcc9c8114127"}
2026-03-22 23:09:28 | INFO     | [QUESTION_SENT] {"question_idx": 1611, "uid": "d44a24a2-a6cd-417c-9927-bcc9c8114127"}
